连接到mysql服务器...
数据库连接成功!
[Mon May  6 21:15:00 2019]	heart_web
[Mon May  6 21:15:00 2019]	heart_mobile
[Mon May  6 21:15:00 2019]	heart_web
[Mon May  6 21:15:00 2019]	heart_mobile
[Mon May  6 21:15:00 2019]	heart_web
[Mon May  6 21:15:00 2019]	heart_mobile
[Mon May  6 21:15:00 2019]	heart_web
[Mon May  6 21:15:00 2019]	heart_mobile
[Mon May  6 21:20:00 2019]	heart_web
[Mon May  6 21:20:00 2019]	heart_mobile
[Mon May  6 21:20:00 2019]	heart_web
[Mon May  6 21:20:00 2019]	heart_mobile
[Mon May  6 21:20:00 2019]	heart_web
[Mon May  6 21:20:00 2019]	heart_mobile
[Mon May  6 21:20:00 2019]	heart_web
[Mon May  6 21:20:00 2019]	heart_mobile
[Mon May  6 21:25:00 2019]	heart_web
[Mon May  6 21:25:00 2019]	heart_mobile
[Mon May  6 21:25:00 2019]	heart_web
[Mon May  6 21:25:00 2019]	heart_mobile
[Mon May  6 21:25:00 2019]	heart_web
[Mon May  6 21:25:00 2019]	heart_mobile
[Mon May  6 21:25:00 2019]	heart_web
[Mon May  6 21:25:00 2019]	heart_mobile
[Mon May  6 21:30:00 2019]	heart_web
[Mon May  6 21:30:00 2019]	heart_mobile
[Mon May  6 21:30:00 2019]	heart_web
[Mon May  6 21:30:00 2019]	heart_mobile
[Mon May  6 21:30:00 2019]	heart_web
[Mon May  6 21:30:00 2019]	heart_mobile
[Mon May  6 21:30:00 2019]	heart_web
[Mon May  6 21:30:01 2019]	heart_mobile
连接到mysql服务器...
连接到mysql服务器...
连接到mysql服务器...
连接到mysql服务器...
连接到mysql服务器...
数据库连接成功!
[Mon May  6 21:35:00 2019]	heart_web
[Mon May  6 21:35:00 2019]	heart_mobile
[Mon May  6 21:35:00 2019]	heart_web
[Mon May  6 21:35:00 2019]	heart_mobile
[Mon May  6 21:35:00 2019]	heart_web
[Mon May  6 21:35:00 2019]	heart_mobile
[Mon May  6 21:35:01 2019]	heart_web
[Mon May  6 21:35:01 2019]	heart_mobile
[Mon May  6 21:40:00 2019]	heart_web
[Mon May  6 21:40:00 2019]	heart_mobile
[Mon May  6 21:40:00 2019]	heart_web
[Mon May  6 21:40:00 2019]	heart_mobile
[Mon May  6 21:40:00 2019]	heart_web
[Mon May  6 21:40:00 2019]	heart_mobile
[Mon May  6 21:40:00 2019]	heart_web
[Mon May  6 21:40:01 2019]	heart_mobile
[Mon May  6 21:45:00 2019]	heart_web
[Mon May  6 21:45:00 2019]	heart_mobile
[Mon May  6 21:45:00 2019]	heart_web
[Mon May  6 21:45:00 2019]	heart_mobile
[Mon May  6 21:45:00 2019]	heart_web
[Mon May  6 21:45:00 2019]	heart_mobile
[Mon May  6 21:45:00 2019]	heart_web
[Mon May  6 21:45:00 2019]	heart_mobile
连接到mysql服务器...
数据库连接成功!
[Mon May  6 22:30:14 2019]	Heart_web
[Mon May  6 22:30:14 2019]	Heart_mobile
[Mon May  6 22:30:15 2019]	Heart_web
[Mon May  6 22:30:15 2019]	Heart_mobile
[Mon May  6 22:30:15 2019]	Heart_web
[Mon May  6 22:30:15 2019]	Heart_mobile
[Mon May  6 22:30:15 2019]	Heart_web
[Mon May  6 22:30:15 2019]	Heart_mobile
[Mon May  6 22:35:00 2019]	Heart_web
[Mon May  6 22:35:00 2019]	Heart_mobile
[Mon May  6 22:35:00 2019]	Heart_web
[Mon May  6 22:35:00 2019]	Heart_mobile
[Mon May  6 22:35:00 2019]	Heart_web
[Mon May  6 22:35:00 2019]	Heart_mobile
[Mon May  6 22:40:00 2019]	Heart_web
[Mon May  6 22:40:00 2019]	Heart_mobile
[Mon May  6 22:40:00 2019]	Heart_web
[Mon May  6 22:40:00 2019]	Heart_mobile
[Mon May  6 22:40:00 2019]	Heart_web
[Mon May  6 22:40:00 2019]	Heart_mobile
[Mon May  6 22:40:00 2019]	Heart_web
[Mon May  6 22:40:01 2019]	Heart_mobile
[Mon May  6 22:45:00 2019]	Heart_web
[Mon May  6 22:45:00 2019]	Heart_mobile
[Mon May  6 22:45:00 2019]	Heart_web
[Mon May  6 22:45:00 2019]	Heart_mobile
[Mon May  6 22:45:00 2019]	Heart_web
[Mon May  6 22:45:00 2019]	Heart_mobile
[Mon May  6 22:45:01 2019]	Heart_web
[Mon May  6 22:45:01 2019]	Heart_mobile
[Mon May  6 22:50:00 2019]	Heart_web
[Mon May  6 22:50:00 2019]	Heart_mobile
[Mon May  6 22:50:00 2019]	Heart_web
[Mon May  6 22:50:00 2019]	Heart_mobile
[Mon May  6 22:50:00 2019]	Heart_web
[Mon May  6 22:50:00 2019]	Heart_mobile
[Mon May  6 22:50:01 2019]	Heart_web
[Mon May  6 22:50:01 2019]	Heart_mobile
[Mon May  6 22:55:00 2019]	Heart_web
[Mon May  6 22:55:00 2019]	Heart_mobile
[Mon May  6 22:55:00 2019]	Heart_web
[Mon May  6 22:55:00 2019]	Heart_mobile
[Mon May  6 22:55:00 2019]	Heart_web
[Mon May  6 22:55:00 2019]	Heart_mobile
[Mon May  6 22:55:01 2019]	Heart_web
[Mon May  6 22:55:01 2019]	Heart_mobile
[Mon May  6 23:00:00 2019]	Heart_web
[Mon May  6 23:00:00 2019]	Heart_mobile
[Mon May  6 23:00:00 2019]	Heart_web
[Mon May  6 23:00:00 2019]	Heart_mobile
[Mon May  6 23:00:00 2019]	Heart_web
[Mon May  6 23:00:00 2019]	Heart_mobile
[Mon May  6 23:00:00 2019]	Heart_web
[Mon May  6 23:00:00 2019]	Heart_mobile
连接到mysql服务器...
数据库连接成功!
[u'51648146', u'51627056', u'51615027', u'51621478', u'51612254']
15824397397
zsj0911*
0
------------------
17367078621
weiyuxin
0
------------------
15127529708
shijizhe
0.6
投币失败 硬币不足
投币失败 硬币不足
投币失败 硬币不足
------------------
13306522935
zjuZSJ0911*
0
------------------
[Mon May  6 23:05:00 2019]	Heart_web
[Mon May  6 23:05:00 2019]	Heart_mobile
[Mon May  6 23:05:00 2019]	Heart_web
[Mon May  6 23:05:00 2019]	Heart_mobile
[Mon May  6 23:05:00 2019]	Heart_web
[Mon May  6 23:05:00 2019]	Heart_mobile
[Mon May  6 23:05:01 2019]	Heart_web
[Mon May  6 23:05:01 2019]	Heart_mobile
[Mon May  6 23:10:00 2019]	Heart_web
[Mon May  6 23:10:00 2019]	Heart_mobile
[Mon May  6 23:10:00 2019]	Heart_web
[Mon May  6 23:10:00 2019]	Heart_mobile
[Mon May  6 23:10:00 2019]	Heart_web
[Mon May  6 23:10:00 2019]	Heart_mobile
[Mon May  6 23:10:00 2019]	Heart_web
[Mon May  6 23:10:01 2019]	Heart_mobile
[Mon May  6 23:15:00 2019]	Heart_web
[Mon May  6 23:15:00 2019]	Heart_mobile
[Mon May  6 23:15:00 2019]	Heart_web
[Mon May  6 23:15:00 2019]	Heart_mobile
[Mon May  6 23:15:00 2019]	Heart_web
[Mon May  6 23:15:00 2019]	Heart_mobile
[Mon May  6 23:15:01 2019]	Heart_web
[Mon May  6 23:15:01 2019]	Heart_mobile
[Mon May  6 23:20:00 2019]	Heart_web
[Mon May  6 23:20:01 2019]	Heart_mobile
[Mon May  6 23:20:01 2019]	Heart_web
[Mon May  6 23:20:01 2019]	Heart_mobile
[Mon May  6 23:20:01 2019]	Heart_web
[Mon May  6 23:20:01 2019]	Heart_mobile
[Mon May  6 23:20:01 2019]	Heart_web
[Mon May  6 23:20:01 2019]	Heart_mobile
[Mon May  6 23:25:00 2019]	Heart_web
[Mon May  6 23:25:00 2019]	Heart_mobile
[Mon May  6 23:25:00 2019]	Heart_web
[Mon May  6 23:25:00 2019]	Heart_mobile
[Mon May  6 23:25:00 2019]	Heart_web
[Mon May  6 23:25:00 2019]	Heart_mobile
[Mon May  6 23:25:01 2019]	Heart_web
[Mon May  6 23:25:01 2019]	Heart_mobile
[Mon May  6 23:30:00 2019]	Heart_web
[Mon May  6 23:30:00 2019]	Heart_mobile
[Mon May  6 23:30:00 2019]	Heart_web
[Mon May  6 23:30:03 2019]	Heart_mobile
[Mon May  6 23:30:03 2019]	Heart_web
[Mon May  6 23:30:03 2019]	Heart_mobile
[Mon May  6 23:30:04 2019]	Heart_web
[Mon May  6 23:30:04 2019]	Heart_mobile
[Mon May  6 23:35:00 2019]	Heart_web
[Mon May  6 23:35:00 2019]	Heart_mobile
[Mon May  6 23:35:00 2019]	Heart_web
[Mon May  6 23:35:00 2019]	Heart_mobile
[Mon May  6 23:35:00 2019]	Heart_web
[Mon May  6 23:35:01 2019]	Heart_mobile
[Mon May  6 23:35:01 2019]	Heart_web
[Mon May  6 23:35:01 2019]	Heart_mobile
[Mon May  6 23:40:00 2019]	Heart_web
[Mon May  6 23:40:00 2019]	Heart_mobile
[Mon May  6 23:40:00 2019]	Heart_web
[Mon May  6 23:40:00 2019]	Heart_mobile
[Mon May  6 23:40:00 2019]	Heart_web
[Mon May  6 23:40:00 2019]	Heart_mobile
[Mon May  6 23:40:00 2019]	Heart_web
[Mon May  6 23:40:01 2019]	Heart_mobile
[Mon May  6 23:45:00 2019]	Heart_web
[Mon May  6 23:45:00 2019]	Heart_mobile
[Mon May  6 23:45:00 2019]	Heart_web
[Mon May  6 23:45:00 2019]	Heart_mobile
[Mon May  6 23:45:00 2019]	Heart_web
[Mon May  6 23:45:00 2019]	Heart_mobile
[Mon May  6 23:45:00 2019]	Heart_web
[Mon May  6 23:45:00 2019]	Heart_mobile
[Mon May  6 23:50:00 2019]	Heart_web
[Mon May  6 23:50:00 2019]	Heart_mobile
[Mon May  6 23:50:00 2019]	Heart_web
[Mon May  6 23:50:00 2019]	Heart_mobile
[Mon May  6 23:50:00 2019]	Heart_web
[Mon May  6 23:50:00 2019]	Heart_mobile
[Mon May  6 23:50:00 2019]	Heart_web
[Mon May  6 23:50:00 2019]	Heart_mobile
[Mon May  6 23:55:00 2019]	Heart_web
[Mon May  6 23:55:00 2019]	Heart_mobile
[Mon May  6 23:55:00 2019]	Heart_web
[Mon May  6 23:55:00 2019]	Heart_mobile
[Mon May  6 23:55:00 2019]	Heart_web
[Mon May  6 23:55:00 2019]	Heart_mobile
[Mon May  6 23:55:00 2019]	Heart_web
[Mon May  6 23:55:00 2019]	Heart_mobile
[Tue May  7 00:00:00 2019]	Heart_web
[Tue May  7 00:00:00 2019]	Heart_mobile
[Tue May  7 00:00:00 2019]	Heart_web
[Tue May  7 00:00:00 2019]	Heart_mobile
[Tue May  7 00:00:00 2019]	Heart_web
[Tue May  7 00:00:00 2019]	Heart_mobile
[Tue May  7 00:00:00 2019]	Heart_web
[Tue May  7 00:00:01 2019]	Heart_mobile
UPDATE Account SET finished = False,logined = False,watched = False,shared = False,coin_added = False,double_watch = False,s2c = False,signed = False
[u'51648146', u'51627056', u'51615027', u'51621478', u'51612254']
15824397397
zsj0911*
0
av51648146观看成功
银瓜子兑换成功
投币成功
------------------
17367078621
weiyuxin
0
av51648146观看成功
银瓜子兑换成功
投币成功
------------------
15127529708
shijizhe
0.6
av51648146观看成功
银瓜子兑换失败 银瓜子余额不足
投币失败 硬币不足
投币失败 硬币不足
投币失败 硬币不足
投币失败 硬币不足
投币失败 硬币不足
------------------
13306522935
zjuZSJ0911*
0
av51648146观看成功
银瓜子兑换失败 银瓜子余额不足
------------------
[Tue May  7 00:05:00 2019]	Heart_web
[Tue May  7 00:05:00 2019]	Heart_mobile
[Tue May  7 00:05:00 2019]	Heart_web
[Tue May  7 00:05:00 2019]	Heart_mobile
[Tue May  7 00:05:00 2019]	Heart_web
[Tue May  7 00:05:00 2019]	Heart_mobile
[Tue May  7 00:05:00 2019]	Heart_web
[Tue May  7 00:05:01 2019]	Heart_mobile
连接到mysql服务器...
数据库连接成功!
[u'51648146', u'51627056', u'51615027', u'51621478', u'51612254']
15824397397
zsj0911*
1
av51648146观看成功
今日已换硬币
投币成功
------------------
17367078621
weiyuxin
1
av51648146观看成功
今日已换硬币
投币成功
------------------
15127529708
shijizhe
1.6
av51648146观看成功
银瓜子兑换失败 银瓜子余额不足
投币成功
投币失败 硬币不足
投币失败 硬币不足
投币失败 硬币不足
投币失败 硬币不足
------------------
13306522935
zjuZSJ0911*
1

av51648146观看成功
银瓜子兑换成功
投币成功
投币成功
------------------
[Tue May  7 00:10:00 2019]	Heart_web
[Tue May  7 00:10:00 2019]	Heart_mobile
[Tue May  7 00:10:00 2019]	Heart_web
[Tue May  7 00:10:00 2019]	Heart_mobile
[Tue May  7 00:10:00 2019]	Heart_web
[Tue May  7 00:10:00 2019]	Heart_mobile
[Tue May  7 00:10:01 2019]	Heart_web
[Tue May  7 00:10:01 2019]	Heart_mobile
[Tue May  7 00:15:00 2019]	Heart_web
[Tue May  7 00:15:00 2019]	Heart_mobile
[Tue May  7 00:15:00 2019]	Heart_web
[Tue May  7 00:15:00 2019]	Heart_mobile
[Tue May  7 00:15:00 2019]	Heart_web
[Tue May  7 00:15:00 2019]	Heart_mobile
[Tue May  7 00:15:00 2019]	Heart_web
[Tue May  7 00:15:00 2019]	Heart_mobile
[Tue May  7 00:20:00 2019]	Heart_web
[Tue May  7 00:20:00 2019]	Heart_mobile
[Tue May  7 00:20:00 2019]	Heart_web
[Tue May  7 00:20:00 2019]	Heart_mobile
[Tue May  7 00:20:00 2019]	Heart_web
[Tue May  7 00:20:00 2019]	Heart_mobile
[Tue May  7 00:20:00 2019]	Heart_web
[Tue May  7 00:20:00 2019]	Heart_mobile
[Tue May  7 00:25:00 2019]	Heart_web
[Tue May  7 00:25:00 2019]	Heart_mobile
[Tue May  7 00:25:00 2019]	Heart_web
[Tue May  7 00:25:00 2019]	Heart_mobile
[Tue May  7 00:25:00 2019]	Heart_web
[Tue May  7 00:25:00 2019]	Heart_mobile
[Tue May  7 00:25:00 2019]	Heart_web
[Tue May  7 00:25:00 2019]	Heart_mobile
[Tue May  7 00:30:00 2019]	Heart_web
[Tue May  7 00:30:00 2019]	Heart_mobile
[Tue May  7 00:30:00 2019]	Heart_web
[Tue May  7 00:30:00 2019]	Heart_mobile
[Tue May  7 00:30:00 2019]	Heart_web
[Tue May  7 00:30:00 2019]	Heart_mobile
[Tue May  7 00:30:00 2019]	Heart_web
[Tue May  7 00:30:00 2019]	Heart_mobile
[Tue May  7 00:35:00 2019]	Heart_web
[Tue May  7 00:35:00 2019]	Heart_mobile
[Tue May  7 00:35:00 2019]	Heart_web
[Tue May  7 00:35:00 2019]	Heart_mobile
[Tue May  7 00:35:00 2019]	Heart_web
[Tue May  7 00:35:00 2019]	Heart_mobile
[Tue May  7 00:35:01 2019]	Heart_web
[Tue May  7 00:35:01 2019]	Heart_mobile
[Tue May  7 00:40:00 2019]	Heart_web
[Tue May  7 00:40:00 2019]	Heart_mobile
[Tue May  7 00:40:00 2019]	Heart_web
[Tue May  7 00:40:00 2019]	Heart_mobile
[Tue May  7 00:40:00 2019]	Heart_web
[Tue May  7 00:40:00 2019]	Heart_mobile
[Tue May  7 00:40:00 2019]	Heart_web
[Tue May  7 00:40:00 2019]	Heart_mobile
[Tue May  7 00:45:00 2019]	Heart_web
[Tue May  7 00:45:00 2019]	Heart_mobile
[Tue May  7 00:45:00 2019]	Heart_web
[Tue May  7 00:45:00 2019]	Heart_mobile
[Tue May  7 00:45:00 2019]	Heart_web
[Tue May  7 00:45:00 2019]	Heart_mobile
[Tue May  7 00:45:00 2019]	Heart_web
[Tue May  7 00:45:00 2019]	Heart_mobile
[Tue May  7 00:50:00 2019]	Heart_web
[Tue May  7 00:50:00 2019]	Heart_mobile
[Tue May  7 00:50:00 2019]	Heart_web
[Tue May  7 00:50:00 2019]	Heart_mobile
[Tue May  7 00:50:00 2019]	Heart_web
[Tue May  7 00:50:00 2019]	Heart_mobile
[Tue May  7 00:50:00 2019]	Heart_web
[Tue May  7 00:50:00 2019]	Heart_mobile
[Tue May  7 00:55:00 2019]	Heart_web
[Tue May  7 00:55:00 2019]	Heart_mobile
[Tue May  7 00:55:00 2019]	Heart_web
[Tue May  7 00:55:00 2019]	Heart_mobile
[Tue May  7 00:55:00 2019]	Heart_web
[Tue May  7 00:55:00 2019]	Heart_mobile
[Tue May  7 00:55:00 2019]	Heart_web
[Tue May  7 00:55:00 2019]	Heart_mobile
[Tue May  7 01:00:00 2019]	Heart_web
[Tue May  7 01:00:00 2019]	Heart_mobile
[Tue May  7 01:00:00 2019]	Heart_web
[Tue May  7 01:00:00 2019]	Heart_mobile
[Tue May  7 01:00:00 2019]	Heart_web
[Tue May  7 01:00:00 2019]	Heart_mobile
[Tue May  7 01:00:00 2019]	Heart_web
[Tue May  7 01:00:00 2019]	Heart_mobile
[u'51648146', u'51627056', u'51615027', u'51621478', u'51612254']
15824397397
zsj0911*
0

av51648146观看成功
------------------
17367078621
weiyuxin
0

av51648146观看成功
------------------
15127529708
shijizhe
0.6

av51648146观看成功
银瓜子兑换成功
投币成功
投币失败 硬币不足
投币失败 硬币不足
投币失败 硬币不足
------------------
13306522935
zjuZSJ0911*
0
av51648146观看成功
今日已换硬币
------------------
[Tue May  7 01:05:00 2019]	Heart_web
[Tue May  7 01:05:00 2019]	Heart_mobile
[Tue May  7 01:05:00 2019]	Heart_web
[Tue May  7 01:05:00 2019]	Heart_mobile
[Tue May  7 01:05:00 2019]	Heart_web
[Tue May  7 01:05:00 2019]	Heart_mobile
[Tue May  7 01:05:00 2019]	Heart_web
[Tue May  7 01:05:00 2019]	Heart_mobile
[Tue May  7 01:10:00 2019]	Heart_web
[Tue May  7 01:10:00 2019]	Heart_mobile
[Tue May  7 01:10:00 2019]	Heart_web
[Tue May  7 01:10:00 2019]	Heart_mobile
[Tue May  7 01:10:00 2019]	Heart_web
[Tue May  7 01:10:00 2019]	Heart_mobile
[Tue May  7 01:10:00 2019]	Heart_web
[Tue May  7 01:10:00 2019]	Heart_mobile
[Tue May  7 01:15:00 2019]	Heart_web
[Tue May  7 01:15:00 2019]	Heart_mobile
[Tue May  7 01:15:00 2019]	Heart_web
[Tue May  7 01:15:00 2019]	Heart_mobile
[Tue May  7 01:15:00 2019]	Heart_web
[Tue May  7 01:15:00 2019]	Heart_mobile
[Tue May  7 01:15:00 2019]	Heart_web
[Tue May  7 01:15:00 2019]	Heart_mobile
[Tue May  7 01:20:00 2019]	Heart_web
[Tue May  7 01:20:00 2019]	Heart_mobile
[Tue May  7 01:20:00 2019]	Heart_web
[Tue May  7 01:20:00 2019]	Heart_mobile
[Tue May  7 01:20:00 2019]	Heart_web
[Tue May  7 01:20:00 2019]	Heart_mobile
[Tue May  7 01:20:00 2019]	Heart_web
[Tue May  7 01:20:00 2019]	Heart_mobile
[Tue May  7 01:25:00 2019]	Heart_web
[Tue May  7 01:25:00 2019]	Heart_mobile
[Tue May  7 01:25:00 2019]	Heart_web
[Tue May  7 01:25:00 2019]	Heart_mobile
[Tue May  7 01:25:00 2019]	Heart_web
[Tue May  7 01:25:00 2019]	Heart_mobile
[Tue May  7 01:25:00 2019]	Heart_web
[Tue May  7 01:25:00 2019]	Heart_mobile
[Tue May  7 01:30:00 2019]	Heart_web
[Tue May  7 01:30:00 2019]	Heart_mobile
[Tue May  7 01:30:00 2019]	Heart_web
[Tue May  7 01:30:00 2019]	Heart_mobile
[Tue May  7 01:30:00 2019]	Heart_web
[Tue May  7 01:30:00 2019]	Heart_mobile
[Tue May  7 01:30:00 2019]	Heart_web
[Tue May  7 01:30:00 2019]	Heart_mobile
[Tue May  7 01:35:00 2019]	Heart_web
[Tue May  7 01:35:00 2019]	Heart_mobile
[Tue May  7 01:35:00 2019]	Heart_web
[Tue May  7 01:35:00 2019]	Heart_mobile
[Tue May  7 01:35:00 2019]	Heart_web
[Tue May  7 01:35:00 2019]	Heart_mobile
[Tue May  7 01:35:00 2019]	Heart_web
[Tue May  7 01:35:00 2019]	Heart_mobile
[Tue May  7 01:40:00 2019]	Heart_web
[Tue May  7 01:40:00 2019]	Heart_mobile
[Tue May  7 01:40:00 2019]	Heart_web
[Tue May  7 01:40:00 2019]	Heart_mobile
[Tue May  7 01:40:00 2019]	Heart_web
[Tue May  7 01:40:00 2019]	Heart_mobile
[Tue May  7 01:40:00 2019]	Heart_web
[Tue May  7 01:40:00 2019]	Heart_mobile
[Tue May  7 01:45:00 2019]	Heart_web
[Tue May  7 01:45:00 2019]	Heart_mobile
[Tue May  7 01:45:00 2019]	Heart_web
[Tue May  7 01:45:00 2019]	Heart_mobile
[Tue May  7 01:45:00 2019]	Heart_web
[Tue May  7 01:45:00 2019]	Heart_mobile
[Tue May  7 01:45:00 2019]	Heart_web
[Tue May  7 01:45:00 2019]	Heart_mobile
[Tue May  7 01:50:00 2019]	Heart_web
[Tue May  7 01:50:00 2019]	Heart_mobile
[Tue May  7 01:50:00 2019]	Heart_web
[Tue May  7 01:50:00 2019]	Heart_mobile
[Tue May  7 01:50:00 2019]	Heart_web
[Tue May  7 01:50:00 2019]	Heart_mobile
[Tue May  7 01:50:00 2019]	Heart_web
[Tue May  7 01:50:00 2019]	Heart_mobile
[Tue May  7 01:55:00 2019]	Heart_web
[Tue May  7 01:55:00 2019]	Heart_mobile
[Tue May  7 01:55:00 2019]	Heart_web
[Tue May  7 01:55:00 2019]	Heart_mobile
[Tue May  7 01:55:00 2019]	Heart_web
[Tue May  7 01:55:00 2019]	Heart_mobile
[Tue May  7 01:55:00 2019]	Heart_web
[Tue May  7 01:55:00 2019]	Heart_mobile
[Tue May  7 02:00:00 2019]	Heart_web
[Tue May  7 02:00:00 2019]	Heart_mobile
[Tue May  7 02:00:00 2019]	Heart_web
[Tue May  7 02:00:00 2019]	Heart_mobile
[Tue May  7 02:00:00 2019]	Heart_web
[Tue May  7 02:00:00 2019]	Heart_mobile
[Tue May  7 02:00:00 2019]	Heart_web
[Tue May  7 02:00:00 2019]	Heart_mobile
[u'51648146', u'51627056', u'51615027', u'51621478', u'51612254']
15824397397
zsj0911*
0
------------------
17367078621
weiyuxin
0
------------------
15127529708
shijizhe
0.6
今日已换硬币
投币失败 硬币不足
投币失败 硬币不足
投币失败 硬币不足
------------------
13306522935
zjuZSJ0911*
0
------------------
[Tue May  7 02:05:00 2019]	Heart_web
[Tue May  7 02:05:00 2019]	Heart_mobile
[Tue May  7 02:05:00 2019]	Heart_web
[Tue May  7 02:05:00 2019]	Heart_mobile
[Tue May  7 02:05:00 2019]	Heart_web
[Tue May  7 02:05:00 2019]	Heart_mobile
[Tue May  7 02:05:00 2019]	Heart_web
[Tue May  7 02:05:00 2019]	Heart_mobile
[Tue May  7 02:10:00 2019]	Heart_web
[Tue May  7 02:10:00 2019]	Heart_mobile
[Tue May  7 02:10:00 2019]	Heart_web
[Tue May  7 02:10:00 2019]	Heart_mobile
[Tue May  7 02:10:00 2019]	Heart_web
[Tue May  7 02:10:00 2019]	Heart_mobile
[Tue May  7 02:10:00 2019]	Heart_web
[Tue May  7 02:10:00 2019]	Heart_mobile
[Tue May  7 02:15:00 2019]	Heart_web
[Tue May  7 02:15:00 2019]	Heart_mobile
[Tue May  7 02:15:00 2019]	Heart_web
[Tue May  7 02:15:00 2019]	Heart_mobile
[Tue May  7 02:15:00 2019]	Heart_web
[Tue May  7 02:15:00 2019]	Heart_mobile
[Tue May  7 02:15:00 2019]	Heart_web
[Tue May  7 02:15:01 2019]	Heart_mobile
[Tue May  7 02:20:00 2019]	Heart_web
[Tue May  7 02:20:00 2019]	Heart_mobile
[Tue May  7 02:20:00 2019]	Heart_web
[Tue May  7 02:20:00 2019]	Heart_mobile
[Tue May  7 02:20:00 2019]	Heart_web
[Tue May  7 02:20:00 2019]	Heart_mobile
[Tue May  7 02:20:00 2019]	Heart_web
[Tue May  7 02:20:00 2019]	Heart_mobile
[Tue May  7 02:25:00 2019]	Heart_web
[Tue May  7 02:25:00 2019]	Heart_mobile
[Tue May  7 02:25:00 2019]	Heart_web
[Tue May  7 02:25:00 2019]	Heart_mobile
[Tue May  7 02:25:00 2019]	Heart_web
[Tue May  7 02:25:00 2019]	Heart_mobile
[Tue May  7 02:25:00 2019]	Heart_web
[Tue May  7 02:25:01 2019]	Heart_mobile
[Tue May  7 02:30:00 2019]	Heart_web
[Tue May  7 02:30:00 2019]	Heart_mobile
[Tue May  7 02:30:00 2019]	Heart_web
[Tue May  7 02:30:00 2019]	Heart_mobile
[Tue May  7 02:30:00 2019]	Heart_web
[Tue May  7 02:30:00 2019]	Heart_mobile
[Tue May  7 02:30:00 2019]	Heart_web
[Tue May  7 02:30:00 2019]	Heart_mobile
[Tue May  7 02:35:00 2019]	Heart_web
[Tue May  7 02:35:00 2019]	Heart_mobile
[Tue May  7 02:35:00 2019]	Heart_web
[Tue May  7 02:35:00 2019]	Heart_mobile
[Tue May  7 02:35:00 2019]	Heart_web
[Tue May  7 02:35:00 2019]	Heart_mobile
[Tue May  7 02:35:00 2019]	Heart_web
[Tue May  7 02:35:00 2019]	Heart_mobile
[Tue May  7 02:40:00 2019]	Heart_web
[Tue May  7 02:40:00 2019]	Heart_mobile
[Tue May  7 02:40:00 2019]	Heart_web
[Tue May  7 02:40:00 2019]	Heart_mobile
[Tue May  7 02:40:00 2019]	Heart_web
[Tue May  7 02:40:00 2019]	Heart_mobile
[Tue May  7 02:40:00 2019]	Heart_web
[Tue May  7 02:40:00 2019]	Heart_mobile
[Tue May  7 02:45:00 2019]	Heart_web
[Tue May  7 02:45:00 2019]	Heart_mobile
[Tue May  7 02:45:00 2019]	Heart_web
[Tue May  7 02:45:00 2019]	Heart_mobile
[Tue May  7 02:45:00 2019]	Heart_web
[Tue May  7 02:45:00 2019]	Heart_mobile
[Tue May  7 02:45:00 2019]	Heart_web
[Tue May  7 02:45:00 2019]	Heart_mobile
[Tue May  7 02:50:00 2019]	Heart_web
[Tue May  7 02:50:00 2019]	Heart_mobile
[Tue May  7 02:50:00 2019]	Heart_web
[Tue May  7 02:50:00 2019]	Heart_mobile
[Tue May  7 02:50:00 2019]	Heart_web
[Tue May  7 02:50:00 2019]	Heart_mobile
[Tue May  7 02:50:00 2019]	Heart_web
[Tue May  7 02:50:00 2019]	Heart_mobile
[Tue May  7 02:55:00 2019]	Heart_web
[Tue May  7 02:55:00 2019]	Heart_mobile
[Tue May  7 02:55:00 2019]	Heart_web
[Tue May  7 02:55:00 2019]	Heart_mobile
[Tue May  7 02:55:00 2019]	Heart_web
[Tue May  7 02:55:00 2019]	Heart_mobile
[Tue May  7 02:55:00 2019]	Heart_web
[Tue May  7 02:55:00 2019]	Heart_mobile
[Tue May  7 03:00:00 2019]	Heart_web
[Tue May  7 03:00:00 2019]	Heart_mobile
[Tue May  7 03:00:00 2019]	Heart_web
[Tue May  7 03:00:00 2019]	Heart_mobile
[Tue May  7 03:00:00 2019]	Heart_web
[Tue May  7 03:00:00 2019]	Heart_mobile
[Tue May  7 03:00:00 2019]	Heart_web
[Tue May  7 03:00:00 2019]	Heart_mobile
[u'51648146', u'51627056', u'51615027', u'51621478', u'51612254']
15824397397
zsj0911*
0
------------------
17367078621
weiyuxin
0
------------------
15127529708
shijizhe
0.6
投币失败 硬币不足
投币失败 硬币不足
投币失败 硬币不足
------------------
13306522935
zjuZSJ0911*
0
------------------
[Tue May  7 03:05:00 2019]	Heart_web
[Tue May  7 03:05:00 2019]	Heart_mobile
[Tue May  7 03:05:00 2019]	Heart_web
[Tue May  7 03:05:00 2019]	Heart_mobile
[Tue May  7 03:05:00 2019]	Heart_web
[Tue May  7 03:05:00 2019]	Heart_mobile
[Tue May  7 03:05:00 2019]	Heart_web
[Tue May  7 03:05:00 2019]	Heart_mobile
[Tue May  7 03:10:00 2019]	Heart_web
[Tue May  7 03:10:00 2019]	Heart_mobile
[Tue May  7 03:10:00 2019]	Heart_web
[Tue May  7 03:10:00 2019]	Heart_mobile
[Tue May  7 03:10:00 2019]	Heart_web
[Tue May  7 03:10:00 2019]	Heart_mobile
[Tue May  7 03:10:00 2019]	Heart_web
[Tue May  7 03:10:00 2019]	Heart_mobile
[Tue May  7 03:15:00 2019]	Heart_web
[Tue May  7 03:15:00 2019]	Heart_mobile
[Tue May  7 03:15:00 2019]	Heart_web
[Tue May  7 03:15:00 2019]	Heart_mobile
[Tue May  7 03:15:00 2019]	Heart_web
[Tue May  7 03:15:00 2019]	Heart_mobile
[Tue May  7 03:15:00 2019]	Heart_web
[Tue May  7 03:15:00 2019]	Heart_mobile
[Tue May  7 03:20:00 2019]	Heart_web
[Tue May  7 03:20:00 2019]	Heart_mobile
[Tue May  7 03:20:00 2019]	Heart_web
[Tue May  7 03:20:00 2019]	Heart_mobile
[Tue May  7 03:20:00 2019]	Heart_web
[Tue May  7 03:20:00 2019]	Heart_mobile
[Tue May  7 03:20:00 2019]	Heart_web
[Tue May  7 03:20:01 2019]	Heart_mobile
[Tue May  7 03:25:00 2019]	Heart_web
[Tue May  7 03:25:00 2019]	Heart_mobile
[Tue May  7 03:25:00 2019]	Heart_web
[Tue May  7 03:25:00 2019]	Heart_mobile
[Tue May  7 03:25:00 2019]	Heart_web
[Tue May  7 03:25:00 2019]	Heart_mobile
[Tue May  7 03:25:00 2019]	Heart_web
[Tue May  7 03:25:00 2019]	Heart_mobile
[Tue May  7 03:30:00 2019]	Heart_web
[Tue May  7 03:30:00 2019]	Heart_mobile
[Tue May  7 03:30:00 2019]	Heart_web
[Tue May  7 03:30:00 2019]	Heart_mobile
[Tue May  7 03:30:00 2019]	Heart_web
[Tue May  7 03:30:00 2019]	Heart_mobile
[Tue May  7 03:30:00 2019]	Heart_web
[Tue May  7 03:30:00 2019]	Heart_mobile
[Tue May  7 03:35:00 2019]	Heart_web
[Tue May  7 03:35:00 2019]	Heart_mobile
[Tue May  7 03:35:00 2019]	Heart_web
[Tue May  7 03:35:00 2019]	Heart_mobile
[Tue May  7 03:35:00 2019]	Heart_web
[Tue May  7 03:35:00 2019]	Heart_mobile
[Tue May  7 03:35:00 2019]	Heart_web
[Tue May  7 03:35:01 2019]	Heart_mobile
[Tue May  7 03:40:00 2019]	Heart_web
[Tue May  7 03:40:00 2019]	Heart_mobile
[Tue May  7 03:40:00 2019]	Heart_web
[Tue May  7 03:40:00 2019]	Heart_mobile
[Tue May  7 03:40:00 2019]	Heart_web
[Tue May  7 03:40:00 2019]	Heart_mobile
[Tue May  7 03:40:00 2019]	Heart_web
[Tue May  7 03:40:00 2019]	Heart_mobile
[Tue May  7 03:45:00 2019]	Heart_web
[Tue May  7 03:45:00 2019]	Heart_mobile
[Tue May  7 03:45:00 2019]	Heart_web
[Tue May  7 03:45:00 2019]	Heart_mobile
[Tue May  7 03:45:00 2019]	Heart_web
[Tue May  7 03:45:00 2019]	Heart_mobile
[Tue May  7 03:45:00 2019]	Heart_web
[Tue May  7 03:45:00 2019]	Heart_mobile
[Tue May  7 03:50:00 2019]	Heart_web
[Tue May  7 03:50:00 2019]	Heart_mobile
[Tue May  7 03:50:00 2019]	Heart_web
[Tue May  7 03:50:00 2019]	Heart_mobile
[Tue May  7 03:50:00 2019]	Heart_web
[Tue May  7 03:50:00 2019]	Heart_mobile
[Tue May  7 03:50:00 2019]	Heart_web
[Tue May  7 03:50:00 2019]	Heart_mobile
[Tue May  7 03:55:00 2019]	Heart_web
[Tue May  7 03:55:00 2019]	Heart_mobile
[Tue May  7 03:55:00 2019]	Heart_web
[Tue May  7 03:55:00 2019]	Heart_mobile
[Tue May  7 03:55:00 2019]	Heart_web
[Tue May  7 03:55:00 2019]	Heart_mobile
[Tue May  7 03:55:00 2019]	Heart_web
[Tue May  7 03:55:00 2019]	Heart_mobile
[Tue May  7 04:00:00 2019]	Heart_web
[Tue May  7 04:00:00 2019]	Heart_mobile
[Tue May  7 04:00:00 2019]	Heart_web
[Tue May  7 04:00:00 2019]	Heart_mobile
[Tue May  7 04:00:00 2019]	Heart_web
[Tue May  7 04:00:00 2019]	Heart_mobile
[Tue May  7 04:00:00 2019]	Heart_web
[Tue May  7 04:00:00 2019]	Heart_mobile
[u'51648146', u'51627056', u'51615027', u'51621478', u'51612254']
15824397397
zsj0911*
0
------------------
17367078621
weiyuxin
0
------------------
15127529708
shijizhe
0.6
投币失败 硬币不足
投币失败 硬币不足
投币失败 硬币不足
------------------
13306522935
zjuZSJ0911*
0
------------------
[Tue May  7 04:05:00 2019]	Heart_web
[Tue May  7 04:05:00 2019]	Heart_mobile
[Tue May  7 04:05:00 2019]	Heart_web
[Tue May  7 04:05:00 2019]	Heart_mobile
[Tue May  7 04:05:00 2019]	Heart_web
[Tue May  7 04:05:00 2019]	Heart_mobile
[Tue May  7 04:05:00 2019]	Heart_web
[Tue May  7 04:05:00 2019]	Heart_mobile
[Tue May  7 04:10:00 2019]	Heart_web
[Tue May  7 04:10:00 2019]	Heart_mobile
[Tue May  7 04:10:00 2019]	Heart_web
[Tue May  7 04:10:00 2019]	Heart_mobile
[Tue May  7 04:10:00 2019]	Heart_web
[Tue May  7 04:10:00 2019]	Heart_mobile
[Tue May  7 04:10:00 2019]	Heart_web
[Tue May  7 04:10:00 2019]	Heart_mobile
[Tue May  7 04:15:00 2019]	Heart_web
[Tue May  7 04:15:00 2019]	Heart_mobile
[Tue May  7 04:15:00 2019]	Heart_web
[Tue May  7 04:15:00 2019]	Heart_mobile
[Tue May  7 04:15:00 2019]	Heart_web
[Tue May  7 04:15:00 2019]	Heart_mobile
[Tue May  7 04:15:00 2019]	Heart_web
[Tue May  7 04:15:00 2019]	Heart_mobile
[Tue May  7 04:20:00 2019]	Heart_web
[Tue May  7 04:20:00 2019]	Heart_mobile
[Tue May  7 04:20:00 2019]	Heart_web
[Tue May  7 04:20:00 2019]	Heart_mobile
[Tue May  7 04:20:00 2019]	Heart_web
[Tue May  7 04:20:00 2019]	Heart_mobile
[Tue May  7 04:20:00 2019]	Heart_web
[Tue May  7 04:20:00 2019]	Heart_mobile
[Tue May  7 04:25:00 2019]	Heart_web
[Tue May  7 04:25:00 2019]	Heart_mobile
[Tue May  7 04:25:00 2019]	Heart_web
[Tue May  7 04:25:00 2019]	Heart_mobile
[Tue May  7 04:25:00 2019]	Heart_web
[Tue May  7 04:25:00 2019]	Heart_mobile
[Tue May  7 04:25:00 2019]	Heart_web
[Tue May  7 04:25:00 2019]	Heart_mobile
[Tue May  7 04:30:00 2019]	Heart_web
[Tue May  7 04:30:00 2019]	Heart_mobile
[Tue May  7 04:30:00 2019]	Heart_web
[Tue May  7 04:30:00 2019]	Heart_mobile
[Tue May  7 04:30:00 2019]	Heart_web
[Tue May  7 04:30:00 2019]	Heart_mobile
[Tue May  7 04:30:00 2019]	Heart_web
[Tue May  7 04:30:00 2019]	Heart_mobile
[Tue May  7 04:35:00 2019]	Heart_web
[Tue May  7 04:35:00 2019]	Heart_mobile
[Tue May  7 04:35:00 2019]	Heart_web
[Tue May  7 04:35:00 2019]	Heart_mobile
[Tue May  7 04:35:00 2019]	Heart_web
[Tue May  7 04:35:00 2019]	Heart_mobile
[Tue May  7 04:35:00 2019]	Heart_web
[Tue May  7 04:35:00 2019]	Heart_mobile
[Tue May  7 04:40:00 2019]	Heart_web
[Tue May  7 04:40:00 2019]	Heart_mobile
[Tue May  7 04:40:00 2019]	Heart_web
[Tue May  7 04:40:00 2019]	Heart_mobile
[Tue May  7 04:40:00 2019]	Heart_web
[Tue May  7 04:40:00 2019]	Heart_mobile
[Tue May  7 04:40:00 2019]	Heart_web
[Tue May  7 04:40:00 2019]	Heart_mobile
[Tue May  7 04:45:00 2019]	Heart_web
[Tue May  7 04:45:00 2019]	Heart_mobile
[Tue May  7 04:45:00 2019]	Heart_web
[Tue May  7 04:45:00 2019]	Heart_mobile
[Tue May  7 04:45:00 2019]	Heart_web
[Tue May  7 04:45:00 2019]	Heart_mobile
[Tue May  7 04:45:00 2019]	Heart_web
[Tue May  7 04:45:00 2019]	Heart_mobile
[Tue May  7 04:50:00 2019]	Heart_web
[Tue May  7 04:50:00 2019]	Heart_mobile
[Tue May  7 04:50:00 2019]	Heart_web
[Tue May  7 04:50:00 2019]	Heart_mobile
[Tue May  7 04:50:00 2019]	Heart_web
[Tue May  7 04:50:00 2019]	Heart_mobile
[Tue May  7 04:50:00 2019]	Heart_web
[Tue May  7 04:50:00 2019]	Heart_mobile
[Tue May  7 04:55:00 2019]	Heart_web
[Tue May  7 04:55:00 2019]	Heart_mobile
[Tue May  7 04:55:00 2019]	Heart_web
[Tue May  7 04:55:00 2019]	Heart_mobile
[Tue May  7 04:55:00 2019]	Heart_web
[Tue May  7 04:55:00 2019]	Heart_mobile
[Tue May  7 04:55:00 2019]	Heart_web
[Tue May  7 04:55:00 2019]	Heart_mobile
[Tue May  7 05:00:00 2019]	Heart_web
[Tue May  7 05:00:00 2019]	Heart_mobile
[Tue May  7 05:00:00 2019]	Heart_web
[Tue May  7 05:00:00 2019]	Heart_mobile
[Tue May  7 05:00:00 2019]	Heart_web
[Tue May  7 05:00:00 2019]	Heart_mobile
[Tue May  7 05:00:00 2019]	Heart_web
[Tue May  7 05:00:00 2019]	Heart_mobile
[u'51648146', u'51627056', u'51615027', u'51621478', u'51612254']
15824397397
zsj0911*
0
------------------
17367078621
weiyuxin
0
------------------
15127529708
shijizhe
0.6
投币失败 硬币不足
投币失败 硬币不足
投币失败 硬币不足
------------------
13306522935
zjuZSJ0911*
0
------------------
[Tue May  7 05:05:00 2019]	Heart_web
[Tue May  7 05:05:00 2019]	Heart_mobile
[Tue May  7 05:05:00 2019]	Heart_web
[Tue May  7 05:05:00 2019]	Heart_mobile
[Tue May  7 05:05:00 2019]	Heart_web
[Tue May  7 05:05:00 2019]	Heart_mobile
[Tue May  7 05:05:00 2019]	Heart_web
[Tue May  7 05:05:00 2019]	Heart_mobile
[Tue May  7 05:10:00 2019]	Heart_web
[Tue May  7 05:10:00 2019]	Heart_mobile
[Tue May  7 05:10:00 2019]	Heart_web
[Tue May  7 05:10:00 2019]	Heart_mobile
[Tue May  7 05:10:00 2019]	Heart_web
[Tue May  7 05:10:00 2019]	Heart_mobile
[Tue May  7 05:10:00 2019]	Heart_web
[Tue May  7 05:10:00 2019]	Heart_mobile
[Tue May  7 05:15:00 2019]	Heart_web
[Tue May  7 05:15:00 2019]	Heart_mobile
[Tue May  7 05:15:00 2019]	Heart_web
[Tue May  7 05:15:00 2019]	Heart_mobile
[Tue May  7 05:15:00 2019]	Heart_web
[Tue May  7 05:15:00 2019]	Heart_mobile
[Tue May  7 05:15:00 2019]	Heart_web
[Tue May  7 05:15:00 2019]	Heart_mobile
[Tue May  7 05:20:00 2019]	Heart_web
[Tue May  7 05:20:00 2019]	Heart_mobile
[Tue May  7 05:20:00 2019]	Heart_web
[Tue May  7 05:20:00 2019]	Heart_mobile
[Tue May  7 05:20:00 2019]	Heart_web
[Tue May  7 05:20:00 2019]	Heart_mobile
[Tue May  7 05:20:00 2019]	Heart_web
[Tue May  7 05:20:00 2019]	Heart_mobile
[Tue May  7 05:25:00 2019]	Heart_web
[Tue May  7 05:25:00 2019]	Heart_mobile
[Tue May  7 05:25:00 2019]	Heart_web
[Tue May  7 05:25:00 2019]	Heart_mobile
[Tue May  7 05:25:00 2019]	Heart_web
[Tue May  7 05:25:00 2019]	Heart_mobile
[Tue May  7 05:25:00 2019]	Heart_web
[Tue May  7 05:25:00 2019]	Heart_mobile
[Tue May  7 05:30:00 2019]	Heart_web
[Tue May  7 05:30:00 2019]	Heart_mobile
[Tue May  7 05:30:00 2019]	Heart_web
[Tue May  7 05:30:00 2019]	Heart_mobile
[Tue May  7 05:30:00 2019]	Heart_web
[Tue May  7 05:30:00 2019]	Heart_mobile
[Tue May  7 05:30:00 2019]	Heart_web
[Tue May  7 05:30:00 2019]	Heart_mobile
[Tue May  7 05:35:00 2019]	Heart_web
[Tue May  7 05:35:00 2019]	Heart_mobile
[Tue May  7 05:35:00 2019]	Heart_web
[Tue May  7 05:35:00 2019]	Heart_mobile
[Tue May  7 05:35:00 2019]	Heart_web
[Tue May  7 05:35:00 2019]	Heart_mobile
[Tue May  7 05:35:00 2019]	Heart_web
[Tue May  7 05:35:00 2019]	Heart_mobile
[Tue May  7 05:40:00 2019]	Heart_web
[Tue May  7 05:40:00 2019]	Heart_mobile
[Tue May  7 05:40:00 2019]	Heart_web
[Tue May  7 05:40:00 2019]	Heart_mobile
[Tue May  7 05:40:00 2019]	Heart_web
[Tue May  7 05:40:00 2019]	Heart_mobile
[Tue May  7 05:40:00 2019]	Heart_web
[Tue May  7 05:40:00 2019]	Heart_mobile
[Tue May  7 05:45:00 2019]	Heart_web
[Tue May  7 05:45:00 2019]	Heart_mobile
[Tue May  7 05:45:00 2019]	Heart_web
[Tue May  7 05:45:00 2019]	Heart_mobile
[Tue May  7 05:45:00 2019]	Heart_web
[Tue May  7 05:45:00 2019]	Heart_mobile
[Tue May  7 05:45:00 2019]	Heart_web
[Tue May  7 05:45:00 2019]	Heart_mobile
[Tue May  7 05:50:00 2019]	Heart_web
[Tue May  7 05:50:00 2019]	Heart_mobile
[Tue May  7 05:50:00 2019]	Heart_web
[Tue May  7 05:50:00 2019]	Heart_mobile
[Tue May  7 05:50:00 2019]	Heart_web
[Tue May  7 05:50:00 2019]	Heart_mobile
[Tue May  7 05:50:00 2019]	Heart_web
[Tue May  7 05:50:00 2019]	Heart_mobile
[Tue May  7 05:55:00 2019]	Heart_web
[Tue May  7 05:55:00 2019]	Heart_mobile
[Tue May  7 05:55:00 2019]	Heart_web
[Tue May  7 05:55:00 2019]	Heart_mobile
[Tue May  7 05:55:00 2019]	Heart_web
[Tue May  7 05:55:00 2019]	Heart_mobile
[Tue May  7 05:55:00 2019]	Heart_web
[Tue May  7 05:55:00 2019]	Heart_mobile
[Tue May  7 06:00:00 2019]	Heart_web
[Tue May  7 06:00:00 2019]	Heart_mobile
[Tue May  7 06:00:00 2019]	Heart_web
[Tue May  7 06:00:00 2019]	Heart_mobile
[Tue May  7 06:00:00 2019]	Heart_web
[Tue May  7 06:00:00 2019]	Heart_mobile
[Tue May  7 06:00:00 2019]	Heart_web
[Tue May  7 06:00:00 2019]	Heart_mobile
[u'51648146', u'51627056', u'51615027', u'51621478', u'51612254']
15824397397
zsj0911*
0
------------------
17367078621
weiyuxin
0
------------------
15127529708
shijizhe
0.6
投币失败 硬币不足
投币失败 硬币不足
投币失败 硬币不足
------------------
13306522935
zjuZSJ0911*
0
------------------
[Tue May  7 06:05:00 2019]	Heart_web
[Tue May  7 06:05:00 2019]	Heart_mobile
[Tue May  7 06:05:00 2019]	Heart_web
[Tue May  7 06:05:00 2019]	Heart_mobile
[Tue May  7 06:05:00 2019]	Heart_web
[Tue May  7 06:05:00 2019]	Heart_mobile
[Tue May  7 06:05:00 2019]	Heart_web
[Tue May  7 06:05:00 2019]	Heart_mobile
[Tue May  7 06:10:00 2019]	Heart_web
[Tue May  7 06:10:00 2019]	Heart_mobile
[Tue May  7 06:10:00 2019]	Heart_web
[Tue May  7 06:10:00 2019]	Heart_mobile
[Tue May  7 06:10:00 2019]	Heart_web
[Tue May  7 06:10:00 2019]	Heart_mobile
[Tue May  7 06:10:00 2019]	Heart_web
[Tue May  7 06:10:00 2019]	Heart_mobile
[Tue May  7 06:15:00 2019]	Heart_web
[Tue May  7 06:15:00 2019]	Heart_mobile
[Tue May  7 06:15:00 2019]	Heart_web
[Tue May  7 06:15:00 2019]	Heart_mobile
[Tue May  7 06:15:00 2019]	Heart_web
[Tue May  7 06:15:00 2019]	Heart_mobile
[Tue May  7 06:15:00 2019]	Heart_web
[Tue May  7 06:15:00 2019]	Heart_mobile
[Tue May  7 06:20:00 2019]	Heart_web
[Tue May  7 06:20:00 2019]	Heart_mobile
[Tue May  7 06:20:00 2019]	Heart_web
[Tue May  7 06:20:00 2019]	Heart_mobile
[Tue May  7 06:20:00 2019]	Heart_web
[Tue May  7 06:20:00 2019]	Heart_mobile
[Tue May  7 06:20:00 2019]	Heart_web
[Tue May  7 06:20:00 2019]	Heart_mobile
[Tue May  7 06:25:00 2019]	Heart_web
[Tue May  7 06:25:00 2019]	Heart_mobile
[Tue May  7 06:25:00 2019]	Heart_web
[Tue May  7 06:25:00 2019]	Heart_mobile
[Tue May  7 06:25:00 2019]	Heart_web
[Tue May  7 06:25:00 2019]	Heart_mobile
[Tue May  7 06:25:00 2019]	Heart_web
[Tue May  7 06:25:00 2019]	Heart_mobile
[Tue May  7 06:30:00 2019]	Heart_web
[Tue May  7 06:30:00 2019]	Heart_mobile
[Tue May  7 06:30:00 2019]	Heart_web
[Tue May  7 06:30:00 2019]	Heart_mobile
[Tue May  7 06:30:00 2019]	Heart_web
[Tue May  7 06:30:00 2019]	Heart_mobile
[Tue May  7 06:30:00 2019]	Heart_web
[Tue May  7 06:30:00 2019]	Heart_mobile
[Tue May  7 06:35:00 2019]	Heart_web
[Tue May  7 06:35:00 2019]	Heart_mobile
[Tue May  7 06:35:00 2019]	Heart_web
[Tue May  7 06:35:00 2019]	Heart_mobile
[Tue May  7 06:35:00 2019]	Heart_web
[Tue May  7 06:35:00 2019]	Heart_mobile
[Tue May  7 06:35:00 2019]	Heart_web
[Tue May  7 06:35:00 2019]	Heart_mobile
[Tue May  7 06:40:00 2019]	Heart_web
[Tue May  7 06:40:00 2019]	Heart_mobile
[Tue May  7 06:40:00 2019]	Heart_web
[Tue May  7 06:40:00 2019]	Heart_mobile
[Tue May  7 06:40:00 2019]	Heart_web
[Tue May  7 06:40:00 2019]	Heart_mobile
[Tue May  7 06:40:00 2019]	Heart_web
[Tue May  7 06:40:00 2019]	Heart_mobile
[Tue May  7 06:45:00 2019]	Heart_web
[Tue May  7 06:45:00 2019]	Heart_mobile
[Tue May  7 06:45:00 2019]	Heart_web
[Tue May  7 06:45:00 2019]	Heart_mobile
[Tue May  7 06:45:00 2019]	Heart_web
[Tue May  7 06:45:00 2019]	Heart_mobile
[Tue May  7 06:45:00 2019]	Heart_web
[Tue May  7 06:45:00 2019]	Heart_mobile
[Tue May  7 06:50:00 2019]	Heart_web
[Tue May  7 06:50:00 2019]	Heart_mobile
[Tue May  7 06:50:00 2019]	Heart_web
[Tue May  7 06:50:00 2019]	Heart_mobile
[Tue May  7 06:50:00 2019]	Heart_web
[Tue May  7 06:50:00 2019]	Heart_mobile
[Tue May  7 06:50:00 2019]	Heart_web
[Tue May  7 06:50:00 2019]	Heart_mobile
[Tue May  7 06:55:00 2019]	Heart_web
[Tue May  7 06:55:00 2019]	Heart_mobile
[Tue May  7 06:55:00 2019]	Heart_web
[Tue May  7 06:55:00 2019]	Heart_mobile
[Tue May  7 06:55:00 2019]	Heart_web
[Tue May  7 06:55:00 2019]	Heart_mobile
[Tue May  7 06:55:00 2019]	Heart_web
[Tue May  7 06:55:01 2019]	Heart_mobile
[Tue May  7 07:00:00 2019]	Heart_web
[Tue May  7 07:00:00 2019]	Heart_mobile
[Tue May  7 07:00:00 2019]	Heart_web
[Tue May  7 07:00:00 2019]	Heart_mobile
[Tue May  7 07:00:00 2019]	Heart_web
[Tue May  7 07:00:00 2019]	Heart_mobile
[Tue May  7 07:00:00 2019]	Heart_web
[Tue May  7 07:00:00 2019]	Heart_mobile
[u'51648146', u'51627056', u'51615027', u'51612254', u'51665337']
15824397397
zsj0911*
0
------------------
17367078621
weiyuxin
0
------------------
15127529708
shijizhe
0.6
投币失败 硬币不足
投币失败 硬币不足
投币失败 硬币不足
------------------
13306522935
zjuZSJ0911*
0
------------------
[Tue May  7 07:05:00 2019]	Heart_web
[Tue May  7 07:05:00 2019]	Heart_mobile
[Tue May  7 07:05:00 2019]	Heart_web
[Tue May  7 07:05:00 2019]	Heart_mobile
[Tue May  7 07:05:00 2019]	Heart_web
[Tue May  7 07:05:00 2019]	Heart_mobile
[Tue May  7 07:05:00 2019]	Heart_web
[Tue May  7 07:05:00 2019]	Heart_mobile
[Tue May  7 07:10:00 2019]	Heart_web
[Tue May  7 07:10:00 2019]	Heart_mobile
[Tue May  7 07:10:00 2019]	Heart_web
[Tue May  7 07:10:00 2019]	Heart_mobile
[Tue May  7 07:10:00 2019]	Heart_web
[Tue May  7 07:10:00 2019]	Heart_mobile
[Tue May  7 07:10:00 2019]	Heart_web
[Tue May  7 07:10:00 2019]	Heart_mobile
[Tue May  7 07:15:00 2019]	Heart_web
[Tue May  7 07:15:00 2019]	Heart_mobile
[Tue May  7 07:15:00 2019]	Heart_web
[Tue May  7 07:15:00 2019]	Heart_mobile
[Tue May  7 07:15:00 2019]	Heart_web
[Tue May  7 07:15:00 2019]	Heart_mobile
[Tue May  7 07:15:00 2019]	Heart_web
[Tue May  7 07:15:00 2019]	Heart_mobile
[Tue May  7 07:20:00 2019]	Heart_web
[Tue May  7 07:20:00 2019]	Heart_mobile
[Tue May  7 07:20:00 2019]	Heart_web
[Tue May  7 07:20:00 2019]	Heart_mobile
[Tue May  7 07:20:00 2019]	Heart_web
[Tue May  7 07:20:00 2019]	Heart_mobile
[Tue May  7 07:20:00 2019]	Heart_web
[Tue May  7 07:20:00 2019]	Heart_mobile
[Tue May  7 07:25:00 2019]	Heart_web
[Tue May  7 07:25:00 2019]	Heart_mobile
[Tue May  7 07:25:00 2019]	Heart_web
[Tue May  7 07:25:00 2019]	Heart_mobile
[Tue May  7 07:25:00 2019]	Heart_web
[Tue May  7 07:25:00 2019]	Heart_mobile
[Tue May  7 07:25:00 2019]	Heart_web
[Tue May  7 07:25:00 2019]	Heart_mobile
[Tue May  7 07:30:00 2019]	Heart_web
[Tue May  7 07:30:00 2019]	Heart_mobile
[Tue May  7 07:30:00 2019]	Heart_web
[Tue May  7 07:30:00 2019]	Heart_mobile
[Tue May  7 07:30:00 2019]	Heart_web
[Tue May  7 07:30:00 2019]	Heart_mobile
[Tue May  7 07:30:00 2019]	Heart_web
[Tue May  7 07:30:00 2019]	Heart_mobile
[Tue May  7 07:35:00 2019]	Heart_web
[Tue May  7 07:35:00 2019]	Heart_mobile
[Tue May  7 07:35:00 2019]	Heart_web
[Tue May  7 07:35:00 2019]	Heart_mobile
[Tue May  7 07:35:00 2019]	Heart_web
[Tue May  7 07:35:00 2019]	Heart_mobile
[Tue May  7 07:35:00 2019]	Heart_web
[Tue May  7 07:35:00 2019]	Heart_mobile
[Tue May  7 07:40:00 2019]	Heart_web
[Tue May  7 07:40:00 2019]	Heart_mobile
[Tue May  7 07:40:00 2019]	Heart_web
[Tue May  7 07:40:00 2019]	Heart_mobile
[Tue May  7 07:40:00 2019]	Heart_web
[Tue May  7 07:40:00 2019]	Heart_mobile
[Tue May  7 07:40:00 2019]	Heart_web
[Tue May  7 07:40:00 2019]	Heart_mobile
[Tue May  7 07:45:00 2019]	Heart_web
[Tue May  7 07:45:00 2019]	Heart_mobile
[Tue May  7 07:45:00 2019]	Heart_web
[Tue May  7 07:45:00 2019]	Heart_mobile
[Tue May  7 07:45:00 2019]	Heart_web
[Tue May  7 07:45:00 2019]	Heart_mobile
[Tue May  7 07:45:00 2019]	Heart_web
[Tue May  7 07:45:00 2019]	Heart_mobile
[Tue May  7 07:50:00 2019]	Heart_web
[Tue May  7 07:50:00 2019]	Heart_mobile
[Tue May  7 07:50:00 2019]	Heart_web
[Tue May  7 07:50:00 2019]	Heart_mobile
[Tue May  7 07:50:00 2019]	Heart_web
[Tue May  7 07:50:00 2019]	Heart_mobile
[Tue May  7 07:50:00 2019]	Heart_web
[Tue May  7 07:50:00 2019]	Heart_mobile
[Tue May  7 07:55:00 2019]	Heart_web
[Tue May  7 07:55:00 2019]	Heart_mobile
[Tue May  7 07:55:00 2019]	Heart_web
[Tue May  7 07:55:00 2019]	Heart_mobile
[Tue May  7 07:55:00 2019]	Heart_web
[Tue May  7 07:55:00 2019]	Heart_mobile
[Tue May  7 07:55:00 2019]	Heart_web
[Tue May  7 07:55:00 2019]	Heart_mobile
[Tue May  7 08:00:00 2019]	Heart_web
[Tue May  7 08:00:00 2019]	Heart_mobile
[Tue May  7 08:00:00 2019]	Heart_web
[Tue May  7 08:00:00 2019]	Heart_mobile
[Tue May  7 08:00:00 2019]	Heart_web
[Tue May  7 08:00:00 2019]	Heart_mobile
[Tue May  7 08:00:00 2019]	Heart_web
[Tue May  7 08:00:00 2019]	Heart_mobile
[u'51648146', u'51627056', u'51615027', u'51612254', u'51665337']
15824397397
zsj0911*
0
------------------
17367078621
weiyuxin
0
------------------
15127529708
shijizhe
0.6
投币失败 硬币不足
投币失败 硬币不足
投币失败 硬币不足
------------------
13306522935
zjuZSJ0911*
0
------------------
[Tue May  7 08:05:00 2019]	Heart_web
[Tue May  7 08:05:00 2019]	Heart_mobile
[Tue May  7 08:05:00 2019]	Heart_web
[Tue May  7 08:05:00 2019]	Heart_mobile
[Tue May  7 08:05:00 2019]	Heart_web
[Tue May  7 08:05:00 2019]	Heart_mobile
[Tue May  7 08:05:00 2019]	Heart_web
[Tue May  7 08:05:00 2019]	Heart_mobile
[Tue May  7 08:10:00 2019]	Heart_web
[Tue May  7 08:10:00 2019]	Heart_mobile
[Tue May  7 08:10:00 2019]	Heart_web
[Tue May  7 08:10:00 2019]	Heart_mobile
[Tue May  7 08:10:00 2019]	Heart_web
[Tue May  7 08:10:00 2019]	Heart_mobile
[Tue May  7 08:10:00 2019]	Heart_web
[Tue May  7 08:10:00 2019]	Heart_mobile
[Tue May  7 08:15:00 2019]	Heart_web
[Tue May  7 08:15:00 2019]	Heart_mobile
[Tue May  7 08:15:00 2019]	Heart_web
[Tue May  7 08:15:00 2019]	Heart_mobile
[Tue May  7 08:15:00 2019]	Heart_web
[Tue May  7 08:15:00 2019]	Heart_mobile
[Tue May  7 08:15:00 2019]	Heart_web
[Tue May  7 08:15:00 2019]	Heart_mobile
[Tue May  7 08:20:00 2019]	Heart_web
[Tue May  7 08:20:00 2019]	Heart_mobile
[Tue May  7 08:20:00 2019]	Heart_web
[Tue May  7 08:20:00 2019]	Heart_mobile
[Tue May  7 08:20:00 2019]	Heart_web
[Tue May  7 08:20:00 2019]	Heart_mobile
[Tue May  7 08:20:00 2019]	Heart_web
[Tue May  7 08:20:00 2019]	Heart_mobile
[Tue May  7 08:25:00 2019]	Heart_web
[Tue May  7 08:25:00 2019]	Heart_mobile
[Tue May  7 08:25:00 2019]	Heart_web
[Tue May  7 08:25:00 2019]	Heart_mobile
[Tue May  7 08:25:00 2019]	Heart_web
[Tue May  7 08:25:00 2019]	Heart_mobile
[Tue May  7 08:25:00 2019]	Heart_web
[Tue May  7 08:25:00 2019]	Heart_mobile
[Tue May  7 08:30:00 2019]	Heart_web
[Tue May  7 08:30:00 2019]	Heart_mobile
[Tue May  7 08:30:00 2019]	Heart_web
[Tue May  7 08:30:00 2019]	Heart_mobile
[Tue May  7 08:30:00 2019]	Heart_web
[Tue May  7 08:30:00 2019]	Heart_mobile
[Tue May  7 08:30:01 2019]	Heart_web
[Tue May  7 08:30:01 2019]	Heart_mobile
[Tue May  7 08:35:00 2019]	Heart_web
[Tue May  7 08:35:00 2019]	Heart_mobile
[Tue May  7 08:35:00 2019]	Heart_web
[Tue May  7 08:35:00 2019]	Heart_mobile
[Tue May  7 08:35:00 2019]	Heart_web
[Tue May  7 08:35:00 2019]	Heart_mobile
[Tue May  7 08:35:00 2019]	Heart_web
[Tue May  7 08:35:00 2019]	Heart_mobile
[Tue May  7 08:40:00 2019]	Heart_web
[Tue May  7 08:40:00 2019]	Heart_mobile
[Tue May  7 08:40:00 2019]	Heart_web
[Tue May  7 08:40:00 2019]	Heart_mobile
[Tue May  7 08:40:00 2019]	Heart_web
[Tue May  7 08:40:00 2019]	Heart_mobile
[Tue May  7 08:40:00 2019]	Heart_web
[Tue May  7 08:40:00 2019]	Heart_mobile
[Tue May  7 08:45:00 2019]	Heart_web
[Tue May  7 08:45:00 2019]	Heart_mobile
[Tue May  7 08:45:00 2019]	Heart_web
[Tue May  7 08:45:00 2019]	Heart_mobile
[Tue May  7 08:45:00 2019]	Heart_web
[Tue May  7 08:45:00 2019]	Heart_mobile
[Tue May  7 08:45:00 2019]	Heart_web
[Tue May  7 08:45:00 2019]	Heart_mobile
[Tue May  7 08:50:00 2019]	Heart_web
[Tue May  7 08:50:00 2019]	Heart_mobile
[Tue May  7 08:50:00 2019]	Heart_web
[Tue May  7 08:50:00 2019]	Heart_mobile
[Tue May  7 08:50:00 2019]	Heart_web
[Tue May  7 08:50:00 2019]	Heart_mobile
[Tue May  7 08:50:00 2019]	Heart_web
[Tue May  7 08:50:00 2019]	Heart_mobile
[Tue May  7 08:55:00 2019]	Heart_web
[Tue May  7 08:55:00 2019]	Heart_mobile
[Tue May  7 08:55:00 2019]	Heart_web
[Tue May  7 08:55:00 2019]	Heart_mobile
[Tue May  7 08:55:00 2019]	Heart_web
[Tue May  7 08:55:00 2019]	Heart_mobile
[Tue May  7 08:55:00 2019]	Heart_web
[Tue May  7 08:55:00 2019]	Heart_mobile
[Tue May  7 09:00:00 2019]	Heart_web
[Tue May  7 09:00:00 2019]	Heart_mobile
[Tue May  7 09:00:00 2019]	Heart_web
[Tue May  7 09:00:00 2019]	Heart_mobile
[Tue May  7 09:00:00 2019]	Heart_web
[Tue May  7 09:00:00 2019]	Heart_mobile
[Tue May  7 09:00:00 2019]	Heart_web
[Tue May  7 09:00:00 2019]	Heart_mobile
[u'51648146', u'51627056', u'51615027', u'51612254', u'51665337']
15824397397
zsj0911*
0
------------------
17367078621
weiyuxin
0
------------------
15127529708
shijizhe
0.6
投币失败 硬币不足
投币失败 硬币不足
投币失败 硬币不足
------------------
13306522935
zjuZSJ0911*
0
------------------
[Tue May  7 09:05:00 2019]	Heart_web
[Tue May  7 09:05:00 2019]	Heart_mobile
[Tue May  7 09:05:00 2019]	Heart_web
[Tue May  7 09:05:00 2019]	Heart_mobile
[Tue May  7 09:05:00 2019]	Heart_web
[Tue May  7 09:05:00 2019]	Heart_mobile
[Tue May  7 09:05:01 2019]	Heart_web
[Tue May  7 09:05:01 2019]	Heart_mobile
[Tue May  7 09:10:00 2019]	Heart_web
[Tue May  7 09:10:00 2019]	Heart_mobile
[Tue May  7 09:10:00 2019]	Heart_web
[Tue May  7 09:10:00 2019]	Heart_mobile
[Tue May  7 09:10:00 2019]	Heart_web
[Tue May  7 09:10:00 2019]	Heart_mobile
[Tue May  7 09:10:00 2019]	Heart_web
[Tue May  7 09:10:00 2019]	Heart_mobile
[Tue May  7 09:15:00 2019]	Heart_web
[Tue May  7 09:15:00 2019]	Heart_mobile
[Tue May  7 09:15:00 2019]	Heart_web
[Tue May  7 09:15:00 2019]	Heart_mobile
[Tue May  7 09:15:00 2019]	Heart_web
[Tue May  7 09:15:00 2019]	Heart_mobile
[Tue May  7 09:15:00 2019]	Heart_web
[Tue May  7 09:15:00 2019]	Heart_mobile
[Tue May  7 09:20:00 2019]	Heart_web
[Tue May  7 09:20:00 2019]	Heart_mobile
[Tue May  7 09:20:00 2019]	Heart_web
[Tue May  7 09:20:00 2019]	Heart_mobile
[Tue May  7 09:20:00 2019]	Heart_web
[Tue May  7 09:20:00 2019]	Heart_mobile
[Tue May  7 09:20:01 2019]	Heart_web
[Tue May  7 09:20:01 2019]	Heart_mobile
[Tue May  7 09:25:00 2019]	Heart_web
[Tue May  7 09:25:00 2019]	Heart_mobile
[Tue May  7 09:25:00 2019]	Heart_web
[Tue May  7 09:25:00 2019]	Heart_mobile
[Tue May  7 09:25:00 2019]	Heart_web
[Tue May  7 09:25:00 2019]	Heart_mobile
[Tue May  7 09:25:00 2019]	Heart_web
[Tue May  7 09:25:01 2019]	Heart_mobile
[Tue May  7 09:30:00 2019]	Heart_web
[Tue May  7 09:30:00 2019]	Heart_mobile
[Tue May  7 09:30:00 2019]	Heart_web
[Tue May  7 09:30:00 2019]	Heart_mobile
[Tue May  7 09:30:00 2019]	Heart_web
[Tue May  7 09:30:00 2019]	Heart_mobile
[Tue May  7 09:30:00 2019]	Heart_web
[Tue May  7 09:30:00 2019]	Heart_mobile
[Tue May  7 09:35:00 2019]	Heart_web
[Tue May  7 09:35:00 2019]	Heart_mobile
[Tue May  7 09:35:00 2019]	Heart_web
[Tue May  7 09:35:00 2019]	Heart_mobile
[Tue May  7 09:35:00 2019]	Heart_web
[Tue May  7 09:35:00 2019]	Heart_mobile
[Tue May  7 09:35:00 2019]	Heart_web
[Tue May  7 09:35:00 2019]	Heart_mobile
[Tue May  7 09:40:00 2019]	Heart_web
[Tue May  7 09:40:00 2019]	Heart_mobile
[Tue May  7 09:40:00 2019]	Heart_web
[Tue May  7 09:40:00 2019]	Heart_mobile
[Tue May  7 09:40:00 2019]	Heart_web
[Tue May  7 09:40:00 2019]	Heart_mobile
[Tue May  7 09:40:00 2019]	Heart_web
[Tue May  7 09:40:00 2019]	Heart_mobile
[Tue May  7 09:45:00 2019]	Heart_web
[Tue May  7 09:45:00 2019]	Heart_mobile
[Tue May  7 09:45:00 2019]	Heart_web
[Tue May  7 09:45:00 2019]	Heart_mobile
[Tue May  7 09:45:00 2019]	Heart_web
[Tue May  7 09:45:00 2019]	Heart_mobile
[Tue May  7 09:45:00 2019]	Heart_web
[Tue May  7 09:45:01 2019]	Heart_mobile
[Tue May  7 09:50:00 2019]	Heart_web
[Tue May  7 09:50:00 2019]	Heart_mobile
[Tue May  7 09:50:00 2019]	Heart_web
[Tue May  7 09:50:00 2019]	Heart_mobile
[Tue May  7 09:50:00 2019]	Heart_web
[Tue May  7 09:50:00 2019]	Heart_mobile
[Tue May  7 09:50:00 2019]	Heart_web
[Tue May  7 09:50:00 2019]	Heart_mobile
[Tue May  7 09:55:00 2019]	Heart_web
[Tue May  7 09:55:00 2019]	Heart_mobile
[Tue May  7 09:55:00 2019]	Heart_web
[Tue May  7 09:55:00 2019]	Heart_mobile
[Tue May  7 09:55:00 2019]	Heart_web
[Tue May  7 09:55:00 2019]	Heart_mobile
[Tue May  7 09:55:00 2019]	Heart_web
[Tue May  7 09:55:00 2019]	Heart_mobile
[Tue May  7 10:00:00 2019]	Heart_web
[Tue May  7 10:00:00 2019]	Heart_mobile
[Tue May  7 10:00:00 2019]	Heart_web
[Tue May  7 10:00:00 2019]	Heart_mobile
[Tue May  7 10:00:00 2019]	Heart_web
[Tue May  7 10:00:00 2019]	Heart_mobile
[Tue May  7 10:00:01 2019]	Heart_web
[Tue May  7 10:00:01 2019]	Heart_mobile
[u'51648146', u'51627056', u'51615027', u'51612254', u'51665337']
15824397397
zsj0911*
0
------------------
17367078621
weiyuxin
0
------------------
15127529708
shijizhe
0.6
投币失败 硬币不足
投币失败 硬币不足
投币失败 硬币不足
------------------
13306522935
zjuZSJ0911*
0
------------------
[Tue May  7 10:05:00 2019]	Heart_web
[Tue May  7 10:05:00 2019]	Heart_mobile
[Tue May  7 10:05:00 2019]	Heart_web
[Tue May  7 10:05:00 2019]	Heart_mobile
[Tue May  7 10:05:00 2019]	Heart_web
[Tue May  7 10:05:00 2019]	Heart_mobile
[Tue May  7 10:05:00 2019]	Heart_web
[Tue May  7 10:05:00 2019]	Heart_mobile
[Tue May  7 10:10:00 2019]	Heart_web
[Tue May  7 10:10:00 2019]	Heart_mobile
[Tue May  7 10:10:00 2019]	Heart_web
[Tue May  7 10:10:00 2019]	Heart_mobile
[Tue May  7 10:10:00 2019]	Heart_web
[Tue May  7 10:10:00 2019]	Heart_mobile
[Tue May  7 10:10:00 2019]	Heart_web
[Tue May  7 10:10:00 2019]	Heart_mobile
[Tue May  7 10:15:00 2019]	Heart_web
[Tue May  7 10:15:00 2019]	Heart_mobile
[Tue May  7 10:15:00 2019]	Heart_web
[Tue May  7 10:15:00 2019]	Heart_mobile
[Tue May  7 10:15:00 2019]	Heart_web
[Tue May  7 10:15:00 2019]	Heart_mobile
[Tue May  7 10:15:00 2019]	Heart_web
[Tue May  7 10:15:00 2019]	Heart_mobile
[Tue May  7 10:20:00 2019]	Heart_web
[Tue May  7 10:20:00 2019]	Heart_mobile
[Tue May  7 10:20:00 2019]	Heart_web
[Tue May  7 10:20:00 2019]	Heart_mobile
[Tue May  7 10:20:00 2019]	Heart_web
[Tue May  7 10:20:00 2019]	Heart_mobile
[Tue May  7 10:20:00 2019]	Heart_web
[Tue May  7 10:20:00 2019]	Heart_mobile
[Tue May  7 10:25:00 2019]	Heart_web
[Tue May  7 10:25:00 2019]	Heart_mobile
[Tue May  7 10:25:00 2019]	Heart_web
[Tue May  7 10:25:00 2019]	Heart_mobile
[Tue May  7 10:25:00 2019]	Heart_web
[Tue May  7 10:25:00 2019]	Heart_mobile
[Tue May  7 10:25:00 2019]	Heart_web
[Tue May  7 10:25:00 2019]	Heart_mobile
[Tue May  7 10:30:00 2019]	Heart_web
[Tue May  7 10:30:00 2019]	Heart_mobile
[Tue May  7 10:30:00 2019]	Heart_web
[Tue May  7 10:30:00 2019]	Heart_mobile
[Tue May  7 10:30:00 2019]	Heart_web
[Tue May  7 10:30:00 2019]	Heart_mobile
[Tue May  7 10:30:00 2019]	Heart_web
[Tue May  7 10:30:00 2019]	Heart_mobile
[Tue May  7 10:35:00 2019]	Heart_web
[Tue May  7 10:35:00 2019]	Heart_mobile
[Tue May  7 10:35:00 2019]	Heart_web
[Tue May  7 10:35:00 2019]	Heart_mobile
[Tue May  7 10:35:00 2019]	Heart_web
[Tue May  7 10:35:00 2019]	Heart_mobile
[Tue May  7 10:35:00 2019]	Heart_web
[Tue May  7 10:35:00 2019]	Heart_mobile
[Tue May  7 10:40:00 2019]	Heart_web
[Tue May  7 10:40:00 2019]	Heart_mobile
[Tue May  7 10:40:00 2019]	Heart_web
[Tue May  7 10:40:00 2019]	Heart_mobile
[Tue May  7 10:40:00 2019]	Heart_web
[Tue May  7 10:40:00 2019]	Heart_mobile
[Tue May  7 10:40:00 2019]	Heart_web
[Tue May  7 10:40:00 2019]	Heart_mobile
[Tue May  7 10:45:00 2019]	Heart_web
[Tue May  7 10:45:00 2019]	Heart_mobile
[Tue May  7 10:45:00 2019]	Heart_web
[Tue May  7 10:45:00 2019]	Heart_mobile
[Tue May  7 10:45:00 2019]	Heart_web
[Tue May  7 10:45:00 2019]	Heart_mobile
[Tue May  7 10:45:00 2019]	Heart_web
[Tue May  7 10:45:00 2019]	Heart_mobile
[Tue May  7 10:50:00 2019]	Heart_web
[Tue May  7 10:50:00 2019]	Heart_mobile
[Tue May  7 10:50:00 2019]	Heart_web
[Tue May  7 10:50:00 2019]	Heart_mobile
[Tue May  7 10:50:00 2019]	Heart_web
[Tue May  7 10:50:00 2019]	Heart_mobile
[Tue May  7 10:50:00 2019]	Heart_web
[Tue May  7 10:50:00 2019]	Heart_mobile
[Tue May  7 10:55:00 2019]	Heart_web
[Tue May  7 10:55:00 2019]	Heart_mobile
[Tue May  7 10:55:00 2019]	Heart_web
[Tue May  7 10:55:00 2019]	Heart_mobile
[Tue May  7 10:55:00 2019]	Heart_web
[Tue May  7 10:55:00 2019]	Heart_mobile
[Tue May  7 10:55:00 2019]	Heart_web
[Tue May  7 10:55:00 2019]	Heart_mobile
[Tue May  7 11:00:00 2019]	Heart_web
[Tue May  7 11:00:00 2019]	Heart_mobile
[Tue May  7 11:00:00 2019]	Heart_web
[Tue May  7 11:00:00 2019]	Heart_mobile
[Tue May  7 11:00:00 2019]	Heart_web
[Tue May  7 11:00:00 2019]	Heart_mobile
[Tue May  7 11:00:00 2019]	Heart_web
[Tue May  7 11:00:00 2019]	Heart_mobile
[u'51648146', u'51627056', u'51615027', u'51612254', u'51665337']
15824397397
zsj0911*
0
------------------
17367078621
weiyuxin
0
------------------
15127529708
shijizhe
0.6
投币失败 硬币不足
投币失败 硬币不足
投币失败 硬币不足
------------------
13306522935
zjuZSJ0911*
0
------------------
[Tue May  7 11:05:00 2019]	Heart_web
[Tue May  7 11:05:00 2019]	Heart_mobile
[Tue May  7 11:05:00 2019]	Heart_web
[Tue May  7 11:05:00 2019]	Heart_mobile
[Tue May  7 11:05:00 2019]	Heart_web
[Tue May  7 11:05:00 2019]	Heart_mobile
[Tue May  7 11:05:00 2019]	Heart_web
[Tue May  7 11:05:00 2019]	Heart_mobile
[Tue May  7 11:10:00 2019]	Heart_web
[Tue May  7 11:10:00 2019]	Heart_mobile
[Tue May  7 11:10:00 2019]	Heart_web
[Tue May  7 11:10:00 2019]	Heart_mobile
[Tue May  7 11:10:00 2019]	Heart_web
[Tue May  7 11:10:00 2019]	Heart_mobile
[Tue May  7 11:10:00 2019]	Heart_web
[Tue May  7 11:10:01 2019]	Heart_mobile
[Tue May  7 11:15:00 2019]	Heart_web
[Tue May  7 11:15:00 2019]	Heart_mobile
[Tue May  7 11:15:00 2019]	Heart_web
[Tue May  7 11:15:00 2019]	Heart_mobile
[Tue May  7 11:15:00 2019]	Heart_web
[Tue May  7 11:15:00 2019]	Heart_mobile
[Tue May  7 11:15:01 2019]	Heart_web
[Tue May  7 11:15:01 2019]	Heart_mobile
[Tue May  7 11:20:00 2019]	Heart_web
[Tue May  7 11:20:00 2019]	Heart_mobile
[Tue May  7 11:20:00 2019]	Heart_web
[Tue May  7 11:20:00 2019]	Heart_mobile
[Tue May  7 11:20:00 2019]	Heart_web
[Tue May  7 11:20:00 2019]	Heart_mobile
[Tue May  7 11:20:00 2019]	Heart_web
[Tue May  7 11:20:01 2019]	Heart_mobile
[Tue May  7 11:25:00 2019]	Heart_web
[Tue May  7 11:25:00 2019]	Heart_mobile
[Tue May  7 11:25:00 2019]	Heart_web
[Tue May  7 11:25:00 2019]	Heart_mobile
[Tue May  7 11:25:00 2019]	Heart_web
[Tue May  7 11:25:00 2019]	Heart_mobile
[Tue May  7 11:25:00 2019]	Heart_web
[Tue May  7 11:25:00 2019]	Heart_mobile
[Tue May  7 11:30:00 2019]	Heart_web
[Tue May  7 11:30:00 2019]	Heart_mobile
[Tue May  7 11:30:00 2019]	Heart_web
[Tue May  7 11:30:00 2019]	Heart_mobile
[Tue May  7 11:30:00 2019]	Heart_web
[Tue May  7 11:30:00 2019]	Heart_mobile
[Tue May  7 11:30:00 2019]	Heart_web
[Tue May  7 11:30:00 2019]	Heart_mobile
[Tue May  7 11:35:00 2019]	Heart_web
[Tue May  7 11:35:00 2019]	Heart_mobile
[Tue May  7 11:35:00 2019]	Heart_web
[Tue May  7 11:35:00 2019]	Heart_mobile
[Tue May  7 11:35:00 2019]	Heart_web
[Tue May  7 11:35:00 2019]	Heart_mobile
[Tue May  7 11:35:00 2019]	Heart_web
[Tue May  7 11:35:00 2019]	Heart_mobile
[Tue May  7 11:40:00 2019]	Heart_web
[Tue May  7 11:40:00 2019]	Heart_mobile
[Tue May  7 11:40:00 2019]	Heart_web
[Tue May  7 11:40:00 2019]	Heart_mobile
[Tue May  7 11:40:00 2019]	Heart_web
[Tue May  7 11:40:00 2019]	Heart_mobile
[Tue May  7 11:40:00 2019]	Heart_web
[Tue May  7 11:40:00 2019]	Heart_mobile
[Tue May  7 11:45:00 2019]	Heart_web
[Tue May  7 11:45:00 2019]	Heart_mobile
[Tue May  7 11:45:00 2019]	Heart_web
[Tue May  7 11:45:00 2019]	Heart_mobile
[Tue May  7 11:45:00 2019]	Heart_web
[Tue May  7 11:45:00 2019]	Heart_mobile
[Tue May  7 11:45:00 2019]	Heart_web
[Tue May  7 11:45:00 2019]	Heart_mobile
[Tue May  7 11:50:00 2019]	Heart_web
[Tue May  7 11:50:00 2019]	Heart_mobile
[Tue May  7 11:50:00 2019]	Heart_web
[Tue May  7 11:50:00 2019]	Heart_mobile
[Tue May  7 11:50:00 2019]	Heart_web
[Tue May  7 11:50:00 2019]	Heart_mobile
[Tue May  7 11:50:01 2019]	Heart_web
[Tue May  7 11:50:01 2019]	Heart_mobile
[Tue May  7 11:55:00 2019]	Heart_web
[Tue May  7 11:55:00 2019]	Heart_mobile
[Tue May  7 11:55:00 2019]	Heart_web
[Tue May  7 11:55:00 2019]	Heart_mobile
[Tue May  7 11:55:00 2019]	Heart_web
[Tue May  7 11:55:00 2019]	Heart_mobile
[Tue May  7 11:55:00 2019]	Heart_web
[Tue May  7 11:55:00 2019]	Heart_mobile
[Tue May  7 12:00:00 2019]	Heart_web
[Tue May  7 12:00:00 2019]	Heart_mobile
[Tue May  7 12:00:00 2019]	Heart_web
[Tue May  7 12:00:00 2019]	Heart_mobile
[Tue May  7 12:00:00 2019]	Heart_web
[Tue May  7 12:00:00 2019]	Heart_mobile
[Tue May  7 12:00:00 2019]	Heart_web
[Tue May  7 12:00:00 2019]	Heart_mobile
[u'51648146', u'51627056', u'51615027', u'51612254', u'51665337']
15824397397
zsj0911*
0
------------------
17367078621
weiyuxin
0
------------------
15127529708
shijizhe
0.6
投币失败 硬币不足
投币失败 硬币不足
投币失败 硬币不足
------------------
13306522935
zjuZSJ0911*
0
------------------
[Tue May  7 12:05:00 2019]	Heart_web
[Tue May  7 12:05:00 2019]	Heart_mobile
[Tue May  7 12:05:00 2019]	Heart_web
[Tue May  7 12:05:00 2019]	Heart_mobile
[Tue May  7 12:05:00 2019]	Heart_web
[Tue May  7 12:05:00 2019]	Heart_mobile
[Tue May  7 12:05:00 2019]	Heart_web
[Tue May  7 12:05:00 2019]	Heart_mobile
[Tue May  7 12:10:00 2019]	Heart_web
[Tue May  7 12:10:00 2019]	Heart_mobile
[Tue May  7 12:10:00 2019]	Heart_web
[Tue May  7 12:10:00 2019]	Heart_mobile
[Tue May  7 12:10:00 2019]	Heart_web
[Tue May  7 12:10:00 2019]	Heart_mobile
[Tue May  7 12:10:00 2019]	Heart_web
[Tue May  7 12:10:00 2019]	Heart_mobile
[Tue May  7 12:15:00 2019]	Heart_web
[Tue May  7 12:15:00 2019]	Heart_mobile
[Tue May  7 12:15:00 2019]	Heart_web
[Tue May  7 12:15:00 2019]	Heart_mobile
[Tue May  7 12:15:00 2019]	Heart_web
[Tue May  7 12:15:00 2019]	Heart_mobile
[Tue May  7 12:15:00 2019]	Heart_web
[Tue May  7 12:15:00 2019]	Heart_mobile
[Tue May  7 12:20:00 2019]	Heart_web
[Tue May  7 12:20:00 2019]	Heart_mobile
[Tue May  7 12:20:00 2019]	Heart_web
[Tue May  7 12:20:00 2019]	Heart_mobile
[Tue May  7 12:20:00 2019]	Heart_web
[Tue May  7 12:20:00 2019]	Heart_mobile
[Tue May  7 12:20:00 2019]	Heart_web
[Tue May  7 12:20:00 2019]	Heart_mobile
[Tue May  7 12:25:00 2019]	Heart_web
[Tue May  7 12:25:00 2019]	Heart_mobile
[Tue May  7 12:25:00 2019]	Heart_web
[Tue May  7 12:25:00 2019]	Heart_mobile
[Tue May  7 12:25:00 2019]	Heart_web
[Tue May  7 12:25:00 2019]	Heart_mobile
[Tue May  7 12:25:00 2019]	Heart_web
[Tue May  7 12:25:00 2019]	Heart_mobile
[Tue May  7 12:30:00 2019]	Heart_web
[Tue May  7 12:30:00 2019]	Heart_mobile
[Tue May  7 12:30:00 2019]	Heart_web
[Tue May  7 12:30:00 2019]	Heart_mobile
[Tue May  7 12:30:00 2019]	Heart_web
[Tue May  7 12:30:00 2019]	Heart_mobile
[Tue May  7 12:30:00 2019]	Heart_web
[Tue May  7 12:30:00 2019]	Heart_mobile
[Tue May  7 12:35:00 2019]	Heart_web
[Tue May  7 12:35:00 2019]	Heart_mobile
[Tue May  7 12:35:00 2019]	Heart_web
[Tue May  7 12:35:00 2019]	Heart_mobile
[Tue May  7 12:35:00 2019]	Heart_web
[Tue May  7 12:35:00 2019]	Heart_mobile
[Tue May  7 12:35:00 2019]	Heart_web
[Tue May  7 12:35:00 2019]	Heart_mobile
[Tue May  7 12:40:00 2019]	Heart_web
[Tue May  7 12:40:00 2019]	Heart_mobile
[Tue May  7 12:40:00 2019]	Heart_web
[Tue May  7 12:40:00 2019]	Heart_mobile
[Tue May  7 12:40:00 2019]	Heart_web
[Tue May  7 12:40:00 2019]	Heart_mobile
[Tue May  7 12:40:00 2019]	Heart_web
[Tue May  7 12:40:00 2019]	Heart_mobile
[Tue May  7 12:45:00 2019]	Heart_web
[Tue May  7 12:45:00 2019]	Heart_mobile
[Tue May  7 12:45:00 2019]	Heart_web
[Tue May  7 12:45:00 2019]	Heart_mobile
[Tue May  7 12:45:00 2019]	Heart_web
[Tue May  7 12:45:00 2019]	Heart_mobile
[Tue May  7 12:45:00 2019]	Heart_web
[Tue May  7 12:45:00 2019]	Heart_mobile
[Tue May  7 12:50:00 2019]	Heart_web
[Tue May  7 12:50:00 2019]	Heart_mobile
[Tue May  7 12:50:00 2019]	Heart_web
[Tue May  7 12:50:00 2019]	Heart_mobile
[Tue May  7 12:50:00 2019]	Heart_web
[Tue May  7 12:50:00 2019]	Heart_mobile
[Tue May  7 12:50:00 2019]	Heart_web
[Tue May  7 12:50:00 2019]	Heart_mobile
[Tue May  7 12:55:00 2019]	Heart_web
[Tue May  7 12:55:00 2019]	Heart_mobile
[Tue May  7 12:55:00 2019]	Heart_web
[Tue May  7 12:55:00 2019]	Heart_mobile
[Tue May  7 12:55:00 2019]	Heart_web
[Tue May  7 12:55:00 2019]	Heart_mobile
[Tue May  7 12:55:01 2019]	Heart_web
[Tue May  7 12:55:01 2019]	Heart_mobile
[Tue May  7 13:00:00 2019]	Heart_web
[Tue May  7 13:00:00 2019]	Heart_mobile
[Tue May  7 13:00:00 2019]	Heart_web
[Tue May  7 13:00:00 2019]	Heart_mobile
[Tue May  7 13:00:00 2019]	Heart_web
[Tue May  7 13:00:00 2019]	Heart_mobile
[Tue May  7 13:00:00 2019]	Heart_web
[Tue May  7 13:00:00 2019]	Heart_mobile
[u'51648146', u'51627056', u'51615027', u'51695072', u'51665337']
15824397397
zsj0911*
0
------------------
17367078621
weiyuxin
0
------------------
15127529708
shijizhe
0.6
投币失败 硬币不足
投币失败 硬币不足
投币失败 硬币不足
------------------
13306522935
zjuZSJ0911*
0
------------------
[Tue May  7 13:05:00 2019]	Heart_web
[Tue May  7 13:05:00 2019]	Heart_mobile
[Tue May  7 13:05:00 2019]	Heart_web
[Tue May  7 13:05:00 2019]	Heart_mobile
[Tue May  7 13:05:00 2019]	Heart_web
[Tue May  7 13:05:00 2019]	Heart_mobile
[Tue May  7 13:05:00 2019]	Heart_web
[Tue May  7 13:05:00 2019]	Heart_mobile
[Tue May  7 13:10:00 2019]	Heart_web
[Tue May  7 13:10:00 2019]	Heart_mobile
[Tue May  7 13:10:00 2019]	Heart_web
[Tue May  7 13:10:00 2019]	Heart_mobile
[Tue May  7 13:10:00 2019]	Heart_web
[Tue May  7 13:10:00 2019]	Heart_mobile
[Tue May  7 13:10:00 2019]	Heart_web
[Tue May  7 13:10:00 2019]	Heart_mobile
[Tue May  7 13:15:00 2019]	Heart_web
[Tue May  7 13:15:00 2019]	Heart_mobile
[Tue May  7 13:15:00 2019]	Heart_web
[Tue May  7 13:15:00 2019]	Heart_mobile
[Tue May  7 13:15:00 2019]	Heart_web
[Tue May  7 13:15:00 2019]	Heart_mobile
[Tue May  7 13:15:00 2019]	Heart_web
[Tue May  7 13:15:01 2019]	Heart_mobile
[Tue May  7 13:20:00 2019]	Heart_web
[Tue May  7 13:20:00 2019]	Heart_mobile
[Tue May  7 13:20:00 2019]	Heart_web
[Tue May  7 13:20:00 2019]	Heart_mobile
[Tue May  7 13:20:00 2019]	Heart_web
[Tue May  7 13:20:00 2019]	Heart_mobile
[Tue May  7 13:20:00 2019]	Heart_web
[Tue May  7 13:20:00 2019]	Heart_mobile
[Tue May  7 13:25:00 2019]	Heart_web
[Tue May  7 13:25:00 2019]	Heart_mobile
[Tue May  7 13:25:00 2019]	Heart_web
[Tue May  7 13:25:00 2019]	Heart_mobile
[Tue May  7 13:25:00 2019]	Heart_web
[Tue May  7 13:25:00 2019]	Heart_mobile
[Tue May  7 13:25:00 2019]	Heart_web
[Tue May  7 13:25:00 2019]	Heart_mobile
[Tue May  7 13:30:00 2019]	Heart_web
[Tue May  7 13:30:00 2019]	Heart_mobile
[Tue May  7 13:30:00 2019]	Heart_web
[Tue May  7 13:30:00 2019]	Heart_mobile
[Tue May  7 13:30:00 2019]	Heart_web
[Tue May  7 13:30:00 2019]	Heart_mobile
[Tue May  7 13:30:01 2019]	Heart_web
[Tue May  7 13:30:01 2019]	Heart_mobile
[Tue May  7 13:35:00 2019]	Heart_web
[Tue May  7 13:35:00 2019]	Heart_mobile
[Tue May  7 13:35:00 2019]	Heart_web
[Tue May  7 13:35:00 2019]	Heart_mobile
[Tue May  7 13:35:00 2019]	Heart_web
[Tue May  7 13:35:00 2019]	Heart_mobile
[Tue May  7 13:35:00 2019]	Heart_web
[Tue May  7 13:35:00 2019]	Heart_mobile
[Tue May  7 13:40:00 2019]	Heart_web
[Tue May  7 13:40:00 2019]	Heart_mobile
[Tue May  7 13:40:00 2019]	Heart_web
[Tue May  7 13:40:00 2019]	Heart_mobile
[Tue May  7 13:40:00 2019]	Heart_web
[Tue May  7 13:40:00 2019]	Heart_mobile
[Tue May  7 13:40:00 2019]	Heart_web
[Tue May  7 13:40:00 2019]	Heart_mobile
[Tue May  7 13:45:00 2019]	Heart_web
[Tue May  7 13:45:00 2019]	Heart_mobile
[Tue May  7 13:45:00 2019]	Heart_web
[Tue May  7 13:45:00 2019]	Heart_mobile
[Tue May  7 13:45:00 2019]	Heart_web
[Tue May  7 13:45:00 2019]	Heart_mobile
[Tue May  7 13:45:00 2019]	Heart_web
[Tue May  7 13:45:00 2019]	Heart_mobile
[Tue May  7 13:50:00 2019]	Heart_web
[Tue May  7 13:50:00 2019]	Heart_mobile
[Tue May  7 13:50:00 2019]	Heart_web
[Tue May  7 13:50:00 2019]	Heart_mobile
[Tue May  7 13:50:00 2019]	Heart_web
[Tue May  7 13:50:00 2019]	Heart_mobile
[Tue May  7 13:50:00 2019]	Heart_web
[Tue May  7 13:50:00 2019]	Heart_mobile
[Tue May  7 13:55:00 2019]	Heart_web
[Tue May  7 13:55:00 2019]	Heart_mobile
[Tue May  7 13:55:00 2019]	Heart_web
[Tue May  7 13:55:00 2019]	Heart_mobile
[Tue May  7 13:55:00 2019]	Heart_web
[Tue May  7 13:55:00 2019]	Heart_mobile
[Tue May  7 13:55:00 2019]	Heart_web
[Tue May  7 13:55:00 2019]	Heart_mobile
[Tue May  7 14:00:00 2019]	Heart_web
[Tue May  7 14:00:00 2019]	Heart_mobile
[Tue May  7 14:00:00 2019]	Heart_web
[Tue May  7 14:00:00 2019]	Heart_mobile
[Tue May  7 14:00:00 2019]	Heart_web
[Tue May  7 14:00:00 2019]	Heart_mobile
[Tue May  7 14:00:00 2019]	Heart_web
[Tue May  7 14:00:00 2019]	Heart_mobile
[u'51648146', u'51627056', u'51695072', u'51666299', u'51628988']
15824397397
zsj0911*
0
------------------
17367078621
weiyuxin
0
------------------
15127529708
shijizhe
0.6
投币失败 硬币不足
投币失败 硬币不足
投币失败 硬币不足
------------------
13306522935
zjuZSJ0911*
0
------------------
[Tue May  7 14:05:00 2019]	Heart_web
[Tue May  7 14:05:00 2019]	Heart_mobile
[Tue May  7 14:05:00 2019]	Heart_web
[Tue May  7 14:05:00 2019]	Heart_mobile
[Tue May  7 14:05:00 2019]	Heart_web
[Tue May  7 14:05:00 2019]	Heart_mobile
[Tue May  7 14:05:00 2019]	Heart_web
[Tue May  7 14:05:00 2019]	Heart_mobile
[Tue May  7 14:10:00 2019]	Heart_web
[Tue May  7 14:10:00 2019]	Heart_mobile
[Tue May  7 14:10:00 2019]	Heart_web
[Tue May  7 14:10:00 2019]	Heart_mobile
[Tue May  7 14:10:00 2019]	Heart_web
[Tue May  7 14:10:00 2019]	Heart_mobile
[Tue May  7 14:10:00 2019]	Heart_web
[Tue May  7 14:10:00 2019]	Heart_mobile
[Tue May  7 14:15:00 2019]	Heart_web
[Tue May  7 14:15:00 2019]	Heart_mobile
[Tue May  7 14:15:00 2019]	Heart_web
[Tue May  7 14:15:00 2019]	Heart_mobile
[Tue May  7 14:15:00 2019]	Heart_web
[Tue May  7 14:15:00 2019]	Heart_mobile
[Tue May  7 14:15:00 2019]	Heart_web
[Tue May  7 14:15:00 2019]	Heart_mobile
[Tue May  7 14:20:00 2019]	Heart_web
[Tue May  7 14:20:00 2019]	Heart_mobile
[Tue May  7 14:20:00 2019]	Heart_web
[Tue May  7 14:20:00 2019]	Heart_mobile
[Tue May  7 14:20:00 2019]	Heart_web
[Tue May  7 14:20:00 2019]	Heart_mobile
[Tue May  7 14:20:00 2019]	Heart_web
[Tue May  7 14:20:00 2019]	Heart_mobile
[Tue May  7 14:25:00 2019]	Heart_web
[Tue May  7 14:25:00 2019]	Heart_mobile
[Tue May  7 14:25:00 2019]	Heart_web
[Tue May  7 14:25:00 2019]	Heart_mobile
[Tue May  7 14:25:00 2019]	Heart_web
[Tue May  7 14:25:00 2019]	Heart_mobile
[Tue May  7 14:25:00 2019]	Heart_web
[Tue May  7 14:25:00 2019]	Heart_mobile
[Tue May  7 14:30:00 2019]	Heart_web
[Tue May  7 14:30:00 2019]	Heart_mobile
[Tue May  7 14:30:00 2019]	Heart_web
[Tue May  7 14:30:00 2019]	Heart_mobile
[Tue May  7 14:30:00 2019]	Heart_web
[Tue May  7 14:30:00 2019]	Heart_mobile
[Tue May  7 14:30:00 2019]	Heart_web
[Tue May  7 14:30:00 2019]	Heart_mobile
[Tue May  7 14:35:00 2019]	Heart_web
[Tue May  7 14:35:00 2019]	Heart_mobile
[Tue May  7 14:35:00 2019]	Heart_web
[Tue May  7 14:35:00 2019]	Heart_mobile
[Tue May  7 14:35:00 2019]	Heart_web
[Tue May  7 14:35:00 2019]	Heart_mobile
[Tue May  7 14:35:00 2019]	Heart_web
[Tue May  7 14:35:00 2019]	Heart_mobile
[Tue May  7 14:40:00 2019]	Heart_web
[Tue May  7 14:40:00 2019]	Heart_mobile
[Tue May  7 14:40:00 2019]	Heart_web
[Tue May  7 14:40:00 2019]	Heart_mobile
[Tue May  7 14:40:00 2019]	Heart_web
[Tue May  7 14:40:00 2019]	Heart_mobile
[Tue May  7 14:40:01 2019]	Heart_web
[Tue May  7 14:40:01 2019]	Heart_mobile
[Tue May  7 14:45:00 2019]	Heart_web
[Tue May  7 14:45:00 2019]	Heart_mobile
[Tue May  7 14:45:00 2019]	Heart_web
[Tue May  7 14:45:00 2019]	Heart_mobile
[Tue May  7 14:45:00 2019]	Heart_web
[Tue May  7 14:45:00 2019]	Heart_mobile
[Tue May  7 14:45:00 2019]	Heart_web
[Tue May  7 14:45:00 2019]	Heart_mobile
[Tue May  7 14:50:00 2019]	Heart_web
[Tue May  7 14:50:00 2019]	Heart_mobile
[Tue May  7 14:50:00 2019]	Heart_web
[Tue May  7 14:50:00 2019]	Heart_mobile
[Tue May  7 14:50:00 2019]	Heart_web
[Tue May  7 14:50:00 2019]	Heart_mobile
[Tue May  7 14:50:00 2019]	Heart_web
[Tue May  7 14:50:00 2019]	Heart_mobile
[Tue May  7 14:55:00 2019]	Heart_web
[Tue May  7 14:55:00 2019]	Heart_mobile
[Tue May  7 14:55:00 2019]	Heart_web
[Tue May  7 14:55:00 2019]	Heart_mobile
[Tue May  7 14:55:00 2019]	Heart_web
[Tue May  7 14:55:00 2019]	Heart_mobile
[Tue May  7 14:55:00 2019]	Heart_web
[Tue May  7 14:55:00 2019]	Heart_mobile
[Tue May  7 15:00:00 2019]	Heart_web
[Tue May  7 15:00:00 2019]	Heart_mobile
[Tue May  7 15:00:00 2019]	Heart_web
[Tue May  7 15:00:00 2019]	Heart_mobile
[Tue May  7 15:00:00 2019]	Heart_web
[Tue May  7 15:00:00 2019]	Heart_mobile
[Tue May  7 15:00:00 2019]	Heart_web
[Tue May  7 15:00:00 2019]	Heart_mobile
[u'51648146', u'51627056', u'51695072', u'51665337', u'51666299']
15824397397
zsj0911*
0
------------------
17367078621
weiyuxin
0
------------------
15127529708
shijizhe
0.6
投币失败 硬币不足
投币失败 硬币不足
投币失败 硬币不足
------------------
13306522935
zjuZSJ0911*
0
------------------
[Tue May  7 15:05:00 2019]	Heart_web
[Tue May  7 15:05:00 2019]	Heart_mobile
[Tue May  7 15:05:00 2019]	Heart_web
[Tue May  7 15:05:00 2019]	Heart_mobile
[Tue May  7 15:05:00 2019]	Heart_web
[Tue May  7 15:05:00 2019]	Heart_mobile
[Tue May  7 15:05:00 2019]	Heart_web
[Tue May  7 15:05:00 2019]	Heart_mobile
[Tue May  7 15:10:00 2019]	Heart_web
[Tue May  7 15:10:00 2019]	Heart_mobile
[Tue May  7 15:10:00 2019]	Heart_web
[Tue May  7 15:10:00 2019]	Heart_mobile
[Tue May  7 15:10:00 2019]	Heart_web
[Tue May  7 15:10:00 2019]	Heart_mobile
[Tue May  7 15:10:00 2019]	Heart_web
[Tue May  7 15:10:00 2019]	Heart_mobile
[Tue May  7 15:15:00 2019]	Heart_web
[Tue May  7 15:15:00 2019]	Heart_mobile
[Tue May  7 15:15:00 2019]	Heart_web
[Tue May  7 15:15:00 2019]	Heart_mobile
[Tue May  7 15:15:00 2019]	Heart_web
[Tue May  7 15:15:00 2019]	Heart_mobile
[Tue May  7 15:15:00 2019]	Heart_web
[Tue May  7 15:15:00 2019]	Heart_mobile
[Tue May  7 15:20:00 2019]	Heart_web
[Tue May  7 15:20:00 2019]	Heart_mobile
[Tue May  7 15:20:00 2019]	Heart_web
[Tue May  7 15:20:00 2019]	Heart_mobile
[Tue May  7 15:20:00 2019]	Heart_web
[Tue May  7 15:20:00 2019]	Heart_mobile
[Tue May  7 15:20:00 2019]	Heart_web
[Tue May  7 15:20:00 2019]	Heart_mobile
[Tue May  7 15:25:00 2019]	Heart_web
[Tue May  7 15:25:00 2019]	Heart_mobile
[Tue May  7 15:25:00 2019]	Heart_web
[Tue May  7 15:25:00 2019]	Heart_mobile
[Tue May  7 15:25:00 2019]	Heart_web
[Tue May  7 15:25:00 2019]	Heart_mobile
[Tue May  7 15:25:00 2019]	Heart_web
[Tue May  7 15:25:00 2019]	Heart_mobile
[Tue May  7 15:30:00 2019]	Heart_web
[Tue May  7 15:30:00 2019]	Heart_mobile
[Tue May  7 15:30:00 2019]	Heart_web
[Tue May  7 15:30:00 2019]	Heart_mobile
[Tue May  7 15:30:00 2019]	Heart_web
[Tue May  7 15:30:00 2019]	Heart_mobile
[Tue May  7 15:30:00 2019]	Heart_web
[Tue May  7 15:30:00 2019]	Heart_mobile
[Tue May  7 15:35:00 2019]	Heart_web
[Tue May  7 15:35:00 2019]	Heart_mobile
[Tue May  7 15:35:00 2019]	Heart_web
[Tue May  7 15:35:00 2019]	Heart_mobile
[Tue May  7 15:35:00 2019]	Heart_web
[Tue May  7 15:35:00 2019]	Heart_mobile
[Tue May  7 15:35:00 2019]	Heart_web
[Tue May  7 15:35:00 2019]	Heart_mobile
[Tue May  7 15:40:00 2019]	Heart_web
[Tue May  7 15:40:00 2019]	Heart_mobile
[Tue May  7 15:40:00 2019]	Heart_web
[Tue May  7 15:40:00 2019]	Heart_mobile
[Tue May  7 15:40:00 2019]	Heart_web
[Tue May  7 15:40:00 2019]	Heart_mobile
[Tue May  7 15:40:00 2019]	Heart_web
[Tue May  7 15:40:00 2019]	Heart_mobile
[Tue May  7 15:45:00 2019]	Heart_web
[Tue May  7 15:45:00 2019]	Heart_mobile
[Tue May  7 15:45:00 2019]	Heart_web
[Tue May  7 15:45:00 2019]	Heart_mobile
[Tue May  7 15:45:00 2019]	Heart_web
[Tue May  7 15:45:00 2019]	Heart_mobile
[Tue May  7 15:45:00 2019]	Heart_web
[Tue May  7 15:45:00 2019]	Heart_mobile
[Tue May  7 15:50:00 2019]	Heart_web
[Tue May  7 15:50:00 2019]	Heart_mobile
[Tue May  7 15:50:00 2019]	Heart_web
[Tue May  7 15:50:00 2019]	Heart_mobile
[Tue May  7 15:50:00 2019]	Heart_web
[Tue May  7 15:50:00 2019]	Heart_mobile
[Tue May  7 15:50:00 2019]	Heart_web
[Tue May  7 15:50:00 2019]	Heart_mobile
[Tue May  7 15:55:00 2019]	Heart_web
[Tue May  7 15:55:00 2019]	Heart_mobile
[Tue May  7 15:55:00 2019]	Heart_web
[Tue May  7 15:55:00 2019]	Heart_mobile
[Tue May  7 15:55:00 2019]	Heart_web
[Tue May  7 15:55:00 2019]	Heart_mobile
[Tue May  7 15:55:00 2019]	Heart_web
[Tue May  7 15:55:00 2019]	Heart_mobile
[Tue May  7 16:00:00 2019]	Heart_web
[Tue May  7 16:00:00 2019]	Heart_mobile
[Tue May  7 16:00:00 2019]	Heart_web
[Tue May  7 16:00:00 2019]	Heart_mobile
[Tue May  7 16:00:00 2019]	Heart_web
[Tue May  7 16:00:00 2019]	Heart_mobile
[Tue May  7 16:00:00 2019]	Heart_web
[Tue May  7 16:00:00 2019]	Heart_mobile
[u'51648146', u'51627056', u'51695072', u'51665337', u'51666299']
15824397397
zsj0911*
0
------------------
17367078621
weiyuxin
0
------------------
15127529708
shijizhe
0.6
投币失败 硬币不足
投币失败 硬币不足
投币失败 硬币不足
------------------
13306522935
zjuZSJ0911*
0
------------------
[Tue May  7 16:05:00 2019]	Heart_web
[Tue May  7 16:05:00 2019]	Heart_mobile
[Tue May  7 16:05:00 2019]	Heart_web
[Tue May  7 16:05:00 2019]	Heart_mobile
[Tue May  7 16:05:00 2019]	Heart_web
[Tue May  7 16:05:00 2019]	Heart_mobile
[Tue May  7 16:05:01 2019]	Heart_web
[Tue May  7 16:05:01 2019]	Heart_mobile
[Tue May  7 16:10:00 2019]	Heart_web
[Tue May  7 16:10:00 2019]	Heart_mobile
[Tue May  7 16:10:00 2019]	Heart_web
[Tue May  7 16:10:00 2019]	Heart_mobile
[Tue May  7 16:10:00 2019]	Heart_web
[Tue May  7 16:10:00 2019]	Heart_mobile
[Tue May  7 16:10:00 2019]	Heart_web
[Tue May  7 16:10:00 2019]	Heart_mobile
[Tue May  7 16:15:00 2019]	Heart_web
[Tue May  7 16:15:00 2019]	Heart_mobile
[Tue May  7 16:15:00 2019]	Heart_web
[Tue May  7 16:15:00 2019]	Heart_mobile
[Tue May  7 16:15:00 2019]	Heart_web
[Tue May  7 16:15:00 2019]	Heart_mobile
[Tue May  7 16:15:00 2019]	Heart_web
[Tue May  7 16:15:00 2019]	Heart_mobile
[Tue May  7 16:20:00 2019]	Heart_web
[Tue May  7 16:20:00 2019]	Heart_mobile
[Tue May  7 16:20:00 2019]	Heart_web
[Tue May  7 16:20:00 2019]	Heart_mobile
[Tue May  7 16:20:00 2019]	Heart_web
[Tue May  7 16:20:00 2019]	Heart_mobile
[Tue May  7 16:20:00 2019]	Heart_web
[Tue May  7 16:20:00 2019]	Heart_mobile
[Tue May  7 16:25:00 2019]	Heart_web
[Tue May  7 16:25:00 2019]	Heart_mobile
[Tue May  7 16:25:00 2019]	Heart_web
[Tue May  7 16:25:00 2019]	Heart_mobile
[Tue May  7 16:25:00 2019]	Heart_web
[Tue May  7 16:25:00 2019]	Heart_mobile
[Tue May  7 16:25:00 2019]	Heart_web
[Tue May  7 16:25:01 2019]	Heart_mobile
[Tue May  7 16:30:00 2019]	Heart_web
[Tue May  7 16:30:00 2019]	Heart_mobile
[Tue May  7 16:30:00 2019]	Heart_web
[Tue May  7 16:30:00 2019]	Heart_mobile
[Tue May  7 16:30:00 2019]	Heart_web
[Tue May  7 16:30:00 2019]	Heart_mobile
[Tue May  7 16:30:00 2019]	Heart_web
[Tue May  7 16:30:00 2019]	Heart_mobile
[Tue May  7 16:35:00 2019]	Heart_web
[Tue May  7 16:35:00 2019]	Heart_mobile
[Tue May  7 16:35:00 2019]	Heart_web
[Tue May  7 16:35:00 2019]	Heart_mobile
[Tue May  7 16:35:00 2019]	Heart_web
[Tue May  7 16:35:00 2019]	Heart_mobile
[Tue May  7 16:35:00 2019]	Heart_web
[Tue May  7 16:35:00 2019]	Heart_mobile
[Tue May  7 16:40:00 2019]	Heart_web
[Tue May  7 16:40:00 2019]	Heart_mobile
[Tue May  7 16:40:00 2019]	Heart_web
[Tue May  7 16:40:00 2019]	Heart_mobile
[Tue May  7 16:40:00 2019]	Heart_web
[Tue May  7 16:40:00 2019]	Heart_mobile
[Tue May  7 16:40:00 2019]	Heart_web
[Tue May  7 16:40:01 2019]	Heart_mobile
[Tue May  7 16:45:00 2019]	Heart_web
[Tue May  7 16:45:00 2019]	Heart_mobile
[Tue May  7 16:45:00 2019]	Heart_web
[Tue May  7 16:45:00 2019]	Heart_mobile
[Tue May  7 16:45:00 2019]	Heart_web
[Tue May  7 16:45:00 2019]	Heart_mobile
[Tue May  7 16:45:00 2019]	Heart_web
[Tue May  7 16:45:00 2019]	Heart_mobile
[Tue May  7 16:50:00 2019]	Heart_web
[Tue May  7 16:50:00 2019]	Heart_mobile
[Tue May  7 16:50:00 2019]	Heart_web
[Tue May  7 16:50:00 2019]	Heart_mobile
[Tue May  7 16:50:00 2019]	Heart_web
[Tue May  7 16:50:00 2019]	Heart_mobile
[Tue May  7 16:50:00 2019]	Heart_web
[Tue May  7 16:50:00 2019]	Heart_mobile
[Tue May  7 16:55:00 2019]	Heart_web
[Tue May  7 16:55:00 2019]	Heart_mobile
[Tue May  7 16:55:00 2019]	Heart_web
[Tue May  7 16:55:00 2019]	Heart_mobile
[Tue May  7 16:55:00 2019]	Heart_web
[Tue May  7 16:55:00 2019]	Heart_mobile
[Tue May  7 16:55:00 2019]	Heart_web
[Tue May  7 16:55:00 2019]	Heart_mobile
[Tue May  7 17:00:00 2019]	Heart_web
[Tue May  7 17:00:00 2019]	Heart_mobile
[Tue May  7 17:00:00 2019]	Heart_web
[Tue May  7 17:00:00 2019]	Heart_mobile
[Tue May  7 17:00:00 2019]	Heart_web
[Tue May  7 17:00:00 2019]	Heart_mobile
[Tue May  7 17:00:00 2019]	Heart_web
[Tue May  7 17:00:00 2019]	Heart_mobile
[u'51648146', u'51695072', u'51665337', u'51666299', u'51642100']
15824397397
zsj0911*
0
------------------
17367078621
weiyuxin
0
------------------
15127529708
shijizhe
0.6
投币失败 硬币不足
投币失败 硬币不足
投币失败 硬币不足
------------------
13306522935
zjuZSJ0911*
0
------------------
[Tue May  7 17:05:00 2019]	Heart_web
[Tue May  7 17:05:00 2019]	Heart_mobile
[Tue May  7 17:05:00 2019]	Heart_web
[Tue May  7 17:05:00 2019]	Heart_mobile
[Tue May  7 17:05:00 2019]	Heart_web
[Tue May  7 17:05:00 2019]	Heart_mobile
[Tue May  7 17:05:00 2019]	Heart_web
[Tue May  7 17:05:00 2019]	Heart_mobile
[Tue May  7 17:10:00 2019]	Heart_web
[Tue May  7 17:10:00 2019]	Heart_mobile
[Tue May  7 17:10:00 2019]	Heart_web
[Tue May  7 17:10:00 2019]	Heart_mobile
[Tue May  7 17:10:00 2019]	Heart_web
[Tue May  7 17:10:00 2019]	Heart_mobile
[Tue May  7 17:10:00 2019]	Heart_web
[Tue May  7 17:10:01 2019]	Heart_mobile
[Tue May  7 17:15:00 2019]	Heart_web
[Tue May  7 17:15:00 2019]	Heart_mobile
[Tue May  7 17:15:00 2019]	Heart_web
[Tue May  7 17:15:00 2019]	Heart_mobile
[Tue May  7 17:15:00 2019]	Heart_web
[Tue May  7 17:15:00 2019]	Heart_mobile
[Tue May  7 17:15:00 2019]	Heart_web
[Tue May  7 17:15:00 2019]	Heart_mobile
[Tue May  7 17:20:00 2019]	Heart_web
[Tue May  7 17:20:00 2019]	Heart_mobile
[Tue May  7 17:20:00 2019]	Heart_web
[Tue May  7 17:20:00 2019]	Heart_mobile
[Tue May  7 17:20:00 2019]	Heart_web
[Tue May  7 17:20:00 2019]	Heart_mobile
[Tue May  7 17:20:00 2019]	Heart_web
[Tue May  7 17:20:00 2019]	Heart_mobile
[Tue May  7 17:25:00 2019]	Heart_web
[Tue May  7 17:25:00 2019]	Heart_mobile
[Tue May  7 17:25:00 2019]	Heart_web
[Tue May  7 17:25:00 2019]	Heart_mobile
[Tue May  7 17:25:00 2019]	Heart_web
[Tue May  7 17:25:00 2019]	Heart_mobile
[Tue May  7 17:25:00 2019]	Heart_web
[Tue May  7 17:25:00 2019]	Heart_mobile
[Tue May  7 17:30:00 2019]	Heart_web
[Tue May  7 17:30:00 2019]	Heart_mobile
[Tue May  7 17:30:00 2019]	Heart_web
[Tue May  7 17:30:00 2019]	Heart_mobile
[Tue May  7 17:30:00 2019]	Heart_web
[Tue May  7 17:30:00 2019]	Heart_mobile
[Tue May  7 17:30:00 2019]	Heart_web
[Tue May  7 17:30:00 2019]	Heart_mobile
[Tue May  7 17:35:00 2019]	Heart_web
[Tue May  7 17:35:00 2019]	Heart_mobile
[Tue May  7 17:35:00 2019]	Heart_web
[Tue May  7 17:35:00 2019]	Heart_mobile
[Tue May  7 17:35:00 2019]	Heart_web
[Tue May  7 17:35:00 2019]	Heart_mobile
[Tue May  7 17:35:00 2019]	Heart_web
[Tue May  7 17:35:00 2019]	Heart_mobile
[Tue May  7 17:40:00 2019]	Heart_web
[Tue May  7 17:40:00 2019]	Heart_mobile
[Tue May  7 17:40:00 2019]	Heart_web
[Tue May  7 17:40:00 2019]	Heart_mobile
[Tue May  7 17:40:00 2019]	Heart_web
[Tue May  7 17:40:00 2019]	Heart_mobile
[Tue May  7 17:40:00 2019]	Heart_web
[Tue May  7 17:40:00 2019]	Heart_mobile
[Tue May  7 17:45:00 2019]	Heart_web
[Tue May  7 17:45:00 2019]	Heart_mobile
[Tue May  7 17:45:00 2019]	Heart_web
[Tue May  7 17:45:00 2019]	Heart_mobile
[Tue May  7 17:45:00 2019]	Heart_web
[Tue May  7 17:45:00 2019]	Heart_mobile
[Tue May  7 17:45:00 2019]	Heart_web
[Tue May  7 17:45:00 2019]	Heart_mobile
[Tue May  7 17:50:00 2019]	Heart_web
[Tue May  7 17:50:00 2019]	Heart_mobile
[Tue May  7 17:50:00 2019]	Heart_web
[Tue May  7 17:50:00 2019]	Heart_mobile
[Tue May  7 17:50:00 2019]	Heart_web
[Tue May  7 17:50:00 2019]	Heart_mobile
[Tue May  7 17:50:00 2019]	Heart_web
[Tue May  7 17:50:00 2019]	Heart_mobile
[Tue May  7 17:55:00 2019]	Heart_web
[Tue May  7 17:55:00 2019]	Heart_mobile
[Tue May  7 17:55:00 2019]	Heart_web
[Tue May  7 17:55:00 2019]	Heart_mobile
[Tue May  7 17:55:00 2019]	Heart_web
[Tue May  7 17:55:00 2019]	Heart_mobile
[Tue May  7 17:55:00 2019]	Heart_web
[Tue May  7 17:55:00 2019]	Heart_mobile
[Tue May  7 18:00:00 2019]	Heart_web
[Tue May  7 18:00:00 2019]	Heart_mobile
[Tue May  7 18:00:00 2019]	Heart_web
[Tue May  7 18:00:00 2019]	Heart_mobile
[Tue May  7 18:00:00 2019]	Heart_web
[Tue May  7 18:00:00 2019]	Heart_mobile
[Tue May  7 18:00:00 2019]	Heart_web
[Tue May  7 18:00:00 2019]	Heart_mobile
[u'51648146', u'51728666', u'51695072', u'51665337', u'51666299']
15824397397
zsj0911*
0
------------------
17367078621
weiyuxin
0
------------------
15127529708
shijizhe
0.6
投币失败 硬币不足
投币失败 硬币不足
投币失败 硬币不足
------------------
13306522935
zjuZSJ0911*
0
------------------
[Tue May  7 18:05:00 2019]	Heart_web
[Tue May  7 18:05:00 2019]	Heart_mobile
[Tue May  7 18:05:00 2019]	Heart_web
[Tue May  7 18:05:00 2019]	Heart_mobile
[Tue May  7 18:05:00 2019]	Heart_web
[Tue May  7 18:05:00 2019]	Heart_mobile
[Tue May  7 18:05:00 2019]	Heart_web
[Tue May  7 18:05:00 2019]	Heart_mobile
[Tue May  7 18:10:00 2019]	Heart_web
[Tue May  7 18:10:00 2019]	Heart_mobile
[Tue May  7 18:10:00 2019]	Heart_web
[Tue May  7 18:10:00 2019]	Heart_mobile
[Tue May  7 18:10:00 2019]	Heart_web
[Tue May  7 18:10:00 2019]	Heart_mobile
[Tue May  7 18:10:00 2019]	Heart_web
[Tue May  7 18:10:00 2019]	Heart_mobile
[Tue May  7 18:15:00 2019]	Heart_web
[Tue May  7 18:15:00 2019]	Heart_mobile
[Tue May  7 18:15:00 2019]	Heart_web
[Tue May  7 18:15:00 2019]	Heart_mobile
[Tue May  7 18:15:00 2019]	Heart_web
[Tue May  7 18:15:00 2019]	Heart_mobile
[Tue May  7 18:15:00 2019]	Heart_web
[Tue May  7 18:15:01 2019]	Heart_mobile
[Tue May  7 18:20:00 2019]	Heart_web
[Tue May  7 18:20:00 2019]	Heart_mobile
[Tue May  7 18:20:00 2019]	Heart_web
[Tue May  7 18:20:00 2019]	Heart_mobile
[Tue May  7 18:20:00 2019]	Heart_web
[Tue May  7 18:20:00 2019]	Heart_mobile
[Tue May  7 18:20:00 2019]	Heart_web
[Tue May  7 18:20:00 2019]	Heart_mobile
[Tue May  7 18:25:00 2019]	Heart_web
[Tue May  7 18:25:00 2019]	Heart_mobile
[Tue May  7 18:25:00 2019]	Heart_web
[Tue May  7 18:25:00 2019]	Heart_mobile
[Tue May  7 18:25:00 2019]	Heart_web
[Tue May  7 18:25:00 2019]	Heart_mobile
[Tue May  7 18:25:00 2019]	Heart_web
[Tue May  7 18:25:00 2019]	Heart_mobile
[Tue May  7 18:30:00 2019]	Heart_web
[Tue May  7 18:30:00 2019]	Heart_mobile
[Tue May  7 18:30:00 2019]	Heart_web
[Tue May  7 18:30:00 2019]	Heart_mobile
[Tue May  7 18:30:00 2019]	Heart_web
[Tue May  7 18:30:00 2019]	Heart_mobile
[Tue May  7 18:30:00 2019]	Heart_web
[Tue May  7 18:30:00 2019]	Heart_mobile
[Tue May  7 18:35:00 2019]	Heart_web
[Tue May  7 18:35:00 2019]	Heart_mobile
[Tue May  7 18:35:00 2019]	Heart_web
[Tue May  7 18:35:00 2019]	Heart_mobile
[Tue May  7 18:35:00 2019]	Heart_web
[Tue May  7 18:35:00 2019]	Heart_mobile
[Tue May  7 18:35:00 2019]	Heart_web
[Tue May  7 18:35:00 2019]	Heart_mobile
[Tue May  7 18:40:00 2019]	Heart_web
[Tue May  7 18:40:00 2019]	Heart_mobile
[Tue May  7 18:40:00 2019]	Heart_web
[Tue May  7 18:40:00 2019]	Heart_mobile
[Tue May  7 18:40:00 2019]	Heart_web
[Tue May  7 18:40:00 2019]	Heart_mobile
[Tue May  7 18:40:00 2019]	Heart_web
[Tue May  7 18:40:00 2019]	Heart_mobile
[Tue May  7 18:45:00 2019]	Heart_web
[Tue May  7 18:45:00 2019]	Heart_mobile
[Tue May  7 18:45:00 2019]	Heart_web
[Tue May  7 18:45:00 2019]	Heart_mobile
[Tue May  7 18:45:00 2019]	Heart_web
[Tue May  7 18:45:00 2019]	Heart_mobile
[Tue May  7 18:45:00 2019]	Heart_web
[Tue May  7 18:45:00 2019]	Heart_mobile
[Tue May  7 18:50:00 2019]	Heart_web
[Tue May  7 18:50:00 2019]	Heart_mobile
[Tue May  7 18:50:00 2019]	Heart_web
[Tue May  7 18:50:00 2019]	Heart_mobile
[Tue May  7 18:50:00 2019]	Heart_web
[Tue May  7 18:50:00 2019]	Heart_mobile
[Tue May  7 18:50:00 2019]	Heart_web
[Tue May  7 18:50:00 2019]	Heart_mobile
[Tue May  7 18:55:00 2019]	Heart_web
[Tue May  7 18:55:00 2019]	Heart_mobile
[Tue May  7 18:55:00 2019]	Heart_web
[Tue May  7 18:55:00 2019]	Heart_mobile
[Tue May  7 18:55:00 2019]	Heart_web
[Tue May  7 18:55:00 2019]	Heart_mobile
[Tue May  7 18:55:00 2019]	Heart_web
[Tue May  7 18:55:00 2019]	Heart_mobile
[Tue May  7 19:00:00 2019]	Heart_web
[Tue May  7 19:00:00 2019]	Heart_mobile
[Tue May  7 19:00:00 2019]	Heart_web
[Tue May  7 19:00:00 2019]	Heart_mobile
[Tue May  7 19:00:00 2019]	Heart_web
[Tue May  7 19:00:00 2019]	Heart_mobile
[Tue May  7 19:00:00 2019]	Heart_web
[Tue May  7 19:00:00 2019]	Heart_mobile
[u'51648146', u'51732693', u'51728666', u'51695072', u'51665337']
15824397397
zsj0911*
0
------------------
17367078621
weiyuxin
0
------------------
15127529708
shijizhe
0.6
投币失败 硬币不足
投币失败 硬币不足
投币失败 硬币不足
------------------
13306522935
zjuZSJ0911*
0
------------------
[Tue May  7 19:05:00 2019]	Heart_web
[Tue May  7 19:05:00 2019]	Heart_mobile
[Tue May  7 19:05:00 2019]	Heart_web
[Tue May  7 19:05:00 2019]	Heart_mobile
[Tue May  7 19:05:00 2019]	Heart_web
[Tue May  7 19:05:00 2019]	Heart_mobile
[Tue May  7 19:05:00 2019]	Heart_web
[Tue May  7 19:05:00 2019]	Heart_mobile
[Tue May  7 19:10:00 2019]	Heart_web
[Tue May  7 19:10:00 2019]	Heart_mobile
[Tue May  7 19:10:00 2019]	Heart_web
[Tue May  7 19:10:00 2019]	Heart_mobile
[Tue May  7 19:10:00 2019]	Heart_web
[Tue May  7 19:10:00 2019]	Heart_mobile
[Tue May  7 19:10:00 2019]	Heart_web
[Tue May  7 19:10:00 2019]	Heart_mobile
[Tue May  7 19:15:00 2019]	Heart_web
[Tue May  7 19:15:00 2019]	Heart_mobile
[Tue May  7 19:15:00 2019]	Heart_web
[Tue May  7 19:15:00 2019]	Heart_mobile
[Tue May  7 19:15:00 2019]	Heart_web
[Tue May  7 19:15:00 2019]	Heart_mobile
[Tue May  7 19:15:00 2019]	Heart_web
[Tue May  7 19:15:00 2019]	Heart_mobile
[Tue May  7 19:20:00 2019]	Heart_web
[Tue May  7 19:20:00 2019]	Heart_mobile
[Tue May  7 19:20:00 2019]	Heart_web
[Tue May  7 19:20:00 2019]	Heart_mobile
[Tue May  7 19:20:00 2019]	Heart_web
[Tue May  7 19:20:00 2019]	Heart_mobile
[Tue May  7 19:20:00 2019]	Heart_web
[Tue May  7 19:20:01 2019]	Heart_mobile
[Tue May  7 19:25:00 2019]	Heart_web
[Tue May  7 19:25:00 2019]	Heart_mobile
[Tue May  7 19:25:00 2019]	Heart_web
[Tue May  7 19:25:00 2019]	Heart_mobile
[Tue May  7 19:25:00 2019]	Heart_web
[Tue May  7 19:25:00 2019]	Heart_mobile
[Tue May  7 19:25:00 2019]	Heart_web
[Tue May  7 19:25:00 2019]	Heart_mobile
[Tue May  7 19:30:00 2019]	Heart_web
[Tue May  7 19:30:00 2019]	Heart_mobile
[Tue May  7 19:30:00 2019]	Heart_web
[Tue May  7 19:30:00 2019]	Heart_mobile
[Tue May  7 19:30:00 2019]	Heart_web
[Tue May  7 19:30:00 2019]	Heart_mobile
[Tue May  7 19:30:00 2019]	Heart_web
[Tue May  7 19:30:00 2019]	Heart_mobile
[Tue May  7 19:35:00 2019]	Heart_web
[Tue May  7 19:35:00 2019]	Heart_mobile
[Tue May  7 19:35:00 2019]	Heart_web
[Tue May  7 19:35:00 2019]	Heart_mobile
[Tue May  7 19:35:00 2019]	Heart_web
[Tue May  7 19:35:00 2019]	Heart_mobile
[Tue May  7 19:35:00 2019]	Heart_web
[Tue May  7 19:35:00 2019]	Heart_mobile
[Tue May  7 19:40:00 2019]	Heart_web
[Tue May  7 19:40:00 2019]	Heart_mobile
[Tue May  7 19:40:00 2019]	Heart_web
[Tue May  7 19:40:00 2019]	Heart_mobile
[Tue May  7 19:40:00 2019]	Heart_web
[Tue May  7 19:40:00 2019]	Heart_mobile
[Tue May  7 19:40:01 2019]	Heart_web
[Tue May  7 19:40:01 2019]	Heart_mobile
[Tue May  7 19:45:00 2019]	Heart_web
[Tue May  7 19:45:00 2019]	Heart_mobile
[Tue May  7 19:45:00 2019]	Heart_web
[Tue May  7 19:45:00 2019]	Heart_mobile
[Tue May  7 19:45:00 2019]	Heart_web
[Tue May  7 19:45:00 2019]	Heart_mobile
[Tue May  7 19:45:00 2019]	Heart_web
[Tue May  7 19:45:00 2019]	Heart_mobile
[Tue May  7 19:50:00 2019]	Heart_web
[Tue May  7 19:50:00 2019]	Heart_mobile
[Tue May  7 19:50:00 2019]	Heart_web
[Tue May  7 19:50:00 2019]	Heart_mobile
[Tue May  7 19:50:00 2019]	Heart_web
[Tue May  7 19:50:00 2019]	Heart_mobile
[Tue May  7 19:50:00 2019]	Heart_web
[Tue May  7 19:50:00 2019]	Heart_mobile
[Tue May  7 19:55:00 2019]	Heart_web
[Tue May  7 19:55:00 2019]	Heart_mobile
[Tue May  7 19:55:00 2019]	Heart_web
[Tue May  7 19:55:00 2019]	Heart_mobile
[Tue May  7 19:55:00 2019]	Heart_web
[Tue May  7 19:55:00 2019]	Heart_mobile
[Tue May  7 19:55:00 2019]	Heart_web
[Tue May  7 19:55:00 2019]	Heart_mobile
[Tue May  7 20:00:00 2019]	Heart_web
[Tue May  7 20:00:00 2019]	Heart_mobile
[Tue May  7 20:00:00 2019]	Heart_web
[Tue May  7 20:00:00 2019]	Heart_mobile
[Tue May  7 20:00:00 2019]	Heart_web
[Tue May  7 20:00:00 2019]	Heart_mobile
[Tue May  7 20:00:00 2019]	Heart_web
[Tue May  7 20:00:00 2019]	Heart_mobile
[u'51648146', u'51690926', u'51727433', u'51728666', u'51695072']
15824397397
zsj0911*
0
------------------
17367078621
weiyuxin
0
------------------
15127529708
shijizhe
0.6
投币失败 硬币不足
投币失败 硬币不足
投币失败 硬币不足
------------------
13306522935
zjuZSJ0911*
0
------------------
[Tue May  7 20:05:00 2019]	Heart_web
[Tue May  7 20:05:00 2019]	Heart_mobile
[Tue May  7 20:05:00 2019]	Heart_web
[Tue May  7 20:05:00 2019]	Heart_mobile
[Tue May  7 20:05:00 2019]	Heart_web
[Tue May  7 20:05:00 2019]	Heart_mobile
[Tue May  7 20:05:00 2019]	Heart_web
[Tue May  7 20:05:00 2019]	Heart_mobile
[Tue May  7 20:10:00 2019]	Heart_web
[Tue May  7 20:10:00 2019]	Heart_mobile
[Tue May  7 20:10:00 2019]	Heart_web
[Tue May  7 20:10:00 2019]	Heart_mobile
[Tue May  7 20:10:00 2019]	Heart_web
[Tue May  7 20:10:00 2019]	Heart_mobile
[Tue May  7 20:10:00 2019]	Heart_web
[Tue May  7 20:10:00 2019]	Heart_mobile
[Tue May  7 20:15:00 2019]	Heart_web
[Tue May  7 20:15:00 2019]	Heart_mobile
[Tue May  7 20:15:00 2019]	Heart_web
[Tue May  7 20:15:00 2019]	Heart_mobile
[Tue May  7 20:15:00 2019]	Heart_web
[Tue May  7 20:15:00 2019]	Heart_mobile
[Tue May  7 20:15:00 2019]	Heart_web
[Tue May  7 20:15:00 2019]	Heart_mobile
[Tue May  7 20:20:00 2019]	Heart_web
[Tue May  7 20:20:00 2019]	Heart_mobile
[Tue May  7 20:20:00 2019]	Heart_web
[Tue May  7 20:20:00 2019]	Heart_mobile
[Tue May  7 20:20:00 2019]	Heart_web
[Tue May  7 20:20:00 2019]	Heart_mobile
[Tue May  7 20:20:00 2019]	Heart_web
[Tue May  7 20:20:00 2019]	Heart_mobile
[Tue May  7 20:25:00 2019]	Heart_web
[Tue May  7 20:25:00 2019]	Heart_mobile
[Tue May  7 20:25:00 2019]	Heart_web
[Tue May  7 20:25:00 2019]	Heart_mobile
[Tue May  7 20:25:00 2019]	Heart_web
[Tue May  7 20:25:00 2019]	Heart_mobile
[Tue May  7 20:25:00 2019]	Heart_web
[Tue May  7 20:25:00 2019]	Heart_mobile
[Tue May  7 20:30:00 2019]	Heart_web
[Tue May  7 20:30:00 2019]	Heart_mobile
[Tue May  7 20:30:00 2019]	Heart_web
[Tue May  7 20:30:00 2019]	Heart_mobile
[Tue May  7 20:30:00 2019]	Heart_web
[Tue May  7 20:30:00 2019]	Heart_mobile
[Tue May  7 20:30:00 2019]	Heart_web
[Tue May  7 20:30:00 2019]	Heart_mobile
[Tue May  7 20:35:00 2019]	Heart_web
[Tue May  7 20:35:00 2019]	Heart_mobile
[Tue May  7 20:35:00 2019]	Heart_web
[Tue May  7 20:35:00 2019]	Heart_mobile
[Tue May  7 20:35:00 2019]	Heart_web
[Tue May  7 20:35:00 2019]	Heart_mobile
[Tue May  7 20:35:00 2019]	Heart_web
[Tue May  7 20:35:00 2019]	Heart_mobile
[Tue May  7 20:40:00 2019]	Heart_web
[Tue May  7 20:40:00 2019]	Heart_mobile
[Tue May  7 20:40:00 2019]	Heart_web
[Tue May  7 20:40:00 2019]	Heart_mobile
[Tue May  7 20:40:00 2019]	Heart_web
[Tue May  7 20:40:00 2019]	Heart_mobile
[Tue May  7 20:40:00 2019]	Heart_web
[Tue May  7 20:40:00 2019]	Heart_mobile
[Tue May  7 20:45:00 2019]	Heart_web
[Tue May  7 20:45:00 2019]	Heart_mobile
[Tue May  7 20:45:00 2019]	Heart_web
[Tue May  7 20:45:00 2019]	Heart_mobile
[Tue May  7 20:45:00 2019]	Heart_web
[Tue May  7 20:45:00 2019]	Heart_mobile
[Tue May  7 20:45:00 2019]	Heart_web
[Tue May  7 20:45:00 2019]	Heart_mobile
[Tue May  7 20:50:00 2019]	Heart_web
[Tue May  7 20:50:00 2019]	Heart_mobile
[Tue May  7 20:50:00 2019]	Heart_web
[Tue May  7 20:50:00 2019]	Heart_mobile
[Tue May  7 20:50:00 2019]	Heart_web
[Tue May  7 20:50:00 2019]	Heart_mobile
[Tue May  7 20:50:00 2019]	Heart_web
[Tue May  7 20:50:00 2019]	Heart_mobile
[Tue May  7 20:55:00 2019]	Heart_web
[Tue May  7 20:55:00 2019]	Heart_mobile
[Tue May  7 20:55:00 2019]	Heart_web
[Tue May  7 20:55:00 2019]	Heart_mobile
[Tue May  7 20:55:00 2019]	Heart_web
[Tue May  7 20:55:00 2019]	Heart_mobile
[Tue May  7 20:55:00 2019]	Heart_web
[Tue May  7 20:55:00 2019]	Heart_mobile
[Tue May  7 21:00:00 2019]	Heart_web
[Tue May  7 21:00:00 2019]	Heart_mobile
[Tue May  7 21:00:00 2019]	Heart_web
[Tue May  7 21:00:00 2019]	Heart_mobile
[Tue May  7 21:00:00 2019]	Heart_web
[Tue May  7 21:00:00 2019]	Heart_mobile
[Tue May  7 21:00:00 2019]	Heart_web
[Tue May  7 21:00:00 2019]	Heart_mobile
[Tue May  7 21:05:00 2019]	Heart_web
[Tue May  7 21:05:00 2019]	Heart_mobile
[Tue May  7 21:05:00 2019]	Heart_web
[Tue May  7 21:05:00 2019]	Heart_mobile
[Tue May  7 21:05:00 2019]	Heart_web
[Tue May  7 21:05:00 2019]	Heart_mobile
[Tue May  7 21:05:00 2019]	Heart_web
[Tue May  7 21:05:00 2019]	Heart_mobile
[Tue May  7 21:10:00 2019]	Heart_web
[Tue May  7 21:10:00 2019]	Heart_mobile
[Tue May  7 21:10:00 2019]	Heart_web
[Tue May  7 21:10:00 2019]	Heart_mobile
[Tue May  7 21:10:00 2019]	Heart_web
[Tue May  7 21:10:00 2019]	Heart_mobile
[Tue May  7 21:10:00 2019]	Heart_web
[Tue May  7 21:10:00 2019]	Heart_mobile
[Tue May  7 21:15:00 2019]	Heart_web
[Tue May  7 21:15:00 2019]	Heart_mobile
[Tue May  7 21:15:00 2019]	Heart_web
[Tue May  7 21:15:00 2019]	Heart_mobile
[Tue May  7 21:15:00 2019]	Heart_web
[Tue May  7 21:15:00 2019]	Heart_mobile
[Tue May  7 21:15:00 2019]	Heart_web
[Tue May  7 21:15:00 2019]	Heart_mobile
[Tue May  7 21:20:00 2019]	Heart_web
[Tue May  7 21:20:00 2019]	Heart_mobile
[Tue May  7 21:20:00 2019]	Heart_web
[Tue May  7 21:20:00 2019]	Heart_mobile
[Tue May  7 21:20:00 2019]	Heart_web
[Tue May  7 21:20:00 2019]	Heart_mobile
[Tue May  7 21:20:00 2019]	Heart_web
[Tue May  7 21:20:00 2019]	Heart_mobile
[Tue May  7 21:25:00 2019]	Heart_web
[Tue May  7 21:25:00 2019]	Heart_mobile
[Tue May  7 21:25:00 2019]	Heart_web
[Tue May  7 21:25:00 2019]	Heart_mobile
[Tue May  7 21:25:00 2019]	Heart_web
[Tue May  7 21:25:00 2019]	Heart_mobile
[Tue May  7 21:30:00 2019]	Heart_web
[Tue May  7 21:30:00 2019]	Heart_mobile
[Tue May  7 21:30:00 2019]	Heart_web
[Tue May  7 21:30:00 2019]	Heart_mobile
[Tue May  7 21:30:01 2019]	Heart_web
[Tue May  7 21:30:01 2019]	Heart_mobile
[Tue May  7 21:30:01 2019]	Heart_web
[Tue May  7 21:30:01 2019]	Heart_mobile
[Tue May  7 21:35:00 2019]	Heart_web
[Tue May  7 21:35:00 2019]	Heart_mobile
[Tue May  7 21:35:00 2019]	Heart_web
[Tue May  7 21:35:00 2019]	Heart_mobile
[Tue May  7 21:35:00 2019]	Heart_web
[Tue May  7 21:35:00 2019]	Heart_mobile
[Tue May  7 21:35:00 2019]	Heart_web
[Tue May  7 21:35:00 2019]	Heart_mobile
[Tue May  7 21:40:00 2019]	Heart_web
[Tue May  7 21:40:00 2019]	Heart_mobile
[Tue May  7 21:40:00 2019]	Heart_web
[Tue May  7 21:40:00 2019]	Heart_mobile
[Tue May  7 21:40:00 2019]	Heart_web
[Tue May  7 21:40:00 2019]	Heart_mobile
[Tue May  7 21:40:01 2019]	Heart_web
[Tue May  7 21:40:01 2019]	Heart_mobile
[Tue May  7 21:45:00 2019]	Heart_web
[Tue May  7 21:45:00 2019]	Heart_mobile
[Tue May  7 21:45:00 2019]	Heart_web
[Tue May  7 21:45:00 2019]	Heart_mobile
[Tue May  7 21:45:00 2019]	Heart_web
[Tue May  7 21:45:00 2019]	Heart_mobile
[Tue May  7 21:45:00 2019]	Heart_web
[Tue May  7 21:45:00 2019]	Heart_mobile
[Tue May  7 21:50:00 2019]	Heart_web
[Tue May  7 21:50:00 2019]	Heart_mobile
[Tue May  7 21:50:00 2019]	Heart_web
[Tue May  7 21:50:00 2019]	Heart_mobile
[Tue May  7 21:50:00 2019]	Heart_web
[Tue May  7 21:50:00 2019]	Heart_mobile
[Tue May  7 21:50:00 2019]	Heart_web
[Tue May  7 21:50:00 2019]	Heart_mobile
[Tue May  7 21:55:00 2019]	Heart_web
[Tue May  7 21:55:00 2019]	Heart_mobile
[Tue May  7 21:55:00 2019]	Heart_web
[Tue May  7 21:55:00 2019]	Heart_mobile
[Tue May  7 21:55:00 2019]	Heart_web
[Tue May  7 21:55:00 2019]	Heart_mobile
[Tue May  7 21:55:01 2019]	Heart_web
[Tue May  7 21:55:01 2019]	Heart_mobile
[Tue May  7 22:00:00 2019]	Heart_web
[Tue May  7 22:00:00 2019]	Heart_mobile
[Tue May  7 22:00:00 2019]	Heart_web
[Tue May  7 22:00:00 2019]	Heart_mobile
[Tue May  7 22:00:00 2019]	Heart_web
[Tue May  7 22:00:00 2019]	Heart_mobile
[Tue May  7 22:00:01 2019]	Heart_web
[Tue May  7 22:00:01 2019]	Heart_mobile
[Tue May  7 22:05:00 2019]	Heart_web
[Tue May  7 22:05:00 2019]	Heart_mobile
[Tue May  7 22:05:00 2019]	Heart_web
[Tue May  7 22:05:00 2019]	Heart_mobile
[Tue May  7 22:05:00 2019]	Heart_web
[Tue May  7 22:05:00 2019]	Heart_mobile
[Tue May  7 22:05:00 2019]	Heart_web
[Tue May  7 22:05:00 2019]	Heart_mobile
[Tue May  7 22:10:00 2019]	Heart_web
[Tue May  7 22:10:00 2019]	Heart_mobile
[Tue May  7 22:10:00 2019]	Heart_web
[Tue May  7 22:10:00 2019]	Heart_mobile
[Tue May  7 22:10:00 2019]	Heart_web
[Tue May  7 22:10:00 2019]	Heart_mobile
[Tue May  7 22:10:00 2019]	Heart_web
[Tue May  7 22:10:01 2019]	Heart_mobile
[Tue May  7 22:15:00 2019]	Heart_web
[Tue May  7 22:15:00 2019]	Heart_mobile
[Tue May  7 22:15:00 2019]	Heart_web
[Tue May  7 22:15:00 2019]	Heart_mobile
[Tue May  7 22:15:00 2019]	Heart_web
[Tue May  7 22:15:00 2019]	Heart_mobile
[Tue May  7 22:15:00 2019]	Heart_web
[Tue May  7 22:15:00 2019]	Heart_mobile
[Tue May  7 22:20:00 2019]	Heart_web
[Tue May  7 22:20:00 2019]	Heart_mobile
[Tue May  7 22:20:00 2019]	Heart_web
[Tue May  7 22:20:00 2019]	Heart_mobile
[Tue May  7 22:20:00 2019]	Heart_web
[Tue May  7 22:20:00 2019]	Heart_mobile
[Tue May  7 22:20:01 2019]	Heart_web
[Tue May  7 22:20:02 2019]	Heart_mobile
[Tue May  7 22:25:00 2019]	Heart_web
[Tue May  7 22:25:00 2019]	Heart_mobile
[Tue May  7 22:25:00 2019]	Heart_web
[Tue May  7 22:25:00 2019]	Heart_mobile
[Tue May  7 22:25:01 2019]	Heart_web
[Tue May  7 22:25:01 2019]	Heart_mobile
[Tue May  7 22:25:01 2019]	Heart_web
[Tue May  7 22:25:01 2019]	Heart_mobile
[Tue May  7 22:30:00 2019]	Heart_web
[Tue May  7 22:30:00 2019]	Heart_mobile
[Tue May  7 22:30:00 2019]	Heart_web
[Tue May  7 22:30:00 2019]	Heart_mobile
[Tue May  7 22:35:00 2019]	Heart_web
[Tue May  7 22:35:00 2019]	Heart_mobile
[Tue May  7 22:35:00 2019]	Heart_web
[Tue May  7 22:35:00 2019]	Heart_mobile
[Tue May  7 22:35:00 2019]	Heart_web
[Tue May  7 22:35:01 2019]	Heart_mobile
[Tue May  7 22:35:01 2019]	Heart_web
[Tue May  7 22:35:01 2019]	Heart_mobile
[Tue May  7 22:40:00 2019]	Heart_web
[Tue May  7 22:40:00 2019]	Heart_mobile
[Tue May  7 22:40:00 2019]	Heart_web
[Tue May  7 22:40:00 2019]	Heart_mobile
[Tue May  7 22:40:00 2019]	Heart_web
[Tue May  7 22:40:00 2019]	Heart_mobile
[Tue May  7 22:40:00 2019]	Heart_web
[Tue May  7 22:40:00 2019]	Heart_mobile
[Tue May  7 22:45:00 2019]	Heart_web
[Tue May  7 22:45:00 2019]	Heart_mobile
[Tue May  7 22:45:00 2019]	Heart_web
[Tue May  7 22:50:00 2019]	Heart_web
[Tue May  7 22:50:00 2019]	Heart_mobile
[Tue May  7 22:50:00 2019]	Heart_web
[Tue May  7 22:50:00 2019]	Heart_mobile
[Tue May  7 22:50:00 2019]	Heart_web
[Tue May  7 22:50:00 2019]	Heart_mobile
[Tue May  7 22:50:00 2019]	Heart_web
[Tue May  7 22:50:01 2019]	Heart_mobile
[Tue May  7 22:55:00 2019]	Heart_web
[Tue May  7 22:55:00 2019]	Heart_mobile
[Tue May  7 22:55:00 2019]	Heart_web
[Tue May  7 22:55:00 2019]	Heart_mobile
[Tue May  7 22:55:00 2019]	Heart_web
[Tue May  7 22:55:00 2019]	Heart_mobile
[Tue May  7 22:55:01 2019]	Heart_web
[Tue May  7 22:55:01 2019]	Heart_mobile
[Tue May  7 23:00:00 2019]	Heart_web
[Tue May  7 23:00:00 2019]	Heart_mobile
[Tue May  7 23:00:00 2019]	Heart_web
[Tue May  7 23:00:01 2019]	Heart_mobile
[Tue May  7 23:00:01 2019]	Heart_web
[Tue May  7 23:00:01 2019]	Heart_mobile
[Tue May  7 23:00:01 2019]	Heart_web
[Tue May  7 23:00:01 2019]	Heart_mobile
[Tue May  7 23:05:00 2019]	Heart_web
[Tue May  7 23:05:00 2019]	Heart_mobile
[Tue May  7 23:05:00 2019]	Heart_web
[Tue May  7 23:05:00 2019]	Heart_mobile
[Tue May  7 23:05:00 2019]	Heart_web
[Tue May  7 23:05:00 2019]	Heart_mobile
[Tue May  7 23:05:01 2019]	Heart_web
[Tue May  7 23:05:01 2019]	Heart_mobile
[Tue May  7 23:10:00 2019]	Heart_web
[Tue May  7 23:10:00 2019]	Heart_mobile
[Tue May  7 23:10:00 2019]	Heart_web
[Tue May  7 23:10:00 2019]	Heart_mobile
[Tue May  7 23:10:00 2019]	Heart_web
[Tue May  7 23:10:00 2019]	Heart_mobile
[Tue May  7 23:10:00 2019]	Heart_web
[Tue May  7 23:10:01 2019]	Heart_mobile
[Tue May  7 23:15:00 2019]	Heart_web
[Tue May  7 23:15:00 2019]	Heart_mobile
[Tue May  7 23:15:00 2019]	Heart_web
[Tue May  7 23:15:00 2019]	Heart_mobile
[Tue May  7 23:15:00 2019]	Heart_web
[Tue May  7 23:15:00 2019]	Heart_mobile
[Tue May  7 23:15:00 2019]	Heart_web
[Tue May  7 23:15:01 2019]	Heart_mobile
[Tue May  7 23:20:00 2019]	Heart_web
[Tue May  7 23:20:00 2019]	Heart_mobile
[Tue May  7 23:20:00 2019]	Heart_web
[Tue May  7 23:20:00 2019]	Heart_mobile
[Tue May  7 23:20:00 2019]	Heart_web
[Tue May  7 23:20:00 2019]	Heart_mobile
[Tue May  7 23:20:01 2019]	Heart_web
[Tue May  7 23:20:01 2019]	Heart_mobile
[Tue May  7 23:25:00 2019]	Heart_web
[Tue May  7 23:25:00 2019]	Heart_mobile
[Tue May  7 23:25:00 2019]	Heart_web
[Tue May  7 23:25:00 2019]	Heart_mobile
[Tue May  7 23:25:00 2019]	Heart_web
[Tue May  7 23:25:00 2019]	Heart_mobile
[Tue May  7 23:25:00 2019]	Heart_web
[Tue May  7 23:25:01 2019]	Heart_mobile
[Tue May  7 23:30:00 2019]	Heart_web
[Tue May  7 23:30:00 2019]	Heart_mobile
[Tue May  7 23:30:00 2019]	Heart_web
[Tue May  7 23:30:00 2019]	Heart_mobile
[Tue May  7 23:30:00 2019]	Heart_web
[Tue May  7 23:30:00 2019]	Heart_mobile
[Tue May  7 23:30:01 2019]	Heart_web
[Tue May  7 23:30:01 2019]	Heart_mobile
[Tue May  7 23:35:00 2019]	Heart_web
[Tue May  7 23:35:00 2019]	Heart_mobile
[Tue May  7 23:35:00 2019]	Heart_web
[Tue May  7 23:35:00 2019]	Heart_mobile
[Tue May  7 23:35:00 2019]	Heart_web
[Tue May  7 23:35:00 2019]	Heart_mobile
[Tue May  7 23:35:01 2019]	Heart_web
[Tue May  7 23:35:01 2019]	Heart_mobile
[Tue May  7 23:40:00 2019]	Heart_web
[Tue May  7 23:40:00 2019]	Heart_mobile
[Tue May  7 23:40:00 2019]	Heart_web
[Tue May  7 23:40:00 2019]	Heart_mobile
[Tue May  7 23:40:00 2019]	Heart_web
[Tue May  7 23:40:00 2019]	Heart_mobile
[Tue May  7 23:40:00 2019]	Heart_web
[Tue May  7 23:40:00 2019]	Heart_mobile
[Tue May  7 23:45:00 2019]	Heart_web
[Tue May  7 23:45:00 2019]	Heart_mobile
[Tue May  7 23:45:00 2019]	Heart_web
[Tue May  7 23:45:00 2019]	Heart_mobile
[Tue May  7 23:45:00 2019]	Heart_web
[Tue May  7 23:45:00 2019]	Heart_mobile
[Tue May  7 23:45:00 2019]	Heart_web
[Tue May  7 23:45:00 2019]	Heart_mobile
[Tue May  7 23:50:00 2019]	Heart_web
[Tue May  7 23:50:00 2019]	Heart_mobile
[Tue May  7 23:50:00 2019]	Heart_web
[Tue May  7 23:50:00 2019]	Heart_mobile
[Tue May  7 23:50:00 2019]	Heart_web
[Tue May  7 23:50:00 2019]	Heart_mobile
[Tue May  7 23:50:00 2019]	Heart_web
[Tue May  7 23:50:00 2019]	Heart_mobile
[Tue May  7 23:55:00 2019]	Heart_web
[Tue May  7 23:55:00 2019]	Heart_mobile
[Tue May  7 23:55:00 2019]	Heart_web
[Tue May  7 23:55:00 2019]	Heart_mobile
[Tue May  7 23:55:00 2019]	Heart_web
[Tue May  7 23:55:00 2019]	Heart_mobile
[Tue May  7 23:55:00 2019]	Heart_web
[Tue May  7 23:55:00 2019]	Heart_mobile
[Wed May  8 00:00:00 2019]	Heart_web
[Wed May  8 00:00:00 2019]	Heart_mobile
[Wed May  8 00:00:00 2019]	Heart_web
[Wed May  8 00:00:00 2019]	Heart_mobile
[Wed May  8 00:00:00 2019]	Heart_web
[Wed May  8 00:00:00 2019]	Heart_mobile
[Wed May  8 00:00:00 2019]	Heart_web
[Wed May  8 00:00:00 2019]	Heart_mobile
UPDATE Account SET finished = False,logined = False,watched = False,shared = False,coin_added = False,double_watch = False,s2c = False,signed = False
[u'51690926', u'51728666', u'51695072', u'51685245', u'51756851']
15824397397
zsj0911*
0
av51690926观看成功
银瓜子兑换成功
投币成功
------------------
17367078621
weiyuxin
0
av51690926观看成功
银瓜子兑换成功
投币成功
------------------
15127529708
shijizhe
0.6
av51690926观看成功
银瓜子兑换失败 银瓜子余额不足
投币失败 硬币不足
投币失败 硬币不足
投币失败 硬币不足
投币失败 硬币不足
投币失败 硬币不足
------------------
13306522935
zjuZSJ0911*
0
av51690926观看成功
银瓜子兑换失败 银瓜子余额不足
------------------
[Wed May  8 00:05:00 2019]	Heart_web
[Wed May  8 00:05:00 2019]	Heart_mobile
[Wed May  8 00:05:00 2019]	Heart_web
[Wed May  8 00:05:00 2019]	Heart_mobile
[Wed May  8 00:05:00 2019]	Heart_web
[Wed May  8 00:05:00 2019]	Heart_mobile
[Wed May  8 00:05:00 2019]	Heart_web
[Wed May  8 00:05:01 2019]	Heart_mobile
[Wed May  8 00:10:00 2019]	Heart_web
[Wed May  8 00:10:00 2019]	Heart_mobile
[Wed May  8 00:10:00 2019]	Heart_web
[Wed May  8 00:10:00 2019]	Heart_mobile
[Wed May  8 00:10:00 2019]	Heart_web
[Wed May  8 00:10:00 2019]	Heart_mobile
[Wed May  8 00:10:00 2019]	Heart_web
[Wed May  8 00:10:01 2019]	Heart_mobile
[Wed May  8 00:15:00 2019]	Heart_web
[Wed May  8 00:15:00 2019]	Heart_mobile
[Wed May  8 00:15:00 2019]	Heart_web
[Wed May  8 00:15:00 2019]	Heart_mobile
[Wed May  8 00:15:00 2019]	Heart_web
[Wed May  8 00:15:00 2019]	Heart_mobile
[Wed May  8 00:15:00 2019]	Heart_web
[Wed May  8 00:15:01 2019]	Heart_mobile
[Wed May  8 00:20:00 2019]	Heart_web
[Wed May  8 00:20:00 2019]	Heart_mobile
[Wed May  8 00:20:00 2019]	Heart_web
[Wed May  8 00:20:00 2019]	Heart_mobile
[Wed May  8 00:20:00 2019]	Heart_web
[Wed May  8 00:20:00 2019]	Heart_mobile
[Wed May  8 00:20:00 2019]	Heart_web
[Wed May  8 00:20:00 2019]	Heart_mobile
[Wed May  8 00:25:00 2019]	Heart_web
[Wed May  8 00:25:00 2019]	Heart_mobile
[Wed May  8 00:25:00 2019]	Heart_web
[Wed May  8 00:25:00 2019]	Heart_mobile
[Wed May  8 00:25:00 2019]	Heart_web
[Wed May  8 00:25:00 2019]	Heart_mobile
[Wed May  8 00:25:01 2019]	Heart_web
[Wed May  8 00:25:01 2019]	Heart_mobile
[Wed May  8 00:30:00 2019]	Heart_web
[Wed May  8 00:30:00 2019]	Heart_mobile
[Wed May  8 00:30:00 2019]	Heart_web
[Wed May  8 00:30:00 2019]	Heart_mobile
[Wed May  8 00:30:00 2019]	Heart_web
[Wed May  8 00:30:00 2019]	Heart_mobile
[Wed May  8 00:30:00 2019]	Heart_web
[Wed May  8 00:30:01 2019]	Heart_mobile
[Wed May  8 00:35:00 2019]	Heart_web
[Wed May  8 00:35:00 2019]	Heart_mobile
[Wed May  8 00:35:00 2019]	Heart_web
[Wed May  8 00:35:00 2019]	Heart_mobile
[Wed May  8 00:35:00 2019]	Heart_web
[Wed May  8 00:35:00 2019]	Heart_mobile
[Wed May  8 00:35:00 2019]	Heart_web
[Wed May  8 00:35:00 2019]	Heart_mobile
[Wed May  8 00:40:00 2019]	Heart_web
[Wed May  8 00:40:00 2019]	Heart_mobile
[Wed May  8 00:40:00 2019]	Heart_web
[Wed May  8 00:40:00 2019]	Heart_mobile
[Wed May  8 00:40:00 2019]	Heart_web
[Wed May  8 00:40:00 2019]	Heart_mobile
[Wed May  8 00:40:00 2019]	Heart_web
[Wed May  8 00:40:00 2019]	Heart_mobile
[Wed May  8 00:45:00 2019]	Heart_web
[Wed May  8 00:45:00 2019]	Heart_mobile
[Wed May  8 00:45:00 2019]	Heart_web
[Wed May  8 00:45:00 2019]	Heart_mobile
[Wed May  8 00:45:00 2019]	Heart_web
[Wed May  8 00:45:00 2019]	Heart_mobile
[Wed May  8 00:45:00 2019]	Heart_web
[Wed May  8 00:45:00 2019]	Heart_mobile
[Wed May  8 00:50:00 2019]	Heart_web
[Wed May  8 00:50:00 2019]	Heart_mobile
[Wed May  8 00:50:00 2019]	Heart_web
[Wed May  8 00:50:00 2019]	Heart_mobile
[Wed May  8 00:50:00 2019]	Heart_web
[Wed May  8 00:50:00 2019]	Heart_mobile
[Wed May  8 00:50:00 2019]	Heart_web
[Wed May  8 00:50:00 2019]	Heart_mobile
[Wed May  8 00:55:00 2019]	Heart_web
[Wed May  8 00:55:00 2019]	Heart_mobile
[Wed May  8 00:55:00 2019]	Heart_web
[Wed May  8 00:55:00 2019]	Heart_mobile
[Wed May  8 00:55:00 2019]	Heart_web
[Wed May  8 00:55:00 2019]	Heart_mobile
[Wed May  8 00:55:00 2019]	Heart_web
[Wed May  8 00:55:00 2019]	Heart_mobile
[Wed May  8 01:00:00 2019]	Heart_web
[Wed May  8 01:00:00 2019]	Heart_mobile
[Wed May  8 01:00:00 2019]	Heart_web
[Wed May  8 01:00:00 2019]	Heart_mobile
[Wed May  8 01:00:00 2019]	Heart_web
[Wed May  8 01:00:00 2019]	Heart_mobile
[Wed May  8 01:00:00 2019]	Heart_web
[Wed May  8 01:00:00 2019]	Heart_mobile
[u'51728666', u'51695072', u'51685245', u'51756851', u'51704422']
15824397397
zsj0911*
1

av51728666观看成功
今日已换硬币
投币成功
------------------
17367078621
weiyuxin
1

av51728666观看成功
今日已换硬币
投币成功
------------------
15127529708
shijizhe
1.6

银瓜子兑换成功
投币成功
投币成功
投币失败 硬币不足
投币失败 硬币不足
投币失败 硬币不足
------------------
13306522935
zjuZSJ0911*
1

av51728666观看成功
银瓜子兑换成功
投币成功
投币成功
------------------
[Wed May  8 01:05:00 2019]	Heart_web
[Wed May  8 01:05:00 2019]	Heart_mobile
[Wed May  8 01:05:00 2019]	Heart_web
[Wed May  8 01:05:00 2019]	Heart_mobile
[Wed May  8 01:05:00 2019]	Heart_web
[Wed May  8 01:05:00 2019]	Heart_mobile
[Wed May  8 01:05:00 2019]	Heart_web
[Wed May  8 01:05:00 2019]	Heart_mobile
[Wed May  8 01:10:00 2019]	Heart_web
[Wed May  8 01:10:00 2019]	Heart_mobile
[Wed May  8 01:10:00 2019]	Heart_web
[Wed May  8 01:10:00 2019]	Heart_mobile
[Wed May  8 01:10:00 2019]	Heart_web
[Wed May  8 01:10:00 2019]	Heart_mobile
[Wed May  8 01:10:00 2019]	Heart_web
[Wed May  8 01:10:01 2019]	Heart_mobile
[Wed May  8 01:15:00 2019]	Heart_web
[Wed May  8 01:15:00 2019]	Heart_mobile
[Wed May  8 01:15:00 2019]	Heart_web
[Wed May  8 01:15:00 2019]	Heart_mobile
[Wed May  8 01:15:00 2019]	Heart_web
[Wed May  8 01:15:00 2019]	Heart_mobile
[Wed May  8 01:15:00 2019]	Heart_web
[Wed May  8 01:15:00 2019]	Heart_mobile
[Wed May  8 01:20:00 2019]	Heart_web
[Wed May  8 01:20:00 2019]	Heart_mobile
[Wed May  8 01:20:00 2019]	Heart_web
[Wed May  8 01:20:00 2019]	Heart_mobile
[Wed May  8 01:20:00 2019]	Heart_web
[Wed May  8 01:20:00 2019]	Heart_mobile
[Wed May  8 01:20:00 2019]	Heart_web
[Wed May  8 01:20:00 2019]	Heart_mobile
[Wed May  8 01:25:00 2019]	Heart_web
[Wed May  8 01:25:00 2019]	Heart_mobile
[Wed May  8 01:25:00 2019]	Heart_web
[Wed May  8 01:25:00 2019]	Heart_mobile
[Wed May  8 01:25:00 2019]	Heart_web
[Wed May  8 01:25:00 2019]	Heart_mobile
[Wed May  8 01:25:00 2019]	Heart_web
[Wed May  8 01:25:00 2019]	Heart_mobile
[Wed May  8 01:30:00 2019]	Heart_web
[Wed May  8 01:30:00 2019]	Heart_mobile
[Wed May  8 01:30:00 2019]	Heart_web
[Wed May  8 01:30:00 2019]	Heart_mobile
[Wed May  8 01:30:00 2019]	Heart_web
[Wed May  8 01:30:00 2019]	Heart_mobile
[Wed May  8 01:30:00 2019]	Heart_web
[Wed May  8 01:30:00 2019]	Heart_mobile
[Wed May  8 01:35:00 2019]	Heart_web
[Wed May  8 01:35:00 2019]	Heart_mobile
[Wed May  8 01:35:00 2019]	Heart_web
[Wed May  8 01:35:00 2019]	Heart_mobile
[Wed May  8 01:35:00 2019]	Heart_web
[Wed May  8 01:35:00 2019]	Heart_mobile
[Wed May  8 01:35:00 2019]	Heart_web
[Wed May  8 01:35:00 2019]	Heart_mobile
[Wed May  8 01:40:00 2019]	Heart_web
[Wed May  8 01:40:00 2019]	Heart_mobile
[Wed May  8 01:40:00 2019]	Heart_web
[Wed May  8 01:40:00 2019]	Heart_mobile
[Wed May  8 01:40:00 2019]	Heart_web
[Wed May  8 01:40:00 2019]	Heart_mobile
[Wed May  8 01:40:00 2019]	Heart_web
[Wed May  8 01:40:01 2019]	Heart_mobile
[Wed May  8 01:45:00 2019]	Heart_web
[Wed May  8 01:45:00 2019]	Heart_mobile
[Wed May  8 01:45:00 2019]	Heart_web
[Wed May  8 01:45:00 2019]	Heart_mobile
[Wed May  8 01:45:00 2019]	Heart_web
[Wed May  8 01:45:00 2019]	Heart_mobile
[Wed May  8 01:45:00 2019]	Heart_web
[Wed May  8 01:45:00 2019]	Heart_mobile
[Wed May  8 01:50:00 2019]	Heart_web
[Wed May  8 01:50:00 2019]	Heart_mobile
[Wed May  8 01:50:00 2019]	Heart_web
[Wed May  8 01:50:00 2019]	Heart_mobile
[Wed May  8 01:50:00 2019]	Heart_web
[Wed May  8 01:50:00 2019]	Heart_mobile
[Wed May  8 01:50:00 2019]	Heart_web
[Wed May  8 01:50:01 2019]	Heart_mobile
[Wed May  8 01:55:00 2019]	Heart_web
[Wed May  8 01:55:00 2019]	Heart_mobile
[Wed May  8 01:55:00 2019]	Heart_web
[Wed May  8 01:55:00 2019]	Heart_mobile
[Wed May  8 01:55:00 2019]	Heart_web
[Wed May  8 01:55:00 2019]	Heart_mobile
[Wed May  8 01:55:00 2019]	Heart_web
[Wed May  8 01:55:00 2019]	Heart_mobile
[Wed May  8 02:00:00 2019]	Heart_web
[Wed May  8 02:00:00 2019]	Heart_mobile
[Wed May  8 02:00:00 2019]	Heart_web
[Wed May  8 02:00:00 2019]	Heart_mobile
[Wed May  8 02:00:00 2019]	Heart_web
[Wed May  8 02:00:00 2019]	Heart_mobile
[Wed May  8 02:00:00 2019]	Heart_web
[Wed May  8 02:00:01 2019]	Heart_mobile
[u'51690926', u'51728666', u'51695072', u'51685245', u'51756851']
15824397397
zsj0911*
0
------------------
17367078621
weiyuxin
0
------------------
15127529708
shijizhe
0.6
今日已换硬币
投币失败 硬币不足
投币失败 硬币不足
投币失败 硬币不足
------------------
13306522935
zjuZSJ0911*
0
今日已换硬币
------------------
[Wed May  8 02:05:00 2019]	Heart_web
[Wed May  8 02:05:00 2019]	Heart_mobile
[Wed May  8 02:05:00 2019]	Heart_web
[Wed May  8 02:05:00 2019]	Heart_mobile
[Wed May  8 02:05:00 2019]	Heart_web
[Wed May  8 02:05:00 2019]	Heart_mobile
[Wed May  8 02:05:00 2019]	Heart_web
[Wed May  8 02:05:00 2019]	Heart_mobile
[Wed May  8 02:10:00 2019]	Heart_web
[Wed May  8 02:10:00 2019]	Heart_mobile
[Wed May  8 02:10:00 2019]	Heart_web
[Wed May  8 02:10:00 2019]	Heart_mobile
[Wed May  8 02:10:00 2019]	Heart_web
[Wed May  8 02:10:00 2019]	Heart_mobile
[Wed May  8 02:10:00 2019]	Heart_web
[Wed May  8 02:10:00 2019]	Heart_mobile
[Wed May  8 02:15:00 2019]	Heart_web
[Wed May  8 02:15:00 2019]	Heart_mobile
[Wed May  8 02:15:00 2019]	Heart_web
[Wed May  8 02:15:00 2019]	Heart_mobile
[Wed May  8 02:15:00 2019]	Heart_web
[Wed May  8 02:15:00 2019]	Heart_mobile
[Wed May  8 02:15:00 2019]	Heart_web
[Wed May  8 02:15:01 2019]	Heart_mobile
[Wed May  8 02:20:00 2019]	Heart_web
[Wed May  8 02:20:00 2019]	Heart_mobile
[Wed May  8 02:20:00 2019]	Heart_web
[Wed May  8 02:20:00 2019]	Heart_mobile
[Wed May  8 02:20:00 2019]	Heart_web
[Wed May  8 02:20:00 2019]	Heart_mobile
[Wed May  8 02:20:00 2019]	Heart_web
[Wed May  8 02:20:00 2019]	Heart_mobile
[Wed May  8 02:25:00 2019]	Heart_web
[Wed May  8 02:25:00 2019]	Heart_mobile
[Wed May  8 02:25:00 2019]	Heart_web
[Wed May  8 02:25:00 2019]	Heart_mobile
[Wed May  8 02:25:00 2019]	Heart_web
[Wed May  8 02:25:00 2019]	Heart_mobile
[Wed May  8 02:25:00 2019]	Heart_web
[Wed May  8 02:25:00 2019]	Heart_mobile
[Wed May  8 02:30:00 2019]	Heart_web
[Wed May  8 02:30:00 2019]	Heart_mobile
[Wed May  8 02:30:00 2019]	Heart_web
[Wed May  8 02:30:00 2019]	Heart_mobile
[Wed May  8 02:30:00 2019]	Heart_web
[Wed May  8 02:30:00 2019]	Heart_mobile
[Wed May  8 02:30:01 2019]	Heart_web
[Wed May  8 02:30:01 2019]	Heart_mobile
[Wed May  8 02:35:00 2019]	Heart_web
[Wed May  8 02:35:00 2019]	Heart_mobile
[Wed May  8 02:35:00 2019]	Heart_web
[Wed May  8 02:35:00 2019]	Heart_mobile
[Wed May  8 02:35:00 2019]	Heart_web
[Wed May  8 02:35:00 2019]	Heart_mobile
[Wed May  8 02:35:00 2019]	Heart_web
[Wed May  8 02:35:00 2019]	Heart_mobile
[Wed May  8 02:40:00 2019]	Heart_web
[Wed May  8 02:40:00 2019]	Heart_mobile
[Wed May  8 02:40:00 2019]	Heart_web
[Wed May  8 02:40:00 2019]	Heart_mobile
[Wed May  8 02:40:00 2019]	Heart_web
[Wed May  8 02:40:00 2019]	Heart_mobile
[Wed May  8 02:40:00 2019]	Heart_web
[Wed May  8 02:40:00 2019]	Heart_mobile
[Wed May  8 02:45:00 2019]	Heart_web
[Wed May  8 02:45:00 2019]	Heart_mobile
[Wed May  8 02:45:00 2019]	Heart_web
[Wed May  8 02:45:00 2019]	Heart_mobile
[Wed May  8 02:45:00 2019]	Heart_web
[Wed May  8 02:45:00 2019]	Heart_mobile
[Wed May  8 02:45:00 2019]	Heart_web
[Wed May  8 02:45:00 2019]	Heart_mobile
[Wed May  8 02:50:00 2019]	Heart_web
[Wed May  8 02:50:00 2019]	Heart_mobile
[Wed May  8 02:50:00 2019]	Heart_web
[Wed May  8 02:50:00 2019]	Heart_mobile
[Wed May  8 02:50:00 2019]	Heart_web
[Wed May  8 02:50:00 2019]	Heart_mobile
[Wed May  8 02:50:00 2019]	Heart_web
[Wed May  8 02:50:00 2019]	Heart_mobile
[Wed May  8 02:55:00 2019]	Heart_web
[Wed May  8 02:55:00 2019]	Heart_mobile
[Wed May  8 02:55:00 2019]	Heart_web
[Wed May  8 02:55:00 2019]	Heart_mobile
[Wed May  8 02:55:00 2019]	Heart_web
[Wed May  8 02:55:00 2019]	Heart_mobile
[Wed May  8 02:55:01 2019]	Heart_web
[Wed May  8 02:55:01 2019]	Heart_mobile
[Wed May  8 03:00:00 2019]	Heart_web
[Wed May  8 03:00:00 2019]	Heart_mobile
[Wed May  8 03:00:00 2019]	Heart_web
[Wed May  8 03:00:00 2019]	Heart_mobile
[Wed May  8 03:00:00 2019]	Heart_web
[Wed May  8 03:00:00 2019]	Heart_mobile
[Wed May  8 03:00:00 2019]	Heart_web
[Wed May  8 03:00:00 2019]	Heart_mobile
[u'51751183', u'51690926', u'51728666', u'51695072', u'51685245']
15824397397
zsj0911*
0
------------------
17367078621
weiyuxin
0
------------------
15127529708
shijizhe
0.6
投币失败 硬币不足
投币失败 硬币不足
投币失败 硬币不足
------------------
13306522935
zjuZSJ0911*
0
------------------
[Wed May  8 03:05:00 2019]	Heart_web
[Wed May  8 03:05:00 2019]	Heart_mobile
[Wed May  8 03:05:00 2019]	Heart_web
[Wed May  8 03:05:00 2019]	Heart_mobile
[Wed May  8 03:05:00 2019]	Heart_web
[Wed May  8 03:05:00 2019]	Heart_mobile
[Wed May  8 03:05:01 2019]	Heart_web
[Wed May  8 03:05:01 2019]	Heart_mobile
[Wed May  8 03:10:00 2019]	Heart_web
[Wed May  8 03:10:00 2019]	Heart_mobile
[Wed May  8 03:10:00 2019]	Heart_web
[Wed May  8 03:10:00 2019]	Heart_mobile
[Wed May  8 03:10:00 2019]	Heart_web
[Wed May  8 03:10:00 2019]	Heart_mobile
[Wed May  8 03:10:00 2019]	Heart_web
[Wed May  8 03:10:00 2019]	Heart_mobile
[Wed May  8 03:15:00 2019]	Heart_web
[Wed May  8 03:15:00 2019]	Heart_mobile
[Wed May  8 03:15:00 2019]	Heart_web
[Wed May  8 03:15:00 2019]	Heart_mobile
[Wed May  8 03:15:00 2019]	Heart_web
[Wed May  8 03:15:00 2019]	Heart_mobile
[Wed May  8 03:15:00 2019]	Heart_web
[Wed May  8 03:15:00 2019]	Heart_mobile
[Wed May  8 03:20:00 2019]	Heart_web
[Wed May  8 03:20:00 2019]	Heart_mobile
[Wed May  8 03:20:00 2019]	Heart_web
[Wed May  8 03:20:00 2019]	Heart_mobile
[Wed May  8 03:20:00 2019]	Heart_web
[Wed May  8 03:20:00 2019]	Heart_mobile
[Wed May  8 03:20:00 2019]	Heart_web
[Wed May  8 03:20:00 2019]	Heart_mobile
[Wed May  8 03:25:00 2019]	Heart_web
[Wed May  8 03:25:00 2019]	Heart_mobile
[Wed May  8 03:25:00 2019]	Heart_web
[Wed May  8 03:25:00 2019]	Heart_mobile
[Wed May  8 03:25:00 2019]	Heart_web
[Wed May  8 03:25:00 2019]	Heart_mobile
[Wed May  8 03:25:00 2019]	Heart_web
[Wed May  8 03:25:00 2019]	Heart_mobile
[Wed May  8 03:30:00 2019]	Heart_web
[Wed May  8 03:30:00 2019]	Heart_mobile
[Wed May  8 03:30:00 2019]	Heart_web
[Wed May  8 03:30:00 2019]	Heart_mobile
[Wed May  8 03:30:00 2019]	Heart_web
[Wed May  8 03:30:00 2019]	Heart_mobile
[Wed May  8 03:30:00 2019]	Heart_web
[Wed May  8 03:30:00 2019]	Heart_mobile
[Wed May  8 03:35:00 2019]	Heart_web
[Wed May  8 03:35:00 2019]	Heart_mobile
[Wed May  8 03:35:00 2019]	Heart_web
[Wed May  8 03:35:00 2019]	Heart_mobile
[Wed May  8 03:35:00 2019]	Heart_web
[Wed May  8 03:35:00 2019]	Heart_mobile
[Wed May  8 03:35:00 2019]	Heart_web
[Wed May  8 03:35:00 2019]	Heart_mobile
[Wed May  8 03:40:00 2019]	Heart_web
[Wed May  8 03:40:00 2019]	Heart_mobile
[Wed May  8 03:40:00 2019]	Heart_web
[Wed May  8 03:40:00 2019]	Heart_mobile
[Wed May  8 03:40:00 2019]	Heart_web
[Wed May  8 03:40:00 2019]	Heart_mobile
[Wed May  8 03:40:00 2019]	Heart_web
[Wed May  8 03:40:00 2019]	Heart_mobile
[Wed May  8 03:45:00 2019]	Heart_web
[Wed May  8 03:45:00 2019]	Heart_mobile
[Wed May  8 03:45:00 2019]	Heart_web
[Wed May  8 03:45:00 2019]	Heart_mobile
[Wed May  8 03:45:00 2019]	Heart_web
[Wed May  8 03:45:00 2019]	Heart_mobile
[Wed May  8 03:45:00 2019]	Heart_web
[Wed May  8 03:45:00 2019]	Heart_mobile
[Wed May  8 03:50:00 2019]	Heart_web
[Wed May  8 03:50:00 2019]	Heart_mobile
[Wed May  8 03:50:00 2019]	Heart_web
[Wed May  8 03:50:00 2019]	Heart_mobile
[Wed May  8 03:50:00 2019]	Heart_web
[Wed May  8 03:50:00 2019]	Heart_mobile
[Wed May  8 03:50:00 2019]	Heart_web
[Wed May  8 03:50:01 2019]	Heart_mobile
[Wed May  8 03:55:00 2019]	Heart_web
[Wed May  8 03:55:00 2019]	Heart_mobile
[Wed May  8 03:55:00 2019]	Heart_web
[Wed May  8 03:55:00 2019]	Heart_mobile
[Wed May  8 03:55:00 2019]	Heart_web
[Wed May  8 03:55:00 2019]	Heart_mobile
[Wed May  8 03:55:00 2019]	Heart_web
[Wed May  8 03:55:00 2019]	Heart_mobile
[Wed May  8 04:00:00 2019]	Heart_web
[Wed May  8 04:00:00 2019]	Heart_mobile
[Wed May  8 04:00:00 2019]	Heart_web
[Wed May  8 04:00:00 2019]	Heart_mobile
[Wed May  8 04:00:00 2019]	Heart_web
[Wed May  8 04:00:00 2019]	Heart_mobile
[Wed May  8 04:00:01 2019]	Heart_web
[Wed May  8 04:00:01 2019]	Heart_mobile
[u'51751183', u'51690926', u'51759298', u'51728666', u'51695072']
15824397397
zsj0911*
0
------------------
17367078621
weiyuxin
0
------------------
15127529708
shijizhe
0.6
投币失败 硬币不足
投币失败 硬币不足
投币失败 硬币不足
------------------
13306522935
zjuZSJ0911*
0
------------------
[Wed May  8 04:05:00 2019]	Heart_web
[Wed May  8 04:05:00 2019]	Heart_mobile
[Wed May  8 04:05:00 2019]	Heart_web
[Wed May  8 04:05:00 2019]	Heart_mobile
[Wed May  8 04:05:00 2019]	Heart_web
[Wed May  8 04:05:00 2019]	Heart_mobile
[Wed May  8 04:05:00 2019]	Heart_web
[Wed May  8 04:05:00 2019]	Heart_mobile
[Wed May  8 04:10:00 2019]	Heart_web
[Wed May  8 04:10:00 2019]	Heart_mobile
[Wed May  8 04:10:00 2019]	Heart_web
[Wed May  8 04:10:00 2019]	Heart_mobile
[Wed May  8 04:10:00 2019]	Heart_web
[Wed May  8 04:10:00 2019]	Heart_mobile
[Wed May  8 04:10:00 2019]	Heart_web
[Wed May  8 04:10:00 2019]	Heart_mobile
[Wed May  8 04:15:00 2019]	Heart_web
[Wed May  8 04:15:00 2019]	Heart_mobile
[Wed May  8 04:15:00 2019]	Heart_web
[Wed May  8 04:15:00 2019]	Heart_mobile
[Wed May  8 04:15:00 2019]	Heart_web
[Wed May  8 04:15:00 2019]	Heart_mobile
[Wed May  8 04:15:00 2019]	Heart_web
[Wed May  8 04:15:00 2019]	Heart_mobile
[Wed May  8 04:20:00 2019]	Heart_web
[Wed May  8 04:20:00 2019]	Heart_mobile
[Wed May  8 04:20:00 2019]	Heart_web
[Wed May  8 04:20:00 2019]	Heart_mobile
[Wed May  8 04:20:00 2019]	Heart_web
[Wed May  8 04:20:00 2019]	Heart_mobile
[Wed May  8 04:20:00 2019]	Heart_web
[Wed May  8 04:20:00 2019]	Heart_mobile
[Wed May  8 04:25:00 2019]	Heart_web
[Wed May  8 04:25:00 2019]	Heart_mobile
[Wed May  8 04:25:00 2019]	Heart_web
[Wed May  8 04:25:00 2019]	Heart_mobile
[Wed May  8 04:25:00 2019]	Heart_web
[Wed May  8 04:25:00 2019]	Heart_mobile
[Wed May  8 04:25:00 2019]	Heart_web
[Wed May  8 04:25:00 2019]	Heart_mobile
[Wed May  8 04:30:00 2019]	Heart_web
[Wed May  8 04:30:00 2019]	Heart_mobile
[Wed May  8 04:30:00 2019]	Heart_web
[Wed May  8 04:30:00 2019]	Heart_mobile
[Wed May  8 04:30:00 2019]	Heart_web
[Wed May  8 04:30:00 2019]	Heart_mobile
[Wed May  8 04:30:00 2019]	Heart_web
[Wed May  8 04:30:00 2019]	Heart_mobile
[Wed May  8 04:35:00 2019]	Heart_web
[Wed May  8 04:35:00 2019]	Heart_mobile
[Wed May  8 04:35:00 2019]	Heart_web
[Wed May  8 04:35:00 2019]	Heart_mobile
[Wed May  8 04:35:00 2019]	Heart_web
[Wed May  8 04:35:00 2019]	Heart_mobile
[Wed May  8 04:35:00 2019]	Heart_web
[Wed May  8 04:35:00 2019]	Heart_mobile
[Wed May  8 04:40:00 2019]	Heart_web
[Wed May  8 04:40:00 2019]	Heart_mobile
[Wed May  8 04:40:00 2019]	Heart_web
[Wed May  8 04:40:00 2019]	Heart_mobile
[Wed May  8 04:40:00 2019]	Heart_web
[Wed May  8 04:40:00 2019]	Heart_mobile
[Wed May  8 04:40:00 2019]	Heart_web
[Wed May  8 04:40:00 2019]	Heart_mobile
[Wed May  8 04:45:00 2019]	Heart_web
[Wed May  8 04:45:00 2019]	Heart_mobile
[Wed May  8 04:45:00 2019]	Heart_web
[Wed May  8 04:45:00 2019]	Heart_mobile
[Wed May  8 04:45:00 2019]	Heart_web
[Wed May  8 04:45:00 2019]	Heart_mobile
[Wed May  8 04:45:00 2019]	Heart_web
[Wed May  8 04:45:01 2019]	Heart_mobile
[Wed May  8 04:50:00 2019]	Heart_web
[Wed May  8 04:50:00 2019]	Heart_mobile
[Wed May  8 04:50:00 2019]	Heart_web
[Wed May  8 04:50:00 2019]	Heart_mobile
[Wed May  8 04:50:00 2019]	Heart_web
[Wed May  8 04:50:00 2019]	Heart_mobile
[Wed May  8 04:50:00 2019]	Heart_web
[Wed May  8 04:50:00 2019]	Heart_mobile
[Wed May  8 04:55:00 2019]	Heart_web
[Wed May  8 04:55:00 2019]	Heart_mobile
[Wed May  8 04:55:00 2019]	Heart_web
[Wed May  8 04:55:00 2019]	Heart_mobile
[Wed May  8 04:55:00 2019]	Heart_web
[Wed May  8 04:55:00 2019]	Heart_mobile
[Wed May  8 04:55:00 2019]	Heart_web
[Wed May  8 04:55:00 2019]	Heart_mobile
[Wed May  8 05:00:00 2019]	Heart_web
[Wed May  8 05:00:00 2019]	Heart_mobile
[Wed May  8 05:00:00 2019]	Heart_web
[Wed May  8 05:00:00 2019]	Heart_mobile
[Wed May  8 05:00:00 2019]	Heart_web
[Wed May  8 05:00:00 2019]	Heart_mobile
[Wed May  8 05:00:01 2019]	Heart_web
[Wed May  8 05:00:01 2019]	Heart_mobile
[u'51751183', u'51690926', u'51728666', u'51695072', u'51685245']
15824397397
zsj0911*
0
------------------
17367078621
weiyuxin
0
------------------
15127529708
shijizhe
0.6
投币失败 硬币不足
投币失败 硬币不足
投币失败 硬币不足
------------------
13306522935
zjuZSJ0911*
0
------------------
[Wed May  8 05:05:00 2019]	Heart_web
[Wed May  8 05:05:00 2019]	Heart_mobile
[Wed May  8 05:05:00 2019]	Heart_web
[Wed May  8 05:05:00 2019]	Heart_mobile
[Wed May  8 05:05:00 2019]	Heart_web
[Wed May  8 05:05:00 2019]	Heart_mobile
[Wed May  8 05:05:00 2019]	Heart_web
[Wed May  8 05:05:00 2019]	Heart_mobile
[Wed May  8 05:10:00 2019]	Heart_web
[Wed May  8 05:10:00 2019]	Heart_mobile
[Wed May  8 05:10:00 2019]	Heart_web
[Wed May  8 05:10:00 2019]	Heart_mobile
[Wed May  8 05:10:00 2019]	Heart_web
[Wed May  8 05:10:00 2019]	Heart_mobile
[Wed May  8 05:10:00 2019]	Heart_web
[Wed May  8 05:10:00 2019]	Heart_mobile
[Wed May  8 05:15:00 2019]	Heart_web
[Wed May  8 05:15:00 2019]	Heart_mobile
[Wed May  8 05:15:00 2019]	Heart_web
[Wed May  8 05:15:00 2019]	Heart_mobile
[Wed May  8 05:15:00 2019]	Heart_web
[Wed May  8 05:15:00 2019]	Heart_mobile
[Wed May  8 05:15:00 2019]	Heart_web
[Wed May  8 05:15:00 2019]	Heart_mobile
[Wed May  8 05:20:00 2019]	Heart_web
[Wed May  8 05:20:00 2019]	Heart_mobile
[Wed May  8 05:20:00 2019]	Heart_web
[Wed May  8 05:20:00 2019]	Heart_mobile
[Wed May  8 05:20:00 2019]	Heart_web
[Wed May  8 05:20:00 2019]	Heart_mobile
[Wed May  8 05:20:00 2019]	Heart_web
[Wed May  8 05:20:00 2019]	Heart_mobile
[Wed May  8 05:25:00 2019]	Heart_web
[Wed May  8 05:25:00 2019]	Heart_mobile
[Wed May  8 05:25:00 2019]	Heart_web
[Wed May  8 05:25:00 2019]	Heart_mobile
[Wed May  8 05:25:00 2019]	Heart_web
[Wed May  8 05:25:00 2019]	Heart_mobile
[Wed May  8 05:25:01 2019]	Heart_web
[Wed May  8 05:25:01 2019]	Heart_mobile
[Wed May  8 05:30:00 2019]	Heart_web
[Wed May  8 05:30:00 2019]	Heart_mobile
[Wed May  8 05:30:00 2019]	Heart_web
[Wed May  8 05:30:00 2019]	Heart_mobile
[Wed May  8 05:30:00 2019]	Heart_web
[Wed May  8 05:30:00 2019]	Heart_mobile
[Wed May  8 05:30:00 2019]	Heart_web
[Wed May  8 05:30:00 2019]	Heart_mobile
[Wed May  8 05:35:00 2019]	Heart_web
[Wed May  8 05:35:00 2019]	Heart_mobile
[Wed May  8 05:35:00 2019]	Heart_web
[Wed May  8 05:35:00 2019]	Heart_mobile
[Wed May  8 05:35:00 2019]	Heart_web
[Wed May  8 05:35:00 2019]	Heart_mobile
[Wed May  8 05:35:00 2019]	Heart_web
[Wed May  8 05:35:00 2019]	Heart_mobile
[Wed May  8 05:40:00 2019]	Heart_web
[Wed May  8 05:40:00 2019]	Heart_mobile
[Wed May  8 05:40:00 2019]	Heart_web
[Wed May  8 05:40:00 2019]	Heart_mobile
[Wed May  8 05:40:00 2019]	Heart_web
[Wed May  8 05:40:00 2019]	Heart_mobile
[Wed May  8 05:40:00 2019]	Heart_web
[Wed May  8 05:40:00 2019]	Heart_mobile
[Wed May  8 05:45:00 2019]	Heart_web
[Wed May  8 05:45:00 2019]	Heart_mobile
[Wed May  8 05:45:00 2019]	Heart_web
[Wed May  8 05:45:00 2019]	Heart_mobile
[Wed May  8 05:45:00 2019]	Heart_web
[Wed May  8 05:45:00 2019]	Heart_mobile
[Wed May  8 05:45:00 2019]	Heart_web
[Wed May  8 05:45:01 2019]	Heart_mobile
[Wed May  8 05:50:00 2019]	Heart_web
[Wed May  8 05:50:00 2019]	Heart_mobile
[Wed May  8 05:50:00 2019]	Heart_web
[Wed May  8 05:50:00 2019]	Heart_mobile
[Wed May  8 05:50:00 2019]	Heart_web
[Wed May  8 05:50:00 2019]	Heart_mobile
[Wed May  8 05:50:00 2019]	Heart_web
[Wed May  8 05:50:01 2019]	Heart_mobile
[Wed May  8 05:55:00 2019]	Heart_web
[Wed May  8 05:55:00 2019]	Heart_mobile
[Wed May  8 05:55:00 2019]	Heart_web
[Wed May  8 05:55:00 2019]	Heart_mobile
[Wed May  8 05:55:00 2019]	Heart_web
[Wed May  8 05:55:00 2019]	Heart_mobile
[Wed May  8 05:55:01 2019]	Heart_web
[Wed May  8 05:55:01 2019]	Heart_mobile
[Wed May  8 06:00:00 2019]	Heart_web
[Wed May  8 06:00:00 2019]	Heart_mobile
[Wed May  8 06:00:00 2019]	Heart_web
[Wed May  8 06:00:00 2019]	Heart_mobile
[Wed May  8 06:00:00 2019]	Heart_web
[Wed May  8 06:00:00 2019]	Heart_mobile
[Wed May  8 06:00:00 2019]	Heart_web
[Wed May  8 06:00:00 2019]	Heart_mobile
[u'51751183', u'51690926', u'51759298', u'51727433', u'51728666']
15824397397
zsj0911*
0
------------------
17367078621
weiyuxin
0
------------------
15127529708
shijizhe
0.6
投币失败 硬币不足
投币失败 硬币不足
投币失败 硬币不足
------------------
13306522935
zjuZSJ0911*
0
------------------
[Wed May  8 06:05:00 2019]	Heart_web
[Wed May  8 06:05:00 2019]	Heart_mobile
[Wed May  8 06:05:00 2019]	Heart_web
[Wed May  8 06:05:00 2019]	Heart_mobile
[Wed May  8 06:05:00 2019]	Heart_web
[Wed May  8 06:05:00 2019]	Heart_mobile
[Wed May  8 06:05:00 2019]	Heart_web
[Wed May  8 06:05:00 2019]	Heart_mobile
[Wed May  8 06:10:00 2019]	Heart_web
[Wed May  8 06:10:00 2019]	Heart_mobile
[Wed May  8 06:10:00 2019]	Heart_web
[Wed May  8 06:10:00 2019]	Heart_mobile
[Wed May  8 06:10:00 2019]	Heart_web
[Wed May  8 06:10:00 2019]	Heart_mobile
[Wed May  8 06:10:01 2019]	Heart_web
[Wed May  8 06:10:01 2019]	Heart_mobile
[Wed May  8 06:15:00 2019]	Heart_web
[Wed May  8 06:15:00 2019]	Heart_mobile
[Wed May  8 06:15:00 2019]	Heart_web
[Wed May  8 06:15:00 2019]	Heart_mobile
[Wed May  8 06:15:00 2019]	Heart_web
[Wed May  8 06:15:00 2019]	Heart_mobile
[Wed May  8 06:15:01 2019]	Heart_web
[Wed May  8 06:15:01 2019]	Heart_mobile
[Wed May  8 06:20:00 2019]	Heart_web
[Wed May  8 06:20:00 2019]	Heart_mobile
[Wed May  8 06:20:00 2019]	Heart_web
[Wed May  8 06:20:00 2019]	Heart_mobile
[Wed May  8 06:20:00 2019]	Heart_web
[Wed May  8 06:20:00 2019]	Heart_mobile
[Wed May  8 06:20:00 2019]	Heart_web
[Wed May  8 06:20:00 2019]	Heart_mobile
[Wed May  8 06:25:00 2019]	Heart_web
[Wed May  8 06:25:00 2019]	Heart_mobile
[Wed May  8 06:25:00 2019]	Heart_web
[Wed May  8 06:25:00 2019]	Heart_mobile
[Wed May  8 06:25:00 2019]	Heart_web
[Wed May  8 06:25:00 2019]	Heart_mobile
[Wed May  8 06:25:00 2019]	Heart_web
[Wed May  8 06:25:00 2019]	Heart_mobile
[Wed May  8 06:30:00 2019]	Heart_web
[Wed May  8 06:30:00 2019]	Heart_mobile
[Wed May  8 06:30:00 2019]	Heart_web
[Wed May  8 06:30:00 2019]	Heart_mobile
[Wed May  8 06:30:00 2019]	Heart_web
[Wed May  8 06:30:00 2019]	Heart_mobile
[Wed May  8 06:30:00 2019]	Heart_web
[Wed May  8 06:30:00 2019]	Heart_mobile
[Wed May  8 06:35:00 2019]	Heart_web
[Wed May  8 06:35:00 2019]	Heart_mobile
[Wed May  8 06:35:00 2019]	Heart_web
[Wed May  8 06:35:00 2019]	Heart_mobile
[Wed May  8 06:35:00 2019]	Heart_web
[Wed May  8 06:35:00 2019]	Heart_mobile
[Wed May  8 06:35:00 2019]	Heart_web
[Wed May  8 06:35:00 2019]	Heart_mobile
[Wed May  8 06:40:00 2019]	Heart_web
[Wed May  8 06:40:00 2019]	Heart_mobile
[Wed May  8 06:40:00 2019]	Heart_web
[Wed May  8 06:40:00 2019]	Heart_mobile
[Wed May  8 06:40:00 2019]	Heart_web
[Wed May  8 06:40:00 2019]	Heart_mobile
[Wed May  8 06:40:00 2019]	Heart_web
[Wed May  8 06:40:00 2019]	Heart_mobile
[Wed May  8 06:45:00 2019]	Heart_web
[Wed May  8 06:45:00 2019]	Heart_mobile
[Wed May  8 06:45:00 2019]	Heart_web
[Wed May  8 06:45:00 2019]	Heart_mobile
[Wed May  8 06:45:00 2019]	Heart_web
[Wed May  8 06:45:00 2019]	Heart_mobile
[Wed May  8 06:45:00 2019]	Heart_web
[Wed May  8 06:45:00 2019]	Heart_mobile
[Wed May  8 06:50:00 2019]	Heart_web
[Wed May  8 06:50:00 2019]	Heart_mobile
[Wed May  8 06:50:00 2019]	Heart_web
[Wed May  8 06:50:00 2019]	Heart_mobile
[Wed May  8 06:50:00 2019]	Heart_web
[Wed May  8 06:50:00 2019]	Heart_mobile
[Wed May  8 06:50:00 2019]	Heart_web
[Wed May  8 06:50:00 2019]	Heart_mobile
[Wed May  8 06:55:00 2019]	Heart_web
[Wed May  8 06:55:00 2019]	Heart_mobile
[Wed May  8 06:55:00 2019]	Heart_web
[Wed May  8 06:55:00 2019]	Heart_mobile
[Wed May  8 06:55:00 2019]	Heart_web
[Wed May  8 06:55:00 2019]	Heart_mobile
[Wed May  8 06:55:00 2019]	Heart_web
[Wed May  8 06:55:01 2019]	Heart_mobile
[Wed May  8 07:00:00 2019]	Heart_web
[Wed May  8 07:00:00 2019]	Heart_mobile
[Wed May  8 07:00:00 2019]	Heart_web
[Wed May  8 07:00:00 2019]	Heart_mobile
[Wed May  8 07:00:00 2019]	Heart_web
[Wed May  8 07:00:00 2019]	Heart_mobile
[Wed May  8 07:00:01 2019]	Heart_web
[Wed May  8 07:00:01 2019]	Heart_mobile
[u'51751183', u'51690926', u'51759298', u'51727433', u'51728666']
15824397397
zsj0911*
0
------------------
17367078621
weiyuxin
0
------------------
15127529708
shijizhe
0.6
投币失败 硬币不足
投币失败 硬币不足
投币失败 硬币不足
------------------
13306522935
zjuZSJ0911*
0
------------------
[Wed May  8 07:05:00 2019]	Heart_web
[Wed May  8 07:05:00 2019]	Heart_mobile
[Wed May  8 07:05:00 2019]	Heart_web
[Wed May  8 07:05:00 2019]	Heart_mobile
[Wed May  8 07:05:00 2019]	Heart_web
[Wed May  8 07:05:00 2019]	Heart_mobile
[Wed May  8 07:05:00 2019]	Heart_web
[Wed May  8 07:05:00 2019]	Heart_mobile
[Wed May  8 07:10:00 2019]	Heart_web
[Wed May  8 07:10:00 2019]	Heart_mobile
[Wed May  8 07:10:00 2019]	Heart_web
[Wed May  8 07:10:00 2019]	Heart_mobile
[Wed May  8 07:10:00 2019]	Heart_web
[Wed May  8 07:10:00 2019]	Heart_mobile
[Wed May  8 07:10:00 2019]	Heart_web
[Wed May  8 07:10:00 2019]	Heart_mobile
[Wed May  8 07:15:00 2019]	Heart_web
[Wed May  8 07:15:00 2019]	Heart_mobile
[Wed May  8 07:15:00 2019]	Heart_web
[Wed May  8 07:15:00 2019]	Heart_mobile
[Wed May  8 07:15:00 2019]	Heart_web
[Wed May  8 07:15:00 2019]	Heart_mobile
[Wed May  8 07:15:00 2019]	Heart_web
[Wed May  8 07:15:00 2019]	Heart_mobile
[Wed May  8 07:20:00 2019]	Heart_web
[Wed May  8 07:20:00 2019]	Heart_mobile
[Wed May  8 07:20:00 2019]	Heart_web
[Wed May  8 07:20:00 2019]	Heart_mobile
[Wed May  8 07:20:00 2019]	Heart_web
[Wed May  8 07:20:00 2019]	Heart_mobile
[Wed May  8 07:20:00 2019]	Heart_web
[Wed May  8 07:20:00 2019]	Heart_mobile
[Wed May  8 07:25:00 2019]	Heart_web
[Wed May  8 07:25:00 2019]	Heart_mobile
[Wed May  8 07:25:00 2019]	Heart_web
[Wed May  8 07:25:00 2019]	Heart_mobile
[Wed May  8 07:25:00 2019]	Heart_web
[Wed May  8 07:25:00 2019]	Heart_mobile
[Wed May  8 07:25:00 2019]	Heart_web
[Wed May  8 07:25:00 2019]	Heart_mobile
[Wed May  8 07:30:00 2019]	Heart_web
[Wed May  8 07:30:00 2019]	Heart_mobile
[Wed May  8 07:30:00 2019]	Heart_web
[Wed May  8 07:30:00 2019]	Heart_mobile
[Wed May  8 07:30:00 2019]	Heart_web
[Wed May  8 07:30:00 2019]	Heart_mobile
[Wed May  8 07:30:00 2019]	Heart_web
[Wed May  8 07:30:01 2019]	Heart_mobile
[Wed May  8 07:35:00 2019]	Heart_web
[Wed May  8 07:35:00 2019]	Heart_mobile
[Wed May  8 07:35:00 2019]	Heart_web
[Wed May  8 07:35:00 2019]	Heart_mobile
[Wed May  8 07:35:00 2019]	Heart_web
[Wed May  8 07:35:00 2019]	Heart_mobile
[Wed May  8 07:35:00 2019]	Heart_web
[Wed May  8 07:35:00 2019]	Heart_mobile
[Wed May  8 07:40:00 2019]	Heart_web
[Wed May  8 07:40:00 2019]	Heart_mobile
[Wed May  8 07:40:00 2019]	Heart_web
[Wed May  8 07:40:00 2019]	Heart_mobile
[Wed May  8 07:40:00 2019]	Heart_web
[Wed May  8 07:40:00 2019]	Heart_mobile
[Wed May  8 07:40:00 2019]	Heart_web
[Wed May  8 07:40:00 2019]	Heart_mobile
[Wed May  8 07:45:00 2019]	Heart_web
[Wed May  8 07:45:00 2019]	Heart_mobile
[Wed May  8 07:45:00 2019]	Heart_web
[Wed May  8 07:45:00 2019]	Heart_mobile
[Wed May  8 07:45:00 2019]	Heart_web
[Wed May  8 07:45:00 2019]	Heart_mobile
[Wed May  8 07:45:00 2019]	Heart_web
[Wed May  8 07:45:00 2019]	Heart_mobile
[Wed May  8 07:50:00 2019]	Heart_web
[Wed May  8 07:50:00 2019]	Heart_mobile
[Wed May  8 07:50:00 2019]	Heart_web
[Wed May  8 07:50:00 2019]	Heart_mobile
[Wed May  8 07:50:00 2019]	Heart_web
[Wed May  8 07:50:00 2019]	Heart_mobile
[Wed May  8 07:50:01 2019]	Heart_web
[Wed May  8 07:50:01 2019]	Heart_mobile
[Wed May  8 07:55:00 2019]	Heart_web
[Wed May  8 07:55:00 2019]	Heart_mobile
[Wed May  8 07:55:00 2019]	Heart_web
[Wed May  8 07:55:00 2019]	Heart_mobile
[Wed May  8 07:55:00 2019]	Heart_web
[Wed May  8 07:55:00 2019]	Heart_mobile
[Wed May  8 07:55:00 2019]	Heart_web
[Wed May  8 07:55:00 2019]	Heart_mobile
[Wed May  8 08:00:00 2019]	Heart_web
[Wed May  8 08:00:00 2019]	Heart_mobile
[Wed May  8 08:00:00 2019]	Heart_web
[Wed May  8 08:00:00 2019]	Heart_mobile
[Wed May  8 08:00:00 2019]	Heart_web
[Wed May  8 08:00:00 2019]	Heart_mobile
[Wed May  8 08:00:01 2019]	Heart_web
[Wed May  8 08:00:01 2019]	Heart_mobile
[u'51759298', u'51727433', u'51728666', u'51695072', u'51685245']
15824397397
zsj0911*
0
------------------
17367078621
weiyuxin
0
------------------
15127529708
shijizhe
0.6
投币失败 硬币不足
投币失败 硬币不足
投币失败 硬币不足
------------------
13306522935
zjuZSJ0911*
0
------------------
[Wed May  8 08:05:00 2019]	Heart_web
[Wed May  8 08:05:00 2019]	Heart_mobile
[Wed May  8 08:05:00 2019]	Heart_web
[Wed May  8 08:05:00 2019]	Heart_mobile
[Wed May  8 08:05:00 2019]	Heart_web
[Wed May  8 08:05:00 2019]	Heart_mobile
[Wed May  8 08:05:01 2019]	Heart_web
[Wed May  8 08:05:01 2019]	Heart_mobile
[Wed May  8 08:10:00 2019]	Heart_web
[Wed May  8 08:10:00 2019]	Heart_mobile
[Wed May  8 08:10:00 2019]	Heart_web
[Wed May  8 08:10:00 2019]	Heart_mobile
[Wed May  8 08:10:00 2019]	Heart_web
[Wed May  8 08:10:00 2019]	Heart_mobile
[Wed May  8 08:10:01 2019]	Heart_web
[Wed May  8 08:10:01 2019]	Heart_mobile
[Wed May  8 08:15:00 2019]	Heart_web
[Wed May  8 08:15:00 2019]	Heart_mobile
[Wed May  8 08:15:00 2019]	Heart_web
[Wed May  8 08:15:00 2019]	Heart_mobile
[Wed May  8 08:15:00 2019]	Heart_web
[Wed May  8 08:15:00 2019]	Heart_mobile
[Wed May  8 08:15:00 2019]	Heart_web
[Wed May  8 08:15:00 2019]	Heart_mobile
[Wed May  8 08:20:00 2019]	Heart_web
[Wed May  8 08:20:00 2019]	Heart_mobile
[Wed May  8 08:20:00 2019]	Heart_web
[Wed May  8 08:20:00 2019]	Heart_mobile
[Wed May  8 08:20:00 2019]	Heart_web
[Wed May  8 08:20:00 2019]	Heart_mobile
[Wed May  8 08:20:00 2019]	Heart_web
[Wed May  8 08:20:00 2019]	Heart_mobile
[Wed May  8 08:25:00 2019]	Heart_web
[Wed May  8 08:25:00 2019]	Heart_mobile
[Wed May  8 08:25:00 2019]	Heart_web
[Wed May  8 08:25:00 2019]	Heart_mobile
[Wed May  8 08:25:00 2019]	Heart_web
[Wed May  8 08:25:00 2019]	Heart_mobile
[Wed May  8 08:25:00 2019]	Heart_web
[Wed May  8 08:25:00 2019]	Heart_mobile
[Wed May  8 08:30:00 2019]	Heart_web
[Wed May  8 08:30:00 2019]	Heart_mobile
[Wed May  8 08:30:00 2019]	Heart_web
[Wed May  8 08:30:00 2019]	Heart_mobile
[Wed May  8 08:30:00 2019]	Heart_web
[Wed May  8 08:30:00 2019]	Heart_mobile
[Wed May  8 08:30:00 2019]	Heart_web
[Wed May  8 08:30:00 2019]	Heart_mobile
[Wed May  8 08:35:00 2019]	Heart_web
[Wed May  8 08:35:00 2019]	Heart_mobile
[Wed May  8 08:35:00 2019]	Heart_web
[Wed May  8 08:35:00 2019]	Heart_mobile
[Wed May  8 08:35:00 2019]	Heart_web
[Wed May  8 08:35:00 2019]	Heart_mobile
[Wed May  8 08:35:01 2019]	Heart_web
[Wed May  8 08:35:01 2019]	Heart_mobile
[Wed May  8 08:40:00 2019]	Heart_web
[Wed May  8 08:40:00 2019]	Heart_mobile
[Wed May  8 08:40:00 2019]	Heart_web
[Wed May  8 08:40:00 2019]	Heart_mobile
[Wed May  8 08:40:00 2019]	Heart_web
[Wed May  8 08:40:00 2019]	Heart_mobile
[Wed May  8 08:40:00 2019]	Heart_web
[Wed May  8 08:40:01 2019]	Heart_mobile
[Wed May  8 08:45:00 2019]	Heart_web
[Wed May  8 08:45:00 2019]	Heart_mobile
[Wed May  8 08:45:00 2019]	Heart_web
[Wed May  8 08:45:00 2019]	Heart_mobile
[Wed May  8 08:45:00 2019]	Heart_web
[Wed May  8 08:45:00 2019]	Heart_mobile
[Wed May  8 08:45:01 2019]	Heart_web
[Wed May  8 08:45:01 2019]	Heart_mobile
[Wed May  8 08:50:00 2019]	Heart_web
[Wed May  8 08:50:00 2019]	Heart_mobile
[Wed May  8 08:50:00 2019]	Heart_web
[Wed May  8 08:50:00 2019]	Heart_mobile
[Wed May  8 08:50:00 2019]	Heart_web
[Wed May  8 08:50:00 2019]	Heart_mobile
[Wed May  8 08:50:00 2019]	Heart_web
[Wed May  8 08:50:01 2019]	Heart_mobile
[Wed May  8 08:55:00 2019]	Heart_web
[Wed May  8 08:55:00 2019]	Heart_mobile
[Wed May  8 08:55:00 2019]	Heart_web
[Wed May  8 08:55:00 2019]	Heart_mobile
[Wed May  8 08:55:00 2019]	Heart_web
[Wed May  8 08:55:00 2019]	Heart_mobile
[Wed May  8 08:55:00 2019]	Heart_web
[Wed May  8 08:55:00 2019]	Heart_mobile
[Wed May  8 09:00:00 2019]	Heart_web
[Wed May  8 09:00:00 2019]	Heart_mobile
[Wed May  8 09:00:00 2019]	Heart_web
[Wed May  8 09:00:00 2019]	Heart_mobile
[Wed May  8 09:00:00 2019]	Heart_web
[Wed May  8 09:00:00 2019]	Heart_mobile
[Wed May  8 09:00:00 2019]	Heart_web
[Wed May  8 09:00:01 2019]	Heart_mobile
[u'51759298', u'51727433', u'51728666', u'51695072', u'51685245']
15824397397
zsj0911*
0
------------------
17367078621
weiyuxin
0
------------------
15127529708
shijizhe
0.6
投币失败 硬币不足
投币失败 硬币不足
投币失败 硬币不足
------------------
13306522935
zjuZSJ0911*
0
------------------
[Wed May  8 09:05:00 2019]	Heart_web
[Wed May  8 09:05:00 2019]	Heart_mobile
[Wed May  8 09:05:00 2019]	Heart_web
[Wed May  8 09:05:00 2019]	Heart_mobile
[Wed May  8 09:05:00 2019]	Heart_web
[Wed May  8 09:05:00 2019]	Heart_mobile
[Wed May  8 09:05:00 2019]	Heart_web
[Wed May  8 09:05:00 2019]	Heart_mobile
[Wed May  8 09:10:00 2019]	Heart_web
[Wed May  8 09:10:00 2019]	Heart_mobile
[Wed May  8 09:10:00 2019]	Heart_web
[Wed May  8 09:10:00 2019]	Heart_mobile
[Wed May  8 09:10:00 2019]	Heart_web
[Wed May  8 09:10:00 2019]	Heart_mobile
[Wed May  8 09:10:01 2019]	Heart_web
[Wed May  8 09:10:01 2019]	Heart_mobile
[Wed May  8 09:15:00 2019]	Heart_web
[Wed May  8 09:15:00 2019]	Heart_mobile
[Wed May  8 09:15:00 2019]	Heart_web
[Wed May  8 09:15:00 2019]	Heart_mobile
[Wed May  8 09:15:00 2019]	Heart_web
[Wed May  8 09:15:00 2019]	Heart_mobile
[Wed May  8 09:15:00 2019]	Heart_web
[Wed May  8 09:15:01 2019]	Heart_mobile
[Wed May  8 09:20:00 2019]	Heart_web
[Wed May  8 09:20:00 2019]	Heart_mobile
[Wed May  8 09:20:00 2019]	Heart_web
[Wed May  8 09:20:00 2019]	Heart_mobile
[Wed May  8 09:20:00 2019]	Heart_web
[Wed May  8 09:20:00 2019]	Heart_mobile
[Wed May  8 09:20:00 2019]	Heart_web
[Wed May  8 09:20:00 2019]	Heart_mobile
[Wed May  8 09:25:00 2019]	Heart_web
[Wed May  8 09:25:00 2019]	Heart_mobile
[Wed May  8 09:25:00 2019]	Heart_web
[Wed May  8 09:25:00 2019]	Heart_mobile
[Wed May  8 09:25:00 2019]	Heart_web
[Wed May  8 09:25:00 2019]	Heart_mobile
[Wed May  8 09:25:01 2019]	Heart_web
[Wed May  8 09:25:01 2019]	Heart_mobile
[Wed May  8 09:30:00 2019]	Heart_web
[Wed May  8 09:30:00 2019]	Heart_mobile
[Wed May  8 09:30:00 2019]	Heart_web
[Wed May  8 09:30:00 2019]	Heart_mobile
[Wed May  8 09:30:00 2019]	Heart_web
[Wed May  8 09:30:00 2019]	Heart_mobile
[Wed May  8 09:30:01 2019]	Heart_web
[Wed May  8 09:30:01 2019]	Heart_mobile
[Wed May  8 09:35:00 2019]	Heart_web
[Wed May  8 09:35:00 2019]	Heart_mobile
[Wed May  8 09:35:00 2019]	Heart_web
[Wed May  8 09:35:00 2019]	Heart_mobile
[Wed May  8 09:35:00 2019]	Heart_web
[Wed May  8 09:35:00 2019]	Heart_mobile
[Wed May  8 09:35:00 2019]	Heart_web
[Wed May  8 09:35:00 2019]	Heart_mobile
[Wed May  8 09:40:00 2019]	Heart_web
[Wed May  8 09:40:00 2019]	Heart_mobile
[Wed May  8 09:40:00 2019]	Heart_web
[Wed May  8 09:40:00 2019]	Heart_mobile
[Wed May  8 09:40:00 2019]	Heart_web
[Wed May  8 09:40:00 2019]	Heart_mobile
[Wed May  8 09:40:00 2019]	Heart_web
[Wed May  8 09:40:00 2019]	Heart_mobile
[Wed May  8 09:45:00 2019]	Heart_web
[Wed May  8 09:45:00 2019]	Heart_mobile
[Wed May  8 09:45:00 2019]	Heart_web
[Wed May  8 09:45:00 2019]	Heart_mobile
[Wed May  8 09:45:00 2019]	Heart_web
[Wed May  8 09:45:00 2019]	Heart_mobile
[Wed May  8 09:45:00 2019]	Heart_web
[Wed May  8 09:45:00 2019]	Heart_mobile
[Wed May  8 09:50:00 2019]	Heart_web
[Wed May  8 09:50:00 2019]	Heart_mobile
[Wed May  8 09:50:00 2019]	Heart_web
[Wed May  8 09:50:00 2019]	Heart_mobile
[Wed May  8 09:50:00 2019]	Heart_web
[Wed May  8 09:50:00 2019]	Heart_mobile
[Wed May  8 09:50:00 2019]	Heart_web
[Wed May  8 09:50:01 2019]	Heart_mobile
[Wed May  8 09:55:00 2019]	Heart_web
[Wed May  8 09:55:00 2019]	Heart_mobile
[Wed May  8 09:55:00 2019]	Heart_web
[Wed May  8 09:55:00 2019]	Heart_mobile
[Wed May  8 09:55:00 2019]	Heart_web
[Wed May  8 09:55:00 2019]	Heart_mobile
[Wed May  8 09:55:00 2019]	Heart_web
[Wed May  8 09:55:00 2019]	Heart_mobile
[Wed May  8 10:00:00 2019]	Heart_web
[Wed May  8 10:00:00 2019]	Heart_mobile
[Wed May  8 10:00:00 2019]	Heart_web
[Wed May  8 10:00:00 2019]	Heart_mobile
[Wed May  8 10:00:00 2019]	Heart_web
[Wed May  8 10:00:00 2019]	Heart_mobile
[Wed May  8 10:00:00 2019]	Heart_web
[Wed May  8 10:00:00 2019]	Heart_mobile
[u'51759298', u'51727433', u'51728666', u'51685245', u'51756851']
15824397397
zsj0911*
0
------------------
17367078621
weiyuxin
0
------------------
15127529708
shijizhe
0.6
投币失败 硬币不足
投币失败 硬币不足
投币失败 硬币不足
------------------
13306522935
zjuZSJ0911*
0
------------------
[Wed May  8 10:05:00 2019]	Heart_web
[Wed May  8 10:05:00 2019]	Heart_mobile
[Wed May  8 10:05:00 2019]	Heart_web
[Wed May  8 10:05:00 2019]	Heart_mobile
[Wed May  8 10:05:00 2019]	Heart_web
[Wed May  8 10:05:00 2019]	Heart_mobile
[Wed May  8 10:05:00 2019]	Heart_web
[Wed May  8 10:05:01 2019]	Heart_mobile
[Wed May  8 10:10:00 2019]	Heart_web
[Wed May  8 10:10:00 2019]	Heart_mobile
[Wed May  8 10:10:00 2019]	Heart_web
[Wed May  8 10:10:00 2019]	Heart_mobile
[Wed May  8 10:10:00 2019]	Heart_web
[Wed May  8 10:10:00 2019]	Heart_mobile
[Wed May  8 10:10:00 2019]	Heart_web
[Wed May  8 10:10:01 2019]	Heart_mobile
[Wed May  8 10:15:00 2019]	Heart_web
[Wed May  8 10:15:00 2019]	Heart_mobile
[Wed May  8 10:15:00 2019]	Heart_web
[Wed May  8 10:15:00 2019]	Heart_mobile
[Wed May  8 10:15:00 2019]	Heart_web
[Wed May  8 10:15:00 2019]	Heart_mobile
[Wed May  8 10:15:01 2019]	Heart_web
[Wed May  8 10:15:01 2019]	Heart_mobile
[Wed May  8 10:20:00 2019]	Heart_web
[Wed May  8 10:20:00 2019]	Heart_mobile
[Wed May  8 10:20:00 2019]	Heart_web
[Wed May  8 10:20:00 2019]	Heart_mobile
[Wed May  8 10:20:00 2019]	Heart_web
[Wed May  8 10:20:00 2019]	Heart_mobile
[Wed May  8 10:20:00 2019]	Heart_web
[Wed May  8 10:20:01 2019]	Heart_mobile
[Wed May  8 10:25:00 2019]	Heart_web
[Wed May  8 10:25:00 2019]	Heart_mobile
[Wed May  8 10:25:00 2019]	Heart_web
[Wed May  8 10:25:00 2019]	Heart_mobile
[Wed May  8 10:25:00 2019]	Heart_web
[Wed May  8 10:25:00 2019]	Heart_mobile
[Wed May  8 10:25:00 2019]	Heart_web
[Wed May  8 10:25:00 2019]	Heart_mobile
[Wed May  8 10:30:00 2019]	Heart_web
[Wed May  8 10:30:00 2019]	Heart_mobile
[Wed May  8 10:30:00 2019]	Heart_web
[Wed May  8 10:30:00 2019]	Heart_mobile
[Wed May  8 10:30:00 2019]	Heart_web
[Wed May  8 10:30:00 2019]	Heart_mobile
[Wed May  8 10:30:01 2019]	Heart_web
[Wed May  8 10:30:01 2019]	Heart_mobile
[Wed May  8 10:35:00 2019]	Heart_web
[Wed May  8 10:35:00 2019]	Heart_mobile
[Wed May  8 10:35:00 2019]	Heart_web
[Wed May  8 10:35:00 2019]	Heart_mobile
[Wed May  8 10:35:00 2019]	Heart_web
[Wed May  8 10:35:00 2019]	Heart_mobile
[Wed May  8 10:35:01 2019]	Heart_web
[Wed May  8 10:35:01 2019]	Heart_mobile
[Wed May  8 10:40:00 2019]	Heart_web
[Wed May  8 10:40:00 2019]	Heart_mobile
[Wed May  8 10:40:00 2019]	Heart_web
[Wed May  8 10:40:00 2019]	Heart_mobile
[Wed May  8 10:40:00 2019]	Heart_web
[Wed May  8 10:40:00 2019]	Heart_mobile
[Wed May  8 10:40:00 2019]	Heart_web
[Wed May  8 10:40:01 2019]	Heart_mobile
[Wed May  8 10:45:00 2019]	Heart_web
[Wed May  8 10:45:00 2019]	Heart_mobile
[Wed May  8 10:45:00 2019]	Heart_web
[Wed May  8 10:45:00 2019]	Heart_mobile
[Wed May  8 10:45:00 2019]	Heart_web
[Wed May  8 10:45:00 2019]	Heart_mobile
[Wed May  8 10:45:00 2019]	Heart_web
[Wed May  8 10:45:01 2019]	Heart_mobile
[Wed May  8 10:50:00 2019]	Heart_web
[Wed May  8 10:50:00 2019]	Heart_mobile
[Wed May  8 10:50:00 2019]	Heart_web
[Wed May  8 10:50:00 2019]	Heart_mobile
[Wed May  8 10:50:00 2019]	Heart_web
[Wed May  8 10:50:00 2019]	Heart_mobile
[Wed May  8 10:50:00 2019]	Heart_web
[Wed May  8 10:50:00 2019]	Heart_mobile
[Wed May  8 10:55:00 2019]	Heart_web
[Wed May  8 10:55:00 2019]	Heart_mobile
[Wed May  8 10:55:00 2019]	Heart_web
[Wed May  8 10:55:00 2019]	Heart_mobile
[Wed May  8 10:55:00 2019]	Heart_web
[Wed May  8 10:55:00 2019]	Heart_mobile
[Wed May  8 10:55:00 2019]	Heart_web
[Wed May  8 10:55:00 2019]	Heart_mobile
[Wed May  8 11:00:00 2019]	Heart_web
[Wed May  8 11:00:00 2019]	Heart_mobile
[Wed May  8 11:00:00 2019]	Heart_web
[Wed May  8 11:00:00 2019]	Heart_mobile
[Wed May  8 11:00:00 2019]	Heart_web
[Wed May  8 11:00:00 2019]	Heart_mobile
[Wed May  8 11:00:00 2019]	Heart_web
[Wed May  8 11:00:00 2019]	Heart_mobile
[u'51759298', u'51727433', u'51728666', u'51685245', u'51756851']
15824397397
zsj0911*
0
------------------
17367078621
weiyuxin
0
------------------
15127529708
shijizhe
0.6
投币失败 硬币不足
投币失败 硬币不足
投币失败 硬币不足
------------------
13306522935
zjuZSJ0911*
0
------------------
[Wed May  8 11:05:00 2019]	Heart_web
[Wed May  8 11:05:00 2019]	Heart_mobile
[Wed May  8 11:05:00 2019]	Heart_web
[Wed May  8 11:05:00 2019]	Heart_mobile
[Wed May  8 11:05:00 2019]	Heart_web
[Wed May  8 11:05:00 2019]	Heart_mobile
[Wed May  8 11:05:00 2019]	Heart_web
[Wed May  8 11:05:00 2019]	Heart_mobile
[Wed May  8 11:10:00 2019]	Heart_web
[Wed May  8 11:10:00 2019]	Heart_mobile
[Wed May  8 11:10:00 2019]	Heart_web
[Wed May  8 11:10:00 2019]	Heart_mobile
[Wed May  8 11:10:00 2019]	Heart_web
[Wed May  8 11:10:00 2019]	Heart_mobile
[Wed May  8 11:10:00 2019]	Heart_web
[Wed May  8 11:10:00 2019]	Heart_mobile
[Wed May  8 11:15:00 2019]	Heart_web
[Wed May  8 11:15:00 2019]	Heart_mobile
[Wed May  8 11:15:00 2019]	Heart_web
[Wed May  8 11:15:00 2019]	Heart_mobile
[Wed May  8 11:15:00 2019]	Heart_web
[Wed May  8 11:15:00 2019]	Heart_mobile
[Wed May  8 11:15:00 2019]	Heart_web
[Wed May  8 11:15:00 2019]	Heart_mobile
[Wed May  8 11:20:00 2019]	Heart_web
[Wed May  8 11:20:00 2019]	Heart_mobile
[Wed May  8 11:20:00 2019]	Heart_web
[Wed May  8 11:20:00 2019]	Heart_mobile
[Wed May  8 11:20:00 2019]	Heart_web
[Wed May  8 11:20:00 2019]	Heart_mobile
[Wed May  8 11:20:01 2019]	Heart_web
[Wed May  8 11:20:01 2019]	Heart_mobile
[Wed May  8 11:25:00 2019]	Heart_web
[Wed May  8 11:25:00 2019]	Heart_mobile
[Wed May  8 11:25:00 2019]	Heart_web
[Wed May  8 11:25:00 2019]	Heart_mobile
[Wed May  8 11:25:00 2019]	Heart_web
[Wed May  8 11:25:00 2019]	Heart_mobile
[Wed May  8 11:25:01 2019]	Heart_web
[Wed May  8 11:25:01 2019]	Heart_mobile
[Wed May  8 11:30:00 2019]	Heart_web
[Wed May  8 11:30:00 2019]	Heart_mobile
[Wed May  8 11:30:00 2019]	Heart_web
[Wed May  8 11:30:00 2019]	Heart_mobile
[Wed May  8 11:30:00 2019]	Heart_web
[Wed May  8 11:30:00 2019]	Heart_mobile
[Wed May  8 11:30:00 2019]	Heart_web
[Wed May  8 11:30:01 2019]	Heart_mobile
[Wed May  8 11:35:00 2019]	Heart_web
[Wed May  8 11:35:00 2019]	Heart_mobile
[Wed May  8 11:35:00 2019]	Heart_web
[Wed May  8 11:35:00 2019]	Heart_mobile
[Wed May  8 11:35:00 2019]	Heart_web
[Wed May  8 11:35:00 2019]	Heart_mobile
[Wed May  8 11:35:00 2019]	Heart_web
[Wed May  8 11:35:01 2019]	Heart_mobile
[Wed May  8 11:40:00 2019]	Heart_web
[Wed May  8 11:40:00 2019]	Heart_mobile
[Wed May  8 11:40:00 2019]	Heart_web
[Wed May  8 11:40:00 2019]	Heart_mobile
[Wed May  8 11:40:00 2019]	Heart_web
[Wed May  8 11:40:00 2019]	Heart_mobile
[Wed May  8 11:40:00 2019]	Heart_web
[Wed May  8 11:40:00 2019]	Heart_mobile
[Wed May  8 11:45:00 2019]	Heart_web
[Wed May  8 11:45:00 2019]	Heart_mobile
[Wed May  8 11:45:00 2019]	Heart_web
[Wed May  8 11:45:00 2019]	Heart_mobile
[Wed May  8 11:45:00 2019]	Heart_web
[Wed May  8 11:45:00 2019]	Heart_mobile
[Wed May  8 11:45:00 2019]	Heart_web
[Wed May  8 11:45:00 2019]	Heart_mobile
[Wed May  8 11:50:00 2019]	Heart_web
[Wed May  8 11:50:00 2019]	Heart_mobile
[Wed May  8 11:50:00 2019]	Heart_web
[Wed May  8 11:50:00 2019]	Heart_mobile
[Wed May  8 11:50:00 2019]	Heart_web
[Wed May  8 11:50:00 2019]	Heart_mobile
[Wed May  8 11:50:01 2019]	Heart_web
[Wed May  8 11:50:01 2019]	Heart_mobile
[Wed May  8 11:55:00 2019]	Heart_web
[Wed May  8 11:55:00 2019]	Heart_mobile
[Wed May  8 11:55:00 2019]	Heart_web
[Wed May  8 11:55:00 2019]	Heart_mobile
[Wed May  8 11:55:00 2019]	Heart_web
[Wed May  8 11:55:00 2019]	Heart_mobile
[Wed May  8 11:55:00 2019]	Heart_web
[Wed May  8 11:55:00 2019]	Heart_mobile
[Wed May  8 12:00:00 2019]	Heart_web
[Wed May  8 12:00:00 2019]	Heart_mobile
[Wed May  8 12:00:00 2019]	Heart_web
[Wed May  8 12:00:00 2019]	Heart_mobile
[Wed May  8 12:00:00 2019]	Heart_web
[Wed May  8 12:00:00 2019]	Heart_mobile
[Wed May  8 12:00:00 2019]	Heart_web
[Wed May  8 12:00:00 2019]	Heart_mobile
[u'51759298', u'51727433', u'51728666', u'51685245', u'51756851']
15824397397
zsj0911*
0
------------------
17367078621
weiyuxin
0
------------------
15127529708
shijizhe
0.6
投币失败 硬币不足
投币失败 硬币不足
投币失败 硬币不足
------------------
13306522935
zjuZSJ0911*
0
------------------
[Wed May  8 12:05:00 2019]	Heart_web
[Wed May  8 12:05:00 2019]	Heart_mobile
[Wed May  8 12:05:00 2019]	Heart_web
[Wed May  8 12:05:00 2019]	Heart_mobile
[Wed May  8 12:05:00 2019]	Heart_web
[Wed May  8 12:05:00 2019]	Heart_mobile
[Wed May  8 12:05:00 2019]	Heart_web
[Wed May  8 12:05:00 2019]	Heart_mobile
[Wed May  8 12:10:00 2019]	Heart_web
[Wed May  8 12:10:00 2019]	Heart_mobile
[Wed May  8 12:10:00 2019]	Heart_web
[Wed May  8 12:10:00 2019]	Heart_mobile
[Wed May  8 12:10:00 2019]	Heart_web
[Wed May  8 12:10:00 2019]	Heart_mobile
[Wed May  8 12:10:01 2019]	Heart_web
[Wed May  8 12:10:01 2019]	Heart_mobile
[Wed May  8 12:15:00 2019]	Heart_web
[Wed May  8 12:15:00 2019]	Heart_mobile
[Wed May  8 12:15:00 2019]	Heart_web
[Wed May  8 12:15:00 2019]	Heart_mobile
[Wed May  8 12:15:00 2019]	Heart_web
[Wed May  8 12:15:00 2019]	Heart_mobile
[Wed May  8 12:15:00 2019]	Heart_web
[Wed May  8 12:15:00 2019]	Heart_mobile
[Wed May  8 12:20:00 2019]	Heart_web
[Wed May  8 12:20:00 2019]	Heart_mobile
[Wed May  8 12:20:00 2019]	Heart_web
[Wed May  8 12:20:00 2019]	Heart_mobile
[Wed May  8 12:20:00 2019]	Heart_web
[Wed May  8 12:20:00 2019]	Heart_mobile
[Wed May  8 12:20:00 2019]	Heart_web
[Wed May  8 12:20:00 2019]	Heart_mobile
[Wed May  8 12:25:00 2019]	Heart_web
[Wed May  8 12:25:00 2019]	Heart_mobile
[Wed May  8 12:25:00 2019]	Heart_web
[Wed May  8 12:25:00 2019]	Heart_mobile
[Wed May  8 12:25:00 2019]	Heart_web
[Wed May  8 12:25:00 2019]	Heart_mobile
[Wed May  8 12:25:00 2019]	Heart_web
[Wed May  8 12:25:00 2019]	Heart_mobile
[Wed May  8 12:30:00 2019]	Heart_web
[Wed May  8 12:30:00 2019]	Heart_mobile
[Wed May  8 12:30:00 2019]	Heart_web
[Wed May  8 12:30:00 2019]	Heart_mobile
[Wed May  8 12:30:00 2019]	Heart_web
[Wed May  8 12:30:00 2019]	Heart_mobile
[Wed May  8 12:30:00 2019]	Heart_web
[Wed May  8 12:30:00 2019]	Heart_mobile
[Wed May  8 12:35:00 2019]	Heart_web
[Wed May  8 12:35:00 2019]	Heart_mobile
[Wed May  8 12:35:00 2019]	Heart_web
[Wed May  8 12:35:00 2019]	Heart_mobile
[Wed May  8 12:35:00 2019]	Heart_web
[Wed May  8 12:35:00 2019]	Heart_mobile
[Wed May  8 12:35:01 2019]	Heart_web
[Wed May  8 12:35:01 2019]	Heart_mobile
[Wed May  8 12:40:00 2019]	Heart_web
[Wed May  8 12:40:00 2019]	Heart_mobile
[Wed May  8 12:40:00 2019]	Heart_web
[Wed May  8 12:40:00 2019]	Heart_mobile
[Wed May  8 12:40:00 2019]	Heart_web
[Wed May  8 12:40:00 2019]	Heart_mobile
[Wed May  8 12:40:00 2019]	Heart_web
[Wed May  8 12:40:00 2019]	Heart_mobile
[Wed May  8 12:45:00 2019]	Heart_web
[Wed May  8 12:45:00 2019]	Heart_mobile
[Wed May  8 12:45:00 2019]	Heart_web
[Wed May  8 12:45:00 2019]	Heart_mobile
[Wed May  8 12:45:00 2019]	Heart_web
[Wed May  8 12:45:00 2019]	Heart_mobile
[Wed May  8 12:45:00 2019]	Heart_web
[Wed May  8 12:45:01 2019]	Heart_mobile
[Wed May  8 12:50:00 2019]	Heart_web
[Wed May  8 12:50:00 2019]	Heart_mobile
[Wed May  8 12:50:00 2019]	Heart_web
[Wed May  8 12:50:00 2019]	Heart_mobile
[Wed May  8 12:50:00 2019]	Heart_web
[Wed May  8 12:50:00 2019]	Heart_mobile
[Wed May  8 12:50:00 2019]	Heart_web
[Wed May  8 12:50:01 2019]	Heart_mobile
[Wed May  8 12:55:00 2019]	Heart_web
[Wed May  8 12:55:00 2019]	Heart_mobile
[Wed May  8 12:55:00 2019]	Heart_web
[Wed May  8 12:55:00 2019]	Heart_mobile
[Wed May  8 12:55:00 2019]	Heart_web
[Wed May  8 12:55:00 2019]	Heart_mobile
[Wed May  8 12:55:00 2019]	Heart_web
[Wed May  8 12:55:00 2019]	Heart_mobile
[Wed May  8 13:00:00 2019]	Heart_web
[Wed May  8 13:00:00 2019]	Heart_mobile
[Wed May  8 13:00:00 2019]	Heart_web
[Wed May  8 13:00:00 2019]	Heart_mobile
[Wed May  8 13:00:00 2019]	Heart_web
[Wed May  8 13:00:00 2019]	Heart_mobile
[Wed May  8 13:00:01 2019]	Heart_web
[Wed May  8 13:00:01 2019]	Heart_mobile
[u'51049324', u'51759298', u'51727433', u'51728666', u'51685245']
15824397397
zsj0911*
0
------------------
17367078621
weiyuxin
0
------------------
15127529708
shijizhe
0.6
投币失败 硬币不足
投币失败 硬币不足
投币失败 硬币不足
------------------
13306522935
zjuZSJ0911*
0
------------------
[Wed May  8 13:05:00 2019]	Heart_web
[Wed May  8 13:05:00 2019]	Heart_mobile
[Wed May  8 13:05:00 2019]	Heart_web
[Wed May  8 13:05:00 2019]	Heart_mobile
[Wed May  8 13:05:00 2019]	Heart_web
[Wed May  8 13:05:00 2019]	Heart_mobile
[Wed May  8 13:05:00 2019]	Heart_web
[Wed May  8 13:05:01 2019]	Heart_mobile
[Wed May  8 13:10:00 2019]	Heart_web
[Wed May  8 13:10:00 2019]	Heart_mobile
[Wed May  8 13:10:00 2019]	Heart_web
[Wed May  8 13:10:00 2019]	Heart_mobile
[Wed May  8 13:10:00 2019]	Heart_web
[Wed May  8 13:10:00 2019]	Heart_mobile
[Wed May  8 13:10:00 2019]	Heart_web
[Wed May  8 13:10:01 2019]	Heart_mobile
[Wed May  8 13:15:00 2019]	Heart_web
[Wed May  8 13:15:00 2019]	Heart_mobile
[Wed May  8 13:15:00 2019]	Heart_web
[Wed May  8 13:15:00 2019]	Heart_mobile
[Wed May  8 13:15:00 2019]	Heart_web
[Wed May  8 13:15:00 2019]	Heart_mobile
[Wed May  8 13:15:01 2019]	Heart_web
[Wed May  8 13:15:01 2019]	Heart_mobile
[Wed May  8 13:20:00 2019]	Heart_web
[Wed May  8 13:20:00 2019]	Heart_mobile
[Wed May  8 13:20:00 2019]	Heart_web
[Wed May  8 13:20:00 2019]	Heart_mobile
[Wed May  8 13:20:00 2019]	Heart_web
[Wed May  8 13:20:00 2019]	Heart_mobile
[Wed May  8 13:20:00 2019]	Heart_web
[Wed May  8 13:20:00 2019]	Heart_mobile
[Wed May  8 13:25:00 2019]	Heart_web
[Wed May  8 13:25:00 2019]	Heart_mobile
[Wed May  8 13:25:00 2019]	Heart_web
[Wed May  8 13:25:00 2019]	Heart_mobile
[Wed May  8 13:25:00 2019]	Heart_web
[Wed May  8 13:25:00 2019]	Heart_mobile
[Wed May  8 13:25:00 2019]	Heart_web
[Wed May  8 13:25:00 2019]	Heart_mobile
[Wed May  8 13:30:00 2019]	Heart_web
[Wed May  8 13:30:00 2019]	Heart_mobile
[Wed May  8 13:30:00 2019]	Heart_web
[Wed May  8 13:30:00 2019]	Heart_mobile
[Wed May  8 13:30:00 2019]	Heart_web
[Wed May  8 13:30:01 2019]	Heart_mobile
[Wed May  8 13:30:01 2019]	Heart_web
[Wed May  8 13:30:01 2019]	Heart_mobile
[Wed May  8 13:35:00 2019]	Heart_web
[Wed May  8 13:35:00 2019]	Heart_mobile
[Wed May  8 13:35:00 2019]	Heart_web
[Wed May  8 13:35:00 2019]	Heart_mobile
[Wed May  8 13:35:00 2019]	Heart_web
[Wed May  8 13:35:00 2019]	Heart_mobile
[Wed May  8 13:35:01 2019]	Heart_web
[Wed May  8 13:35:01 2019]	Heart_mobile
[Wed May  8 13:40:00 2019]	Heart_web
[Wed May  8 13:40:00 2019]	Heart_mobile
[Wed May  8 13:40:00 2019]	Heart_web
[Wed May  8 13:40:00 2019]	Heart_mobile
[Wed May  8 13:40:00 2019]	Heart_web
[Wed May  8 13:40:00 2019]	Heart_mobile
[Wed May  8 13:40:00 2019]	Heart_web
[Wed May  8 13:40:00 2019]	Heart_mobile
[Wed May  8 13:45:00 2019]	Heart_web
[Wed May  8 13:45:00 2019]	Heart_mobile
[Wed May  8 13:45:00 2019]	Heart_web
[Wed May  8 13:45:00 2019]	Heart_mobile
[Wed May  8 13:45:00 2019]	Heart_web
[Wed May  8 13:45:00 2019]	Heart_mobile
[Wed May  8 13:45:00 2019]	Heart_web
[Wed May  8 13:45:00 2019]	Heart_mobile
[Wed May  8 13:50:00 2019]	Heart_web
[Wed May  8 13:50:00 2019]	Heart_mobile
[Wed May  8 13:50:00 2019]	Heart_web
[Wed May  8 13:50:00 2019]	Heart_mobile
[Wed May  8 13:50:00 2019]	Heart_web
[Wed May  8 13:50:00 2019]	Heart_mobile
[Wed May  8 13:50:00 2019]	Heart_web
[Wed May  8 13:50:00 2019]	Heart_mobile
[Wed May  8 13:55:00 2019]	Heart_web
[Wed May  8 13:55:00 2019]	Heart_mobile
[Wed May  8 13:55:00 2019]	Heart_web
[Wed May  8 13:55:00 2019]	Heart_mobile
[Wed May  8 13:55:00 2019]	Heart_web
[Wed May  8 13:55:00 2019]	Heart_mobile
[Wed May  8 13:55:01 2019]	Heart_web
[Wed May  8 13:55:01 2019]	Heart_mobile
[Wed May  8 14:00:00 2019]	Heart_web
[Wed May  8 14:00:00 2019]	Heart_mobile
[Wed May  8 14:00:00 2019]	Heart_web
[Wed May  8 14:00:00 2019]	Heart_mobile
[Wed May  8 14:00:00 2019]	Heart_web
[Wed May  8 14:00:00 2019]	Heart_mobile
[Wed May  8 14:00:00 2019]	Heart_web
[Wed May  8 14:00:00 2019]	Heart_mobile
[u'51795087', u'51049324', u'51759298', u'51727433', u'51728666']
15824397397
zsj0911*
0
------------------
17367078621
weiyuxin
0
------------------
15127529708
shijizhe
0.6
投币失败 硬币不足
投币失败 硬币不足
投币失败 硬币不足
------------------
13306522935
zjuZSJ0911*
0
------------------
[Wed May  8 14:05:00 2019]	Heart_web
[Wed May  8 14:05:00 2019]	Heart_mobile
[Wed May  8 14:05:00 2019]	Heart_web
[Wed May  8 14:05:00 2019]	Heart_mobile
[Wed May  8 14:05:00 2019]	Heart_web
[Wed May  8 14:05:00 2019]	Heart_mobile
[Wed May  8 14:05:00 2019]	Heart_web
[Wed May  8 14:05:01 2019]	Heart_mobile
[Wed May  8 14:10:00 2019]	Heart_web
[Wed May  8 14:10:00 2019]	Heart_mobile
[Wed May  8 14:10:00 2019]	Heart_web
[Wed May  8 14:10:00 2019]	Heart_mobile
[Wed May  8 14:10:00 2019]	Heart_web
[Wed May  8 14:10:00 2019]	Heart_mobile
[Wed May  8 14:10:01 2019]	Heart_web
[Wed May  8 14:10:01 2019]	Heart_mobile
[Wed May  8 14:15:00 2019]	Heart_web
[Wed May  8 14:15:00 2019]	Heart_mobile
[Wed May  8 14:15:00 2019]	Heart_web
[Wed May  8 14:15:00 2019]	Heart_mobile
[Wed May  8 14:15:00 2019]	Heart_web
[Wed May  8 14:15:00 2019]	Heart_mobile
[Wed May  8 14:15:00 2019]	Heart_web
[Wed May  8 14:15:00 2019]	Heart_mobile
[Wed May  8 14:20:00 2019]	Heart_web
[Wed May  8 14:20:00 2019]	Heart_mobile
[Wed May  8 14:20:00 2019]	Heart_web
[Wed May  8 14:20:00 2019]	Heart_mobile
[Wed May  8 14:20:00 2019]	Heart_web
[Wed May  8 14:20:00 2019]	Heart_mobile
[Wed May  8 14:20:00 2019]	Heart_web
[Wed May  8 14:20:00 2019]	Heart_mobile
[Wed May  8 14:25:00 2019]	Heart_web
[Wed May  8 14:25:00 2019]	Heart_mobile
[Wed May  8 14:25:00 2019]	Heart_web
[Wed May  8 14:25:00 2019]	Heart_mobile
[Wed May  8 14:25:00 2019]	Heart_web
[Wed May  8 14:25:00 2019]	Heart_mobile
[Wed May  8 14:25:01 2019]	Heart_web
[Wed May  8 14:25:01 2019]	Heart_mobile
[Wed May  8 14:30:00 2019]	Heart_web
[Wed May  8 14:30:00 2019]	Heart_mobile
[Wed May  8 14:30:00 2019]	Heart_web
[Wed May  8 14:30:00 2019]	Heart_mobile
[Wed May  8 14:30:00 2019]	Heart_web
[Wed May  8 14:30:00 2019]	Heart_mobile
[Wed May  8 14:30:00 2019]	Heart_web
[Wed May  8 14:30:00 2019]	Heart_mobile
[Wed May  8 14:35:00 2019]	Heart_web
[Wed May  8 14:35:00 2019]	Heart_mobile
[Wed May  8 14:35:00 2019]	Heart_web
[Wed May  8 14:35:00 2019]	Heart_mobile
[Wed May  8 14:35:00 2019]	Heart_web
[Wed May  8 14:35:00 2019]	Heart_mobile
[Wed May  8 14:35:00 2019]	Heart_web
[Wed May  8 14:35:01 2019]	Heart_mobile
[Wed May  8 14:40:00 2019]	Heart_web
[Wed May  8 14:40:00 2019]	Heart_mobile
[Wed May  8 14:40:00 2019]	Heart_web
[Wed May  8 14:40:00 2019]	Heart_mobile
[Wed May  8 14:40:00 2019]	Heart_web
[Wed May  8 14:40:00 2019]	Heart_mobile
[Wed May  8 14:40:00 2019]	Heart_web
[Wed May  8 14:40:00 2019]	Heart_mobile
[Wed May  8 14:45:00 2019]	Heart_web
[Wed May  8 14:45:00 2019]	Heart_mobile
[Wed May  8 14:45:00 2019]	Heart_web
[Wed May  8 14:45:00 2019]	Heart_mobile
[Wed May  8 14:45:00 2019]	Heart_web
[Wed May  8 14:45:00 2019]	Heart_mobile
[Wed May  8 14:45:00 2019]	Heart_web
[Wed May  8 14:45:01 2019]	Heart_mobile
[Wed May  8 14:50:00 2019]	Heart_web
[Wed May  8 14:50:00 2019]	Heart_mobile
[Wed May  8 14:50:00 2019]	Heart_web
[Wed May  8 14:50:00 2019]	Heart_mobile
[Wed May  8 14:50:00 2019]	Heart_web
[Wed May  8 14:50:00 2019]	Heart_mobile
[Wed May  8 14:50:01 2019]	Heart_web
[Wed May  8 14:50:01 2019]	Heart_mobile
[Wed May  8 14:55:00 2019]	Heart_web
[Wed May  8 14:55:00 2019]	Heart_mobile
[Wed May  8 14:55:00 2019]	Heart_web
[Wed May  8 14:55:00 2019]	Heart_mobile
[Wed May  8 14:55:00 2019]	Heart_web
[Wed May  8 14:55:00 2019]	Heart_mobile
[Wed May  8 14:55:01 2019]	Heart_web
[Wed May  8 14:55:01 2019]	Heart_mobile
[Wed May  8 15:00:00 2019]	Heart_web
[Wed May  8 15:00:00 2019]	Heart_mobile
[Wed May  8 15:00:00 2019]	Heart_web
[Wed May  8 15:00:00 2019]	Heart_mobile
[Wed May  8 15:00:00 2019]	Heart_web
[Wed May  8 15:00:00 2019]	Heart_mobile
[Wed May  8 15:00:00 2019]	Heart_web
[Wed May  8 15:00:01 2019]	Heart_mobile
[u'51795087', u'51813228', u'51049324', u'51759298', u'51727433']
15824397397
zsj0911*
0
------------------
17367078621
weiyuxin
0
------------------
15127529708
shijizhe
0.6
投币失败 硬币不足
投币失败 硬币不足
投币失败 硬币不足
------------------
13306522935
zjuZSJ0911*
0
------------------
[Wed May  8 15:05:00 2019]	Heart_web
[Wed May  8 15:05:00 2019]	Heart_mobile
[Wed May  8 15:05:00 2019]	Heart_web
[Wed May  8 15:05:00 2019]	Heart_mobile
[Wed May  8 15:05:00 2019]	Heart_web
[Wed May  8 15:05:00 2019]	Heart_mobile
[Wed May  8 15:05:00 2019]	Heart_web
[Wed May  8 15:05:01 2019]	Heart_mobile
[Wed May  8 15:10:00 2019]	Heart_web
[Wed May  8 15:10:00 2019]	Heart_mobile
[Wed May  8 15:10:00 2019]	Heart_web
[Wed May  8 15:10:00 2019]	Heart_mobile
[Wed May  8 15:10:00 2019]	Heart_web
[Wed May  8 15:10:00 2019]	Heart_mobile
[Wed May  8 15:10:00 2019]	Heart_web
[Wed May  8 15:10:00 2019]	Heart_mobile
[Wed May  8 15:15:00 2019]	Heart_web
[Wed May  8 15:15:00 2019]	Heart_mobile
[Wed May  8 15:15:00 2019]	Heart_web
[Wed May  8 15:15:00 2019]	Heart_mobile
[Wed May  8 15:15:00 2019]	Heart_web
[Wed May  8 15:15:00 2019]	Heart_mobile
[Wed May  8 15:15:00 2019]	Heart_web
[Wed May  8 15:15:00 2019]	Heart_mobile
[Wed May  8 15:20:00 2019]	Heart_web
[Wed May  8 15:20:00 2019]	Heart_mobile
[Wed May  8 15:20:00 2019]	Heart_web
[Wed May  8 15:20:00 2019]	Heart_mobile
[Wed May  8 15:20:00 2019]	Heart_web
[Wed May  8 15:20:01 2019]	Heart_mobile
[Wed May  8 15:20:01 2019]	Heart_web
[Wed May  8 15:20:01 2019]	Heart_mobile
[Wed May  8 15:25:00 2019]	Heart_web
[Wed May  8 15:25:00 2019]	Heart_mobile
[Wed May  8 15:25:00 2019]	Heart_web
[Wed May  8 15:25:00 2019]	Heart_mobile
[Wed May  8 15:25:00 2019]	Heart_web
[Wed May  8 15:25:00 2019]	Heart_mobile
[Wed May  8 15:25:00 2019]	Heart_web
[Wed May  8 15:25:00 2019]	Heart_mobile
[Wed May  8 15:30:00 2019]	Heart_web
[Wed May  8 15:30:00 2019]	Heart_mobile
[Wed May  8 15:30:00 2019]	Heart_web
[Wed May  8 15:30:00 2019]	Heart_mobile
[Wed May  8 15:30:00 2019]	Heart_web
[Wed May  8 15:30:00 2019]	Heart_mobile
[Wed May  8 15:30:00 2019]	Heart_web
[Wed May  8 15:30:01 2019]	Heart_mobile
[Wed May  8 15:35:00 2019]	Heart_web
[Wed May  8 15:35:00 2019]	Heart_mobile
[Wed May  8 15:35:00 2019]	Heart_web
[Wed May  8 15:35:00 2019]	Heart_mobile
[Wed May  8 15:35:00 2019]	Heart_web
[Wed May  8 15:35:00 2019]	Heart_mobile
[Wed May  8 15:35:00 2019]	Heart_web
[Wed May  8 15:35:01 2019]	Heart_mobile
[Wed May  8 15:40:00 2019]	Heart_web
[Wed May  8 15:40:00 2019]	Heart_mobile
[Wed May  8 15:40:00 2019]	Heart_web
[Wed May  8 15:40:00 2019]	Heart_mobile
[Wed May  8 15:40:00 2019]	Heart_web
[Wed May  8 15:40:00 2019]	Heart_mobile
[Wed May  8 15:40:00 2019]	Heart_web
[Wed May  8 15:40:00 2019]	Heart_mobile
[Wed May  8 15:45:00 2019]	Heart_web
[Wed May  8 15:45:00 2019]	Heart_mobile
[Wed May  8 15:45:00 2019]	Heart_web
[Wed May  8 15:45:00 2019]	Heart_mobile
[Wed May  8 15:45:00 2019]	Heart_web
[Wed May  8 15:45:00 2019]	Heart_mobile
[Wed May  8 15:45:00 2019]	Heart_web
[Wed May  8 15:45:01 2019]	Heart_mobile
[Wed May  8 15:50:00 2019]	Heart_web
[Wed May  8 15:50:00 2019]	Heart_mobile
[Wed May  8 15:50:00 2019]	Heart_web
[Wed May  8 15:50:00 2019]	Heart_mobile
[Wed May  8 15:50:00 2019]	Heart_web
[Wed May  8 15:50:00 2019]	Heart_mobile
[Wed May  8 15:50:00 2019]	Heart_web
[Wed May  8 15:50:00 2019]	Heart_mobile
[Wed May  8 15:55:00 2019]	Heart_web
[Wed May  8 15:55:00 2019]	Heart_mobile
[Wed May  8 15:55:00 2019]	Heart_web
[Wed May  8 15:55:00 2019]	Heart_mobile
[Wed May  8 15:55:00 2019]	Heart_web
[Wed May  8 15:55:00 2019]	Heart_mobile
[Wed May  8 15:55:00 2019]	Heart_web
[Wed May  8 15:55:00 2019]	Heart_mobile
[Wed May  8 16:00:00 2019]	Heart_web
[Wed May  8 16:00:00 2019]	Heart_mobile
[Wed May  8 16:00:00 2019]	Heart_web
[Wed May  8 16:00:00 2019]	Heart_mobile
[Wed May  8 16:00:00 2019]	Heart_web
[Wed May  8 16:00:00 2019]	Heart_mobile
[Wed May  8 16:00:00 2019]	Heart_web
[Wed May  8 16:00:01 2019]	Heart_mobile
[u'51795087', u'51813228', u'51049324', u'51759298', u'51727433']
15824397397
zsj0911*
0
------------------
17367078621
weiyuxin
0
------------------
15127529708
shijizhe
0.6
投币失败 硬币不足
投币失败 硬币不足
投币失败 硬币不足
------------------
13306522935
zjuZSJ0911*
0
------------------
[Wed May  8 16:05:00 2019]	Heart_web
[Wed May  8 16:05:00 2019]	Heart_mobile
[Wed May  8 16:05:00 2019]	Heart_web
[Wed May  8 16:05:00 2019]	Heart_mobile
[Wed May  8 16:05:00 2019]	Heart_web
[Wed May  8 16:05:00 2019]	Heart_mobile
[Wed May  8 16:05:00 2019]	Heart_web
[Wed May  8 16:05:00 2019]	Heart_mobile
[Wed May  8 16:10:00 2019]	Heart_web
[Wed May  8 16:10:00 2019]	Heart_mobile
[Wed May  8 16:10:00 2019]	Heart_web
[Wed May  8 16:10:00 2019]	Heart_mobile
[Wed May  8 16:10:00 2019]	Heart_web
[Wed May  8 16:10:00 2019]	Heart_mobile
[Wed May  8 16:10:00 2019]	Heart_web
[Wed May  8 16:10:00 2019]	Heart_mobile
[Wed May  8 16:15:00 2019]	Heart_web
[Wed May  8 16:15:00 2019]	Heart_mobile
[Wed May  8 16:15:00 2019]	Heart_web
[Wed May  8 16:15:00 2019]	Heart_mobile
[Wed May  8 16:15:00 2019]	Heart_web
[Wed May  8 16:15:00 2019]	Heart_mobile
[Wed May  8 16:15:01 2019]	Heart_web
[Wed May  8 16:15:01 2019]	Heart_mobile
[Wed May  8 16:20:00 2019]	Heart_web
[Wed May  8 16:20:00 2019]	Heart_mobile
[Wed May  8 16:20:00 2019]	Heart_web
[Wed May  8 16:20:00 2019]	Heart_mobile
[Wed May  8 16:20:00 2019]	Heart_web
[Wed May  8 16:20:00 2019]	Heart_mobile
[Wed May  8 16:20:00 2019]	Heart_web
[Wed May  8 16:20:00 2019]	Heart_mobile
[Wed May  8 16:25:00 2019]	Heart_web
[Wed May  8 16:25:00 2019]	Heart_mobile
[Wed May  8 16:25:00 2019]	Heart_web
[Wed May  8 16:25:00 2019]	Heart_mobile
[Wed May  8 16:25:00 2019]	Heart_web
[Wed May  8 16:25:00 2019]	Heart_mobile
[Wed May  8 16:25:00 2019]	Heart_web
[Wed May  8 16:25:00 2019]	Heart_mobile
[Wed May  8 16:30:00 2019]	Heart_web
[Wed May  8 16:30:00 2019]	Heart_mobile
[Wed May  8 16:30:00 2019]	Heart_web
[Wed May  8 16:30:00 2019]	Heart_mobile
[Wed May  8 16:30:00 2019]	Heart_web
[Wed May  8 16:30:00 2019]	Heart_mobile
[Wed May  8 16:30:00 2019]	Heart_web
[Wed May  8 16:30:01 2019]	Heart_mobile
[Wed May  8 16:35:00 2019]	Heart_web
[Wed May  8 16:35:00 2019]	Heart_mobile
[Wed May  8 16:35:00 2019]	Heart_web
[Wed May  8 16:35:00 2019]	Heart_mobile
[Wed May  8 16:35:00 2019]	Heart_web
[Wed May  8 16:35:00 2019]	Heart_mobile
[Wed May  8 16:35:00 2019]	Heart_web
[Wed May  8 16:35:00 2019]	Heart_mobile
[Wed May  8 16:40:00 2019]	Heart_web
[Wed May  8 16:40:00 2019]	Heart_mobile
[Wed May  8 16:40:00 2019]	Heart_web
[Wed May  8 16:40:00 2019]	Heart_mobile
[Wed May  8 16:40:00 2019]	Heart_web
[Wed May  8 16:40:00 2019]	Heart_mobile
[Wed May  8 16:40:00 2019]	Heart_web
[Wed May  8 16:40:00 2019]	Heart_mobile
[Wed May  8 16:45:00 2019]	Heart_web
[Wed May  8 16:45:00 2019]	Heart_mobile
[Wed May  8 16:45:00 2019]	Heart_web
[Wed May  8 16:45:00 2019]	Heart_mobile
[Wed May  8 16:45:00 2019]	Heart_web
[Wed May  8 16:45:00 2019]	Heart_mobile
[Wed May  8 16:45:00 2019]	Heart_web
[Wed May  8 16:45:00 2019]	Heart_mobile
[Wed May  8 16:50:00 2019]	Heart_web
[Wed May  8 16:50:00 2019]	Heart_mobile
[Wed May  8 16:50:00 2019]	Heart_web
[Wed May  8 16:50:00 2019]	Heart_mobile
[Wed May  8 16:50:00 2019]	Heart_web
[Wed May  8 16:50:00 2019]	Heart_mobile
[Wed May  8 16:50:00 2019]	Heart_web
[Wed May  8 16:50:00 2019]	Heart_mobile
[Wed May  8 16:55:00 2019]	Heart_web
[Wed May  8 16:55:00 2019]	Heart_mobile
[Wed May  8 16:55:00 2019]	Heart_web
[Wed May  8 16:55:00 2019]	Heart_mobile
[Wed May  8 16:55:00 2019]	Heart_web
[Wed May  8 16:55:00 2019]	Heart_mobile
[Wed May  8 16:55:00 2019]	Heart_web
[Wed May  8 16:55:00 2019]	Heart_mobile
[Wed May  8 17:00:00 2019]	Heart_web
[Wed May  8 17:00:00 2019]	Heart_mobile
[Wed May  8 17:00:00 2019]	Heart_web
[Wed May  8 17:00:00 2019]	Heart_mobile
[Wed May  8 17:00:00 2019]	Heart_web
[Wed May  8 17:00:00 2019]	Heart_mobile
[Wed May  8 17:00:00 2019]	Heart_web
[Wed May  8 17:00:00 2019]	Heart_mobile
[u'51795087', u'51813228', u'51049324', u'51759298', u'51728666']
15824397397
zsj0911*
0
------------------
17367078621
weiyuxin
0
------------------
15127529708
shijizhe
0.6
投币失败 硬币不足
投币失败 硬币不足
投币失败 硬币不足
------------------
13306522935
zjuZSJ0911*
0
------------------
[Wed May  8 17:05:00 2019]	Heart_web
[Wed May  8 17:05:00 2019]	Heart_mobile
[Wed May  8 17:05:00 2019]	Heart_web
[Wed May  8 17:05:00 2019]	Heart_mobile
[Wed May  8 17:05:00 2019]	Heart_web
[Wed May  8 17:05:00 2019]	Heart_mobile
[Wed May  8 17:05:00 2019]	Heart_web
[Wed May  8 17:05:00 2019]	Heart_mobile
[Wed May  8 17:10:00 2019]	Heart_web
[Wed May  8 17:10:00 2019]	Heart_mobile
[Wed May  8 17:10:00 2019]	Heart_web
[Wed May  8 17:10:00 2019]	Heart_mobile
[Wed May  8 17:10:00 2019]	Heart_web
[Wed May  8 17:10:00 2019]	Heart_mobile
[Wed May  8 17:10:00 2019]	Heart_web
[Wed May  8 17:10:01 2019]	Heart_mobile
[Wed May  8 17:15:00 2019]	Heart_web
[Wed May  8 17:15:00 2019]	Heart_mobile
[Wed May  8 17:15:00 2019]	Heart_web
[Wed May  8 17:15:00 2019]	Heart_mobile
[Wed May  8 17:15:00 2019]	Heart_web
[Wed May  8 17:15:00 2019]	Heart_mobile
[Wed May  8 17:15:00 2019]	Heart_web
[Wed May  8 17:15:00 2019]	Heart_mobile
[Wed May  8 17:20:00 2019]	Heart_web
[Wed May  8 17:20:00 2019]	Heart_mobile
[Wed May  8 17:20:00 2019]	Heart_web
[Wed May  8 17:20:00 2019]	Heart_mobile
[Wed May  8 17:20:00 2019]	Heart_web
[Wed May  8 17:20:00 2019]	Heart_mobile
[Wed May  8 17:20:01 2019]	Heart_web
[Wed May  8 17:20:01 2019]	Heart_mobile
[Wed May  8 17:25:00 2019]	Heart_web
[Wed May  8 17:25:00 2019]	Heart_mobile
[Wed May  8 17:25:00 2019]	Heart_web
[Wed May  8 17:25:00 2019]	Heart_mobile
[Wed May  8 17:25:00 2019]	Heart_web
[Wed May  8 17:25:00 2019]	Heart_mobile
[Wed May  8 17:25:00 2019]	Heart_web
[Wed May  8 17:25:01 2019]	Heart_mobile
[Wed May  8 17:30:00 2019]	Heart_web
[Wed May  8 17:30:00 2019]	Heart_mobile
[Wed May  8 17:30:00 2019]	Heart_web
[Wed May  8 17:30:00 2019]	Heart_mobile
[Wed May  8 17:30:00 2019]	Heart_web
[Wed May  8 17:30:00 2019]	Heart_mobile
[Wed May  8 17:30:01 2019]	Heart_web
[Wed May  8 17:30:01 2019]	Heart_mobile
[Wed May  8 17:35:00 2019]	Heart_web
[Wed May  8 17:35:00 2019]	Heart_mobile
[Wed May  8 17:35:00 2019]	Heart_web
[Wed May  8 17:35:00 2019]	Heart_mobile
[Wed May  8 17:35:00 2019]	Heart_web
[Wed May  8 17:35:00 2019]	Heart_mobile
[Wed May  8 17:35:00 2019]	Heart_web
[Wed May  8 17:35:00 2019]	Heart_mobile
[Wed May  8 17:40:00 2019]	Heart_web
[Wed May  8 17:40:00 2019]	Heart_mobile
[Wed May  8 17:40:00 2019]	Heart_web
[Wed May  8 17:40:00 2019]	Heart_mobile
[Wed May  8 17:40:00 2019]	Heart_web
[Wed May  8 17:40:00 2019]	Heart_mobile
[Wed May  8 17:40:01 2019]	Heart_web
[Wed May  8 17:40:01 2019]	Heart_mobile
[Wed May  8 17:45:00 2019]	Heart_web
[Wed May  8 17:45:00 2019]	Heart_mobile
[Wed May  8 17:45:00 2019]	Heart_web
[Wed May  8 17:45:00 2019]	Heart_mobile
[Wed May  8 17:45:00 2019]	Heart_web
[Wed May  8 17:45:00 2019]	Heart_mobile
[Wed May  8 17:45:01 2019]	Heart_web
[Wed May  8 17:45:01 2019]	Heart_mobile
[Wed May  8 17:50:00 2019]	Heart_web
[Wed May  8 17:50:00 2019]	Heart_mobile
[Wed May  8 17:50:00 2019]	Heart_web
[Wed May  8 17:50:00 2019]	Heart_mobile
[Wed May  8 17:50:00 2019]	Heart_web
[Wed May  8 17:50:00 2019]	Heart_mobile
[Wed May  8 17:50:00 2019]	Heart_web
[Wed May  8 17:50:01 2019]	Heart_mobile
[Wed May  8 17:55:00 2019]	Heart_web
[Wed May  8 17:55:00 2019]	Heart_mobile
[Wed May  8 17:55:00 2019]	Heart_web
[Wed May  8 17:55:00 2019]	Heart_mobile
[Wed May  8 17:55:00 2019]	Heart_web
[Wed May  8 17:55:00 2019]	Heart_mobile
[Wed May  8 17:55:00 2019]	Heart_web
[Wed May  8 17:55:01 2019]	Heart_mobile
[Wed May  8 18:00:00 2019]	Heart_web
[Wed May  8 18:00:00 2019]	Heart_mobile
[Wed May  8 18:00:00 2019]	Heart_web
[Wed May  8 18:00:00 2019]	Heart_mobile
[Wed May  8 18:00:00 2019]	Heart_web
[Wed May  8 18:00:00 2019]	Heart_mobile
[Wed May  8 18:00:00 2019]	Heart_web
[Wed May  8 18:00:01 2019]	Heart_mobile
[u'51795087', u'51813228', u'51759298', u'51577909', u'51685245']
15824397397
zsj0911*
0
------------------
17367078621
weiyuxin
0
------------------
15127529708
shijizhe
0.6
投币失败 硬币不足
投币失败 硬币不足
投币失败 硬币不足
------------------
13306522935
zjuZSJ0911*
0
------------------
[Wed May  8 18:05:00 2019]	Heart_web
[Wed May  8 18:05:00 2019]	Heart_mobile
[Wed May  8 18:05:00 2019]	Heart_web
[Wed May  8 18:05:00 2019]	Heart_mobile
[Wed May  8 18:05:00 2019]	Heart_web
[Wed May  8 18:05:00 2019]	Heart_mobile
[Wed May  8 18:05:01 2019]	Heart_web
[Wed May  8 18:05:01 2019]	Heart_mobile
[Wed May  8 18:10:00 2019]	Heart_web
[Wed May  8 18:10:00 2019]	Heart_mobile
[Wed May  8 18:10:00 2019]	Heart_web
[Wed May  8 18:10:00 2019]	Heart_mobile
[Wed May  8 18:10:00 2019]	Heart_web
[Wed May  8 18:10:00 2019]	Heart_mobile
[Wed May  8 18:10:00 2019]	Heart_web
[Wed May  8 18:10:00 2019]	Heart_mobile
[Wed May  8 18:15:00 2019]	Heart_web
[Wed May  8 18:15:00 2019]	Heart_mobile
[Wed May  8 18:15:00 2019]	Heart_web
[Wed May  8 18:15:00 2019]	Heart_mobile
[Wed May  8 18:15:00 2019]	Heart_web
[Wed May  8 18:15:00 2019]	Heart_mobile
[Wed May  8 18:15:00 2019]	Heart_web
[Wed May  8 18:15:01 2019]	Heart_mobile
[Wed May  8 18:20:00 2019]	Heart_web
[Wed May  8 18:20:00 2019]	Heart_mobile
[Wed May  8 18:20:00 2019]	Heart_web
[Wed May  8 18:20:00 2019]	Heart_mobile
[Wed May  8 18:20:00 2019]	Heart_web
[Wed May  8 18:20:00 2019]	Heart_mobile
[Wed May  8 18:20:01 2019]	Heart_web
[Wed May  8 18:20:01 2019]	Heart_mobile
[Wed May  8 18:25:00 2019]	Heart_web
[Wed May  8 18:25:00 2019]	Heart_mobile
[Wed May  8 18:25:00 2019]	Heart_web
[Wed May  8 18:25:00 2019]	Heart_mobile
[Wed May  8 18:25:00 2019]	Heart_web
[Wed May  8 18:25:00 2019]	Heart_mobile
[Wed May  8 18:25:00 2019]	Heart_web
[Wed May  8 18:25:00 2019]	Heart_mobile
[Wed May  8 18:30:00 2019]	Heart_web
[Wed May  8 18:30:00 2019]	Heart_mobile
[Wed May  8 18:30:00 2019]	Heart_web
[Wed May  8 18:30:00 2019]	Heart_mobile
[Wed May  8 18:30:00 2019]	Heart_web
[Wed May  8 18:30:00 2019]	Heart_mobile
[Wed May  8 18:30:01 2019]	Heart_web
[Wed May  8 18:30:01 2019]	Heart_mobile
[Wed May  8 18:35:00 2019]	Heart_web
[Wed May  8 18:35:00 2019]	Heart_mobile
[Wed May  8 18:35:00 2019]	Heart_web
[Wed May  8 18:35:00 2019]	Heart_mobile
[Wed May  8 18:35:00 2019]	Heart_web
[Wed May  8 18:35:00 2019]	Heart_mobile
[Wed May  8 18:35:01 2019]	Heart_web
[Wed May  8 18:35:01 2019]	Heart_mobile
[Wed May  8 18:40:00 2019]	Heart_web
[Wed May  8 18:40:00 2019]	Heart_mobile
[Wed May  8 18:40:00 2019]	Heart_web
[Wed May  8 18:40:00 2019]	Heart_mobile
[Wed May  8 18:40:00 2019]	Heart_web
[Wed May  8 18:40:00 2019]	Heart_mobile
[Wed May  8 18:40:01 2019]	Heart_web
[Wed May  8 18:40:01 2019]	Heart_mobile
[Wed May  8 18:45:00 2019]	Heart_web
[Wed May  8 18:45:00 2019]	Heart_mobile
[Wed May  8 18:45:00 2019]	Heart_web
[Wed May  8 18:45:00 2019]	Heart_mobile
[Wed May  8 18:45:00 2019]	Heart_web
[Wed May  8 18:45:00 2019]	Heart_mobile
[Wed May  8 18:45:00 2019]	Heart_web
[Wed May  8 18:45:00 2019]	Heart_mobile
[Wed May  8 18:50:00 2019]	Heart_web
[Wed May  8 18:50:00 2019]	Heart_mobile
[Wed May  8 18:50:00 2019]	Heart_web
[Wed May  8 18:50:00 2019]	Heart_mobile
[Wed May  8 18:50:00 2019]	Heart_web
[Wed May  8 18:50:00 2019]	Heart_mobile
[Wed May  8 18:50:01 2019]	Heart_web
[Wed May  8 18:50:01 2019]	Heart_mobile
[Wed May  8 18:55:00 2019]	Heart_web
[Wed May  8 18:55:00 2019]	Heart_mobile
[Wed May  8 18:55:00 2019]	Heart_web
[Wed May  8 18:55:00 2019]	Heart_mobile
[Wed May  8 18:55:00 2019]	Heart_web
[Wed May  8 18:55:00 2019]	Heart_mobile
[Wed May  8 18:55:00 2019]	Heart_web
[Wed May  8 18:55:01 2019]	Heart_mobile
[Wed May  8 19:00:00 2019]	Heart_web
[Wed May  8 19:00:00 2019]	Heart_mobile
[Wed May  8 19:00:00 2019]	Heart_web
[Wed May  8 19:00:00 2019]	Heart_mobile
[Wed May  8 19:00:00 2019]	Heart_web
[Wed May  8 19:00:00 2019]	Heart_mobile
[Wed May  8 19:00:01 2019]	Heart_web
[Wed May  8 19:00:01 2019]	Heart_mobile
[u'51795087', u'51813228', u'51759298', u'51577909', u'51685245']
15824397397
zsj0911*
0
------------------
17367078621
weiyuxin
0
------------------
15127529708
shijizhe
0.6
投币失败 硬币不足
投币失败 硬币不足
投币失败 硬币不足
------------------
13306522935
zjuZSJ0911*
0
------------------
[Wed May  8 19:05:00 2019]	Heart_web
[Wed May  8 19:05:00 2019]	Heart_mobile
[Wed May  8 19:05:00 2019]	Heart_web
[Wed May  8 19:05:00 2019]	Heart_mobile
[Wed May  8 19:05:00 2019]	Heart_web
[Wed May  8 19:05:00 2019]	Heart_mobile
[Wed May  8 19:05:00 2019]	Heart_web
[Wed May  8 19:05:01 2019]	Heart_mobile
[Wed May  8 19:10:00 2019]	Heart_web
[Wed May  8 19:10:00 2019]	Heart_mobile
[Wed May  8 19:10:00 2019]	Heart_web
[Wed May  8 19:10:00 2019]	Heart_mobile
[Wed May  8 19:10:00 2019]	Heart_web
[Wed May  8 19:10:00 2019]	Heart_mobile
[Wed May  8 19:10:00 2019]	Heart_web
[Wed May  8 19:10:01 2019]	Heart_mobile
[Wed May  8 19:15:00 2019]	Heart_web
[Wed May  8 19:15:00 2019]	Heart_mobile
[Wed May  8 19:15:00 2019]	Heart_web
[Wed May  8 19:15:00 2019]	Heart_mobile
[Wed May  8 19:15:00 2019]	Heart_web
[Wed May  8 19:15:00 2019]	Heart_mobile
[Wed May  8 19:15:01 2019]	Heart_web
[Wed May  8 19:15:01 2019]	Heart_mobile
[Wed May  8 19:20:00 2019]	Heart_web
[Wed May  8 19:20:00 2019]	Heart_mobile
[Wed May  8 19:20:00 2019]	Heart_web
[Wed May  8 19:20:00 2019]	Heart_mobile
[Wed May  8 19:20:00 2019]	Heart_web
[Wed May  8 19:20:00 2019]	Heart_mobile
[Wed May  8 19:20:00 2019]	Heart_web
[Wed May  8 19:20:01 2019]	Heart_mobile
[Wed May  8 19:25:00 2019]	Heart_web
[Wed May  8 19:25:00 2019]	Heart_mobile
[Wed May  8 19:25:00 2019]	Heart_web
[Wed May  8 19:25:00 2019]	Heart_mobile
[Wed May  8 19:25:00 2019]	Heart_web
[Wed May  8 19:25:00 2019]	Heart_mobile
[Wed May  8 19:25:00 2019]	Heart_web
[Wed May  8 19:25:00 2019]	Heart_mobile
[Wed May  8 19:30:00 2019]	Heart_web
[Wed May  8 19:30:00 2019]	Heart_mobile
[Wed May  8 19:30:00 2019]	Heart_web
[Wed May  8 19:30:00 2019]	Heart_mobile
[Wed May  8 19:30:00 2019]	Heart_web
[Wed May  8 19:30:00 2019]	Heart_mobile
[Wed May  8 19:30:01 2019]	Heart_web
[Wed May  8 19:30:01 2019]	Heart_mobile
[Wed May  8 19:35:00 2019]	Heart_web
[Wed May  8 19:35:00 2019]	Heart_mobile
[Wed May  8 19:35:00 2019]	Heart_web
[Wed May  8 19:35:00 2019]	Heart_mobile
[Wed May  8 19:35:00 2019]	Heart_web
[Wed May  8 19:35:00 2019]	Heart_mobile
[Wed May  8 19:35:01 2019]	Heart_web
[Wed May  8 19:35:01 2019]	Heart_mobile
[Wed May  8 19:40:00 2019]	Heart_web
[Wed May  8 19:40:00 2019]	Heart_mobile
[Wed May  8 19:40:00 2019]	Heart_web
[Wed May  8 19:40:00 2019]	Heart_mobile
[Wed May  8 19:40:00 2019]	Heart_web
[Wed May  8 19:40:00 2019]	Heart_mobile
[Wed May  8 19:40:00 2019]	Heart_web
[Wed May  8 19:40:01 2019]	Heart_mobile
[Wed May  8 19:45:00 2019]	Heart_web
[Wed May  8 19:45:00 2019]	Heart_mobile
[Wed May  8 19:45:00 2019]	Heart_web
[Wed May  8 19:45:00 2019]	Heart_mobile
[Wed May  8 19:45:00 2019]	Heart_web
[Wed May  8 19:45:00 2019]	Heart_mobile
[Wed May  8 19:45:00 2019]	Heart_web
[Wed May  8 19:45:01 2019]	Heart_mobile
[Wed May  8 19:50:00 2019]	Heart_web
[Wed May  8 19:50:00 2019]	Heart_mobile
[Wed May  8 19:50:00 2019]	Heart_web
[Wed May  8 19:50:00 2019]	Heart_mobile
[Wed May  8 19:50:00 2019]	Heart_web
[Wed May  8 19:50:00 2019]	Heart_mobile
[Wed May  8 19:50:00 2019]	Heart_web
[Wed May  8 19:50:00 2019]	Heart_mobile
[Wed May  8 19:55:00 2019]	Heart_web
[Wed May  8 19:55:00 2019]	Heart_mobile
[Wed May  8 19:55:00 2019]	Heart_web
[Wed May  8 19:55:00 2019]	Heart_mobile
[Wed May  8 19:55:00 2019]	Heart_web
[Wed May  8 19:55:00 2019]	Heart_mobile
[Wed May  8 19:55:01 2019]	Heart_web
[Wed May  8 19:55:01 2019]	Heart_mobile
[Wed May  8 20:00:00 2019]	Heart_web
[Wed May  8 20:00:00 2019]	Heart_mobile
[Wed May  8 20:00:00 2019]	Heart_web
[Wed May  8 20:00:00 2019]	Heart_mobile
[Wed May  8 20:00:00 2019]	Heart_web
[Wed May  8 20:00:00 2019]	Heart_mobile
[Wed May  8 20:00:00 2019]	Heart_web
[Wed May  8 20:00:00 2019]	Heart_mobile
[u'51795087', u'51813228', u'51759298', u'51577909', u'51685245']
15824397397
zsj0911*
0
------------------
17367078621
weiyuxin
0
------------------
15127529708
shijizhe
0.6
投币失败 硬币不足
投币失败 硬币不足
投币失败 硬币不足
------------------
13306522935
zjuZSJ0911*
0
------------------
[Wed May  8 20:05:00 2019]	Heart_web
[Wed May  8 20:05:00 2019]	Heart_mobile
[Wed May  8 20:05:00 2019]	Heart_web
[Wed May  8 20:05:00 2019]	Heart_mobile
[Wed May  8 20:05:00 2019]	Heart_web
[Wed May  8 20:05:00 2019]	Heart_mobile
[Wed May  8 20:05:01 2019]	Heart_web
[Wed May  8 20:05:01 2019]	Heart_mobile
[Wed May  8 20:10:00 2019]	Heart_web
[Wed May  8 20:10:00 2019]	Heart_mobile
[Wed May  8 20:10:00 2019]	Heart_web
[Wed May  8 20:10:00 2019]	Heart_mobile
[Wed May  8 20:10:00 2019]	Heart_web
[Wed May  8 20:10:00 2019]	Heart_mobile
[Wed May  8 20:10:01 2019]	Heart_web
[Wed May  8 20:10:01 2019]	Heart_mobile
[Wed May  8 20:15:00 2019]	Heart_web
[Wed May  8 20:15:00 2019]	Heart_mobile
[Wed May  8 20:15:00 2019]	Heart_web
[Wed May  8 20:15:00 2019]	Heart_mobile
[Wed May  8 20:15:00 2019]	Heart_web
[Wed May  8 20:15:00 2019]	Heart_mobile
[Wed May  8 20:15:00 2019]	Heart_web
[Wed May  8 20:15:01 2019]	Heart_mobile
[Wed May  8 20:20:00 2019]	Heart_web
[Wed May  8 20:20:00 2019]	Heart_mobile
[Wed May  8 20:20:00 2019]	Heart_web
[Wed May  8 20:20:00 2019]	Heart_mobile
[Wed May  8 20:20:00 2019]	Heart_web
[Wed May  8 20:20:00 2019]	Heart_mobile
[Wed May  8 20:20:00 2019]	Heart_web
[Wed May  8 20:20:00 2019]	Heart_mobile
[Wed May  8 20:25:00 2019]	Heart_web
[Wed May  8 20:25:00 2019]	Heart_mobile
[Wed May  8 20:25:00 2019]	Heart_web
[Wed May  8 20:25:00 2019]	Heart_mobile
[Wed May  8 20:25:00 2019]	Heart_web
[Wed May  8 20:25:00 2019]	Heart_mobile
[Wed May  8 20:25:01 2019]	Heart_web
[Wed May  8 20:25:01 2019]	Heart_mobile
[Wed May  8 20:30:00 2019]	Heart_web
[Wed May  8 20:30:00 2019]	Heart_mobile
[Wed May  8 20:30:00 2019]	Heart_web
[Wed May  8 20:30:00 2019]	Heart_mobile
[Wed May  8 20:30:00 2019]	Heart_web
[Wed May  8 20:30:00 2019]	Heart_mobile
[Wed May  8 20:30:00 2019]	Heart_web
[Wed May  8 20:30:01 2019]	Heart_mobile
[Wed May  8 20:35:00 2019]	Heart_web
[Wed May  8 20:35:00 2019]	Heart_mobile
[Wed May  8 20:35:00 2019]	Heart_web
[Wed May  8 20:35:00 2019]	Heart_mobile
[Wed May  8 20:35:00 2019]	Heart_web
[Wed May  8 20:35:00 2019]	Heart_mobile
[Wed May  8 20:35:01 2019]	Heart_web
[Wed May  8 20:35:01 2019]	Heart_mobile
[Wed May  8 20:40:00 2019]	Heart_web
[Wed May  8 20:40:00 2019]	Heart_mobile
[Wed May  8 20:40:00 2019]	Heart_web
[Wed May  8 20:40:00 2019]	Heart_mobile
[Wed May  8 20:40:00 2019]	Heart_web
[Wed May  8 20:40:00 2019]	Heart_mobile
[Wed May  8 20:40:01 2019]	Heart_web
[Wed May  8 20:40:01 2019]	Heart_mobile
[Wed May  8 20:45:00 2019]	Heart_web
[Wed May  8 20:45:00 2019]	Heart_mobile
[Wed May  8 20:45:00 2019]	Heart_web
[Wed May  8 20:45:00 2019]	Heart_mobile
[Wed May  8 20:45:00 2019]	Heart_web
[Wed May  8 20:45:00 2019]	Heart_mobile
[Wed May  8 20:45:01 2019]	Heart_web
[Wed May  8 20:45:01 2019]	Heart_mobile
[Wed May  8 20:50:00 2019]	Heart_web
[Wed May  8 20:50:00 2019]	Heart_mobile
[Wed May  8 20:50:00 2019]	Heart_web
[Wed May  8 20:50:00 2019]	Heart_mobile
[Wed May  8 20:50:00 2019]	Heart_web
[Wed May  8 20:50:00 2019]	Heart_mobile
[Wed May  8 20:50:01 2019]	Heart_web
[Wed May  8 20:50:01 2019]	Heart_mobile
[Wed May  8 20:55:00 2019]	Heart_web
[Wed May  8 20:55:00 2019]	Heart_mobile
[Wed May  8 20:55:00 2019]	Heart_web
[Wed May  8 20:55:00 2019]	Heart_mobile
[Wed May  8 20:55:00 2019]	Heart_web
[Wed May  8 20:55:00 2019]	Heart_mobile
[Wed May  8 20:55:01 2019]	Heart_web
[Wed May  8 20:55:01 2019]	Heart_mobile
[Wed May  8 21:00:00 2019]	Heart_web
[Wed May  8 21:00:00 2019]	Heart_mobile
[Wed May  8 21:00:00 2019]	Heart_web
[Wed May  8 21:00:00 2019]	Heart_mobile
[Wed May  8 21:00:00 2019]	Heart_web
[Wed May  8 21:00:00 2019]	Heart_mobile
[Wed May  8 21:00:01 2019]	Heart_web
[Wed May  8 21:00:01 2019]	Heart_mobile
[Wed May  8 21:05:00 2019]	Heart_web
[Wed May  8 21:05:00 2019]	Heart_mobile
[Wed May  8 21:05:00 2019]	Heart_web
[Wed May  8 21:05:00 2019]	Heart_mobile
[Wed May  8 21:05:00 2019]	Heart_web
[Wed May  8 21:05:00 2019]	Heart_mobile
[Wed May  8 21:05:01 2019]	Heart_web
[Wed May  8 21:05:01 2019]	Heart_mobile
[Wed May  8 21:10:00 2019]	Heart_web
[Wed May  8 21:10:00 2019]	Heart_mobile
[Wed May  8 21:10:00 2019]	Heart_web
[Wed May  8 21:10:00 2019]	Heart_mobile
[Wed May  8 21:10:00 2019]	Heart_web
[Wed May  8 21:10:00 2019]	Heart_mobile
[Wed May  8 21:10:00 2019]	Heart_web
[Wed May  8 21:10:01 2019]	Heart_mobile
[Wed May  8 21:15:00 2019]	Heart_web
[Wed May  8 21:15:00 2019]	Heart_mobile
[Wed May  8 21:15:00 2019]	Heart_web
[Wed May  8 21:15:00 2019]	Heart_mobile
[Wed May  8 21:15:00 2019]	Heart_web
[Wed May  8 21:15:00 2019]	Heart_mobile
[Wed May  8 21:15:01 2019]	Heart_web
[Wed May  8 21:15:01 2019]	Heart_mobile
[Wed May  8 21:20:00 2019]	Heart_web
[Wed May  8 21:20:00 2019]	Heart_mobile
[Wed May  8 21:20:00 2019]	Heart_web
[Wed May  8 21:20:00 2019]	Heart_mobile
[Wed May  8 21:20:00 2019]	Heart_web
[Wed May  8 21:20:00 2019]	Heart_mobile
[Wed May  8 21:20:01 2019]	Heart_web
[Wed May  8 21:20:01 2019]	Heart_mobile
[Wed May  8 21:25:00 2019]	Heart_web
[Wed May  8 21:25:00 2019]	Heart_mobile
[Wed May  8 21:25:00 2019]	Heart_web
[Wed May  8 21:25:00 2019]	Heart_mobile
[Wed May  8 21:25:00 2019]	Heart_web
[Wed May  8 21:25:00 2019]	Heart_mobile
[Wed May  8 21:25:00 2019]	Heart_web
[Wed May  8 21:25:00 2019]	Heart_mobile
[Wed May  8 21:30:00 2019]	Heart_web
[Wed May  8 21:30:00 2019]	Heart_mobile
[Wed May  8 21:30:00 2019]	Heart_web
[Wed May  8 21:30:00 2019]	Heart_mobile
[Wed May  8 21:30:00 2019]	Heart_web
[Wed May  8 21:30:00 2019]	Heart_mobile
[Wed May  8 21:30:00 2019]	Heart_web
[Wed May  8 21:30:00 2019]	Heart_mobile
[Wed May  8 21:35:00 2019]	Heart_web
[Wed May  8 21:35:00 2019]	Heart_mobile
[Wed May  8 21:35:00 2019]	Heart_web
[Wed May  8 21:35:00 2019]	Heart_mobile
[Wed May  8 21:35:00 2019]	Heart_web
[Wed May  8 21:35:00 2019]	Heart_mobile
[Wed May  8 21:35:01 2019]	Heart_web
[Wed May  8 21:35:01 2019]	Heart_mobile
[Wed May  8 21:40:00 2019]	Heart_web
[Wed May  8 21:40:00 2019]	Heart_mobile
[Wed May  8 21:40:00 2019]	Heart_web
[Wed May  8 21:40:00 2019]	Heart_mobile
[Wed May  8 21:40:00 2019]	Heart_web
[Wed May  8 21:40:00 2019]	Heart_mobile
[Wed May  8 21:40:00 2019]	Heart_web
[Wed May  8 21:40:01 2019]	Heart_mobile
[Wed May  8 21:45:00 2019]	Heart_web
[Wed May  8 21:45:00 2019]	Heart_mobile
[Wed May  8 21:45:00 2019]	Heart_web
[Wed May  8 21:45:00 2019]	Heart_mobile
[Wed May  8 21:45:00 2019]	Heart_web
[Wed May  8 21:45:00 2019]	Heart_mobile
[Wed May  8 21:45:00 2019]	Heart_web
[Wed May  8 21:45:01 2019]	Heart_mobile
[Wed May  8 21:50:00 2019]	Heart_web
[Wed May  8 21:50:00 2019]	Heart_mobile
[Wed May  8 21:50:00 2019]	Heart_web
[Wed May  8 21:50:00 2019]	Heart_mobile
[Wed May  8 21:50:00 2019]	Heart_web
[Wed May  8 21:50:00 2019]	Heart_mobile
[Wed May  8 21:50:01 2019]	Heart_web
[Wed May  8 21:50:01 2019]	Heart_mobile
[Wed May  8 21:55:00 2019]	Heart_web
[Wed May  8 21:55:00 2019]	Heart_mobile
[Wed May  8 21:55:00 2019]	Heart_web
[Wed May  8 21:55:00 2019]	Heart_mobile
[Wed May  8 21:55:00 2019]	Heart_web
[Wed May  8 21:55:00 2019]	Heart_mobile
[Wed May  8 21:55:01 2019]	Heart_web
[Wed May  8 21:55:01 2019]	Heart_mobile
[Wed May  8 22:00:00 2019]	Heart_web
[Wed May  8 22:00:00 2019]	Heart_mobile
[Wed May  8 22:00:00 2019]	Heart_web
[Wed May  8 22:00:00 2019]	Heart_mobile
[Wed May  8 22:00:00 2019]	Heart_web
[Wed May  8 22:00:00 2019]	Heart_mobile
[Wed May  8 22:00:01 2019]	Heart_web
[Wed May  8 22:00:01 2019]	Heart_mobile
[Wed May  8 22:05:00 2019]	Heart_web
[Wed May  8 22:05:00 2019]	Heart_mobile
[Wed May  8 22:05:00 2019]	Heart_web
[Wed May  8 22:05:00 2019]	Heart_mobile
[Wed May  8 22:05:00 2019]	Heart_web
[Wed May  8 22:05:00 2019]	Heart_mobile
[Wed May  8 22:05:01 2019]	Heart_web
[Wed May  8 22:05:01 2019]	Heart_mobile
[Wed May  8 22:10:00 2019]	Heart_web
[Wed May  8 22:10:00 2019]	Heart_mobile
[Wed May  8 22:10:00 2019]	Heart_web
[Wed May  8 22:10:00 2019]	Heart_mobile
[Wed May  8 22:10:00 2019]	Heart_web
[Wed May  8 22:10:00 2019]	Heart_mobile
[Wed May  8 22:10:00 2019]	Heart_web
[Wed May  8 22:10:00 2019]	Heart_mobile
[Wed May  8 22:15:00 2019]	Heart_web
[Wed May  8 22:15:00 2019]	Heart_mobile
[Wed May  8 22:15:00 2019]	Heart_web
[Wed May  8 22:15:00 2019]	Heart_mobile
[Wed May  8 22:15:00 2019]	Heart_web
[Wed May  8 22:15:00 2019]	Heart_mobile
[Wed May  8 22:15:01 2019]	Heart_web
[Wed May  8 22:15:01 2019]	Heart_mobile
[Wed May  8 22:20:00 2019]	Heart_web
[Wed May  8 22:20:00 2019]	Heart_mobile
[Wed May  8 22:20:00 2019]	Heart_web
[Wed May  8 22:20:00 2019]	Heart_mobile
[Wed May  8 22:20:00 2019]	Heart_web
[Wed May  8 22:20:00 2019]	Heart_mobile
[Wed May  8 22:20:01 2019]	Heart_web
[Wed May  8 22:20:01 2019]	Heart_mobile
[Wed May  8 22:25:00 2019]	Heart_web
[Wed May  8 22:25:00 2019]	Heart_mobile
[Wed May  8 22:25:00 2019]	Heart_web
[Wed May  8 22:25:00 2019]	Heart_mobile
[Wed May  8 22:25:00 2019]	Heart_web
[Wed May  8 22:25:00 2019]	Heart_mobile
[Wed May  8 22:25:00 2019]	Heart_web
[Wed May  8 22:25:01 2019]	Heart_mobile
[Wed May  8 22:30:00 2019]	Heart_web
[Wed May  8 22:30:00 2019]	Heart_mobile
[Wed May  8 22:30:00 2019]	Heart_web
[Wed May  8 22:30:00 2019]	Heart_mobile
[Wed May  8 22:30:00 2019]	Heart_web
[Wed May  8 22:30:00 2019]	Heart_mobile
[Wed May  8 22:30:01 2019]	Heart_web
[Wed May  8 22:30:01 2019]	Heart_mobile
[Wed May  8 22:35:00 2019]	Heart_web
[Wed May  8 22:35:00 2019]	Heart_mobile
[Wed May  8 22:35:00 2019]	Heart_web
[Wed May  8 22:35:00 2019]	Heart_mobile
[Wed May  8 22:35:00 2019]	Heart_web
[Wed May  8 22:35:00 2019]	Heart_mobile
[Wed May  8 22:35:01 2019]	Heart_web
[Wed May  8 22:35:01 2019]	Heart_mobile
[Wed May  8 22:40:00 2019]	Heart_web
[Wed May  8 22:40:00 2019]	Heart_mobile
[Wed May  8 22:40:00 2019]	Heart_web
[Wed May  8 22:40:00 2019]	Heart_mobile
[Wed May  8 22:40:00 2019]	Heart_web
[Wed May  8 22:40:00 2019]	Heart_mobile
[Wed May  8 22:40:00 2019]	Heart_web
[Wed May  8 22:40:01 2019]	Heart_mobile
[Wed May  8 22:45:00 2019]	Heart_web
[Wed May  8 22:45:00 2019]	Heart_mobile
[Wed May  8 22:45:00 2019]	Heart_web
[Wed May  8 22:45:00 2019]	Heart_mobile
[Wed May  8 22:45:00 2019]	Heart_web
[Wed May  8 22:45:00 2019]	Heart_mobile
[Wed May  8 22:45:01 2019]	Heart_web
[Wed May  8 22:45:01 2019]	Heart_mobile
[Wed May  8 22:50:00 2019]	Heart_web
[Wed May  8 22:50:00 2019]	Heart_mobile
[Wed May  8 22:50:00 2019]	Heart_web
[Wed May  8 22:50:00 2019]	Heart_mobile
[Wed May  8 22:50:00 2019]	Heart_web
[Wed May  8 22:50:00 2019]	Heart_mobile
[Wed May  8 22:50:00 2019]	Heart_web
[Wed May  8 22:50:01 2019]	Heart_mobile
[Wed May  8 22:55:00 2019]	Heart_web
[Wed May  8 22:55:00 2019]	Heart_mobile
[Wed May  8 22:55:00 2019]	Heart_web
[Wed May  8 22:55:00 2019]	Heart_mobile
[Wed May  8 22:55:00 2019]	Heart_web
[Wed May  8 22:55:00 2019]	Heart_mobile
[Wed May  8 22:55:00 2019]	Heart_web
[Wed May  8 22:55:01 2019]	Heart_mobile
[Wed May  8 23:00:00 2019]	Heart_web
[Wed May  8 23:00:00 2019]	Heart_mobile
[Wed May  8 23:00:00 2019]	Heart_web
[Wed May  8 23:00:00 2019]	Heart_mobile
[Wed May  8 23:00:00 2019]	Heart_web
[Wed May  8 23:00:00 2019]	Heart_mobile
[Wed May  8 23:00:01 2019]	Heart_web
[Wed May  8 23:00:01 2019]	Heart_mobile
[Wed May  8 23:05:00 2019]	Heart_web
[Wed May  8 23:05:00 2019]	Heart_mobile
[Wed May  8 23:05:00 2019]	Heart_web
[Wed May  8 23:05:00 2019]	Heart_mobile
[Wed May  8 23:05:00 2019]	Heart_web
[Wed May  8 23:05:00 2019]	Heart_mobile
[Wed May  8 23:05:00 2019]	Heart_web
[Wed May  8 23:05:00 2019]	Heart_mobile
[Wed May  8 23:10:00 2019]	Heart_web
[Wed May  8 23:10:00 2019]	Heart_mobile
[Wed May  8 23:10:00 2019]	Heart_web
[Wed May  8 23:10:00 2019]	Heart_mobile
[Wed May  8 23:10:00 2019]	Heart_web
[Wed May  8 23:10:00 2019]	Heart_mobile
[Wed May  8 23:10:01 2019]	Heart_web
[Wed May  8 23:10:01 2019]	Heart_mobile
[Wed May  8 23:15:00 2019]	Heart_web
[Wed May  8 23:15:00 2019]	Heart_mobile
[Wed May  8 23:15:00 2019]	Heart_web
[Wed May  8 23:15:00 2019]	Heart_mobile
[Wed May  8 23:15:00 2019]	Heart_web
[Wed May  8 23:15:00 2019]	Heart_mobile
[Wed May  8 23:15:01 2019]	Heart_web
[Wed May  8 23:15:01 2019]	Heart_mobile
[Wed May  8 23:20:00 2019]	Heart_web
[Wed May  8 23:20:00 2019]	Heart_mobile
[Wed May  8 23:20:00 2019]	Heart_web
[Wed May  8 23:20:00 2019]	Heart_mobile
[Wed May  8 23:20:00 2019]	Heart_web
[Wed May  8 23:20:00 2019]	Heart_mobile
[Wed May  8 23:20:01 2019]	Heart_web
[Wed May  8 23:20:01 2019]	Heart_mobile
[Wed May  8 23:25:00 2019]	Heart_web
[Wed May  8 23:25:00 2019]	Heart_mobile
[Wed May  8 23:25:00 2019]	Heart_web
[Wed May  8 23:25:00 2019]	Heart_mobile
[Wed May  8 23:25:00 2019]	Heart_web
[Wed May  8 23:25:00 2019]	Heart_mobile
[Wed May  8 23:25:01 2019]	Heart_web
[Wed May  8 23:25:01 2019]	Heart_mobile
[Wed May  8 23:30:00 2019]	Heart_web
[Wed May  8 23:30:00 2019]	Heart_mobile
[Wed May  8 23:30:00 2019]	Heart_web
[Wed May  8 23:30:00 2019]	Heart_mobile
[Wed May  8 23:30:00 2019]	Heart_web
[Wed May  8 23:30:00 2019]	Heart_mobile
[Wed May  8 23:30:01 2019]	Heart_web
[Wed May  8 23:30:01 2019]	Heart_mobile
[Wed May  8 23:35:00 2019]	Heart_web
[Wed May  8 23:35:00 2019]	Heart_mobile
[Wed May  8 23:35:00 2019]	Heart_web
[Wed May  8 23:35:00 2019]	Heart_mobile
[Wed May  8 23:35:00 2019]	Heart_web
[Wed May  8 23:35:00 2019]	Heart_mobile
[Wed May  8 23:35:01 2019]	Heart_web
[Wed May  8 23:35:01 2019]	Heart_mobile
[Wed May  8 23:40:00 2019]	Heart_web
[Wed May  8 23:40:00 2019]	Heart_mobile
[Wed May  8 23:40:00 2019]	Heart_web
[Wed May  8 23:40:00 2019]	Heart_mobile
[Wed May  8 23:40:00 2019]	Heart_web
[Wed May  8 23:40:00 2019]	Heart_mobile
[Wed May  8 23:40:00 2019]	Heart_web
[Wed May  8 23:40:01 2019]	Heart_mobile
[Wed May  8 23:45:00 2019]	Heart_web
[Wed May  8 23:45:00 2019]	Heart_mobile
[Wed May  8 23:45:00 2019]	Heart_web
[Wed May  8 23:45:00 2019]	Heart_mobile
[Wed May  8 23:45:00 2019]	Heart_web
[Wed May  8 23:45:00 2019]	Heart_mobile
[Wed May  8 23:45:01 2019]	Heart_web
[Wed May  8 23:45:01 2019]	Heart_mobile
[Wed May  8 23:50:00 2019]	Heart_web
[Wed May  8 23:50:00 2019]	Heart_mobile
[Wed May  8 23:50:00 2019]	Heart_web
[Wed May  8 23:50:00 2019]	Heart_mobile
[Wed May  8 23:50:00 2019]	Heart_web
[Wed May  8 23:50:00 2019]	Heart_mobile
[Wed May  8 23:50:01 2019]	Heart_web
[Wed May  8 23:50:01 2019]	Heart_mobile
[Wed May  8 23:55:00 2019]	Heart_web
[Wed May  8 23:55:00 2019]	Heart_mobile
[Wed May  8 23:55:00 2019]	Heart_web
[Wed May  8 23:55:00 2019]	Heart_mobile
[Wed May  8 23:55:00 2019]	Heart_web
[Wed May  8 23:55:00 2019]	Heart_mobile
[Wed May  8 23:55:01 2019]	Heart_web
[Wed May  8 23:55:01 2019]	Heart_mobile
[Thu May  9 00:00:00 2019]	Heart_web
[Thu May  9 00:00:00 2019]	Heart_mobile
[Thu May  9 00:00:00 2019]	Heart_web
[Thu May  9 00:00:00 2019]	Heart_mobile
[Thu May  9 00:00:00 2019]	Heart_web
[Thu May  9 00:00:00 2019]	Heart_mobile
[Thu May  9 00:00:00 2019]	Heart_web
[Thu May  9 00:00:01 2019]	Heart_mobile
UPDATE Account SET finished = False,logined = False,watched = False,shared = False,coin_added = False,double_watch = False,s2c = False,signed = False
[u'51795087', u'51813228', u'51759298', u'51843823', u'51843989']
15824397397
zsj0911*
0
av51795087观看成功
银瓜子兑换成功
投币成功
------------------
17367078621
weiyuxin
0
av51795087观看成功
银瓜子兑换成功
投币成功
------------------
15127529708
shijizhe
0.6
av51795087观看成功
银瓜子兑换失败 银瓜子余额不足
投币失败 硬币不足
投币失败 硬币不足
投币失败 硬币不足
投币失败 硬币不足
投币失败 硬币不足
------------------
13306522935
zjuZSJ0911*
0
av51795087观看成功
银瓜子兑换失败 银瓜子余额不足
------------------
[Thu May  9 00:05:00 2019]	Heart_web
[Thu May  9 00:05:00 2019]	Heart_mobile
[Thu May  9 00:05:00 2019]	Heart_web
[Thu May  9 00:05:00 2019]	Heart_mobile
[Thu May  9 00:05:00 2019]	Heart_web
[Thu May  9 00:05:00 2019]	Heart_mobile
[Thu May  9 00:05:01 2019]	Heart_web
[Thu May  9 00:05:01 2019]	Heart_mobile
[Thu May  9 00:10:00 2019]	Heart_web
[Thu May  9 00:10:00 2019]	Heart_mobile
[Thu May  9 00:10:00 2019]	Heart_web
[Thu May  9 00:10:00 2019]	Heart_mobile
[Thu May  9 00:10:00 2019]	Heart_web
[Thu May  9 00:10:00 2019]	Heart_mobile
[Thu May  9 00:10:01 2019]	Heart_web
[Thu May  9 00:10:01 2019]	Heart_mobile
[Thu May  9 00:15:00 2019]	Heart_web
[Thu May  9 00:15:00 2019]	Heart_mobile
[Thu May  9 00:15:00 2019]	Heart_web
[Thu May  9 00:15:00 2019]	Heart_mobile
[Thu May  9 00:15:00 2019]	Heart_web
[Thu May  9 00:15:00 2019]	Heart_mobile
[Thu May  9 00:15:00 2019]	Heart_web
[Thu May  9 00:15:01 2019]	Heart_mobile
[Thu May  9 00:20:00 2019]	Heart_web
[Thu May  9 00:20:00 2019]	Heart_mobile
[Thu May  9 00:20:00 2019]	Heart_web
[Thu May  9 00:20:00 2019]	Heart_mobile
[Thu May  9 00:20:00 2019]	Heart_web
[Thu May  9 00:20:00 2019]	Heart_mobile
[Thu May  9 00:20:01 2019]	Heart_web
[Thu May  9 00:20:01 2019]	Heart_mobile
[Thu May  9 00:25:00 2019]	Heart_web
[Thu May  9 00:25:00 2019]	Heart_mobile
[Thu May  9 00:25:00 2019]	Heart_web
[Thu May  9 00:25:00 2019]	Heart_mobile
[Thu May  9 00:25:00 2019]	Heart_web
[Thu May  9 00:25:00 2019]	Heart_mobile
[Thu May  9 00:25:00 2019]	Heart_web
[Thu May  9 00:25:00 2019]	Heart_mobile
[Thu May  9 00:30:00 2019]	Heart_web
[Thu May  9 00:30:00 2019]	Heart_mobile
[Thu May  9 00:30:00 2019]	Heart_web
[Thu May  9 00:30:00 2019]	Heart_mobile
[Thu May  9 00:30:00 2019]	Heart_web
[Thu May  9 00:30:00 2019]	Heart_mobile
[Thu May  9 00:30:01 2019]	Heart_web
[Thu May  9 00:30:01 2019]	Heart_mobile
[Thu May  9 00:35:00 2019]	Heart_web
[Thu May  9 00:35:00 2019]	Heart_mobile
[Thu May  9 00:35:00 2019]	Heart_web
[Thu May  9 00:35:00 2019]	Heart_mobile
[Thu May  9 00:35:00 2019]	Heart_web
[Thu May  9 00:35:00 2019]	Heart_mobile
[Thu May  9 00:35:01 2019]	Heart_web
[Thu May  9 00:35:01 2019]	Heart_mobile
[Thu May  9 00:40:00 2019]	Heart_web
[Thu May  9 00:40:00 2019]	Heart_mobile
[Thu May  9 00:40:00 2019]	Heart_web
[Thu May  9 00:40:00 2019]	Heart_mobile
[Thu May  9 00:40:00 2019]	Heart_web
[Thu May  9 00:40:00 2019]	Heart_mobile
[Thu May  9 00:40:00 2019]	Heart_web
[Thu May  9 00:40:01 2019]	Heart_mobile
[Thu May  9 00:45:00 2019]	Heart_web
[Thu May  9 00:45:00 2019]	Heart_mobile
[Thu May  9 00:45:00 2019]	Heart_web
[Thu May  9 00:45:00 2019]	Heart_mobile
[Thu May  9 00:45:00 2019]	Heart_web
[Thu May  9 00:45:00 2019]	Heart_mobile
[Thu May  9 00:45:01 2019]	Heart_web
[Thu May  9 00:45:01 2019]	Heart_mobile
[Thu May  9 00:50:00 2019]	Heart_web
[Thu May  9 00:50:00 2019]	Heart_mobile
[Thu May  9 00:50:00 2019]	Heart_web
[Thu May  9 00:50:00 2019]	Heart_mobile
[Thu May  9 00:50:00 2019]	Heart_web
[Thu May  9 00:50:00 2019]	Heart_mobile
[Thu May  9 00:50:01 2019]	Heart_web
[Thu May  9 00:50:01 2019]	Heart_mobile
[Thu May  9 00:55:00 2019]	Heart_web
[Thu May  9 00:55:00 2019]	Heart_mobile
[Thu May  9 00:55:00 2019]	Heart_web
[Thu May  9 00:55:00 2019]	Heart_mobile
[Thu May  9 00:55:00 2019]	Heart_web
[Thu May  9 00:55:00 2019]	Heart_mobile
[Thu May  9 00:55:01 2019]	Heart_web
[Thu May  9 00:55:01 2019]	Heart_mobile
[Thu May  9 01:00:00 2019]	Heart_web
[Thu May  9 01:00:00 2019]	Heart_mobile
[Thu May  9 01:00:00 2019]	Heart_web
[Thu May  9 01:00:00 2019]	Heart_mobile
[Thu May  9 01:00:00 2019]	Heart_web
[Thu May  9 01:00:00 2019]	Heart_mobile
[Thu May  9 01:00:00 2019]	Heart_web
[Thu May  9 01:00:01 2019]	Heart_mobile
[u'51795087', u'51813228', u'51812694', u'51843823', u'51843989']
15824397397
zsj0911*
1

av51795087观看成功
今日已换硬币
投币成功
------------------
17367078621
weiyuxin
1

av51795087观看成功
今日已换硬币
投币成功
------------------
15127529708
shijizhe
1.6

av51795087观看成功
银瓜子兑换成功
投币成功
投币成功
投币失败 硬币不足
投币失败 硬币不足
投币失败 硬币不足
------------------
13306522935
zjuZSJ0911*
1

av51795087观看成功
银瓜子兑换成功
投币成功
投币成功
------------------
[Thu May  9 01:05:00 2019]	Heart_web
[Thu May  9 01:05:00 2019]	Heart_mobile
[Thu May  9 01:05:00 2019]	Heart_web
[Thu May  9 01:05:00 2019]	Heart_mobile
[Thu May  9 01:05:00 2019]	Heart_web
[Thu May  9 01:05:00 2019]	Heart_mobile
[Thu May  9 01:05:00 2019]	Heart_web
[Thu May  9 01:05:00 2019]	Heart_mobile
[Thu May  9 01:10:00 2019]	Heart_web
[Thu May  9 01:10:00 2019]	Heart_mobile
[Thu May  9 01:10:00 2019]	Heart_web
[Thu May  9 01:10:00 2019]	Heart_mobile
[Thu May  9 01:10:00 2019]	Heart_web
[Thu May  9 01:10:00 2019]	Heart_mobile
[Thu May  9 01:10:01 2019]	Heart_web
[Thu May  9 01:10:01 2019]	Heart_mobile
[Thu May  9 01:15:00 2019]	Heart_web
[Thu May  9 01:15:00 2019]	Heart_mobile
[Thu May  9 01:15:00 2019]	Heart_web
[Thu May  9 01:15:00 2019]	Heart_mobile
[Thu May  9 01:15:00 2019]	Heart_web
[Thu May  9 01:15:00 2019]	Heart_mobile
[Thu May  9 01:15:00 2019]	Heart_web
[Thu May  9 01:15:00 2019]	Heart_mobile
[Thu May  9 01:20:00 2019]	Heart_web
[Thu May  9 01:20:00 2019]	Heart_mobile
[Thu May  9 01:20:00 2019]	Heart_web
[Thu May  9 01:20:00 2019]	Heart_mobile
[Thu May  9 01:20:00 2019]	Heart_web
[Thu May  9 01:20:00 2019]	Heart_mobile
[Thu May  9 01:20:00 2019]	Heart_web
[Thu May  9 01:20:01 2019]	Heart_mobile
[Thu May  9 01:25:00 2019]	Heart_web
[Thu May  9 01:25:00 2019]	Heart_mobile
[Thu May  9 01:25:00 2019]	Heart_web
[Thu May  9 01:25:00 2019]	Heart_mobile
[Thu May  9 01:25:00 2019]	Heart_web
[Thu May  9 01:25:00 2019]	Heart_mobile
[Thu May  9 01:25:00 2019]	Heart_web
[Thu May  9 01:25:00 2019]	Heart_mobile
[Thu May  9 01:30:00 2019]	Heart_web
[Thu May  9 01:30:00 2019]	Heart_mobile
[Thu May  9 01:30:00 2019]	Heart_web
[Thu May  9 01:30:00 2019]	Heart_mobile
[Thu May  9 01:30:00 2019]	Heart_web
[Thu May  9 01:30:00 2019]	Heart_mobile
[Thu May  9 01:30:00 2019]	Heart_web
[Thu May  9 01:30:00 2019]	Heart_mobile
[Thu May  9 01:35:00 2019]	Heart_web
[Thu May  9 01:35:00 2019]	Heart_mobile
[Thu May  9 01:35:00 2019]	Heart_web
[Thu May  9 01:35:00 2019]	Heart_mobile
[Thu May  9 01:35:00 2019]	Heart_web
[Thu May  9 01:35:00 2019]	Heart_mobile
[Thu May  9 01:35:01 2019]	Heart_web
[Thu May  9 01:35:01 2019]	Heart_mobile
[Thu May  9 01:40:00 2019]	Heart_web
[Thu May  9 01:40:00 2019]	Heart_mobile
[Thu May  9 01:40:00 2019]	Heart_web
[Thu May  9 01:40:00 2019]	Heart_mobile
[Thu May  9 01:40:00 2019]	Heart_web
[Thu May  9 01:40:00 2019]	Heart_mobile
[Thu May  9 01:40:00 2019]	Heart_web
[Thu May  9 01:40:01 2019]	Heart_mobile
[Thu May  9 01:45:00 2019]	Heart_web
[Thu May  9 01:45:00 2019]	Heart_mobile
[Thu May  9 01:45:00 2019]	Heart_web
[Thu May  9 01:45:00 2019]	Heart_mobile
[Thu May  9 01:45:00 2019]	Heart_web
[Thu May  9 01:45:00 2019]	Heart_mobile
[Thu May  9 01:45:01 2019]	Heart_web
[Thu May  9 01:45:01 2019]	Heart_mobile
[Thu May  9 01:50:00 2019]	Heart_web
[Thu May  9 01:50:00 2019]	Heart_mobile
[Thu May  9 01:50:00 2019]	Heart_web
[Thu May  9 01:50:00 2019]	Heart_mobile
[Thu May  9 01:50:00 2019]	Heart_web
[Thu May  9 01:50:00 2019]	Heart_mobile
[Thu May  9 01:50:00 2019]	Heart_web
[Thu May  9 01:50:01 2019]	Heart_mobile
[Thu May  9 01:55:00 2019]	Heart_web
[Thu May  9 01:55:00 2019]	Heart_mobile
[Thu May  9 01:55:00 2019]	Heart_web
[Thu May  9 01:55:00 2019]	Heart_mobile
[Thu May  9 01:55:00 2019]	Heart_web
[Thu May  9 01:55:00 2019]	Heart_mobile
[Thu May  9 01:55:01 2019]	Heart_web
[Thu May  9 01:55:01 2019]	Heart_mobile
[Thu May  9 02:00:00 2019]	Heart_web
[Thu May  9 02:00:00 2019]	Heart_mobile
[Thu May  9 02:00:00 2019]	Heart_web
[Thu May  9 02:00:00 2019]	Heart_mobile
[Thu May  9 02:00:00 2019]	Heart_web
[Thu May  9 02:00:00 2019]	Heart_mobile
[Thu May  9 02:00:01 2019]	Heart_web
[Thu May  9 02:00:01 2019]	Heart_mobile
[u'51795087', u'51813228', u'51812694', u'51843823', u'51843989']
15824397397
zsj0911*
0
------------------
17367078621
weiyuxin
0
------------------
15127529708
shijizhe
0.6
今日已换硬币
投币失败 硬币不足
投币失败 硬币不足
投币失败 硬币不足
------------------
13306522935
zjuZSJ0911*
0
今日已换硬币
------------------
[Thu May  9 02:05:00 2019]	Heart_web
[Thu May  9 02:05:00 2019]	Heart_mobile
[Thu May  9 02:05:00 2019]	Heart_web
[Thu May  9 02:05:00 2019]	Heart_mobile
[Thu May  9 02:05:00 2019]	Heart_web
[Thu May  9 02:05:00 2019]	Heart_mobile
[Thu May  9 02:05:01 2019]	Heart_web
[Thu May  9 02:05:01 2019]	Heart_mobile
[Thu May  9 02:10:00 2019]	Heart_web
[Thu May  9 02:10:00 2019]	Heart_mobile
[Thu May  9 02:10:00 2019]	Heart_web
[Thu May  9 02:10:00 2019]	Heart_mobile
[Thu May  9 02:10:00 2019]	Heart_web
[Thu May  9 02:10:00 2019]	Heart_mobile
[Thu May  9 02:10:01 2019]	Heart_web
[Thu May  9 02:10:01 2019]	Heart_mobile
[Thu May  9 02:15:00 2019]	Heart_web
[Thu May  9 02:15:00 2019]	Heart_mobile
[Thu May  9 02:15:00 2019]	Heart_web
[Thu May  9 02:15:00 2019]	Heart_mobile
[Thu May  9 02:15:00 2019]	Heart_web
[Thu May  9 02:15:00 2019]	Heart_mobile
[Thu May  9 02:15:01 2019]	Heart_web
[Thu May  9 02:15:01 2019]	Heart_mobile
[Thu May  9 02:20:00 2019]	Heart_web
[Thu May  9 02:20:00 2019]	Heart_mobile
[Thu May  9 02:20:00 2019]	Heart_web
[Thu May  9 02:20:00 2019]	Heart_mobile
[Thu May  9 02:20:00 2019]	Heart_web
[Thu May  9 02:20:00 2019]	Heart_mobile
[Thu May  9 02:20:00 2019]	Heart_web
[Thu May  9 02:20:01 2019]	Heart_mobile
[Thu May  9 02:25:00 2019]	Heart_web
[Thu May  9 02:25:00 2019]	Heart_mobile
[Thu May  9 02:25:00 2019]	Heart_web
[Thu May  9 02:25:00 2019]	Heart_mobile
[Thu May  9 02:25:00 2019]	Heart_web
[Thu May  9 02:25:00 2019]	Heart_mobile
[Thu May  9 02:25:00 2019]	Heart_web
[Thu May  9 02:25:01 2019]	Heart_mobile
[Thu May  9 02:30:00 2019]	Heart_web
[Thu May  9 02:30:00 2019]	Heart_mobile
[Thu May  9 02:30:00 2019]	Heart_web
[Thu May  9 02:30:00 2019]	Heart_mobile
[Thu May  9 02:30:00 2019]	Heart_web
[Thu May  9 02:30:00 2019]	Heart_mobile
[Thu May  9 02:30:00 2019]	Heart_web
[Thu May  9 02:30:00 2019]	Heart_mobile
[Thu May  9 02:35:00 2019]	Heart_web
[Thu May  9 02:35:00 2019]	Heart_mobile
[Thu May  9 02:35:00 2019]	Heart_web
[Thu May  9 02:35:00 2019]	Heart_mobile
[Thu May  9 02:35:00 2019]	Heart_web
[Thu May  9 02:35:00 2019]	Heart_mobile
[Thu May  9 02:35:00 2019]	Heart_web
[Thu May  9 02:35:01 2019]	Heart_mobile
[Thu May  9 02:40:00 2019]	Heart_web
[Thu May  9 02:40:00 2019]	Heart_mobile
[Thu May  9 02:40:00 2019]	Heart_web
[Thu May  9 02:40:00 2019]	Heart_mobile
[Thu May  9 02:40:00 2019]	Heart_web
[Thu May  9 02:40:00 2019]	Heart_mobile
[Thu May  9 02:40:00 2019]	Heart_web
[Thu May  9 02:40:00 2019]	Heart_mobile
[Thu May  9 02:45:00 2019]	Heart_web
[Thu May  9 02:45:00 2019]	Heart_mobile
[Thu May  9 02:45:00 2019]	Heart_web
[Thu May  9 02:45:00 2019]	Heart_mobile
[Thu May  9 02:45:00 2019]	Heart_web
[Thu May  9 02:45:00 2019]	Heart_mobile
[Thu May  9 02:45:01 2019]	Heart_web
[Thu May  9 02:45:01 2019]	Heart_mobile
[Thu May  9 02:50:00 2019]	Heart_web
[Thu May  9 02:50:00 2019]	Heart_mobile
[Thu May  9 02:50:00 2019]	Heart_web
[Thu May  9 02:50:00 2019]	Heart_mobile
[Thu May  9 02:50:00 2019]	Heart_web
[Thu May  9 02:50:00 2019]	Heart_mobile
[Thu May  9 02:50:00 2019]	Heart_web
[Thu May  9 02:50:01 2019]	Heart_mobile
[Thu May  9 02:55:00 2019]	Heart_web
[Thu May  9 02:55:00 2019]	Heart_mobile
[Thu May  9 02:55:00 2019]	Heart_web
[Thu May  9 02:55:00 2019]	Heart_mobile
[Thu May  9 02:55:00 2019]	Heart_web
[Thu May  9 02:55:00 2019]	Heart_mobile
[Thu May  9 02:55:01 2019]	Heart_web
[Thu May  9 02:55:01 2019]	Heart_mobile
[Thu May  9 03:00:00 2019]	Heart_web
[Thu May  9 03:00:00 2019]	Heart_mobile
[Thu May  9 03:00:00 2019]	Heart_web
[Thu May  9 03:00:00 2019]	Heart_mobile
[Thu May  9 03:00:00 2019]	Heart_web
[Thu May  9 03:00:00 2019]	Heart_mobile
[Thu May  9 03:00:01 2019]	Heart_web
[Thu May  9 03:00:01 2019]	Heart_mobile
[u'51795087', u'51813228', u'51812694', u'51843823', u'51843989']
15824397397
zsj0911*
0
------------------
17367078621
weiyuxin
0
------------------
15127529708
shijizhe
0.6
投币失败 硬币不足
投币失败 硬币不足
投币失败 硬币不足
------------------
13306522935
zjuZSJ0911*
0
------------------
[Thu May  9 03:05:00 2019]	Heart_web
[Thu May  9 03:05:00 2019]	Heart_mobile
[Thu May  9 03:05:00 2019]	Heart_web
[Thu May  9 03:05:00 2019]	Heart_mobile
[Thu May  9 03:05:00 2019]	Heart_web
[Thu May  9 03:05:00 2019]	Heart_mobile
[Thu May  9 03:05:01 2019]	Heart_web
[Thu May  9 03:05:01 2019]	Heart_mobile
[Thu May  9 03:10:00 2019]	Heart_web
[Thu May  9 03:10:00 2019]	Heart_mobile
[Thu May  9 03:10:00 2019]	Heart_web
[Thu May  9 03:10:00 2019]	Heart_mobile
[Thu May  9 03:10:00 2019]	Heart_web
[Thu May  9 03:10:00 2019]	Heart_mobile
[Thu May  9 03:10:01 2019]	Heart_web
[Thu May  9 03:10:01 2019]	Heart_mobile
[Thu May  9 03:15:00 2019]	Heart_web
[Thu May  9 03:15:00 2019]	Heart_mobile
[Thu May  9 03:15:00 2019]	Heart_web
[Thu May  9 03:15:00 2019]	Heart_mobile
[Thu May  9 03:15:00 2019]	Heart_web
[Thu May  9 03:15:00 2019]	Heart_mobile
[Thu May  9 03:15:00 2019]	Heart_web
[Thu May  9 03:15:01 2019]	Heart_mobile
[Thu May  9 03:20:00 2019]	Heart_web
[Thu May  9 03:20:00 2019]	Heart_mobile
[Thu May  9 03:20:00 2019]	Heart_web
[Thu May  9 03:20:00 2019]	Heart_mobile
[Thu May  9 03:20:00 2019]	Heart_web
[Thu May  9 03:20:00 2019]	Heart_mobile
[Thu May  9 03:20:01 2019]	Heart_web
[Thu May  9 03:20:01 2019]	Heart_mobile
[Thu May  9 03:25:00 2019]	Heart_web
[Thu May  9 03:25:00 2019]	Heart_mobile
[Thu May  9 03:25:00 2019]	Heart_web
[Thu May  9 03:25:00 2019]	Heart_mobile
[Thu May  9 03:25:00 2019]	Heart_web
[Thu May  9 03:25:00 2019]	Heart_mobile
[Thu May  9 03:25:00 2019]	Heart_web
[Thu May  9 03:25:00 2019]	Heart_mobile
[Thu May  9 03:30:00 2019]	Heart_web
[Thu May  9 03:30:00 2019]	Heart_mobile
[Thu May  9 03:30:00 2019]	Heart_web
[Thu May  9 03:30:00 2019]	Heart_mobile
[Thu May  9 03:30:00 2019]	Heart_web
[Thu May  9 03:30:00 2019]	Heart_mobile
[Thu May  9 03:30:01 2019]	Heart_web
[Thu May  9 03:30:01 2019]	Heart_mobile
[Thu May  9 03:35:00 2019]	Heart_web
[Thu May  9 03:35:00 2019]	Heart_mobile
[Thu May  9 03:35:00 2019]	Heart_web
[Thu May  9 03:35:00 2019]	Heart_mobile
[Thu May  9 03:35:00 2019]	Heart_web
[Thu May  9 03:35:00 2019]	Heart_mobile
[Thu May  9 03:35:00 2019]	Heart_web
[Thu May  9 03:35:00 2019]	Heart_mobile
[Thu May  9 03:40:00 2019]	Heart_web
[Thu May  9 03:40:00 2019]	Heart_mobile
[Thu May  9 03:40:00 2019]	Heart_web
[Thu May  9 03:40:00 2019]	Heart_mobile
[Thu May  9 03:40:00 2019]	Heart_web
[Thu May  9 03:40:00 2019]	Heart_mobile
[Thu May  9 03:40:01 2019]	Heart_web
[Thu May  9 03:40:01 2019]	Heart_mobile
[Thu May  9 03:45:00 2019]	Heart_web
[Thu May  9 03:45:00 2019]	Heart_mobile
[Thu May  9 03:45:00 2019]	Heart_web
[Thu May  9 03:45:00 2019]	Heart_mobile
[Thu May  9 03:45:00 2019]	Heart_web
[Thu May  9 03:45:00 2019]	Heart_mobile
[Thu May  9 03:45:00 2019]	Heart_web
[Thu May  9 03:45:01 2019]	Heart_mobile
[Thu May  9 03:50:00 2019]	Heart_web
[Thu May  9 03:50:00 2019]	Heart_mobile
[Thu May  9 03:50:00 2019]	Heart_web
[Thu May  9 03:50:00 2019]	Heart_mobile
[Thu May  9 03:50:00 2019]	Heart_web
[Thu May  9 03:50:00 2019]	Heart_mobile
[Thu May  9 03:50:01 2019]	Heart_web
[Thu May  9 03:50:01 2019]	Heart_mobile
[Thu May  9 03:55:00 2019]	Heart_web
[Thu May  9 03:55:00 2019]	Heart_mobile
[Thu May  9 03:55:00 2019]	Heart_web
[Thu May  9 03:55:00 2019]	Heart_mobile
[Thu May  9 03:55:00 2019]	Heart_web
[Thu May  9 03:55:00 2019]	Heart_mobile
[Thu May  9 03:55:00 2019]	Heart_web
[Thu May  9 03:55:01 2019]	Heart_mobile
[Thu May  9 04:00:00 2019]	Heart_web
[Thu May  9 04:00:00 2019]	Heart_mobile
[Thu May  9 04:00:00 2019]	Heart_web
[Thu May  9 04:00:00 2019]	Heart_mobile
[Thu May  9 04:00:00 2019]	Heart_web
[Thu May  9 04:00:00 2019]	Heart_mobile
[Thu May  9 04:00:00 2019]	Heart_web
[Thu May  9 04:00:00 2019]	Heart_mobile
[u'51795087', u'51813228', u'51812694', u'51843823', u'51843989']
15824397397
zsj0911*
0
------------------
17367078621
weiyuxin
0
------------------
15127529708
shijizhe
0.6
投币失败 硬币不足
投币失败 硬币不足
投币失败 硬币不足
------------------
13306522935
zjuZSJ0911*
0
------------------
[Thu May  9 04:05:00 2019]	Heart_web
[Thu May  9 04:05:00 2019]	Heart_mobile
[Thu May  9 04:05:00 2019]	Heart_web
[Thu May  9 04:05:00 2019]	Heart_mobile
[Thu May  9 04:05:00 2019]	Heart_web
[Thu May  9 04:05:00 2019]	Heart_mobile
[Thu May  9 04:05:01 2019]	Heart_web
[Thu May  9 04:05:01 2019]	Heart_mobile
[Thu May  9 04:10:00 2019]	Heart_web
[Thu May  9 04:10:00 2019]	Heart_mobile
[Thu May  9 04:10:00 2019]	Heart_web
[Thu May  9 04:10:00 2019]	Heart_mobile
[Thu May  9 04:10:00 2019]	Heart_web
[Thu May  9 04:10:00 2019]	Heart_mobile
[Thu May  9 04:10:01 2019]	Heart_web
[Thu May  9 04:10:01 2019]	Heart_mobile
[Thu May  9 04:15:00 2019]	Heart_web
[Thu May  9 04:15:00 2019]	Heart_mobile
[Thu May  9 04:15:00 2019]	Heart_web
[Thu May  9 04:15:00 2019]	Heart_mobile
[Thu May  9 04:15:00 2019]	Heart_web
[Thu May  9 04:15:00 2019]	Heart_mobile
[Thu May  9 04:15:01 2019]	Heart_web
[Thu May  9 04:15:01 2019]	Heart_mobile
[Thu May  9 04:20:00 2019]	Heart_web
[Thu May  9 04:20:00 2019]	Heart_mobile
[Thu May  9 04:20:00 2019]	Heart_web
[Thu May  9 04:20:00 2019]	Heart_mobile
[Thu May  9 04:20:00 2019]	Heart_web
[Thu May  9 04:20:00 2019]	Heart_mobile
[Thu May  9 04:20:00 2019]	Heart_web
[Thu May  9 04:20:01 2019]	Heart_mobile
[Thu May  9 04:25:00 2019]	Heart_web
[Thu May  9 04:25:00 2019]	Heart_mobile
[Thu May  9 04:25:00 2019]	Heart_web
[Thu May  9 04:25:00 2019]	Heart_mobile
[Thu May  9 04:25:00 2019]	Heart_web
[Thu May  9 04:25:00 2019]	Heart_mobile
[Thu May  9 04:25:01 2019]	Heart_web
[Thu May  9 04:25:01 2019]	Heart_mobile
[Thu May  9 04:30:00 2019]	Heart_web
[Thu May  9 04:30:00 2019]	Heart_mobile
[Thu May  9 04:30:00 2019]	Heart_web
[Thu May  9 04:30:00 2019]	Heart_mobile
[Thu May  9 04:30:00 2019]	Heart_web
[Thu May  9 04:30:00 2019]	Heart_mobile
[Thu May  9 04:30:00 2019]	Heart_web
[Thu May  9 04:30:01 2019]	Heart_mobile
[Thu May  9 04:35:00 2019]	Heart_web
[Thu May  9 04:35:00 2019]	Heart_mobile
[Thu May  9 04:35:00 2019]	Heart_web
[Thu May  9 04:35:00 2019]	Heart_mobile
[Thu May  9 04:35:00 2019]	Heart_web
[Thu May  9 04:35:00 2019]	Heart_mobile
[Thu May  9 04:35:00 2019]	Heart_web
[Thu May  9 04:35:01 2019]	Heart_mobile
[Thu May  9 04:40:00 2019]	Heart_web
[Thu May  9 04:40:00 2019]	Heart_mobile
[Thu May  9 04:40:00 2019]	Heart_web
[Thu May  9 04:40:00 2019]	Heart_mobile
[Thu May  9 04:40:00 2019]	Heart_web
[Thu May  9 04:40:00 2019]	Heart_mobile
[Thu May  9 04:40:00 2019]	Heart_web
[Thu May  9 04:40:01 2019]	Heart_mobile
[Thu May  9 04:45:00 2019]	Heart_web
[Thu May  9 04:45:00 2019]	Heart_mobile
[Thu May  9 04:45:00 2019]	Heart_web
[Thu May  9 04:45:00 2019]	Heart_mobile
[Thu May  9 04:45:00 2019]	Heart_web
[Thu May  9 04:45:00 2019]	Heart_mobile
[Thu May  9 04:45:00 2019]	Heart_web
[Thu May  9 04:45:00 2019]	Heart_mobile
[Thu May  9 04:50:00 2019]	Heart_web
[Thu May  9 04:50:00 2019]	Heart_mobile
[Thu May  9 04:50:00 2019]	Heart_web
[Thu May  9 04:50:00 2019]	Heart_mobile
[Thu May  9 04:50:00 2019]	Heart_web
[Thu May  9 04:50:00 2019]	Heart_mobile
[Thu May  9 04:50:01 2019]	Heart_web
[Thu May  9 04:50:01 2019]	Heart_mobile
[Thu May  9 04:55:00 2019]	Heart_web
[Thu May  9 04:55:00 2019]	Heart_mobile
[Thu May  9 04:55:00 2019]	Heart_web
[Thu May  9 04:55:00 2019]	Heart_mobile
[Thu May  9 04:55:00 2019]	Heart_web
[Thu May  9 04:55:00 2019]	Heart_mobile
[Thu May  9 04:55:00 2019]	Heart_web
[Thu May  9 04:55:01 2019]	Heart_mobile
[Thu May  9 05:00:00 2019]	Heart_web
[Thu May  9 05:00:00 2019]	Heart_mobile
[Thu May  9 05:00:00 2019]	Heart_web
[Thu May  9 05:00:00 2019]	Heart_mobile
[Thu May  9 05:00:00 2019]	Heart_web
[Thu May  9 05:00:00 2019]	Heart_mobile
[Thu May  9 05:00:00 2019]	Heart_web
[Thu May  9 05:00:00 2019]	Heart_mobile
[u'51795087', u'51813228', u'51812694', u'51843823', u'51843989']
15824397397
zsj0911*
0
------------------
17367078621
weiyuxin
0
------------------
15127529708
shijizhe
0.6
投币失败 硬币不足
投币失败 硬币不足
投币失败 硬币不足
------------------
13306522935
zjuZSJ0911*
0
------------------
[Thu May  9 05:05:00 2019]	Heart_web
[Thu May  9 05:05:00 2019]	Heart_mobile
[Thu May  9 05:05:00 2019]	Heart_web
[Thu May  9 05:05:00 2019]	Heart_mobile
[Thu May  9 05:05:00 2019]	Heart_web
[Thu May  9 05:05:00 2019]	Heart_mobile
[Thu May  9 05:05:01 2019]	Heart_web
[Thu May  9 05:05:01 2019]	Heart_mobile
[Thu May  9 05:10:00 2019]	Heart_web
[Thu May  9 05:10:00 2019]	Heart_mobile
[Thu May  9 05:10:00 2019]	Heart_web
[Thu May  9 05:10:00 2019]	Heart_mobile
[Thu May  9 05:10:00 2019]	Heart_web
[Thu May  9 05:10:00 2019]	Heart_mobile
[Thu May  9 05:10:00 2019]	Heart_web
[Thu May  9 05:10:01 2019]	Heart_mobile
[Thu May  9 05:15:00 2019]	Heart_web
[Thu May  9 05:15:00 2019]	Heart_mobile
[Thu May  9 05:15:00 2019]	Heart_web
[Thu May  9 05:15:00 2019]	Heart_mobile
[Thu May  9 05:15:00 2019]	Heart_web
[Thu May  9 05:15:00 2019]	Heart_mobile
[Thu May  9 05:15:00 2019]	Heart_web
[Thu May  9 05:15:01 2019]	Heart_mobile
[Thu May  9 05:20:00 2019]	Heart_web
[Thu May  9 05:20:00 2019]	Heart_mobile
[Thu May  9 05:20:00 2019]	Heart_web
[Thu May  9 05:20:00 2019]	Heart_mobile
[Thu May  9 05:20:00 2019]	Heart_web
[Thu May  9 05:20:00 2019]	Heart_mobile
[Thu May  9 05:20:01 2019]	Heart_web
[Thu May  9 05:20:01 2019]	Heart_mobile
[Thu May  9 05:25:00 2019]	Heart_web
[Thu May  9 05:25:00 2019]	Heart_mobile
[Thu May  9 05:25:00 2019]	Heart_web
[Thu May  9 05:25:00 2019]	Heart_mobile
[Thu May  9 05:25:00 2019]	Heart_web
[Thu May  9 05:25:00 2019]	Heart_mobile
[Thu May  9 05:25:01 2019]	Heart_web
[Thu May  9 05:25:01 2019]	Heart_mobile
[Thu May  9 05:30:00 2019]	Heart_web
[Thu May  9 05:30:00 2019]	Heart_mobile
[Thu May  9 05:30:00 2019]	Heart_web
[Thu May  9 05:30:00 2019]	Heart_mobile
[Thu May  9 05:30:00 2019]	Heart_web
[Thu May  9 05:30:00 2019]	Heart_mobile
[Thu May  9 05:30:00 2019]	Heart_web
[Thu May  9 05:30:00 2019]	Heart_mobile
[Thu May  9 05:35:00 2019]	Heart_web
[Thu May  9 05:35:00 2019]	Heart_mobile
[Thu May  9 05:35:00 2019]	Heart_web
[Thu May  9 05:35:00 2019]	Heart_mobile
[Thu May  9 05:35:00 2019]	Heart_web
[Thu May  9 05:35:00 2019]	Heart_mobile
[Thu May  9 05:35:01 2019]	Heart_web
[Thu May  9 05:35:01 2019]	Heart_mobile
[Thu May  9 05:40:00 2019]	Heart_web
[Thu May  9 05:40:00 2019]	Heart_mobile
[Thu May  9 05:40:00 2019]	Heart_web
[Thu May  9 05:40:00 2019]	Heart_mobile
[Thu May  9 05:40:00 2019]	Heart_web
[Thu May  9 05:40:00 2019]	Heart_mobile
[Thu May  9 05:40:01 2019]	Heart_web
[Thu May  9 05:40:01 2019]	Heart_mobile
[Thu May  9 05:45:00 2019]	Heart_web
[Thu May  9 05:45:00 2019]	Heart_mobile
[Thu May  9 05:45:00 2019]	Heart_web
[Thu May  9 05:45:00 2019]	Heart_mobile
[Thu May  9 05:45:00 2019]	Heart_web
[Thu May  9 05:45:00 2019]	Heart_mobile
[Thu May  9 05:45:00 2019]	Heart_web
[Thu May  9 05:45:01 2019]	Heart_mobile
[Thu May  9 05:50:00 2019]	Heart_web
[Thu May  9 05:50:00 2019]	Heart_mobile
[Thu May  9 05:50:00 2019]	Heart_web
[Thu May  9 05:50:00 2019]	Heart_mobile
[Thu May  9 05:50:00 2019]	Heart_web
[Thu May  9 05:50:00 2019]	Heart_mobile
[Thu May  9 05:50:01 2019]	Heart_web
[Thu May  9 05:50:01 2019]	Heart_mobile
[Thu May  9 05:55:00 2019]	Heart_web
[Thu May  9 05:55:00 2019]	Heart_mobile
[Thu May  9 05:55:00 2019]	Heart_web
[Thu May  9 05:55:00 2019]	Heart_mobile
[Thu May  9 05:55:00 2019]	Heart_web
[Thu May  9 05:55:00 2019]	Heart_mobile
[Thu May  9 05:55:00 2019]	Heart_web
[Thu May  9 05:55:01 2019]	Heart_mobile
[Thu May  9 06:00:00 2019]	Heart_web
[Thu May  9 06:00:00 2019]	Heart_mobile
[Thu May  9 06:00:00 2019]	Heart_web
[Thu May  9 06:00:00 2019]	Heart_mobile
[Thu May  9 06:00:00 2019]	Heart_web
[Thu May  9 06:00:00 2019]	Heart_mobile
[Thu May  9 06:00:01 2019]	Heart_web
[Thu May  9 06:00:01 2019]	Heart_mobile
[u'51795087', u'51813228', u'51812694', u'51843823', u'51843989']
15824397397
zsj0911*
0
------------------
17367078621
weiyuxin
0
------------------
15127529708
shijizhe
0.6
投币失败 硬币不足
投币失败 硬币不足
投币失败 硬币不足
------------------
13306522935
zjuZSJ0911*
0
------------------
[Thu May  9 06:05:00 2019]	Heart_web
[Thu May  9 06:05:00 2019]	Heart_mobile
[Thu May  9 06:05:00 2019]	Heart_web
[Thu May  9 06:05:00 2019]	Heart_mobile
[Thu May  9 06:05:00 2019]	Heart_web
[Thu May  9 06:05:00 2019]	Heart_mobile
[Thu May  9 06:05:01 2019]	Heart_web
[Thu May  9 06:05:01 2019]	Heart_mobile
[Thu May  9 06:10:00 2019]	Heart_web
[Thu May  9 06:10:00 2019]	Heart_mobile
[Thu May  9 06:10:00 2019]	Heart_web
[Thu May  9 06:10:00 2019]	Heart_mobile
[Thu May  9 06:10:00 2019]	Heart_web
[Thu May  9 06:10:00 2019]	Heart_mobile
[Thu May  9 06:10:00 2019]	Heart_web
[Thu May  9 06:10:01 2019]	Heart_mobile
[Thu May  9 06:15:00 2019]	Heart_web
[Thu May  9 06:15:00 2019]	Heart_mobile
[Thu May  9 06:15:00 2019]	Heart_web
[Thu May  9 06:15:00 2019]	Heart_mobile
[Thu May  9 06:15:00 2019]	Heart_web
[Thu May  9 06:15:00 2019]	Heart_mobile
[Thu May  9 06:15:00 2019]	Heart_web
[Thu May  9 06:15:01 2019]	Heart_mobile
[Thu May  9 06:20:00 2019]	Heart_web
[Thu May  9 06:20:00 2019]	Heart_mobile
[Thu May  9 06:20:00 2019]	Heart_web
[Thu May  9 06:20:00 2019]	Heart_mobile
[Thu May  9 06:20:00 2019]	Heart_web
[Thu May  9 06:20:00 2019]	Heart_mobile
[Thu May  9 06:20:00 2019]	Heart_web
[Thu May  9 06:20:01 2019]	Heart_mobile
[Thu May  9 06:25:00 2019]	Heart_web
[Thu May  9 06:25:00 2019]	Heart_mobile
[Thu May  9 06:25:00 2019]	Heart_web
[Thu May  9 06:25:00 2019]	Heart_mobile
[Thu May  9 06:25:00 2019]	Heart_web
[Thu May  9 06:25:00 2019]	Heart_mobile
[Thu May  9 06:25:01 2019]	Heart_web
[Thu May  9 06:25:01 2019]	Heart_mobile
[Thu May  9 06:30:00 2019]	Heart_web
[Thu May  9 06:30:00 2019]	Heart_mobile
[Thu May  9 06:30:00 2019]	Heart_web
[Thu May  9 06:30:00 2019]	Heart_mobile
[Thu May  9 06:30:00 2019]	Heart_web
[Thu May  9 06:30:00 2019]	Heart_mobile
[Thu May  9 06:30:01 2019]	Heart_web
[Thu May  9 06:30:01 2019]	Heart_mobile
[Thu May  9 06:35:00 2019]	Heart_web
[Thu May  9 06:35:00 2019]	Heart_mobile
[Thu May  9 06:35:00 2019]	Heart_web
[Thu May  9 06:35:00 2019]	Heart_mobile
[Thu May  9 06:35:00 2019]	Heart_web
[Thu May  9 06:35:00 2019]	Heart_mobile
[Thu May  9 06:35:00 2019]	Heart_web
[Thu May  9 06:35:01 2019]	Heart_mobile
[Thu May  9 06:40:00 2019]	Heart_web
[Thu May  9 06:40:00 2019]	Heart_mobile
[Thu May  9 06:40:00 2019]	Heart_web
[Thu May  9 06:40:00 2019]	Heart_mobile
[Thu May  9 06:40:00 2019]	Heart_web
[Thu May  9 06:40:00 2019]	Heart_mobile
[Thu May  9 06:40:01 2019]	Heart_web
[Thu May  9 06:40:01 2019]	Heart_mobile
[Thu May  9 06:45:00 2019]	Heart_web
[Thu May  9 06:45:00 2019]	Heart_mobile
[Thu May  9 06:45:00 2019]	Heart_web
[Thu May  9 06:45:00 2019]	Heart_mobile
[Thu May  9 06:45:00 2019]	Heart_web
[Thu May  9 06:45:00 2019]	Heart_mobile
[Thu May  9 06:45:00 2019]	Heart_web
[Thu May  9 06:45:01 2019]	Heart_mobile
[Thu May  9 06:50:00 2019]	Heart_web
[Thu May  9 06:50:00 2019]	Heart_mobile
[Thu May  9 06:50:00 2019]	Heart_web
[Thu May  9 06:50:00 2019]	Heart_mobile
[Thu May  9 06:50:00 2019]	Heart_web
[Thu May  9 06:50:00 2019]	Heart_mobile
[Thu May  9 06:50:01 2019]	Heart_web
[Thu May  9 06:50:01 2019]	Heart_mobile
[Thu May  9 06:55:00 2019]	Heart_web
[Thu May  9 06:55:00 2019]	Heart_mobile
[Thu May  9 06:55:00 2019]	Heart_web
[Thu May  9 06:55:00 2019]	Heart_mobile
[Thu May  9 06:55:00 2019]	Heart_web
[Thu May  9 06:55:00 2019]	Heart_mobile
[Thu May  9 06:55:00 2019]	Heart_web
[Thu May  9 06:55:00 2019]	Heart_mobile
[Thu May  9 07:00:00 2019]	Heart_web
[Thu May  9 07:00:00 2019]	Heart_mobile
[Thu May  9 07:00:00 2019]	Heart_web
[Thu May  9 07:00:00 2019]	Heart_mobile
[Thu May  9 07:00:00 2019]	Heart_web
[Thu May  9 07:00:00 2019]	Heart_mobile
[Thu May  9 07:00:01 2019]	Heart_web
[Thu May  9 07:00:01 2019]	Heart_mobile
[u'51795087', u'51813228', u'51831505', u'51812694', u'51843823']
15824397397
zsj0911*
0
------------------
17367078621
weiyuxin
0
------------------
15127529708
shijizhe
0.6
投币失败 硬币不足
投币失败 硬币不足
投币失败 硬币不足
------------------
13306522935
zjuZSJ0911*
0
------------------
[Thu May  9 07:05:00 2019]	Heart_web
[Thu May  9 07:05:00 2019]	Heart_mobile
[Thu May  9 07:05:00 2019]	Heart_web
[Thu May  9 07:05:00 2019]	Heart_mobile
[Thu May  9 07:05:00 2019]	Heart_web
[Thu May  9 07:05:00 2019]	Heart_mobile
[Thu May  9 07:05:01 2019]	Heart_web
[Thu May  9 07:05:01 2019]	Heart_mobile
[Thu May  9 07:10:00 2019]	Heart_web
[Thu May  9 07:10:00 2019]	Heart_mobile
[Thu May  9 07:10:00 2019]	Heart_web
[Thu May  9 07:10:00 2019]	Heart_mobile
[Thu May  9 07:10:00 2019]	Heart_web
[Thu May  9 07:10:00 2019]	Heart_mobile
[Thu May  9 07:10:01 2019]	Heart_web
[Thu May  9 07:10:01 2019]	Heart_mobile
[Thu May  9 07:15:00 2019]	Heart_web
[Thu May  9 07:15:00 2019]	Heart_mobile
[Thu May  9 07:15:00 2019]	Heart_web
[Thu May  9 07:15:00 2019]	Heart_mobile
[Thu May  9 07:15:00 2019]	Heart_web
[Thu May  9 07:15:00 2019]	Heart_mobile
[Thu May  9 07:15:01 2019]	Heart_web
[Thu May  9 07:15:01 2019]	Heart_mobile
[Thu May  9 07:20:00 2019]	Heart_web
[Thu May  9 07:20:00 2019]	Heart_mobile
[Thu May  9 07:20:00 2019]	Heart_web
[Thu May  9 07:20:00 2019]	Heart_mobile
[Thu May  9 07:20:00 2019]	Heart_web
[Thu May  9 07:20:00 2019]	Heart_mobile
[Thu May  9 07:20:01 2019]	Heart_web
[Thu May  9 07:20:01 2019]	Heart_mobile
[Thu May  9 07:25:00 2019]	Heart_web
[Thu May  9 07:25:00 2019]	Heart_mobile
[Thu May  9 07:25:00 2019]	Heart_web
[Thu May  9 07:25:00 2019]	Heart_mobile
[Thu May  9 07:25:00 2019]	Heart_web
[Thu May  9 07:25:00 2019]	Heart_mobile
[Thu May  9 07:25:00 2019]	Heart_web
[Thu May  9 07:25:01 2019]	Heart_mobile
[Thu May  9 07:30:00 2019]	Heart_web
[Thu May  9 07:30:00 2019]	Heart_mobile
[Thu May  9 07:30:00 2019]	Heart_web
[Thu May  9 07:30:00 2019]	Heart_mobile
[Thu May  9 07:30:00 2019]	Heart_web
[Thu May  9 07:30:00 2019]	Heart_mobile
[Thu May  9 07:30:01 2019]	Heart_web
[Thu May  9 07:30:01 2019]	Heart_mobile
[Thu May  9 07:35:00 2019]	Heart_web
[Thu May  9 07:35:00 2019]	Heart_mobile
[Thu May  9 07:35:00 2019]	Heart_web
[Thu May  9 07:35:00 2019]	Heart_mobile
[Thu May  9 07:35:00 2019]	Heart_web
[Thu May  9 07:35:00 2019]	Heart_mobile
[Thu May  9 07:35:00 2019]	Heart_web
[Thu May  9 07:35:00 2019]	Heart_mobile
[Thu May  9 07:40:00 2019]	Heart_web
[Thu May  9 07:40:00 2019]	Heart_mobile
[Thu May  9 07:40:00 2019]	Heart_web
[Thu May  9 07:40:00 2019]	Heart_mobile
[Thu May  9 07:40:00 2019]	Heart_web
[Thu May  9 07:40:00 2019]	Heart_mobile
[Thu May  9 07:40:00 2019]	Heart_web
[Thu May  9 07:40:00 2019]	Heart_mobile
[Thu May  9 07:45:00 2019]	Heart_web
[Thu May  9 07:45:00 2019]	Heart_mobile
[Thu May  9 07:45:00 2019]	Heart_web
[Thu May  9 07:45:00 2019]	Heart_mobile
[Thu May  9 07:45:00 2019]	Heart_web
[Thu May  9 07:45:00 2019]	Heart_mobile
[Thu May  9 07:45:01 2019]	Heart_web
[Thu May  9 07:45:01 2019]	Heart_mobile
[Thu May  9 07:50:00 2019]	Heart_web
[Thu May  9 07:50:00 2019]	Heart_mobile
[Thu May  9 07:50:00 2019]	Heart_web
[Thu May  9 07:50:00 2019]	Heart_mobile
[Thu May  9 07:50:00 2019]	Heart_web
[Thu May  9 07:50:00 2019]	Heart_mobile
[Thu May  9 07:50:00 2019]	Heart_web
[Thu May  9 07:50:01 2019]	Heart_mobile
[Thu May  9 07:55:00 2019]	Heart_web
[Thu May  9 07:55:00 2019]	Heart_mobile
[Thu May  9 07:55:00 2019]	Heart_web
[Thu May  9 07:55:00 2019]	Heart_mobile
[Thu May  9 07:55:00 2019]	Heart_web
[Thu May  9 07:55:00 2019]	Heart_mobile
[Thu May  9 07:55:01 2019]	Heart_web
[Thu May  9 07:55:01 2019]	Heart_mobile
[Thu May  9 08:00:00 2019]	Heart_web
[Thu May  9 08:00:00 2019]	Heart_mobile
[Thu May  9 08:00:00 2019]	Heart_web
[Thu May  9 08:00:00 2019]	Heart_mobile
[Thu May  9 08:00:00 2019]	Heart_web
[Thu May  9 08:00:00 2019]	Heart_mobile
[Thu May  9 08:00:01 2019]	Heart_web
[Thu May  9 08:00:01 2019]	Heart_mobile
[u'51795087', u'51813228', u'51812694', u'51843823', u'51843989']
15824397397
zsj0911*
0
------------------
17367078621
weiyuxin
0
------------------
15127529708
shijizhe
0.6
投币失败 硬币不足
投币失败 硬币不足
投币失败 硬币不足
------------------
13306522935
zjuZSJ0911*
0
------------------
[Thu May  9 08:05:00 2019]	Heart_web
[Thu May  9 08:05:00 2019]	Heart_mobile
[Thu May  9 08:05:00 2019]	Heart_web
[Thu May  9 08:05:00 2019]	Heart_mobile
[Thu May  9 08:05:00 2019]	Heart_web
[Thu May  9 08:05:00 2019]	Heart_mobile
[Thu May  9 08:05:01 2019]	Heart_web
[Thu May  9 08:05:01 2019]	Heart_mobile
[Thu May  9 08:10:00 2019]	Heart_web
[Thu May  9 08:10:00 2019]	Heart_mobile
[Thu May  9 08:10:00 2019]	Heart_web
[Thu May  9 08:10:00 2019]	Heart_mobile
[Thu May  9 08:10:00 2019]	Heart_web
[Thu May  9 08:10:00 2019]	Heart_mobile
[Thu May  9 08:10:01 2019]	Heart_web
[Thu May  9 08:10:01 2019]	Heart_mobile
[Thu May  9 08:15:00 2019]	Heart_web
[Thu May  9 08:15:00 2019]	Heart_mobile
[Thu May  9 08:15:00 2019]	Heart_web
[Thu May  9 08:15:00 2019]	Heart_mobile
[Thu May  9 08:15:00 2019]	Heart_web
[Thu May  9 08:15:00 2019]	Heart_mobile
[Thu May  9 08:15:00 2019]	Heart_web
[Thu May  9 08:15:01 2019]	Heart_mobile
[Thu May  9 08:20:00 2019]	Heart_web
[Thu May  9 08:20:00 2019]	Heart_mobile
[Thu May  9 08:20:00 2019]	Heart_web
[Thu May  9 08:20:00 2019]	Heart_mobile
[Thu May  9 08:20:00 2019]	Heart_web
[Thu May  9 08:20:00 2019]	Heart_mobile
[Thu May  9 08:20:00 2019]	Heart_web
[Thu May  9 08:20:00 2019]	Heart_mobile
[Thu May  9 08:25:00 2019]	Heart_web
[Thu May  9 08:25:00 2019]	Heart_mobile
[Thu May  9 08:25:00 2019]	Heart_web
[Thu May  9 08:25:00 2019]	Heart_mobile
[Thu May  9 08:25:00 2019]	Heart_web
[Thu May  9 08:25:00 2019]	Heart_mobile
[Thu May  9 08:25:01 2019]	Heart_web
[Thu May  9 08:25:01 2019]	Heart_mobile
[Thu May  9 08:30:00 2019]	Heart_web
[Thu May  9 08:30:00 2019]	Heart_mobile
[Thu May  9 08:30:00 2019]	Heart_web
[Thu May  9 08:30:00 2019]	Heart_mobile
[Thu May  9 08:30:00 2019]	Heart_web
[Thu May  9 08:30:00 2019]	Heart_mobile
[Thu May  9 08:30:01 2019]	Heart_web
[Thu May  9 08:30:01 2019]	Heart_mobile
[Thu May  9 08:35:00 2019]	Heart_web
[Thu May  9 08:35:00 2019]	Heart_mobile
[Thu May  9 08:35:00 2019]	Heart_web
[Thu May  9 08:35:00 2019]	Heart_mobile
[Thu May  9 08:35:00 2019]	Heart_web
[Thu May  9 08:35:00 2019]	Heart_mobile
[Thu May  9 08:35:01 2019]	Heart_web
[Thu May  9 08:35:01 2019]	Heart_mobile
[Thu May  9 08:40:00 2019]	Heart_web
[Thu May  9 08:40:00 2019]	Heart_mobile
[Thu May  9 08:40:00 2019]	Heart_web
[Thu May  9 08:40:00 2019]	Heart_mobile
[Thu May  9 08:40:00 2019]	Heart_web
[Thu May  9 08:40:00 2019]	Heart_mobile
[Thu May  9 08:40:00 2019]	Heart_web
[Thu May  9 08:40:00 2019]	Heart_mobile
[Thu May  9 08:45:00 2019]	Heart_web
[Thu May  9 08:45:00 2019]	Heart_mobile
[Thu May  9 08:45:00 2019]	Heart_web
[Thu May  9 08:45:00 2019]	Heart_mobile
[Thu May  9 08:45:00 2019]	Heart_web
[Thu May  9 08:45:00 2019]	Heart_mobile
[Thu May  9 08:45:01 2019]	Heart_web
[Thu May  9 08:45:01 2019]	Heart_mobile
[Thu May  9 08:50:00 2019]	Heart_web
[Thu May  9 08:50:00 2019]	Heart_mobile
[Thu May  9 08:50:00 2019]	Heart_web
[Thu May  9 08:50:00 2019]	Heart_mobile
[Thu May  9 08:50:00 2019]	Heart_web
[Thu May  9 08:50:00 2019]	Heart_mobile
[Thu May  9 08:50:01 2019]	Heart_web
[Thu May  9 08:50:01 2019]	Heart_mobile
[Thu May  9 08:55:00 2019]	Heart_web
[Thu May  9 08:55:00 2019]	Heart_mobile
[Thu May  9 08:55:00 2019]	Heart_web
[Thu May  9 08:55:00 2019]	Heart_mobile
[Thu May  9 08:55:00 2019]	Heart_web
[Thu May  9 08:55:00 2019]	Heart_mobile
[Thu May  9 08:55:00 2019]	Heart_web
[Thu May  9 08:55:01 2019]	Heart_mobile
[Thu May  9 09:00:00 2019]	Heart_web
[Thu May  9 09:00:00 2019]	Heart_mobile
[Thu May  9 09:00:00 2019]	Heart_web
[Thu May  9 09:00:00 2019]	Heart_mobile
[Thu May  9 09:00:00 2019]	Heart_web
[Thu May  9 09:00:00 2019]	Heart_mobile
[Thu May  9 09:00:00 2019]	Heart_web
[Thu May  9 09:00:01 2019]	Heart_mobile
[u'51795087', u'51813228', u'51812694', u'51843823', u'51843989']
15824397397
zsj0911*
0
------------------
17367078621
weiyuxin
0
------------------
15127529708
shijizhe
0.6
投币失败 硬币不足
投币失败 硬币不足
投币失败 硬币不足
------------------
13306522935
zjuZSJ0911*
0
------------------
[Thu May  9 09:05:00 2019]	Heart_web
[Thu May  9 09:05:00 2019]	Heart_mobile
[Thu May  9 09:05:00 2019]	Heart_web
[Thu May  9 09:05:00 2019]	Heart_mobile
[Thu May  9 09:05:00 2019]	Heart_web
[Thu May  9 09:05:00 2019]	Heart_mobile
[Thu May  9 09:05:00 2019]	Heart_web
[Thu May  9 09:05:01 2019]	Heart_mobile
[Thu May  9 09:10:00 2019]	Heart_web
[Thu May  9 09:10:00 2019]	Heart_mobile
[Thu May  9 09:10:00 2019]	Heart_web
[Thu May  9 09:10:00 2019]	Heart_mobile
[Thu May  9 09:10:00 2019]	Heart_web
[Thu May  9 09:10:00 2019]	Heart_mobile
[Thu May  9 09:10:01 2019]	Heart_web
[Thu May  9 09:10:01 2019]	Heart_mobile
[Thu May  9 09:15:00 2019]	Heart_web
[Thu May  9 09:15:00 2019]	Heart_mobile
[Thu May  9 09:15:00 2019]	Heart_web
[Thu May  9 09:15:00 2019]	Heart_mobile
[Thu May  9 09:15:00 2019]	Heart_web
[Thu May  9 09:15:00 2019]	Heart_mobile
[Thu May  9 09:15:01 2019]	Heart_web
[Thu May  9 09:15:01 2019]	Heart_mobile
[Thu May  9 09:20:00 2019]	Heart_web
[Thu May  9 09:20:00 2019]	Heart_mobile
[Thu May  9 09:20:00 2019]	Heart_web
[Thu May  9 09:20:00 2019]	Heart_mobile
[Thu May  9 09:20:00 2019]	Heart_web
[Thu May  9 09:20:00 2019]	Heart_mobile
[Thu May  9 09:20:01 2019]	Heart_web
[Thu May  9 09:20:01 2019]	Heart_mobile
[Thu May  9 09:25:00 2019]	Heart_web
[Thu May  9 09:25:00 2019]	Heart_mobile
[Thu May  9 09:25:00 2019]	Heart_web
[Thu May  9 09:25:00 2019]	Heart_mobile
[Thu May  9 09:25:00 2019]	Heart_web
[Thu May  9 09:25:00 2019]	Heart_mobile
[Thu May  9 09:25:00 2019]	Heart_web
[Thu May  9 09:25:00 2019]	Heart_mobile
[Thu May  9 09:30:00 2019]	Heart_web
[Thu May  9 09:30:00 2019]	Heart_mobile
[Thu May  9 09:30:00 2019]	Heart_web
[Thu May  9 09:30:00 2019]	Heart_mobile
[Thu May  9 09:30:00 2019]	Heart_web
[Thu May  9 09:30:00 2019]	Heart_mobile
[Thu May  9 09:30:01 2019]	Heart_web
[Thu May  9 09:30:01 2019]	Heart_mobile
[Thu May  9 09:35:00 2019]	Heart_web
[Thu May  9 09:35:00 2019]	Heart_mobile
[Thu May  9 09:35:00 2019]	Heart_web
[Thu May  9 09:35:00 2019]	Heart_mobile
[Thu May  9 09:35:00 2019]	Heart_web
[Thu May  9 09:35:00 2019]	Heart_mobile
[Thu May  9 09:35:01 2019]	Heart_web
[Thu May  9 09:35:01 2019]	Heart_mobile
[Thu May  9 09:40:00 2019]	Heart_web
[Thu May  9 09:40:00 2019]	Heart_mobile
[Thu May  9 09:40:00 2019]	Heart_web
[Thu May  9 09:40:00 2019]	Heart_mobile
[Thu May  9 09:40:00 2019]	Heart_web
[Thu May  9 09:40:00 2019]	Heart_mobile
[Thu May  9 09:40:01 2019]	Heart_web
[Thu May  9 09:40:01 2019]	Heart_mobile
[Thu May  9 09:45:00 2019]	Heart_web
[Thu May  9 09:45:00 2019]	Heart_mobile
[Thu May  9 09:45:00 2019]	Heart_web
[Thu May  9 09:45:00 2019]	Heart_mobile
[Thu May  9 09:45:00 2019]	Heart_web
[Thu May  9 09:45:00 2019]	Heart_mobile
[Thu May  9 09:45:01 2019]	Heart_web
[Thu May  9 09:45:01 2019]	Heart_mobile
[Thu May  9 09:50:00 2019]	Heart_web
[Thu May  9 09:50:00 2019]	Heart_mobile
[Thu May  9 09:50:00 2019]	Heart_web
[Thu May  9 09:50:00 2019]	Heart_mobile
[Thu May  9 09:50:00 2019]	Heart_web
[Thu May  9 09:50:00 2019]	Heart_mobile
[Thu May  9 09:50:00 2019]	Heart_web
[Thu May  9 09:50:00 2019]	Heart_mobile
[Thu May  9 09:55:00 2019]	Heart_web
[Thu May  9 09:55:00 2019]	Heart_mobile
[Thu May  9 09:55:00 2019]	Heart_web
[Thu May  9 09:55:00 2019]	Heart_mobile
[Thu May  9 09:55:00 2019]	Heart_web
[Thu May  9 09:55:00 2019]	Heart_mobile
[Thu May  9 09:55:01 2019]	Heart_web
[Thu May  9 09:55:01 2019]	Heart_mobile
[Thu May  9 10:00:00 2019]	Heart_web
[Thu May  9 10:00:00 2019]	Heart_mobile
[Thu May  9 10:00:00 2019]	Heart_web
[Thu May  9 10:00:00 2019]	Heart_mobile
[Thu May  9 10:00:00 2019]	Heart_web
[Thu May  9 10:00:00 2019]	Heart_mobile
[Thu May  9 10:00:00 2019]	Heart_web
[Thu May  9 10:00:01 2019]	Heart_mobile
[u'51813228', u'51812694', u'51843823', u'51886796', u'51837810']
15824397397
zsj0911*
0
------------------
17367078621
weiyuxin
0
------------------
15127529708
shijizhe
0.6
投币失败 硬币不足
投币失败 硬币不足
投币失败 硬币不足
------------------
13306522935
zjuZSJ0911*
0
------------------
[Thu May  9 10:05:00 2019]	Heart_web
[Thu May  9 10:05:00 2019]	Heart_mobile
[Thu May  9 10:05:00 2019]	Heart_web
[Thu May  9 10:05:00 2019]	Heart_mobile
[Thu May  9 10:05:00 2019]	Heart_web
[Thu May  9 10:05:00 2019]	Heart_mobile
[Thu May  9 10:05:01 2019]	Heart_web
[Thu May  9 10:05:01 2019]	Heart_mobile
[Thu May  9 10:10:00 2019]	Heart_web
[Thu May  9 10:10:00 2019]	Heart_mobile
[Thu May  9 10:10:00 2019]	Heart_web
[Thu May  9 10:10:00 2019]	Heart_mobile
[Thu May  9 10:10:00 2019]	Heart_web
[Thu May  9 10:10:00 2019]	Heart_mobile
[Thu May  9 10:10:01 2019]	Heart_web
[Thu May  9 10:10:01 2019]	Heart_mobile
[Thu May  9 10:15:00 2019]	Heart_web
[Thu May  9 10:15:00 2019]	Heart_mobile
[Thu May  9 10:15:00 2019]	Heart_web
[Thu May  9 10:15:00 2019]	Heart_mobile
[Thu May  9 10:15:00 2019]	Heart_web
[Thu May  9 10:15:00 2019]	Heart_mobile
[Thu May  9 10:15:01 2019]	Heart_web
[Thu May  9 10:15:01 2019]	Heart_mobile
[Thu May  9 10:20:00 2019]	Heart_web
[Thu May  9 10:20:00 2019]	Heart_mobile
[Thu May  9 10:20:00 2019]	Heart_web
[Thu May  9 10:20:00 2019]	Heart_mobile
[Thu May  9 10:20:00 2019]	Heart_web
[Thu May  9 10:20:00 2019]	Heart_mobile
[Thu May  9 10:20:01 2019]	Heart_web
[Thu May  9 10:20:01 2019]	Heart_mobile
[Thu May  9 10:25:00 2019]	Heart_web
[Thu May  9 10:25:00 2019]	Heart_mobile
[Thu May  9 10:25:00 2019]	Heart_web
[Thu May  9 10:25:00 2019]	Heart_mobile
[Thu May  9 10:25:00 2019]	Heart_web
[Thu May  9 10:25:00 2019]	Heart_mobile
[Thu May  9 10:25:01 2019]	Heart_web
[Thu May  9 10:25:01 2019]	Heart_mobile
[Thu May  9 10:30:00 2019]	Heart_web
[Thu May  9 10:30:00 2019]	Heart_mobile
[Thu May  9 10:30:00 2019]	Heart_web
[Thu May  9 10:30:00 2019]	Heart_mobile
[Thu May  9 10:30:00 2019]	Heart_web
[Thu May  9 10:30:00 2019]	Heart_mobile
[Thu May  9 10:30:01 2019]	Heart_web
[Thu May  9 10:30:01 2019]	Heart_mobile
[Thu May  9 10:35:00 2019]	Heart_web
[Thu May  9 10:35:00 2019]	Heart_mobile
[Thu May  9 10:35:00 2019]	Heart_web
[Thu May  9 10:35:00 2019]	Heart_mobile
[Thu May  9 10:35:00 2019]	Heart_web
[Thu May  9 10:35:00 2019]	Heart_mobile
[Thu May  9 10:35:01 2019]	Heart_web
[Thu May  9 10:35:01 2019]	Heart_mobile
[Thu May  9 10:40:00 2019]	Heart_web
[Thu May  9 10:40:00 2019]	Heart_mobile
[Thu May  9 10:40:00 2019]	Heart_web
[Thu May  9 10:40:00 2019]	Heart_mobile
[Thu May  9 10:40:00 2019]	Heart_web
[Thu May  9 10:40:00 2019]	Heart_mobile
[Thu May  9 10:40:01 2019]	Heart_web
[Thu May  9 10:40:01 2019]	Heart_mobile
[Thu May  9 10:45:00 2019]	Heart_web
[Thu May  9 10:45:00 2019]	Heart_mobile
[Thu May  9 10:45:00 2019]	Heart_web
[Thu May  9 10:45:00 2019]	Heart_mobile
[Thu May  9 10:45:00 2019]	Heart_web
[Thu May  9 10:45:00 2019]	Heart_mobile
[Thu May  9 10:45:00 2019]	Heart_web
[Thu May  9 10:45:00 2019]	Heart_mobile
[Thu May  9 10:50:00 2019]	Heart_web
[Thu May  9 10:50:00 2019]	Heart_mobile
[Thu May  9 10:50:00 2019]	Heart_web
[Thu May  9 10:50:00 2019]	Heart_mobile
[Thu May  9 10:50:00 2019]	Heart_web
[Thu May  9 10:50:00 2019]	Heart_mobile
[Thu May  9 10:50:01 2019]	Heart_web
[Thu May  9 10:50:01 2019]	Heart_mobile
[Thu May  9 10:55:00 2019]	Heart_web
[Thu May  9 10:55:00 2019]	Heart_mobile
[Thu May  9 10:55:00 2019]	Heart_web
[Thu May  9 10:55:00 2019]	Heart_mobile
[Thu May  9 10:55:00 2019]	Heart_web
[Thu May  9 10:55:00 2019]	Heart_mobile
[Thu May  9 10:55:01 2019]	Heart_web
[Thu May  9 10:55:01 2019]	Heart_mobile
[Thu May  9 11:00:00 2019]	Heart_web
[Thu May  9 11:00:00 2019]	Heart_mobile
[Thu May  9 11:00:00 2019]	Heart_web
[Thu May  9 11:00:00 2019]	Heart_mobile
[Thu May  9 11:00:00 2019]	Heart_web
[Thu May  9 11:00:00 2019]	Heart_mobile
[Thu May  9 11:00:01 2019]	Heart_web
[Thu May  9 11:00:01 2019]	Heart_mobile
[u'51813228', u'51812694', u'51843823', u'51857149', u'51837810']
15824397397
zsj0911*
0
------------------
17367078621
weiyuxin
0
------------------
15127529708
shijizhe
0.6
投币失败 硬币不足
投币失败 硬币不足
投币失败 硬币不足
------------------
13306522935
zjuZSJ0911*
0
------------------
[Thu May  9 11:05:00 2019]	Heart_web
[Thu May  9 11:05:00 2019]	Heart_mobile
[Thu May  9 11:05:00 2019]	Heart_web
[Thu May  9 11:05:00 2019]	Heart_mobile
[Thu May  9 11:05:00 2019]	Heart_web
[Thu May  9 11:05:00 2019]	Heart_mobile
[Thu May  9 11:05:00 2019]	Heart_web
[Thu May  9 11:05:01 2019]	Heart_mobile
[Thu May  9 11:10:00 2019]	Heart_web
[Thu May  9 11:10:00 2019]	Heart_mobile
[Thu May  9 11:10:00 2019]	Heart_web
[Thu May  9 11:10:00 2019]	Heart_mobile
[Thu May  9 11:10:00 2019]	Heart_web
[Thu May  9 11:10:00 2019]	Heart_mobile
[Thu May  9 11:10:00 2019]	Heart_web
[Thu May  9 11:10:00 2019]	Heart_mobile
[Thu May  9 11:15:00 2019]	Heart_web
[Thu May  9 11:15:00 2019]	Heart_mobile
[Thu May  9 11:15:00 2019]	Heart_web
[Thu May  9 11:15:00 2019]	Heart_mobile
[Thu May  9 11:15:00 2019]	Heart_web
[Thu May  9 11:15:00 2019]	Heart_mobile
[Thu May  9 11:15:01 2019]	Heart_web
[Thu May  9 11:15:01 2019]	Heart_mobile
[Thu May  9 11:20:00 2019]	Heart_web
[Thu May  9 11:20:00 2019]	Heart_mobile
[Thu May  9 11:20:00 2019]	Heart_web
[Thu May  9 11:20:00 2019]	Heart_mobile
[Thu May  9 11:20:00 2019]	Heart_web
[Thu May  9 11:20:00 2019]	Heart_mobile
[Thu May  9 11:20:00 2019]	Heart_web
[Thu May  9 11:20:01 2019]	Heart_mobile
[Thu May  9 11:25:00 2019]	Heart_web
[Thu May  9 11:25:00 2019]	Heart_mobile
[Thu May  9 11:25:00 2019]	Heart_web
[Thu May  9 11:25:00 2019]	Heart_mobile
[Thu May  9 11:25:00 2019]	Heart_web
[Thu May  9 11:25:00 2019]	Heart_mobile
[Thu May  9 11:25:00 2019]	Heart_web
[Thu May  9 11:25:00 2019]	Heart_mobile
[Thu May  9 11:30:00 2019]	Heart_web
[Thu May  9 11:30:00 2019]	Heart_mobile
[Thu May  9 11:30:00 2019]	Heart_web
[Thu May  9 11:30:00 2019]	Heart_mobile
[Thu May  9 11:30:00 2019]	Heart_web
[Thu May  9 11:30:00 2019]	Heart_mobile
[Thu May  9 11:30:00 2019]	Heart_web
[Thu May  9 11:30:01 2019]	Heart_mobile
[Thu May  9 11:35:00 2019]	Heart_web
[Thu May  9 11:35:00 2019]	Heart_mobile
[Thu May  9 11:35:00 2019]	Heart_web
[Thu May  9 11:35:00 2019]	Heart_mobile
[Thu May  9 11:35:00 2019]	Heart_web
[Thu May  9 11:35:00 2019]	Heart_mobile
[Thu May  9 11:35:00 2019]	Heart_web
[Thu May  9 11:35:00 2019]	Heart_mobile
[Thu May  9 11:40:00 2019]	Heart_web
[Thu May  9 11:40:00 2019]	Heart_mobile
[Thu May  9 11:40:00 2019]	Heart_web
[Thu May  9 11:40:00 2019]	Heart_mobile
[Thu May  9 11:40:00 2019]	Heart_web
[Thu May  9 11:40:00 2019]	Heart_mobile
[Thu May  9 11:40:00 2019]	Heart_web
[Thu May  9 11:40:01 2019]	Heart_mobile
[Thu May  9 11:45:00 2019]	Heart_web
[Thu May  9 11:45:00 2019]	Heart_mobile
[Thu May  9 11:45:00 2019]	Heart_web
[Thu May  9 11:45:00 2019]	Heart_mobile
[Thu May  9 11:45:00 2019]	Heart_web
[Thu May  9 11:45:00 2019]	Heart_mobile
[Thu May  9 11:45:00 2019]	Heart_web
[Thu May  9 11:45:01 2019]	Heart_mobile
[Thu May  9 11:50:00 2019]	Heart_web
[Thu May  9 11:50:00 2019]	Heart_mobile
[Thu May  9 11:50:00 2019]	Heart_web
[Thu May  9 11:50:00 2019]	Heart_mobile
[Thu May  9 11:50:00 2019]	Heart_web
[Thu May  9 11:50:00 2019]	Heart_mobile
[Thu May  9 11:50:01 2019]	Heart_web
[Thu May  9 11:50:01 2019]	Heart_mobile
[Thu May  9 11:55:00 2019]	Heart_web
[Thu May  9 11:55:00 2019]	Heart_mobile
[Thu May  9 11:55:00 2019]	Heart_web
[Thu May  9 11:55:00 2019]	Heart_mobile
[Thu May  9 11:55:00 2019]	Heart_web
[Thu May  9 11:55:00 2019]	Heart_mobile
[Thu May  9 11:55:00 2019]	Heart_web
[Thu May  9 11:55:01 2019]	Heart_mobile
[Thu May  9 12:00:00 2019]	Heart_web
[Thu May  9 12:00:00 2019]	Heart_mobile
[Thu May  9 12:00:00 2019]	Heart_web
[Thu May  9 12:00:00 2019]	Heart_mobile
[Thu May  9 12:00:00 2019]	Heart_web
[Thu May  9 12:00:00 2019]	Heart_mobile
[Thu May  9 12:00:01 2019]	Heart_web
[Thu May  9 12:00:01 2019]	Heart_mobile
[u'51813228', u'51831505', u'51812694', u'51843823', u'51857149']
15824397397
zsj0911*
0
------------------
17367078621
weiyuxin
0
------------------
15127529708
shijizhe
0.6
投币失败 硬币不足
投币失败 硬币不足
投币失败 硬币不足
------------------
13306522935
zjuZSJ0911*
0
------------------
[Thu May  9 12:05:00 2019]	Heart_web
[Thu May  9 12:05:00 2019]	Heart_mobile
[Thu May  9 12:05:00 2019]	Heart_web
[Thu May  9 12:05:00 2019]	Heart_mobile
[Thu May  9 12:05:00 2019]	Heart_web
[Thu May  9 12:05:00 2019]	Heart_mobile
[Thu May  9 12:05:00 2019]	Heart_web
[Thu May  9 12:05:01 2019]	Heart_mobile
[Thu May  9 12:10:00 2019]	Heart_web
[Thu May  9 12:10:00 2019]	Heart_mobile
[Thu May  9 12:10:00 2019]	Heart_web
[Thu May  9 12:10:00 2019]	Heart_mobile
[Thu May  9 12:10:00 2019]	Heart_web
[Thu May  9 12:10:00 2019]	Heart_mobile
[Thu May  9 12:10:01 2019]	Heart_web
[Thu May  9 12:10:01 2019]	Heart_mobile
[Thu May  9 12:15:00 2019]	Heart_web
[Thu May  9 12:15:00 2019]	Heart_mobile
[Thu May  9 12:15:00 2019]	Heart_web
[Thu May  9 12:15:00 2019]	Heart_mobile
[Thu May  9 12:15:00 2019]	Heart_web
[Thu May  9 12:15:00 2019]	Heart_mobile
[Thu May  9 12:15:01 2019]	Heart_web
[Thu May  9 12:15:01 2019]	Heart_mobile
[Thu May  9 12:20:00 2019]	Heart_web
[Thu May  9 12:20:00 2019]	Heart_mobile
[Thu May  9 12:20:00 2019]	Heart_web
[Thu May  9 12:20:00 2019]	Heart_mobile
[Thu May  9 12:20:00 2019]	Heart_web
[Thu May  9 12:20:00 2019]	Heart_mobile
[Thu May  9 12:20:01 2019]	Heart_web
[Thu May  9 12:20:01 2019]	Heart_mobile
[Thu May  9 12:25:00 2019]	Heart_web
[Thu May  9 12:25:00 2019]	Heart_mobile
[Thu May  9 12:25:00 2019]	Heart_web
[Thu May  9 12:25:00 2019]	Heart_mobile
[Thu May  9 12:25:00 2019]	Heart_web
[Thu May  9 12:25:00 2019]	Heart_mobile
[Thu May  9 12:25:00 2019]	Heart_web
[Thu May  9 12:25:01 2019]	Heart_mobile
[Thu May  9 12:30:00 2019]	Heart_web
[Thu May  9 12:30:00 2019]	Heart_mobile
[Thu May  9 12:30:00 2019]	Heart_web
[Thu May  9 12:30:00 2019]	Heart_mobile
[Thu May  9 12:30:00 2019]	Heart_web
[Thu May  9 12:30:00 2019]	Heart_mobile
[Thu May  9 12:30:01 2019]	Heart_web
[Thu May  9 12:30:01 2019]	Heart_mobile
[Thu May  9 12:35:00 2019]	Heart_web
[Thu May  9 12:35:00 2019]	Heart_mobile
[Thu May  9 12:35:00 2019]	Heart_web
[Thu May  9 12:35:00 2019]	Heart_mobile
[Thu May  9 12:35:00 2019]	Heart_web
[Thu May  9 12:35:00 2019]	Heart_mobile
[Thu May  9 12:35:01 2019]	Heart_web
[Thu May  9 12:35:01 2019]	Heart_mobile
[Thu May  9 12:40:00 2019]	Heart_web
[Thu May  9 12:40:00 2019]	Heart_mobile
[Thu May  9 12:40:00 2019]	Heart_web
[Thu May  9 12:40:00 2019]	Heart_mobile
[Thu May  9 12:40:00 2019]	Heart_web
[Thu May  9 12:40:00 2019]	Heart_mobile
[Thu May  9 12:40:01 2019]	Heart_web
[Thu May  9 12:40:01 2019]	Heart_mobile
[Thu May  9 12:45:00 2019]	Heart_web
[Thu May  9 12:45:00 2019]	Heart_mobile
[Thu May  9 12:45:00 2019]	Heart_web
[Thu May  9 12:45:00 2019]	Heart_mobile
[Thu May  9 12:45:00 2019]	Heart_web
[Thu May  9 12:45:00 2019]	Heart_mobile
[Thu May  9 12:45:01 2019]	Heart_web
[Thu May  9 12:45:01 2019]	Heart_mobile
[Thu May  9 12:50:00 2019]	Heart_web
[Thu May  9 12:50:00 2019]	Heart_mobile
[Thu May  9 12:50:00 2019]	Heart_web
[Thu May  9 12:50:00 2019]	Heart_mobile
[Thu May  9 12:50:00 2019]	Heart_web
[Thu May  9 12:50:00 2019]	Heart_mobile
[Thu May  9 12:50:01 2019]	Heart_web
[Thu May  9 12:50:01 2019]	Heart_mobile
[Thu May  9 12:55:00 2019]	Heart_web
[Thu May  9 12:55:00 2019]	Heart_mobile
[Thu May  9 12:55:00 2019]	Heart_web
[Thu May  9 12:55:00 2019]	Heart_mobile
[Thu May  9 12:55:00 2019]	Heart_web
[Thu May  9 12:55:00 2019]	Heart_mobile
[Thu May  9 12:55:01 2019]	Heart_web
[Thu May  9 12:55:01 2019]	Heart_mobile
[Thu May  9 13:00:00 2019]	Heart_web
[Thu May  9 13:00:00 2019]	Heart_mobile
[Thu May  9 13:00:00 2019]	Heart_web
[Thu May  9 13:00:00 2019]	Heart_mobile
[Thu May  9 13:00:00 2019]	Heart_web
[Thu May  9 13:00:00 2019]	Heart_mobile
[Thu May  9 13:00:00 2019]	Heart_web
[Thu May  9 13:00:01 2019]	Heart_mobile
[u'51813228', u'51831505', u'51812694', u'51843823', u'51857149']
15824397397
zsj0911*
0
------------------
17367078621
weiyuxin
0
------------------
15127529708
shijizhe
0.6
投币失败 硬币不足
投币失败 硬币不足
投币失败 硬币不足
------------------
13306522935
zjuZSJ0911*
0
------------------
[Thu May  9 13:05:00 2019]	Heart_web
[Thu May  9 13:05:00 2019]	Heart_mobile
[Thu May  9 13:05:00 2019]	Heart_web
[Thu May  9 13:05:00 2019]	Heart_mobile
[Thu May  9 13:05:00 2019]	Heart_web
[Thu May  9 13:05:00 2019]	Heart_mobile
[Thu May  9 13:05:01 2019]	Heart_web
[Thu May  9 13:05:01 2019]	Heart_mobile
[Thu May  9 13:10:00 2019]	Heart_web
[Thu May  9 13:10:00 2019]	Heart_mobile
[Thu May  9 13:10:00 2019]	Heart_web
[Thu May  9 13:10:00 2019]	Heart_mobile
[Thu May  9 13:10:00 2019]	Heart_web
[Thu May  9 13:10:00 2019]	Heart_mobile
[Thu May  9 13:10:01 2019]	Heart_web
[Thu May  9 13:10:01 2019]	Heart_mobile
[Thu May  9 13:15:00 2019]	Heart_web
[Thu May  9 13:15:00 2019]	Heart_mobile
[Thu May  9 13:15:00 2019]	Heart_web
[Thu May  9 13:15:00 2019]	Heart_mobile
[Thu May  9 13:15:00 2019]	Heart_web
[Thu May  9 13:15:00 2019]	Heart_mobile
[Thu May  9 13:15:00 2019]	Heart_web
[Thu May  9 13:15:01 2019]	Heart_mobile
[Thu May  9 13:20:00 2019]	Heart_web
[Thu May  9 13:20:00 2019]	Heart_mobile
[Thu May  9 13:20:00 2019]	Heart_web
[Thu May  9 13:20:00 2019]	Heart_mobile
[Thu May  9 13:20:00 2019]	Heart_web
[Thu May  9 13:20:00 2019]	Heart_mobile
[Thu May  9 13:20:01 2019]	Heart_web
[Thu May  9 13:20:01 2019]	Heart_mobile
[Thu May  9 13:25:00 2019]	Heart_web
[Thu May  9 13:25:00 2019]	Heart_mobile
[Thu May  9 13:25:00 2019]	Heart_web
[Thu May  9 13:25:00 2019]	Heart_mobile
[Thu May  9 13:25:00 2019]	Heart_web
[Thu May  9 13:25:00 2019]	Heart_mobile
[Thu May  9 13:25:01 2019]	Heart_web
[Thu May  9 13:25:01 2019]	Heart_mobile
[Thu May  9 13:30:00 2019]	Heart_web
[Thu May  9 13:30:00 2019]	Heart_mobile
[Thu May  9 13:30:00 2019]	Heart_web
[Thu May  9 13:30:00 2019]	Heart_mobile
[Thu May  9 13:30:00 2019]	Heart_web
[Thu May  9 13:30:00 2019]	Heart_mobile
[Thu May  9 13:30:01 2019]	Heart_web
[Thu May  9 13:30:01 2019]	Heart_mobile
[Thu May  9 13:35:00 2019]	Heart_web
[Thu May  9 13:35:00 2019]	Heart_mobile
[Thu May  9 13:35:00 2019]	Heart_web
[Thu May  9 13:35:00 2019]	Heart_mobile
[Thu May  9 13:35:00 2019]	Heart_web
[Thu May  9 13:35:00 2019]	Heart_mobile
[Thu May  9 13:35:00 2019]	Heart_web
[Thu May  9 13:35:00 2019]	Heart_mobile
[Thu May  9 13:40:00 2019]	Heart_web
[Thu May  9 13:40:00 2019]	Heart_mobile
[Thu May  9 13:40:00 2019]	Heart_web
[Thu May  9 13:40:00 2019]	Heart_mobile
[Thu May  9 13:40:00 2019]	Heart_web
[Thu May  9 13:40:00 2019]	Heart_mobile
[Thu May  9 13:40:01 2019]	Heart_web
[Thu May  9 13:40:01 2019]	Heart_mobile
[Thu May  9 13:45:00 2019]	Heart_web
[Thu May  9 13:45:00 2019]	Heart_mobile
[Thu May  9 13:45:00 2019]	Heart_web
[Thu May  9 13:45:00 2019]	Heart_mobile
[Thu May  9 13:45:00 2019]	Heart_web
[Thu May  9 13:45:00 2019]	Heart_mobile
[Thu May  9 13:45:00 2019]	Heart_web
[Thu May  9 13:45:00 2019]	Heart_mobile
[Thu May  9 13:50:00 2019]	Heart_web
[Thu May  9 13:50:00 2019]	Heart_mobile
[Thu May  9 13:50:00 2019]	Heart_web
[Thu May  9 13:50:00 2019]	Heart_mobile
[Thu May  9 13:50:00 2019]	Heart_web
[Thu May  9 13:50:00 2019]	Heart_mobile
[Thu May  9 13:50:00 2019]	Heart_web
[Thu May  9 13:50:01 2019]	Heart_mobile
[Thu May  9 13:55:00 2019]	Heart_web
[Thu May  9 13:55:00 2019]	Heart_mobile
[Thu May  9 13:55:00 2019]	Heart_web
[Thu May  9 13:55:00 2019]	Heart_mobile
[Thu May  9 13:55:00 2019]	Heart_web
[Thu May  9 13:55:00 2019]	Heart_mobile
[Thu May  9 13:55:01 2019]	Heart_web
[Thu May  9 13:55:01 2019]	Heart_mobile
[Thu May  9 14:00:00 2019]	Heart_web
[Thu May  9 14:00:00 2019]	Heart_mobile
[Thu May  9 14:00:00 2019]	Heart_web
[Thu May  9 14:00:00 2019]	Heart_mobile
[Thu May  9 14:00:00 2019]	Heart_web
[Thu May  9 14:00:00 2019]	Heart_mobile
[Thu May  9 14:00:01 2019]	Heart_web
[Thu May  9 14:00:01 2019]	Heart_mobile
[u'51813228', u'51831505', u'51812694', u'51843823', u'51857149']
15824397397
zsj0911*
0
------------------
17367078621
weiyuxin
0
------------------
15127529708
shijizhe
0.6
投币失败 硬币不足
投币失败 硬币不足
投币失败 硬币不足
------------------
13306522935
zjuZSJ0911*
0
------------------
[Thu May  9 14:05:00 2019]	Heart_web
[Thu May  9 14:05:00 2019]	Heart_mobile
[Thu May  9 14:05:00 2019]	Heart_web
[Thu May  9 14:05:00 2019]	Heart_mobile
[Thu May  9 14:05:00 2019]	Heart_web
[Thu May  9 14:05:00 2019]	Heart_mobile
[Thu May  9 14:05:01 2019]	Heart_web
[Thu May  9 14:05:01 2019]	Heart_mobile
[Thu May  9 14:10:00 2019]	Heart_web
[Thu May  9 14:10:00 2019]	Heart_mobile
[Thu May  9 14:10:00 2019]	Heart_web
[Thu May  9 14:10:00 2019]	Heart_mobile
[Thu May  9 14:10:00 2019]	Heart_web
[Thu May  9 14:10:00 2019]	Heart_mobile
[Thu May  9 14:10:01 2019]	Heart_web
[Thu May  9 14:10:01 2019]	Heart_mobile
[Thu May  9 14:15:00 2019]	Heart_web
[Thu May  9 14:15:00 2019]	Heart_mobile
[Thu May  9 14:15:00 2019]	Heart_web
[Thu May  9 14:15:00 2019]	Heart_mobile
[Thu May  9 14:15:00 2019]	Heart_web
[Thu May  9 14:15:00 2019]	Heart_mobile
[Thu May  9 14:15:01 2019]	Heart_web
[Thu May  9 14:15:01 2019]	Heart_mobile
[Thu May  9 14:20:00 2019]	Heart_web
[Thu May  9 14:20:00 2019]	Heart_mobile
[Thu May  9 14:20:00 2019]	Heart_web
[Thu May  9 14:20:00 2019]	Heart_mobile
[Thu May  9 14:20:00 2019]	Heart_web
[Thu May  9 14:20:00 2019]	Heart_mobile
[Thu May  9 14:20:00 2019]	Heart_web
[Thu May  9 14:20:00 2019]	Heart_mobile
[Thu May  9 14:25:00 2019]	Heart_web
[Thu May  9 14:25:00 2019]	Heart_mobile
[Thu May  9 14:25:00 2019]	Heart_web
[Thu May  9 14:25:00 2019]	Heart_mobile
[Thu May  9 14:25:00 2019]	Heart_web
[Thu May  9 14:25:00 2019]	Heart_mobile
[Thu May  9 14:25:01 2019]	Heart_web
[Thu May  9 14:25:01 2019]	Heart_mobile
[Thu May  9 14:30:00 2019]	Heart_web
[Thu May  9 14:30:00 2019]	Heart_mobile
[Thu May  9 14:30:00 2019]	Heart_web
[Thu May  9 14:30:00 2019]	Heart_mobile
[Thu May  9 14:30:00 2019]	Heart_web
[Thu May  9 14:30:00 2019]	Heart_mobile
[Thu May  9 14:30:01 2019]	Heart_web
[Thu May  9 14:30:01 2019]	Heart_mobile
[Thu May  9 14:35:00 2019]	Heart_web
[Thu May  9 14:35:00 2019]	Heart_mobile
[Thu May  9 14:35:00 2019]	Heart_web
[Thu May  9 14:35:00 2019]	Heart_mobile
[Thu May  9 14:35:00 2019]	Heart_web
[Thu May  9 14:35:00 2019]	Heart_mobile
[Thu May  9 14:35:01 2019]	Heart_web
[Thu May  9 14:35:01 2019]	Heart_mobile
[Thu May  9 14:40:00 2019]	Heart_web
[Thu May  9 14:40:00 2019]	Heart_mobile
[Thu May  9 14:40:00 2019]	Heart_web
[Thu May  9 14:40:00 2019]	Heart_mobile
[Thu May  9 14:40:00 2019]	Heart_web
[Thu May  9 14:40:00 2019]	Heart_mobile
[Thu May  9 14:40:01 2019]	Heart_web
[Thu May  9 14:40:01 2019]	Heart_mobile
[Thu May  9 14:45:00 2019]	Heart_web
[Thu May  9 14:45:00 2019]	Heart_mobile
[Thu May  9 14:45:00 2019]	Heart_web
[Thu May  9 14:45:00 2019]	Heart_mobile
[Thu May  9 14:45:00 2019]	Heart_web
[Thu May  9 14:45:00 2019]	Heart_mobile
[Thu May  9 14:45:00 2019]	Heart_web
[Thu May  9 14:45:01 2019]	Heart_mobile
[Thu May  9 14:50:00 2019]	Heart_web
[Thu May  9 14:50:00 2019]	Heart_mobile
[Thu May  9 14:50:00 2019]	Heart_web
[Thu May  9 14:50:00 2019]	Heart_mobile
[Thu May  9 14:50:00 2019]	Heart_web
[Thu May  9 14:50:00 2019]	Heart_mobile
[Thu May  9 14:50:00 2019]	Heart_web
[Thu May  9 14:50:01 2019]	Heart_mobile
[Thu May  9 14:55:00 2019]	Heart_web
[Thu May  9 14:55:00 2019]	Heart_mobile
[Thu May  9 14:55:00 2019]	Heart_web
[Thu May  9 14:55:00 2019]	Heart_mobile
[Thu May  9 14:55:00 2019]	Heart_web
[Thu May  9 14:55:00 2019]	Heart_mobile
[Thu May  9 14:55:01 2019]	Heart_web
[Thu May  9 14:55:01 2019]	Heart_mobile
[Thu May  9 15:00:00 2019]	Heart_web
[Thu May  9 15:00:00 2019]	Heart_mobile
[Thu May  9 15:00:00 2019]	Heart_web
[Thu May  9 15:00:00 2019]	Heart_mobile
[Thu May  9 15:00:00 2019]	Heart_web
[Thu May  9 15:00:00 2019]	Heart_mobile
[Thu May  9 15:00:01 2019]	Heart_web
[Thu May  9 15:00:01 2019]	Heart_mobile
[u'51831505', u'51843823', u'51850784', u'51857149', u'51837810']
15824397397
zsj0911*
0
------------------
17367078621
weiyuxin
0
------------------
15127529708
shijizhe
0.6
投币失败 硬币不足
投币失败 硬币不足
投币失败 硬币不足
------------------
13306522935
zjuZSJ0911*
0
------------------
[Thu May  9 15:05:00 2019]	Heart_web
[Thu May  9 15:05:00 2019]	Heart_mobile
[Thu May  9 15:05:00 2019]	Heart_web
[Thu May  9 15:05:00 2019]	Heart_mobile
[Thu May  9 15:05:00 2019]	Heart_web
[Thu May  9 15:05:00 2019]	Heart_mobile
[Thu May  9 15:05:00 2019]	Heart_web
[Thu May  9 15:05:01 2019]	Heart_mobile
[Thu May  9 15:10:00 2019]	Heart_web
[Thu May  9 15:10:00 2019]	Heart_mobile
[Thu May  9 15:10:00 2019]	Heart_web
[Thu May  9 15:10:00 2019]	Heart_mobile
[Thu May  9 15:10:00 2019]	Heart_web
[Thu May  9 15:10:00 2019]	Heart_mobile
[Thu May  9 15:10:00 2019]	Heart_web
[Thu May  9 15:10:01 2019]	Heart_mobile
[Thu May  9 15:15:00 2019]	Heart_web
[Thu May  9 15:15:00 2019]	Heart_mobile
[Thu May  9 15:15:00 2019]	Heart_web
[Thu May  9 15:15:00 2019]	Heart_mobile
[Thu May  9 15:15:00 2019]	Heart_web
[Thu May  9 15:15:00 2019]	Heart_mobile
[Thu May  9 15:15:01 2019]	Heart_web
[Thu May  9 15:15:01 2019]	Heart_mobile
[Thu May  9 15:20:00 2019]	Heart_web
[Thu May  9 15:20:00 2019]	Heart_mobile
[Thu May  9 15:20:00 2019]	Heart_web
[Thu May  9 15:20:00 2019]	Heart_mobile
[Thu May  9 15:20:00 2019]	Heart_web
[Thu May  9 15:20:00 2019]	Heart_mobile
[Thu May  9 15:20:01 2019]	Heart_web
[Thu May  9 15:20:01 2019]	Heart_mobile
[Thu May  9 15:25:00 2019]	Heart_web
[Thu May  9 15:25:00 2019]	Heart_mobile
[Thu May  9 15:25:00 2019]	Heart_web
[Thu May  9 15:25:00 2019]	Heart_mobile
[Thu May  9 15:25:00 2019]	Heart_web
[Thu May  9 15:25:00 2019]	Heart_mobile
[Thu May  9 15:25:01 2019]	Heart_web
[Thu May  9 15:25:01 2019]	Heart_mobile
[Thu May  9 15:30:00 2019]	Heart_web
[Thu May  9 15:30:00 2019]	Heart_mobile
[Thu May  9 15:30:00 2019]	Heart_web
[Thu May  9 15:30:00 2019]	Heart_mobile
[Thu May  9 15:30:00 2019]	Heart_web
[Thu May  9 15:30:00 2019]	Heart_mobile
[Thu May  9 15:30:01 2019]	Heart_web
[Thu May  9 15:30:01 2019]	Heart_mobile
[Thu May  9 15:35:00 2019]	Heart_web
[Thu May  9 15:35:00 2019]	Heart_mobile
[Thu May  9 15:35:00 2019]	Heart_web
[Thu May  9 15:35:00 2019]	Heart_mobile
[Thu May  9 15:35:00 2019]	Heart_web
[Thu May  9 15:35:00 2019]	Heart_mobile
[Thu May  9 15:35:00 2019]	Heart_web
[Thu May  9 15:35:01 2019]	Heart_mobile
[Thu May  9 15:40:00 2019]	Heart_web
[Thu May  9 15:40:00 2019]	Heart_mobile
[Thu May  9 15:40:00 2019]	Heart_web
[Thu May  9 15:40:00 2019]	Heart_mobile
[Thu May  9 15:40:00 2019]	Heart_web
[Thu May  9 15:40:00 2019]	Heart_mobile
[Thu May  9 15:40:01 2019]	Heart_web
[Thu May  9 15:40:01 2019]	Heart_mobile
[Thu May  9 15:45:00 2019]	Heart_web
[Thu May  9 15:45:00 2019]	Heart_mobile
[Thu May  9 15:45:00 2019]	Heart_web
[Thu May  9 15:45:00 2019]	Heart_mobile
[Thu May  9 15:45:00 2019]	Heart_web
[Thu May  9 15:45:00 2019]	Heart_mobile
[Thu May  9 15:45:01 2019]	Heart_web
[Thu May  9 15:45:01 2019]	Heart_mobile
[Thu May  9 15:50:00 2019]	Heart_web
[Thu May  9 15:50:00 2019]	Heart_mobile
[Thu May  9 15:50:00 2019]	Heart_web
[Thu May  9 15:50:00 2019]	Heart_mobile
[Thu May  9 15:50:00 2019]	Heart_web
[Thu May  9 15:50:00 2019]	Heart_mobile
[Thu May  9 15:50:01 2019]	Heart_web
[Thu May  9 15:50:01 2019]	Heart_mobile
[Thu May  9 15:55:00 2019]	Heart_web
[Thu May  9 15:55:00 2019]	Heart_mobile
[Thu May  9 15:55:00 2019]	Heart_web
[Thu May  9 15:55:00 2019]	Heart_mobile
[Thu May  9 15:55:00 2019]	Heart_web
[Thu May  9 15:55:00 2019]	Heart_mobile
[Thu May  9 15:55:01 2019]	Heart_web
[Thu May  9 15:55:01 2019]	Heart_mobile
[Thu May  9 16:00:00 2019]	Heart_web
[Thu May  9 16:00:00 2019]	Heart_mobile
[Thu May  9 16:00:00 2019]	Heart_web
[Thu May  9 16:00:00 2019]	Heart_mobile
[Thu May  9 16:00:00 2019]	Heart_web
[Thu May  9 16:00:00 2019]	Heart_mobile
[Thu May  9 16:00:01 2019]	Heart_web
[Thu May  9 16:00:01 2019]	Heart_mobile
[u'51831505', u'51843823', u'51850784', u'51886796', u'51837810']
15824397397
zsj0911*
0
------------------
17367078621
weiyuxin
0
------------------
15127529708
shijizhe
0.6
投币失败 硬币不足
投币失败 硬币不足
投币失败 硬币不足
------------------
13306522935
zjuZSJ0911*
0
------------------
[Thu May  9 16:05:00 2019]	Heart_web
[Thu May  9 16:05:00 2019]	Heart_mobile
[Thu May  9 16:05:00 2019]	Heart_web
[Thu May  9 16:05:00 2019]	Heart_mobile
[Thu May  9 16:05:00 2019]	Heart_web
[Thu May  9 16:05:00 2019]	Heart_mobile
[Thu May  9 16:05:01 2019]	Heart_web
[Thu May  9 16:05:01 2019]	Heart_mobile
[Thu May  9 16:10:00 2019]	Heart_web
[Thu May  9 16:10:00 2019]	Heart_mobile
[Thu May  9 16:10:00 2019]	Heart_web
[Thu May  9 16:10:00 2019]	Heart_mobile
[Thu May  9 16:10:00 2019]	Heart_web
[Thu May  9 16:10:00 2019]	Heart_mobile
[Thu May  9 16:10:01 2019]	Heart_web
[Thu May  9 16:10:01 2019]	Heart_mobile
[Thu May  9 16:15:00 2019]	Heart_web
[Thu May  9 16:15:00 2019]	Heart_mobile
[Thu May  9 16:15:00 2019]	Heart_web
[Thu May  9 16:15:00 2019]	Heart_mobile
[Thu May  9 16:15:00 2019]	Heart_web
[Thu May  9 16:15:00 2019]	Heart_mobile
[Thu May  9 16:15:01 2019]	Heart_web
[Thu May  9 16:15:01 2019]	Heart_mobile
[Thu May  9 16:20:00 2019]	Heart_web
[Thu May  9 16:20:00 2019]	Heart_mobile
[Thu May  9 16:20:00 2019]	Heart_web
[Thu May  9 16:20:00 2019]	Heart_mobile
[Thu May  9 16:20:00 2019]	Heart_web
[Thu May  9 16:20:00 2019]	Heart_mobile
[Thu May  9 16:20:00 2019]	Heart_web
[Thu May  9 16:20:00 2019]	Heart_mobile
[Thu May  9 16:25:00 2019]	Heart_web
[Thu May  9 16:25:00 2019]	Heart_mobile
[Thu May  9 16:25:00 2019]	Heart_web
[Thu May  9 16:25:00 2019]	Heart_mobile
[Thu May  9 16:25:00 2019]	Heart_web
[Thu May  9 16:25:00 2019]	Heart_mobile
[Thu May  9 16:25:01 2019]	Heart_web
[Thu May  9 16:25:01 2019]	Heart_mobile
[Thu May  9 16:30:00 2019]	Heart_web
[Thu May  9 16:30:00 2019]	Heart_mobile
[Thu May  9 16:30:00 2019]	Heart_web
[Thu May  9 16:30:00 2019]	Heart_mobile
[Thu May  9 16:30:00 2019]	Heart_web
[Thu May  9 16:30:00 2019]	Heart_mobile
[Thu May  9 16:30:00 2019]	Heart_web
[Thu May  9 16:30:01 2019]	Heart_mobile
[Thu May  9 16:35:00 2019]	Heart_web
[Thu May  9 16:35:00 2019]	Heart_mobile
[Thu May  9 16:35:00 2019]	Heart_web
[Thu May  9 16:35:00 2019]	Heart_mobile
[Thu May  9 16:35:00 2019]	Heart_web
[Thu May  9 16:35:00 2019]	Heart_mobile
[Thu May  9 16:35:00 2019]	Heart_web
[Thu May  9 16:35:00 2019]	Heart_mobile
[Thu May  9 16:40:00 2019]	Heart_web
[Thu May  9 16:40:00 2019]	Heart_mobile
[Thu May  9 16:40:00 2019]	Heart_web
[Thu May  9 16:40:00 2019]	Heart_mobile
[Thu May  9 16:40:00 2019]	Heart_web
[Thu May  9 16:40:00 2019]	Heart_mobile
[Thu May  9 16:40:00 2019]	Heart_web
[Thu May  9 16:40:01 2019]	Heart_mobile
[Thu May  9 16:45:00 2019]	Heart_web
[Thu May  9 16:45:00 2019]	Heart_mobile
[Thu May  9 16:45:00 2019]	Heart_web
[Thu May  9 16:45:00 2019]	Heart_mobile
[Thu May  9 16:45:00 2019]	Heart_web
[Thu May  9 16:45:00 2019]	Heart_mobile
[Thu May  9 16:45:01 2019]	Heart_web
[Thu May  9 16:45:01 2019]	Heart_mobile
[Thu May  9 16:50:00 2019]	Heart_web
[Thu May  9 16:50:00 2019]	Heart_mobile
[Thu May  9 16:50:00 2019]	Heart_web
[Thu May  9 16:50:00 2019]	Heart_mobile
[Thu May  9 16:50:00 2019]	Heart_web
[Thu May  9 16:50:00 2019]	Heart_mobile
[Thu May  9 16:50:00 2019]	Heart_web
[Thu May  9 16:50:01 2019]	Heart_mobile
[Thu May  9 16:55:00 2019]	Heart_web
[Thu May  9 16:55:00 2019]	Heart_mobile
[Thu May  9 16:55:00 2019]	Heart_web
[Thu May  9 16:55:00 2019]	Heart_mobile
[Thu May  9 16:55:00 2019]	Heart_web
[Thu May  9 16:55:00 2019]	Heart_mobile
[Thu May  9 16:55:01 2019]	Heart_web
[Thu May  9 16:55:01 2019]	Heart_mobile
[Thu May  9 17:00:00 2019]	Heart_web
[Thu May  9 17:00:00 2019]	Heart_mobile
[Thu May  9 17:00:00 2019]	Heart_web
[Thu May  9 17:00:00 2019]	Heart_mobile
[Thu May  9 17:00:00 2019]	Heart_web
[Thu May  9 17:00:00 2019]	Heart_mobile
[Thu May  9 17:00:01 2019]	Heart_web
[Thu May  9 17:00:01 2019]	Heart_mobile
[u'51831505', u'51843823', u'51850784', u'51857149', u'51837810']
15824397397
zsj0911*
0
------------------
17367078621
weiyuxin
0
------------------
15127529708
shijizhe
0.6
投币失败 硬币不足
投币失败 硬币不足
投币失败 硬币不足
------------------
13306522935
zjuZSJ0911*
0
------------------
[Thu May  9 17:05:00 2019]	Heart_web
[Thu May  9 17:05:00 2019]	Heart_mobile
[Thu May  9 17:05:00 2019]	Heart_web
[Thu May  9 17:05:00 2019]	Heart_mobile
[Thu May  9 17:05:00 2019]	Heart_web
[Thu May  9 17:05:00 2019]	Heart_mobile
[Thu May  9 17:05:01 2019]	Heart_web
[Thu May  9 17:05:01 2019]	Heart_mobile
[Thu May  9 17:10:00 2019]	Heart_web
[Thu May  9 17:10:00 2019]	Heart_mobile
[Thu May  9 17:10:00 2019]	Heart_web
[Thu May  9 17:10:00 2019]	Heart_mobile
[Thu May  9 17:10:00 2019]	Heart_web
[Thu May  9 17:10:00 2019]	Heart_mobile
[Thu May  9 17:10:01 2019]	Heart_web
[Thu May  9 17:10:01 2019]	Heart_mobile
[Thu May  9 17:15:00 2019]	Heart_web
[Thu May  9 17:15:00 2019]	Heart_mobile
[Thu May  9 17:15:00 2019]	Heart_web
[Thu May  9 17:15:00 2019]	Heart_mobile
[Thu May  9 17:15:00 2019]	Heart_web
[Thu May  9 17:15:00 2019]	Heart_mobile
[Thu May  9 17:15:00 2019]	Heart_web
[Thu May  9 17:15:00 2019]	Heart_mobile
[Thu May  9 17:20:00 2019]	Heart_web
[Thu May  9 17:20:00 2019]	Heart_mobile
[Thu May  9 17:20:00 2019]	Heart_web
[Thu May  9 17:20:00 2019]	Heart_mobile
[Thu May  9 17:20:00 2019]	Heart_web
[Thu May  9 17:20:00 2019]	Heart_mobile
[Thu May  9 17:20:00 2019]	Heart_web
[Thu May  9 17:20:01 2019]	Heart_mobile
[Thu May  9 17:25:00 2019]	Heart_web
[Thu May  9 17:25:00 2019]	Heart_mobile
[Thu May  9 17:25:00 2019]	Heart_web
[Thu May  9 17:25:00 2019]	Heart_mobile
[Thu May  9 17:25:00 2019]	Heart_web
[Thu May  9 17:25:00 2019]	Heart_mobile
[Thu May  9 17:25:01 2019]	Heart_web
[Thu May  9 17:25:01 2019]	Heart_mobile
[Thu May  9 17:30:00 2019]	Heart_web
[Thu May  9 17:30:00 2019]	Heart_mobile
[Thu May  9 17:30:00 2019]	Heart_web
[Thu May  9 17:30:00 2019]	Heart_mobile
[Thu May  9 17:30:00 2019]	Heart_web
[Thu May  9 17:30:00 2019]	Heart_mobile
[Thu May  9 17:30:01 2019]	Heart_web
[Thu May  9 17:30:01 2019]	Heart_mobile
[Thu May  9 17:35:00 2019]	Heart_web
[Thu May  9 17:35:00 2019]	Heart_mobile
[Thu May  9 17:35:00 2019]	Heart_web
[Thu May  9 17:35:00 2019]	Heart_mobile
[Thu May  9 17:35:00 2019]	Heart_web
[Thu May  9 17:35:00 2019]	Heart_mobile
[Thu May  9 17:35:01 2019]	Heart_web
[Thu May  9 17:35:01 2019]	Heart_mobile
[Thu May  9 17:40:00 2019]	Heart_web
[Thu May  9 17:40:00 2019]	Heart_mobile
[Thu May  9 17:40:00 2019]	Heart_web
[Thu May  9 17:40:00 2019]	Heart_mobile
[Thu May  9 17:40:00 2019]	Heart_web
[Thu May  9 17:40:00 2019]	Heart_mobile
[Thu May  9 17:40:00 2019]	Heart_web
[Thu May  9 17:40:01 2019]	Heart_mobile
[Thu May  9 17:45:00 2019]	Heart_web
[Thu May  9 17:45:00 2019]	Heart_mobile
[Thu May  9 17:45:00 2019]	Heart_web
[Thu May  9 17:45:00 2019]	Heart_mobile
[Thu May  9 17:45:00 2019]	Heart_web
[Thu May  9 17:45:00 2019]	Heart_mobile
[Thu May  9 17:45:01 2019]	Heart_web
[Thu May  9 17:45:01 2019]	Heart_mobile
[Thu May  9 17:50:00 2019]	Heart_web
[Thu May  9 17:50:00 2019]	Heart_mobile
[Thu May  9 17:50:00 2019]	Heart_web
[Thu May  9 17:50:00 2019]	Heart_mobile
[Thu May  9 17:50:00 2019]	Heart_web
[Thu May  9 17:50:00 2019]	Heart_mobile
[Thu May  9 17:50:01 2019]	Heart_web
[Thu May  9 17:50:01 2019]	Heart_mobile
[Thu May  9 17:55:00 2019]	Heart_web
[Thu May  9 17:55:00 2019]	Heart_mobile
[Thu May  9 17:55:00 2019]	Heart_web
[Thu May  9 17:55:00 2019]	Heart_mobile
[Thu May  9 17:55:00 2019]	Heart_web
[Thu May  9 17:55:00 2019]	Heart_mobile
[Thu May  9 17:55:00 2019]	Heart_web
[Thu May  9 17:55:01 2019]	Heart_mobile
[Thu May  9 18:00:00 2019]	Heart_web
[Thu May  9 18:00:00 2019]	Heart_mobile
[Thu May  9 18:00:00 2019]	Heart_web
[Thu May  9 18:00:00 2019]	Heart_mobile
[Thu May  9 18:00:00 2019]	Heart_web
[Thu May  9 18:00:00 2019]	Heart_mobile
[Thu May  9 18:00:01 2019]	Heart_web
[Thu May  9 18:00:01 2019]	Heart_mobile
[u'51890147', u'51843823', u'51850784', u'51886796', u'51837810']
15824397397
zsj0911*
0
------------------
17367078621
weiyuxin
0
------------------
15127529708
shijizhe
0.6
投币失败 硬币不足
投币失败 硬币不足
投币失败 硬币不足
------------------
13306522935
zjuZSJ0911*
0
------------------
[Thu May  9 18:05:00 2019]	Heart_web
[Thu May  9 18:05:00 2019]	Heart_mobile
[Thu May  9 18:05:00 2019]	Heart_web
[Thu May  9 18:05:00 2019]	Heart_mobile
[Thu May  9 18:05:00 2019]	Heart_web
[Thu May  9 18:05:00 2019]	Heart_mobile
[Thu May  9 18:05:00 2019]	Heart_web
[Thu May  9 18:05:00 2019]	Heart_mobile
[Thu May  9 18:10:00 2019]	Heart_web
[Thu May  9 18:10:00 2019]	Heart_mobile
[Thu May  9 18:10:00 2019]	Heart_web
[Thu May  9 18:10:00 2019]	Heart_mobile
[Thu May  9 18:10:00 2019]	Heart_web
[Thu May  9 18:10:00 2019]	Heart_mobile
[Thu May  9 18:10:01 2019]	Heart_web
[Thu May  9 18:10:01 2019]	Heart_mobile
[Thu May  9 18:15:00 2019]	Heart_web
[Thu May  9 18:15:00 2019]	Heart_mobile
[Thu May  9 18:15:00 2019]	Heart_web
[Thu May  9 18:15:00 2019]	Heart_mobile
[Thu May  9 18:15:00 2019]	Heart_web
[Thu May  9 18:15:00 2019]	Heart_mobile
[Thu May  9 18:15:01 2019]	Heart_web
[Thu May  9 18:15:01 2019]	Heart_mobile
[Thu May  9 18:20:00 2019]	Heart_web
[Thu May  9 18:20:00 2019]	Heart_mobile
[Thu May  9 18:20:00 2019]	Heart_web
[Thu May  9 18:20:00 2019]	Heart_mobile
[Thu May  9 18:20:00 2019]	Heart_web
[Thu May  9 18:20:00 2019]	Heart_mobile
[Thu May  9 18:20:01 2019]	Heart_web
[Thu May  9 18:20:01 2019]	Heart_mobile
[Thu May  9 18:25:00 2019]	Heart_web
[Thu May  9 18:25:00 2019]	Heart_mobile
[Thu May  9 18:25:00 2019]	Heart_web
[Thu May  9 18:25:00 2019]	Heart_mobile
[Thu May  9 18:25:00 2019]	Heart_web
[Thu May  9 18:25:00 2019]	Heart_mobile
[Thu May  9 18:25:01 2019]	Heart_web
[Thu May  9 18:25:01 2019]	Heart_mobile
[Thu May  9 18:30:00 2019]	Heart_web
[Thu May  9 18:30:00 2019]	Heart_mobile
[Thu May  9 18:30:00 2019]	Heart_web
[Thu May  9 18:30:00 2019]	Heart_mobile
[Thu May  9 18:30:00 2019]	Heart_web
[Thu May  9 18:30:00 2019]	Heart_mobile
[Thu May  9 18:30:01 2019]	Heart_web
[Thu May  9 18:30:01 2019]	Heart_mobile
[Thu May  9 18:35:00 2019]	Heart_web
[Thu May  9 18:35:00 2019]	Heart_mobile
[Thu May  9 18:35:00 2019]	Heart_web
[Thu May  9 18:35:00 2019]	Heart_mobile
[Thu May  9 18:35:00 2019]	Heart_web
[Thu May  9 18:35:00 2019]	Heart_mobile
[Thu May  9 18:35:00 2019]	Heart_web
[Thu May  9 18:35:00 2019]	Heart_mobile
[Thu May  9 18:40:00 2019]	Heart_web
[Thu May  9 18:40:00 2019]	Heart_mobile
[Thu May  9 18:40:00 2019]	Heart_web
[Thu May  9 18:40:00 2019]	Heart_mobile
[Thu May  9 18:40:00 2019]	Heart_web
[Thu May  9 18:40:00 2019]	Heart_mobile
[Thu May  9 18:40:01 2019]	Heart_web
[Thu May  9 18:40:01 2019]	Heart_mobile
[Thu May  9 18:45:00 2019]	Heart_web
[Thu May  9 18:45:00 2019]	Heart_mobile
[Thu May  9 18:45:00 2019]	Heart_web
[Thu May  9 18:45:00 2019]	Heart_mobile
[Thu May  9 18:45:00 2019]	Heart_web
[Thu May  9 18:45:00 2019]	Heart_mobile
[Thu May  9 18:45:01 2019]	Heart_web
[Thu May  9 18:45:01 2019]	Heart_mobile
[Thu May  9 18:50:00 2019]	Heart_web
[Thu May  9 18:50:00 2019]	Heart_mobile
[Thu May  9 18:50:00 2019]	Heart_web
[Thu May  9 18:50:00 2019]	Heart_mobile
[Thu May  9 18:50:00 2019]	Heart_web
[Thu May  9 18:50:00 2019]	Heart_mobile
[Thu May  9 18:50:01 2019]	Heart_web
[Thu May  9 18:50:01 2019]	Heart_mobile
[Thu May  9 18:55:00 2019]	Heart_web
[Thu May  9 18:55:00 2019]	Heart_mobile
[Thu May  9 18:55:00 2019]	Heart_web
[Thu May  9 18:55:00 2019]	Heart_mobile
[Thu May  9 18:55:00 2019]	Heart_web
[Thu May  9 18:55:00 2019]	Heart_mobile
[Thu May  9 18:55:00 2019]	Heart_web
[Thu May  9 18:55:00 2019]	Heart_mobile
[Thu May  9 19:00:00 2019]	Heart_web
[Thu May  9 19:00:00 2019]	Heart_mobile
[Thu May  9 19:00:00 2019]	Heart_web
[Thu May  9 19:00:00 2019]	Heart_mobile
[Thu May  9 19:00:00 2019]	Heart_web
[Thu May  9 19:00:00 2019]	Heart_mobile
[Thu May  9 19:00:01 2019]	Heart_web
[Thu May  9 19:00:01 2019]	Heart_mobile
[u'51890147', u'51843823', u'51850784', u'51886796', u'51837810']
15824397397
zsj0911*
0
------------------
17367078621
weiyuxin
0
------------------
15127529708
shijizhe
0.6
投币失败 硬币不足
投币失败 硬币不足
投币失败 硬币不足
------------------
13306522935
zjuZSJ0911*
0
------------------
[Thu May  9 19:05:00 2019]	Heart_web
[Thu May  9 19:05:00 2019]	Heart_mobile
[Thu May  9 19:05:00 2019]	Heart_web
[Thu May  9 19:05:00 2019]	Heart_mobile
[Thu May  9 19:05:00 2019]	Heart_web
[Thu May  9 19:05:00 2019]	Heart_mobile
[Thu May  9 19:05:01 2019]	Heart_web
[Thu May  9 19:05:01 2019]	Heart_mobile
[Thu May  9 19:10:00 2019]	Heart_web
[Thu May  9 19:10:00 2019]	Heart_mobile
[Thu May  9 19:10:00 2019]	Heart_web
[Thu May  9 19:10:00 2019]	Heart_mobile
[Thu May  9 19:10:00 2019]	Heart_web
[Thu May  9 19:10:00 2019]	Heart_mobile
[Thu May  9 19:10:01 2019]	Heart_web
[Thu May  9 19:10:01 2019]	Heart_mobile
[Thu May  9 19:15:00 2019]	Heart_web
[Thu May  9 19:15:00 2019]	Heart_mobile
[Thu May  9 19:15:00 2019]	Heart_web
[Thu May  9 19:15:00 2019]	Heart_mobile
[Thu May  9 19:15:00 2019]	Heart_web
[Thu May  9 19:15:00 2019]	Heart_mobile
[Thu May  9 19:15:01 2019]	Heart_web
[Thu May  9 19:15:01 2019]	Heart_mobile
[Thu May  9 19:20:00 2019]	Heart_web
[Thu May  9 19:20:00 2019]	Heart_mobile
[Thu May  9 19:20:00 2019]	Heart_web
[Thu May  9 19:20:00 2019]	Heart_mobile
[Thu May  9 19:20:00 2019]	Heart_web
[Thu May  9 19:20:00 2019]	Heart_mobile
[Thu May  9 19:20:01 2019]	Heart_web
[Thu May  9 19:20:01 2019]	Heart_mobile
[Thu May  9 19:25:00 2019]	Heart_web
[Thu May  9 19:25:00 2019]	Heart_mobile
[Thu May  9 19:25:00 2019]	Heart_web
[Thu May  9 19:25:00 2019]	Heart_mobile
[Thu May  9 19:25:00 2019]	Heart_web
[Thu May  9 19:25:00 2019]	Heart_mobile
[Thu May  9 19:25:01 2019]	Heart_web
[Thu May  9 19:25:01 2019]	Heart_mobile
[Thu May  9 19:30:00 2019]	Heart_web
[Thu May  9 19:30:00 2019]	Heart_mobile
[Thu May  9 19:30:00 2019]	Heart_web
[Thu May  9 19:30:00 2019]	Heart_mobile
[Thu May  9 19:30:00 2019]	Heart_web
[Thu May  9 19:30:00 2019]	Heart_mobile
[Thu May  9 19:30:00 2019]	Heart_web
[Thu May  9 19:30:00 2019]	Heart_mobile
[Thu May  9 19:35:00 2019]	Heart_web
[Thu May  9 19:35:00 2019]	Heart_mobile
[Thu May  9 19:35:00 2019]	Heart_web
[Thu May  9 19:35:00 2019]	Heart_mobile
[Thu May  9 19:35:00 2019]	Heart_web
[Thu May  9 19:35:00 2019]	Heart_mobile
[Thu May  9 19:35:01 2019]	Heart_web
[Thu May  9 19:35:01 2019]	Heart_mobile
[Thu May  9 19:40:00 2019]	Heart_web
[Thu May  9 19:40:00 2019]	Heart_mobile
[Thu May  9 19:40:00 2019]	Heart_web
[Thu May  9 19:40:00 2019]	Heart_mobile
[Thu May  9 19:40:00 2019]	Heart_web
[Thu May  9 19:40:00 2019]	Heart_mobile
[Thu May  9 19:40:01 2019]	Heart_web
[Thu May  9 19:40:01 2019]	Heart_mobile
[Thu May  9 19:45:00 2019]	Heart_web
[Thu May  9 19:45:00 2019]	Heart_mobile
[Thu May  9 19:45:00 2019]	Heart_web
[Thu May  9 19:45:00 2019]	Heart_mobile
[Thu May  9 19:45:00 2019]	Heart_web
[Thu May  9 19:45:00 2019]	Heart_mobile
[Thu May  9 19:45:01 2019]	Heart_web
[Thu May  9 19:45:01 2019]	Heart_mobile
[Thu May  9 19:50:00 2019]	Heart_web
[Thu May  9 19:50:00 2019]	Heart_mobile
[Thu May  9 19:50:00 2019]	Heart_web
[Thu May  9 19:50:00 2019]	Heart_mobile
[Thu May  9 19:50:00 2019]	Heart_web
[Thu May  9 19:50:00 2019]	Heart_mobile
[Thu May  9 19:50:01 2019]	Heart_web
[Thu May  9 19:50:01 2019]	Heart_mobile
[Thu May  9 19:55:00 2019]	Heart_web
[Thu May  9 19:55:00 2019]	Heart_mobile
[Thu May  9 19:55:00 2019]	Heart_web
[Thu May  9 19:55:00 2019]	Heart_mobile
[Thu May  9 19:55:00 2019]	Heart_web
[Thu May  9 19:55:00 2019]	Heart_mobile
[Thu May  9 19:55:01 2019]	Heart_web
[Thu May  9 19:55:01 2019]	Heart_mobile
[Thu May  9 20:00:00 2019]	Heart_web
[Thu May  9 20:00:00 2019]	Heart_mobile
[Thu May  9 20:00:00 2019]	Heart_web
[Thu May  9 20:00:00 2019]	Heart_mobile
[Thu May  9 20:00:00 2019]	Heart_web
[Thu May  9 20:00:00 2019]	Heart_mobile
[Thu May  9 20:00:01 2019]	Heart_web
[Thu May  9 20:00:01 2019]	Heart_mobile
[u'51925213', u'51890147', u'51843823', u'51850784', u'51886796']
15824397397
zsj0911*
0
------------------
17367078621
weiyuxin
0
------------------
15127529708
shijizhe
0.6
投币失败 硬币不足
投币失败 硬币不足
投币失败 硬币不足
------------------
13306522935
zjuZSJ0911*
0
------------------
[Thu May  9 20:05:00 2019]	Heart_web
[Thu May  9 20:05:00 2019]	Heart_mobile
[Thu May  9 20:05:00 2019]	Heart_web
[Thu May  9 20:05:00 2019]	Heart_mobile
[Thu May  9 20:05:00 2019]	Heart_web
[Thu May  9 20:05:00 2019]	Heart_mobile
[Thu May  9 20:05:01 2019]	Heart_web
[Thu May  9 20:05:01 2019]	Heart_mobile
[Thu May  9 20:10:00 2019]	Heart_web
[Thu May  9 20:10:00 2019]	Heart_mobile
[Thu May  9 20:10:00 2019]	Heart_web
[Thu May  9 20:10:00 2019]	Heart_mobile
[Thu May  9 20:10:00 2019]	Heart_web
[Thu May  9 20:10:00 2019]	Heart_mobile
[Thu May  9 20:10:01 2019]	Heart_web
[Thu May  9 20:10:01 2019]	Heart_mobile
[Thu May  9 20:15:00 2019]	Heart_web
[Thu May  9 20:15:00 2019]	Heart_mobile
[Thu May  9 20:15:00 2019]	Heart_web
[Thu May  9 20:15:00 2019]	Heart_mobile
[Thu May  9 20:15:01 2019]	Heart_web
[Thu May  9 20:15:01 2019]	Heart_mobile
[Thu May  9 20:15:01 2019]	Heart_web
[Thu May  9 20:15:01 2019]	Heart_mobile
[Thu May  9 20:20:00 2019]	Heart_web
[Thu May  9 20:20:00 2019]	Heart_mobile
[Thu May  9 20:20:00 2019]	Heart_web
[Thu May  9 20:20:00 2019]	Heart_mobile
[Thu May  9 20:20:00 2019]	Heart_web
[Thu May  9 20:20:00 2019]	Heart_mobile
[Thu May  9 20:20:01 2019]	Heart_web
[Thu May  9 20:20:01 2019]	Heart_mobile
[Thu May  9 20:25:00 2019]	Heart_web
[Thu May  9 20:25:00 2019]	Heart_mobile
[Thu May  9 20:25:00 2019]	Heart_web
[Thu May  9 20:25:00 2019]	Heart_mobile
[Thu May  9 20:25:00 2019]	Heart_web
[Thu May  9 20:25:00 2019]	Heart_mobile
[Thu May  9 20:25:00 2019]	Heart_web
[Thu May  9 20:25:01 2019]	Heart_mobile
[Thu May  9 20:30:00 2019]	Heart_web
[Thu May  9 20:30:00 2019]	Heart_mobile
[Thu May  9 20:30:00 2019]	Heart_web
[Thu May  9 20:30:00 2019]	Heart_mobile
[Thu May  9 20:30:00 2019]	Heart_web
[Thu May  9 20:30:00 2019]	Heart_mobile
[Thu May  9 20:30:01 2019]	Heart_web
[Thu May  9 20:30:01 2019]	Heart_mobile
[Thu May  9 20:35:00 2019]	Heart_web
[Thu May  9 20:35:00 2019]	Heart_mobile
[Thu May  9 20:35:00 2019]	Heart_web
[Thu May  9 20:35:00 2019]	Heart_mobile
[Thu May  9 20:35:00 2019]	Heart_web
[Thu May  9 20:35:00 2019]	Heart_mobile
[Thu May  9 20:35:01 2019]	Heart_web
[Thu May  9 20:35:01 2019]	Heart_mobile
[Thu May  9 20:40:00 2019]	Heart_web
[Thu May  9 20:40:00 2019]	Heart_mobile
[Thu May  9 20:40:00 2019]	Heart_web
[Thu May  9 20:40:00 2019]	Heart_mobile
[Thu May  9 20:40:00 2019]	Heart_web
[Thu May  9 20:40:00 2019]	Heart_mobile
[Thu May  9 20:40:00 2019]	Heart_web
[Thu May  9 20:40:01 2019]	Heart_mobile
[Thu May  9 20:45:00 2019]	Heart_web
[Thu May  9 20:45:00 2019]	Heart_mobile
[Thu May  9 20:45:00 2019]	Heart_web
[Thu May  9 20:45:00 2019]	Heart_mobile
[Thu May  9 20:45:00 2019]	Heart_web
[Thu May  9 20:45:00 2019]	Heart_mobile
[Thu May  9 20:45:01 2019]	Heart_web
[Thu May  9 20:45:01 2019]	Heart_mobile
[Thu May  9 20:50:00 2019]	Heart_web
[Thu May  9 20:50:00 2019]	Heart_mobile
[Thu May  9 20:50:00 2019]	Heart_web
[Thu May  9 20:50:00 2019]	Heart_mobile
[Thu May  9 20:50:00 2019]	Heart_web
[Thu May  9 20:50:00 2019]	Heart_mobile
[Thu May  9 20:50:01 2019]	Heart_web
[Thu May  9 20:50:01 2019]	Heart_mobile
[Thu May  9 20:55:00 2019]	Heart_web
[Thu May  9 20:55:00 2019]	Heart_mobile
[Thu May  9 20:55:00 2019]	Heart_web
[Thu May  9 20:55:00 2019]	Heart_mobile
[Thu May  9 20:55:00 2019]	Heart_web
[Thu May  9 20:55:00 2019]	Heart_mobile
[Thu May  9 20:55:00 2019]	Heart_web
[Thu May  9 20:55:01 2019]	Heart_mobile
[Thu May  9 21:00:00 2019]	Heart_web
[Thu May  9 21:00:00 2019]	Heart_mobile
[Thu May  9 21:00:00 2019]	Heart_web
[Thu May  9 21:00:00 2019]	Heart_mobile
[Thu May  9 21:00:00 2019]	Heart_web
[Thu May  9 21:00:00 2019]	Heart_mobile
[Thu May  9 21:00:01 2019]	Heart_web
[Thu May  9 21:00:01 2019]	Heart_mobile
[Thu May  9 21:05:00 2019]	Heart_web
[Thu May  9 21:05:00 2019]	Heart_mobile
[Thu May  9 21:05:00 2019]	Heart_web
[Thu May  9 21:05:00 2019]	Heart_mobile
[Thu May  9 21:05:00 2019]	Heart_web
[Thu May  9 21:05:00 2019]	Heart_mobile
[Thu May  9 21:05:01 2019]	Heart_web
[Thu May  9 21:05:01 2019]	Heart_mobile
[Thu May  9 21:10:00 2019]	Heart_web
[Thu May  9 21:10:00 2019]	Heart_mobile
[Thu May  9 21:10:00 2019]	Heart_web
[Thu May  9 21:10:00 2019]	Heart_mobile
[Thu May  9 21:10:00 2019]	Heart_web
[Thu May  9 21:10:00 2019]	Heart_mobile
[Thu May  9 21:10:01 2019]	Heart_web
[Thu May  9 21:10:01 2019]	Heart_mobile
[Thu May  9 21:15:00 2019]	Heart_web
[Thu May  9 21:15:00 2019]	Heart_mobile
[Thu May  9 21:15:00 2019]	Heart_web
[Thu May  9 21:15:00 2019]	Heart_mobile
[Thu May  9 21:15:00 2019]	Heart_web
[Thu May  9 21:15:00 2019]	Heart_mobile
[Thu May  9 21:15:01 2019]	Heart_web
[Thu May  9 21:15:01 2019]	Heart_mobile
[Thu May  9 21:20:00 2019]	Heart_web
[Thu May  9 21:20:00 2019]	Heart_mobile
[Thu May  9 21:20:00 2019]	Heart_web
[Thu May  9 21:20:00 2019]	Heart_mobile
[Thu May  9 21:20:00 2019]	Heart_web
[Thu May  9 21:20:00 2019]	Heart_mobile
[Thu May  9 21:20:00 2019]	Heart_web
[Thu May  9 21:20:01 2019]	Heart_mobile
[Thu May  9 21:25:00 2019]	Heart_web
[Thu May  9 21:25:00 2019]	Heart_mobile
[Thu May  9 21:25:00 2019]	Heart_web
[Thu May  9 21:25:00 2019]	Heart_mobile
[Thu May  9 21:25:00 2019]	Heart_web
[Thu May  9 21:25:00 2019]	Heart_mobile
[Thu May  9 21:25:01 2019]	Heart_web
[Thu May  9 21:25:01 2019]	Heart_mobile
[Thu May  9 21:30:00 2019]	Heart_web
[Thu May  9 21:30:00 2019]	Heart_mobile
[Thu May  9 21:30:00 2019]	Heart_web
[Thu May  9 21:30:00 2019]	Heart_mobile
[Thu May  9 21:30:00 2019]	Heart_web
[Thu May  9 21:30:00 2019]	Heart_mobile
[Thu May  9 21:30:01 2019]	Heart_web
[Thu May  9 21:30:01 2019]	Heart_mobile
[Thu May  9 21:35:00 2019]	Heart_web
[Thu May  9 21:35:00 2019]	Heart_mobile
[Thu May  9 21:35:00 2019]	Heart_web
[Thu May  9 21:35:00 2019]	Heart_mobile
[Thu May  9 21:35:00 2019]	Heart_web
[Thu May  9 21:35:00 2019]	Heart_mobile
[Thu May  9 21:35:01 2019]	Heart_web
[Thu May  9 21:35:01 2019]	Heart_mobile
[Thu May  9 21:40:00 2019]	Heart_web
[Thu May  9 21:40:00 2019]	Heart_mobile
[Thu May  9 21:40:00 2019]	Heart_web
[Thu May  9 21:40:00 2019]	Heart_mobile
[Thu May  9 21:40:00 2019]	Heart_web
[Thu May  9 21:40:00 2019]	Heart_mobile
[Thu May  9 21:40:01 2019]	Heart_web
[Thu May  9 21:40:01 2019]	Heart_mobile
[Thu May  9 21:45:00 2019]	Heart_web
[Thu May  9 21:45:00 2019]	Heart_mobile
[Thu May  9 21:45:00 2019]	Heart_web
[Thu May  9 21:45:00 2019]	Heart_mobile
[Thu May  9 21:45:00 2019]	Heart_web
[Thu May  9 21:45:00 2019]	Heart_mobile
[Thu May  9 21:45:01 2019]	Heart_web
[Thu May  9 21:45:01 2019]	Heart_mobile
[Thu May  9 21:50:00 2019]	Heart_web
[Thu May  9 21:50:00 2019]	Heart_mobile
[Thu May  9 21:50:00 2019]	Heart_web
[Thu May  9 21:50:00 2019]	Heart_mobile
[Thu May  9 21:50:00 2019]	Heart_web
[Thu May  9 21:50:00 2019]	Heart_mobile
[Thu May  9 21:50:01 2019]	Heart_web
[Thu May  9 21:50:01 2019]	Heart_mobile
[Thu May  9 21:55:00 2019]	Heart_web
[Thu May  9 21:55:00 2019]	Heart_mobile
[Thu May  9 21:55:00 2019]	Heart_web
[Thu May  9 21:55:00 2019]	Heart_mobile
[Thu May  9 21:55:00 2019]	Heart_web
[Thu May  9 21:55:00 2019]	Heart_mobile
[Thu May  9 21:55:00 2019]	Heart_web
[Thu May  9 21:55:01 2019]	Heart_mobile
[Thu May  9 22:00:00 2019]	Heart_web
[Thu May  9 22:00:00 2019]	Heart_mobile
[Thu May  9 22:00:00 2019]	Heart_web
[Thu May  9 22:00:00 2019]	Heart_mobile
[Thu May  9 22:00:00 2019]	Heart_web
[Thu May  9 22:00:01 2019]	Heart_mobile
[Thu May  9 22:00:01 2019]	Heart_web
[Thu May  9 22:00:01 2019]	Heart_mobile
[Thu May  9 22:05:00 2019]	Heart_web
[Thu May  9 22:05:00 2019]	Heart_mobile
[Thu May  9 22:05:00 2019]	Heart_web
[Thu May  9 22:05:00 2019]	Heart_mobile
[Thu May  9 22:05:00 2019]	Heart_web
[Thu May  9 22:05:00 2019]	Heart_mobile
[Thu May  9 22:05:01 2019]	Heart_web
[Thu May  9 22:05:01 2019]	Heart_mobile
[Thu May  9 22:10:00 2019]	Heart_web
[Thu May  9 22:10:00 2019]	Heart_mobile
[Thu May  9 22:10:00 2019]	Heart_web
[Thu May  9 22:10:00 2019]	Heart_mobile
[Thu May  9 22:10:00 2019]	Heart_web
[Thu May  9 22:10:00 2019]	Heart_mobile
[Thu May  9 22:10:01 2019]	Heart_web
[Thu May  9 22:10:01 2019]	Heart_mobile
[Thu May  9 22:15:00 2019]	Heart_web
[Thu May  9 22:15:00 2019]	Heart_mobile
[Thu May  9 22:15:00 2019]	Heart_web
[Thu May  9 22:15:00 2019]	Heart_mobile
[Thu May  9 22:15:00 2019]	Heart_web
[Thu May  9 22:15:00 2019]	Heart_mobile
[Thu May  9 22:15:01 2019]	Heart_web
[Thu May  9 22:15:01 2019]	Heart_mobile
[Thu May  9 22:20:00 2019]	Heart_web
[Thu May  9 22:20:00 2019]	Heart_mobile
[Thu May  9 22:20:00 2019]	Heart_web
[Thu May  9 22:20:00 2019]	Heart_mobile
[Thu May  9 22:20:00 2019]	Heart_web
[Thu May  9 22:20:00 2019]	Heart_mobile
[Thu May  9 22:20:01 2019]	Heart_web
[Thu May  9 22:20:01 2019]	Heart_mobile
[Thu May  9 22:25:00 2019]	Heart_web
[Thu May  9 22:25:00 2019]	Heart_mobile
[Thu May  9 22:25:00 2019]	Heart_web
[Thu May  9 22:25:00 2019]	Heart_mobile
[Thu May  9 22:25:00 2019]	Heart_web
[Thu May  9 22:25:00 2019]	Heart_mobile
[Thu May  9 22:25:00 2019]	Heart_web
[Thu May  9 22:25:01 2019]	Heart_mobile
[Thu May  9 22:30:00 2019]	Heart_web
[Thu May  9 22:30:00 2019]	Heart_mobile
[Thu May  9 22:30:00 2019]	Heart_web
[Thu May  9 22:30:00 2019]	Heart_mobile
[Thu May  9 22:30:00 2019]	Heart_web
[Thu May  9 22:30:00 2019]	Heart_mobile
[Thu May  9 22:30:01 2019]	Heart_web
[Thu May  9 22:30:01 2019]	Heart_mobile
[Thu May  9 22:35:00 2019]	Heart_web
[Thu May  9 22:35:00 2019]	Heart_mobile
[Thu May  9 22:35:00 2019]	Heart_web
[Thu May  9 22:35:00 2019]	Heart_mobile
[Thu May  9 22:35:00 2019]	Heart_web
[Thu May  9 22:35:00 2019]	Heart_mobile
[Thu May  9 22:35:01 2019]	Heart_web
[Thu May  9 22:35:01 2019]	Heart_mobile
[Thu May  9 22:40:00 2019]	Heart_web
[Thu May  9 22:40:00 2019]	Heart_mobile
[Thu May  9 22:40:00 2019]	Heart_web
[Thu May  9 22:40:00 2019]	Heart_mobile
[Thu May  9 22:40:00 2019]	Heart_web
[Thu May  9 22:40:00 2019]	Heart_mobile
[Thu May  9 22:40:01 2019]	Heart_web
[Thu May  9 22:40:01 2019]	Heart_mobile
[Thu May  9 22:45:00 2019]	Heart_web
[Thu May  9 22:45:00 2019]	Heart_mobile
[Thu May  9 22:45:00 2019]	Heart_web
[Thu May  9 22:45:00 2019]	Heart_mobile
[Thu May  9 22:45:00 2019]	Heart_web
[Thu May  9 22:45:00 2019]	Heart_mobile
[Thu May  9 22:45:01 2019]	Heart_web
[Thu May  9 22:45:01 2019]	Heart_mobile
[Thu May  9 22:50:00 2019]	Heart_web
[Thu May  9 22:50:00 2019]	Heart_mobile
[Thu May  9 22:50:00 2019]	Heart_web
[Thu May  9 22:50:00 2019]	Heart_mobile
[Thu May  9 22:50:00 2019]	Heart_web
[Thu May  9 22:50:00 2019]	Heart_mobile
[Thu May  9 22:50:01 2019]	Heart_web
[Thu May  9 22:50:01 2019]	Heart_mobile
[Thu May  9 22:55:00 2019]	Heart_web
[Thu May  9 22:55:00 2019]	Heart_mobile
[Thu May  9 22:55:00 2019]	Heart_web
[Thu May  9 22:55:00 2019]	Heart_mobile
[Thu May  9 22:55:00 2019]	Heart_web
[Thu May  9 22:55:00 2019]	Heart_mobile
[Thu May  9 22:55:01 2019]	Heart_web
[Thu May  9 22:55:01 2019]	Heart_mobile
[Thu May  9 23:00:00 2019]	Heart_web
[Thu May  9 23:00:00 2019]	Heart_mobile
[Thu May  9 23:00:00 2019]	Heart_web
[Thu May  9 23:00:00 2019]	Heart_mobile
[Thu May  9 23:00:00 2019]	Heart_web
[Thu May  9 23:00:00 2019]	Heart_mobile
[Thu May  9 23:00:00 2019]	Heart_web
[Thu May  9 23:00:01 2019]	Heart_mobile
[Thu May  9 23:05:00 2019]	Heart_web
[Thu May  9 23:05:00 2019]	Heart_mobile
[Thu May  9 23:05:00 2019]	Heart_web
[Thu May  9 23:05:00 2019]	Heart_mobile
[Thu May  9 23:05:00 2019]	Heart_web
[Thu May  9 23:05:00 2019]	Heart_mobile
[Thu May  9 23:05:01 2019]	Heart_web
[Thu May  9 23:05:01 2019]	Heart_mobile
[Thu May  9 23:10:00 2019]	Heart_web
[Thu May  9 23:10:00 2019]	Heart_mobile
[Thu May  9 23:10:00 2019]	Heart_web
[Thu May  9 23:10:00 2019]	Heart_mobile
[Thu May  9 23:10:00 2019]	Heart_web
[Thu May  9 23:10:00 2019]	Heart_mobile
[Thu May  9 23:10:00 2019]	Heart_web
[Thu May  9 23:10:01 2019]	Heart_mobile
[Thu May  9 23:15:00 2019]	Heart_web
[Thu May  9 23:15:00 2019]	Heart_mobile
[Thu May  9 23:15:00 2019]	Heart_web
[Thu May  9 23:15:00 2019]	Heart_mobile
[Thu May  9 23:15:00 2019]	Heart_web
[Thu May  9 23:15:00 2019]	Heart_mobile
[Thu May  9 23:15:01 2019]	Heart_web
[Thu May  9 23:15:01 2019]	Heart_mobile
[Thu May  9 23:20:00 2019]	Heart_web
[Thu May  9 23:20:00 2019]	Heart_mobile
[Thu May  9 23:20:00 2019]	Heart_web
[Thu May  9 23:20:00 2019]	Heart_mobile
[Thu May  9 23:20:00 2019]	Heart_web
[Thu May  9 23:20:00 2019]	Heart_mobile
[Thu May  9 23:20:01 2019]	Heart_web
[Thu May  9 23:20:01 2019]	Heart_mobile
[Thu May  9 23:25:00 2019]	Heart_web
[Thu May  9 23:25:00 2019]	Heart_mobile
[Thu May  9 23:25:00 2019]	Heart_web
[Thu May  9 23:25:00 2019]	Heart_mobile
[Thu May  9 23:25:00 2019]	Heart_web
[Thu May  9 23:25:00 2019]	Heart_mobile
[Thu May  9 23:25:01 2019]	Heart_web
[Thu May  9 23:25:01 2019]	Heart_mobile
[Thu May  9 23:30:00 2019]	Heart_web
[Thu May  9 23:30:00 2019]	Heart_mobile
[Thu May  9 23:30:00 2019]	Heart_web
[Thu May  9 23:30:00 2019]	Heart_mobile
[Thu May  9 23:30:00 2019]	Heart_web
[Thu May  9 23:30:00 2019]	Heart_mobile
[Thu May  9 23:30:01 2019]	Heart_web
[Thu May  9 23:30:01 2019]	Heart_mobile
[Thu May  9 23:35:00 2019]	Heart_web
[Thu May  9 23:35:00 2019]	Heart_mobile
[Thu May  9 23:35:00 2019]	Heart_web
[Thu May  9 23:35:00 2019]	Heart_mobile
[Thu May  9 23:35:00 2019]	Heart_web
[Thu May  9 23:35:00 2019]	Heart_mobile
[Thu May  9 23:35:01 2019]	Heart_web
[Thu May  9 23:35:01 2019]	Heart_mobile
[Thu May  9 23:40:00 2019]	Heart_web
[Thu May  9 23:40:00 2019]	Heart_mobile
[Thu May  9 23:40:00 2019]	Heart_web
[Thu May  9 23:40:00 2019]	Heart_mobile
[Thu May  9 23:40:00 2019]	Heart_web
[Thu May  9 23:40:00 2019]	Heart_mobile
[Thu May  9 23:40:01 2019]	Heart_web
[Thu May  9 23:40:01 2019]	Heart_mobile
[Thu May  9 23:45:00 2019]	Heart_web
[Thu May  9 23:45:00 2019]	Heart_mobile
[Thu May  9 23:45:00 2019]	Heart_web
[Thu May  9 23:45:00 2019]	Heart_mobile
[Thu May  9 23:45:00 2019]	Heart_web
[Thu May  9 23:45:00 2019]	Heart_mobile
[Thu May  9 23:45:01 2019]	Heart_web
[Thu May  9 23:45:01 2019]	Heart_mobile
[Thu May  9 23:50:00 2019]	Heart_web
[Thu May  9 23:50:00 2019]	Heart_mobile
[Thu May  9 23:50:00 2019]	Heart_web
[Thu May  9 23:50:00 2019]	Heart_mobile
[Thu May  9 23:50:00 2019]	Heart_web
[Thu May  9 23:50:00 2019]	Heart_mobile
[Thu May  9 23:50:01 2019]	Heart_web
[Thu May  9 23:50:01 2019]	Heart_mobile
[Thu May  9 23:55:00 2019]	Heart_web
[Thu May  9 23:55:00 2019]	Heart_mobile
[Thu May  9 23:55:00 2019]	Heart_web
[Thu May  9 23:55:00 2019]	Heart_mobile
[Thu May  9 23:55:00 2019]	Heart_web
[Thu May  9 23:55:00 2019]	Heart_mobile
[Thu May  9 23:55:00 2019]	Heart_web
[Thu May  9 23:55:01 2019]	Heart_mobile
[Fri May 10 00:00:00 2019]	Heart_web
[Fri May 10 00:00:00 2019]	Heart_mobile
[Fri May 10 00:00:00 2019]	Heart_web
[Fri May 10 00:00:00 2019]	Heart_mobile
[Fri May 10 00:00:00 2019]	Heart_web
[Fri May 10 00:00:00 2019]	Heart_mobile
[Fri May 10 00:00:01 2019]	Heart_web
[Fri May 10 00:00:01 2019]	Heart_mobile
UPDATE Account SET finished = False,logined = False,watched = False,shared = False,coin_added = False,double_watch = False,s2c = False,signed = False
[u'51890147', u'51893887', u'51931992', u'51896724', u'51889330']
15824397397
zsj0911*
0
av51890147观看成功
银瓜子兑换成功
投币成功
------------------
17367078621
weiyuxin
0
av51890147观看成功
银瓜子兑换成功
投币成功
------------------
15127529708
shijizhe
0.6
av51890147观看成功
银瓜子兑换成功
投币成功
投币失败 硬币不足
投币失败 硬币不足
投币失败 硬币不足
投币失败 硬币不足
------------------
13306522935
zjuZSJ0911*
0
av51890147观看成功
银瓜子兑换成功
投币成功
------------------
[Fri May 10 00:05:00 2019]	Heart_web
[Fri May 10 00:05:00 2019]	Heart_mobile
[Fri May 10 00:05:00 2019]	Heart_web
[Fri May 10 00:05:00 2019]	Heart_mobile
[Fri May 10 00:05:00 2019]	Heart_web
[Fri May 10 00:05:01 2019]	Heart_mobile
[Fri May 10 00:05:01 2019]	Heart_web
[Fri May 10 00:05:01 2019]	Heart_mobile
[Fri May 10 00:10:00 2019]	Heart_web
[Fri May 10 00:10:00 2019]	Heart_mobile
[Fri May 10 00:10:00 2019]	Heart_web
[Fri May 10 00:10:00 2019]	Heart_mobile
[Fri May 10 00:10:00 2019]	Heart_web
[Fri May 10 00:10:00 2019]	Heart_mobile
[Fri May 10 00:10:01 2019]	Heart_web
[Fri May 10 00:10:01 2019]	Heart_mobile
[Fri May 10 00:15:00 2019]	Heart_web
[Fri May 10 00:15:00 2019]	Heart_mobile
[Fri May 10 00:15:00 2019]	Heart_web
[Fri May 10 00:15:00 2019]	Heart_mobile
[Fri May 10 00:15:00 2019]	Heart_web
[Fri May 10 00:15:00 2019]	Heart_mobile
[Fri May 10 00:15:01 2019]	Heart_web
[Fri May 10 00:15:01 2019]	Heart_mobile
[Fri May 10 00:20:00 2019]	Heart_web
[Fri May 10 00:20:00 2019]	Heart_mobile
[Fri May 10 00:20:00 2019]	Heart_web
[Fri May 10 00:20:00 2019]	Heart_mobile
[Fri May 10 00:20:00 2019]	Heart_web
[Fri May 10 00:20:00 2019]	Heart_mobile
[Fri May 10 00:20:01 2019]	Heart_web
[Fri May 10 00:20:01 2019]	Heart_mobile
[Fri May 10 00:25:00 2019]	Heart_web
[Fri May 10 00:25:00 2019]	Heart_mobile
[Fri May 10 00:25:00 2019]	Heart_web
[Fri May 10 00:25:00 2019]	Heart_mobile
[Fri May 10 00:25:00 2019]	Heart_web
[Fri May 10 00:25:00 2019]	Heart_mobile
[Fri May 10 00:25:01 2019]	Heart_web
[Fri May 10 00:25:01 2019]	Heart_mobile
[Fri May 10 00:30:00 2019]	Heart_web
[Fri May 10 00:30:00 2019]	Heart_mobile
[Fri May 10 00:30:00 2019]	Heart_web
[Fri May 10 00:30:00 2019]	Heart_mobile
[Fri May 10 00:30:00 2019]	Heart_web
[Fri May 10 00:30:00 2019]	Heart_mobile
[Fri May 10 00:30:00 2019]	Heart_web
[Fri May 10 00:30:00 2019]	Heart_mobile
[Fri May 10 00:35:00 2019]	Heart_web
[Fri May 10 00:35:00 2019]	Heart_mobile
[Fri May 10 00:35:00 2019]	Heart_web
[Fri May 10 00:35:00 2019]	Heart_mobile
[Fri May 10 00:35:00 2019]	Heart_web
[Fri May 10 00:35:00 2019]	Heart_mobile
[Fri May 10 00:35:01 2019]	Heart_web
[Fri May 10 00:35:01 2019]	Heart_mobile
[Fri May 10 00:40:00 2019]	Heart_web
[Fri May 10 00:40:00 2019]	Heart_mobile
[Fri May 10 00:40:00 2019]	Heart_web
[Fri May 10 00:40:00 2019]	Heart_mobile
[Fri May 10 00:40:00 2019]	Heart_web
[Fri May 10 00:40:00 2019]	Heart_mobile
[Fri May 10 00:40:01 2019]	Heart_web
[Fri May 10 00:40:01 2019]	Heart_mobile
[Fri May 10 00:45:00 2019]	Heart_web
[Fri May 10 00:45:00 2019]	Heart_mobile
[Fri May 10 00:45:00 2019]	Heart_web
[Fri May 10 00:45:00 2019]	Heart_mobile
[Fri May 10 00:45:00 2019]	Heart_web
[Fri May 10 00:45:00 2019]	Heart_mobile
[Fri May 10 00:45:01 2019]	Heart_web
[Fri May 10 00:45:01 2019]	Heart_mobile
[Fri May 10 00:50:00 2019]	Heart_web
[Fri May 10 00:50:00 2019]	Heart_mobile
[Fri May 10 00:50:00 2019]	Heart_web
[Fri May 10 00:50:00 2019]	Heart_mobile
[Fri May 10 00:50:00 2019]	Heart_web
[Fri May 10 00:50:00 2019]	Heart_mobile
[Fri May 10 00:50:01 2019]	Heart_web
[Fri May 10 00:50:01 2019]	Heart_mobile
[Fri May 10 00:55:00 2019]	Heart_web
[Fri May 10 00:55:00 2019]	Heart_mobile
[Fri May 10 00:55:00 2019]	Heart_web
[Fri May 10 00:55:00 2019]	Heart_mobile
[Fri May 10 00:55:00 2019]	Heart_web
[Fri May 10 00:55:00 2019]	Heart_mobile
[Fri May 10 00:55:01 2019]	Heart_web
[Fri May 10 00:55:01 2019]	Heart_mobile
[Fri May 10 01:00:00 2019]	Heart_web
[Fri May 10 01:00:00 2019]	Heart_mobile
[Fri May 10 01:00:00 2019]	Heart_web
[Fri May 10 01:00:00 2019]	Heart_mobile
[Fri May 10 01:00:00 2019]	Heart_web
[Fri May 10 01:00:00 2019]	Heart_mobile
[Fri May 10 01:00:01 2019]	Heart_web
[Fri May 10 01:00:01 2019]	Heart_mobile
[u'51925213', u'51890147', u'51893887', u'51931992', u'51896724']
15824397397
zsj0911*
1

av51925213观看成功
今日已换硬币
投币成功
------------------
17367078621
weiyuxin
1

av51925213观看成功
今日已换硬币
投币成功
------------------
15127529708
shijizhe
1.6

av51925213观看成功
今日已换硬币
投币成功
投币失败 硬币不足
投币失败 硬币不足
投币失败 硬币不足
------------------
13306522935
zjuZSJ0911*
1

av51925213观看成功
今日已换硬币
投币成功
------------------
[Fri May 10 01:05:00 2019]	Heart_web
[Fri May 10 01:05:00 2019]	Heart_mobile
[Fri May 10 01:05:00 2019]	Heart_web
[Fri May 10 01:05:00 2019]	Heart_mobile
[Fri May 10 01:05:00 2019]	Heart_web
[Fri May 10 01:05:00 2019]	Heart_mobile
[Fri May 10 01:05:00 2019]	Heart_web
[Fri May 10 01:05:00 2019]	Heart_mobile
[Fri May 10 01:10:00 2019]	Heart_web
[Fri May 10 01:10:00 2019]	Heart_mobile
[Fri May 10 01:10:00 2019]	Heart_web
[Fri May 10 01:10:00 2019]	Heart_mobile
[Fri May 10 01:10:00 2019]	Heart_web
[Fri May 10 01:10:00 2019]	Heart_mobile
[Fri May 10 01:10:01 2019]	Heart_web
[Fri May 10 01:10:01 2019]	Heart_mobile
[Fri May 10 01:15:00 2019]	Heart_web
[Fri May 10 01:15:00 2019]	Heart_mobile
[Fri May 10 01:15:00 2019]	Heart_web
[Fri May 10 01:15:00 2019]	Heart_mobile
[Fri May 10 01:15:00 2019]	Heart_web
[Fri May 10 01:15:00 2019]	Heart_mobile
[Fri May 10 01:15:01 2019]	Heart_web
[Fri May 10 01:15:01 2019]	Heart_mobile
[Fri May 10 01:20:00 2019]	Heart_web
[Fri May 10 01:20:00 2019]	Heart_mobile
[Fri May 10 01:20:00 2019]	Heart_web
[Fri May 10 01:20:00 2019]	Heart_mobile
[Fri May 10 01:20:00 2019]	Heart_web
[Fri May 10 01:20:00 2019]	Heart_mobile
[Fri May 10 01:20:00 2019]	Heart_web
[Fri May 10 01:20:01 2019]	Heart_mobile
[Fri May 10 01:25:00 2019]	Heart_web
[Fri May 10 01:25:00 2019]	Heart_mobile
[Fri May 10 01:25:00 2019]	Heart_web
[Fri May 10 01:25:00 2019]	Heart_mobile
[Fri May 10 01:25:00 2019]	Heart_web
[Fri May 10 01:25:00 2019]	Heart_mobile
[Fri May 10 01:25:01 2019]	Heart_web
[Fri May 10 01:25:01 2019]	Heart_mobile
[Fri May 10 01:30:00 2019]	Heart_web
[Fri May 10 01:30:00 2019]	Heart_mobile
[Fri May 10 01:30:00 2019]	Heart_web
[Fri May 10 01:30:00 2019]	Heart_mobile
[Fri May 10 01:30:00 2019]	Heart_web
[Fri May 10 01:30:00 2019]	Heart_mobile
[Fri May 10 01:30:01 2019]	Heart_web
[Fri May 10 01:30:01 2019]	Heart_mobile
[Fri May 10 01:35:00 2019]	Heart_web
[Fri May 10 01:35:00 2019]	Heart_mobile
[Fri May 10 01:35:00 2019]	Heart_web
[Fri May 10 01:35:00 2019]	Heart_mobile
[Fri May 10 01:35:00 2019]	Heart_web
[Fri May 10 01:35:00 2019]	Heart_mobile
[Fri May 10 01:35:01 2019]	Heart_web
[Fri May 10 01:35:01 2019]	Heart_mobile
[Fri May 10 01:40:00 2019]	Heart_web
[Fri May 10 01:40:00 2019]	Heart_mobile
[Fri May 10 01:40:00 2019]	Heart_web
[Fri May 10 01:40:00 2019]	Heart_mobile
[Fri May 10 01:40:00 2019]	Heart_web
[Fri May 10 01:40:00 2019]	Heart_mobile
[Fri May 10 01:40:01 2019]	Heart_web
[Fri May 10 01:40:01 2019]	Heart_mobile
[Fri May 10 01:45:00 2019]	Heart_web
[Fri May 10 01:45:00 2019]	Heart_mobile
[Fri May 10 01:45:00 2019]	Heart_web
[Fri May 10 01:45:00 2019]	Heart_mobile
[Fri May 10 01:45:00 2019]	Heart_web
[Fri May 10 01:45:00 2019]	Heart_mobile
[Fri May 10 01:45:01 2019]	Heart_web
[Fri May 10 01:45:01 2019]	Heart_mobile
[Fri May 10 01:50:00 2019]	Heart_web
[Fri May 10 01:50:00 2019]	Heart_mobile
[Fri May 10 01:50:00 2019]	Heart_web
[Fri May 10 01:50:00 2019]	Heart_mobile
[Fri May 10 01:50:00 2019]	Heart_web
[Fri May 10 01:50:00 2019]	Heart_mobile
[Fri May 10 01:50:00 2019]	Heart_web
[Fri May 10 01:50:01 2019]	Heart_mobile
[Fri May 10 01:55:00 2019]	Heart_web
[Fri May 10 01:55:00 2019]	Heart_mobile
[Fri May 10 01:55:00 2019]	Heart_web
[Fri May 10 01:55:00 2019]	Heart_mobile
[Fri May 10 01:55:00 2019]	Heart_web
[Fri May 10 01:55:00 2019]	Heart_mobile
[Fri May 10 01:55:00 2019]	Heart_web
[Fri May 10 01:55:01 2019]	Heart_mobile
[Fri May 10 02:00:00 2019]	Heart_web
[Fri May 10 02:00:00 2019]	Heart_mobile
[Fri May 10 02:00:00 2019]	Heart_web
[Fri May 10 02:00:00 2019]	Heart_mobile
[Fri May 10 02:00:00 2019]	Heart_web
[Fri May 10 02:00:00 2019]	Heart_mobile
[Fri May 10 02:00:01 2019]	Heart_web
[Fri May 10 02:00:01 2019]	Heart_mobile
[u'51925213', u'51890147', u'51893887', u'51931992', u'51896724']
15824397397
zsj0911*
0
------------------
17367078621
weiyuxin
0
------------------
15127529708
shijizhe
0.6
投币失败 硬币不足
投币失败 硬币不足
投币失败 硬币不足
------------------
13306522935
zjuZSJ0911*
0
------------------
[Fri May 10 02:05:00 2019]	Heart_web
[Fri May 10 02:05:00 2019]	Heart_mobile
[Fri May 10 02:05:00 2019]	Heart_web
[Fri May 10 02:05:00 2019]	Heart_mobile
[Fri May 10 02:05:00 2019]	Heart_web
[Fri May 10 02:05:00 2019]	Heart_mobile
[Fri May 10 02:05:00 2019]	Heart_web
[Fri May 10 02:05:01 2019]	Heart_mobile
[Fri May 10 02:10:00 2019]	Heart_web
[Fri May 10 02:10:00 2019]	Heart_mobile
[Fri May 10 02:10:00 2019]	Heart_web
[Fri May 10 02:10:00 2019]	Heart_mobile
[Fri May 10 02:10:00 2019]	Heart_web
[Fri May 10 02:10:00 2019]	Heart_mobile
[Fri May 10 02:10:00 2019]	Heart_web
[Fri May 10 02:10:01 2019]	Heart_mobile
[Fri May 10 02:15:00 2019]	Heart_web
[Fri May 10 02:15:00 2019]	Heart_mobile
[Fri May 10 02:15:00 2019]	Heart_web
[Fri May 10 02:15:00 2019]	Heart_mobile
[Fri May 10 02:15:00 2019]	Heart_web
[Fri May 10 02:15:00 2019]	Heart_mobile
[Fri May 10 02:15:01 2019]	Heart_web
[Fri May 10 02:15:01 2019]	Heart_mobile
[Fri May 10 02:20:00 2019]	Heart_web
[Fri May 10 02:20:00 2019]	Heart_mobile
[Fri May 10 02:20:00 2019]	Heart_web
[Fri May 10 02:20:00 2019]	Heart_mobile
[Fri May 10 02:20:00 2019]	Heart_web
[Fri May 10 02:20:00 2019]	Heart_mobile
[Fri May 10 02:20:00 2019]	Heart_web
[Fri May 10 02:20:01 2019]	Heart_mobile
[Fri May 10 02:25:00 2019]	Heart_web
[Fri May 10 02:25:00 2019]	Heart_mobile
[Fri May 10 02:25:00 2019]	Heart_web
[Fri May 10 02:25:00 2019]	Heart_mobile
[Fri May 10 02:25:00 2019]	Heart_web
[Fri May 10 02:25:00 2019]	Heart_mobile
[Fri May 10 02:25:01 2019]	Heart_web
[Fri May 10 02:25:01 2019]	Heart_mobile
[Fri May 10 02:30:00 2019]	Heart_web
[Fri May 10 02:30:00 2019]	Heart_mobile
[Fri May 10 02:30:00 2019]	Heart_web
[Fri May 10 02:30:00 2019]	Heart_mobile
[Fri May 10 02:30:00 2019]	Heart_web
[Fri May 10 02:30:00 2019]	Heart_mobile
[Fri May 10 02:30:01 2019]	Heart_web
[Fri May 10 02:30:01 2019]	Heart_mobile
[Fri May 10 02:35:00 2019]	Heart_web
[Fri May 10 02:35:00 2019]	Heart_mobile
[Fri May 10 02:35:00 2019]	Heart_web
[Fri May 10 02:35:00 2019]	Heart_mobile
[Fri May 10 02:35:00 2019]	Heart_web
[Fri May 10 02:35:00 2019]	Heart_mobile
[Fri May 10 02:35:01 2019]	Heart_web
[Fri May 10 02:35:01 2019]	Heart_mobile
[Fri May 10 02:40:00 2019]	Heart_web
[Fri May 10 02:40:00 2019]	Heart_mobile
[Fri May 10 02:40:00 2019]	Heart_web
[Fri May 10 02:40:00 2019]	Heart_mobile
[Fri May 10 02:40:00 2019]	Heart_web
[Fri May 10 02:40:00 2019]	Heart_mobile
[Fri May 10 02:40:01 2019]	Heart_web
[Fri May 10 02:40:01 2019]	Heart_mobile
[Fri May 10 02:45:00 2019]	Heart_web
[Fri May 10 02:45:00 2019]	Heart_mobile
[Fri May 10 02:45:00 2019]	Heart_web
[Fri May 10 02:45:00 2019]	Heart_mobile
[Fri May 10 02:45:00 2019]	Heart_web
[Fri May 10 02:45:00 2019]	Heart_mobile
[Fri May 10 02:45:01 2019]	Heart_web
[Fri May 10 02:45:01 2019]	Heart_mobile
[Fri May 10 02:50:00 2019]	Heart_web
[Fri May 10 02:50:00 2019]	Heart_mobile
[Fri May 10 02:50:00 2019]	Heart_web
[Fri May 10 02:50:00 2019]	Heart_mobile
[Fri May 10 02:50:00 2019]	Heart_web
[Fri May 10 02:50:00 2019]	Heart_mobile
[Fri May 10 02:50:01 2019]	Heart_web
[Fri May 10 02:50:01 2019]	Heart_mobile
[Fri May 10 02:55:00 2019]	Heart_web
[Fri May 10 02:55:00 2019]	Heart_mobile
[Fri May 10 02:55:00 2019]	Heart_web
[Fri May 10 02:55:00 2019]	Heart_mobile
[Fri May 10 02:55:00 2019]	Heart_web
[Fri May 10 02:55:00 2019]	Heart_mobile
[Fri May 10 02:55:00 2019]	Heart_web
[Fri May 10 02:55:01 2019]	Heart_mobile
[Fri May 10 03:00:00 2019]	Heart_web
[Fri May 10 03:00:00 2019]	Heart_mobile
[Fri May 10 03:00:00 2019]	Heart_web
[Fri May 10 03:00:00 2019]	Heart_mobile
[Fri May 10 03:00:00 2019]	Heart_web
[Fri May 10 03:00:00 2019]	Heart_mobile
[Fri May 10 03:00:01 2019]	Heart_web
[Fri May 10 03:00:01 2019]	Heart_mobile
[u'51925213', u'51890147', u'51893887', u'51931992', u'51896724']
15824397397
zsj0911*
0
------------------
17367078621
weiyuxin
0
------------------
15127529708
shijizhe
0.6
投币失败 硬币不足
投币失败 硬币不足
投币失败 硬币不足
------------------
13306522935
zjuZSJ0911*
0
------------------
[Fri May 10 03:05:00 2019]	Heart_web
[Fri May 10 03:05:00 2019]	Heart_mobile
[Fri May 10 03:05:00 2019]	Heart_web
[Fri May 10 03:05:00 2019]	Heart_mobile
[Fri May 10 03:05:00 2019]	Heart_web
[Fri May 10 03:05:00 2019]	Heart_mobile
[Fri May 10 03:05:01 2019]	Heart_web
[Fri May 10 03:05:01 2019]	Heart_mobile
[Fri May 10 03:10:00 2019]	Heart_web
[Fri May 10 03:10:00 2019]	Heart_mobile
[Fri May 10 03:10:00 2019]	Heart_web
[Fri May 10 03:10:00 2019]	Heart_mobile
[Fri May 10 03:10:00 2019]	Heart_web
[Fri May 10 03:10:00 2019]	Heart_mobile
[Fri May 10 03:10:00 2019]	Heart_web
[Fri May 10 03:10:01 2019]	Heart_mobile
[Fri May 10 03:15:00 2019]	Heart_web
[Fri May 10 03:15:00 2019]	Heart_mobile
[Fri May 10 03:15:00 2019]	Heart_web
[Fri May 10 03:15:00 2019]	Heart_mobile
[Fri May 10 03:15:00 2019]	Heart_web
[Fri May 10 03:15:00 2019]	Heart_mobile
[Fri May 10 03:15:01 2019]	Heart_web
[Fri May 10 03:15:01 2019]	Heart_mobile
[Fri May 10 03:20:00 2019]	Heart_web
[Fri May 10 03:20:00 2019]	Heart_mobile
[Fri May 10 03:20:00 2019]	Heart_web
[Fri May 10 03:20:00 2019]	Heart_mobile
[Fri May 10 03:20:00 2019]	Heart_web
[Fri May 10 03:20:00 2019]	Heart_mobile
[Fri May 10 03:20:01 2019]	Heart_web
[Fri May 10 03:20:01 2019]	Heart_mobile
[Fri May 10 03:25:00 2019]	Heart_web
[Fri May 10 03:25:00 2019]	Heart_mobile
[Fri May 10 03:25:00 2019]	Heart_web
[Fri May 10 03:25:00 2019]	Heart_mobile
[Fri May 10 03:25:00 2019]	Heart_web
[Fri May 10 03:25:00 2019]	Heart_mobile
[Fri May 10 03:25:00 2019]	Heart_web
[Fri May 10 03:25:00 2019]	Heart_mobile
[Fri May 10 03:30:00 2019]	Heart_web
[Fri May 10 03:30:00 2019]	Heart_mobile
[Fri May 10 03:30:00 2019]	Heart_web
[Fri May 10 03:30:00 2019]	Heart_mobile
[Fri May 10 03:30:00 2019]	Heart_web
[Fri May 10 03:30:00 2019]	Heart_mobile
[Fri May 10 03:30:01 2019]	Heart_web
[Fri May 10 03:30:01 2019]	Heart_mobile
[Fri May 10 03:35:00 2019]	Heart_web
[Fri May 10 03:35:00 2019]	Heart_mobile
[Fri May 10 03:35:00 2019]	Heart_web
[Fri May 10 03:35:00 2019]	Heart_mobile
[Fri May 10 03:35:00 2019]	Heart_web
[Fri May 10 03:35:00 2019]	Heart_mobile
[Fri May 10 03:35:01 2019]	Heart_web
[Fri May 10 03:35:01 2019]	Heart_mobile
[Fri May 10 03:40:00 2019]	Heart_web
[Fri May 10 03:40:00 2019]	Heart_mobile
[Fri May 10 03:40:00 2019]	Heart_web
[Fri May 10 03:40:00 2019]	Heart_mobile
[Fri May 10 03:40:00 2019]	Heart_web
[Fri May 10 03:40:00 2019]	Heart_mobile
[Fri May 10 03:40:01 2019]	Heart_web
[Fri May 10 03:40:01 2019]	Heart_mobile
[Fri May 10 03:45:00 2019]	Heart_web
[Fri May 10 03:45:00 2019]	Heart_mobile
[Fri May 10 03:45:00 2019]	Heart_web
[Fri May 10 03:45:00 2019]	Heart_mobile
[Fri May 10 03:45:00 2019]	Heart_web
[Fri May 10 03:45:00 2019]	Heart_mobile
[Fri May 10 03:45:01 2019]	Heart_web
[Fri May 10 03:45:01 2019]	Heart_mobile
[Fri May 10 03:50:00 2019]	Heart_web
[Fri May 10 03:50:00 2019]	Heart_mobile
[Fri May 10 03:50:00 2019]	Heart_web
[Fri May 10 03:50:00 2019]	Heart_mobile
[Fri May 10 03:50:00 2019]	Heart_web
[Fri May 10 03:50:00 2019]	Heart_mobile
[Fri May 10 03:50:01 2019]	Heart_web
[Fri May 10 03:50:01 2019]	Heart_mobile
[Fri May 10 03:55:00 2019]	Heart_web
[Fri May 10 03:55:00 2019]	Heart_mobile
[Fri May 10 03:55:00 2019]	Heart_web
[Fri May 10 03:55:00 2019]	Heart_mobile
[Fri May 10 03:55:00 2019]	Heart_web
[Fri May 10 03:55:00 2019]	Heart_mobile
[Fri May 10 03:55:01 2019]	Heart_web
[Fri May 10 03:55:01 2019]	Heart_mobile
[Fri May 10 04:00:00 2019]	Heart_web
[Fri May 10 04:00:00 2019]	Heart_mobile
[Fri May 10 04:00:00 2019]	Heart_web
[Fri May 10 04:00:00 2019]	Heart_mobile
[Fri May 10 04:00:00 2019]	Heart_web
[Fri May 10 04:00:00 2019]	Heart_mobile
[Fri May 10 04:00:00 2019]	Heart_web
[Fri May 10 04:00:01 2019]	Heart_mobile
[u'51925213', u'51890147', u'51893887', u'51931992', u'51896724']
15824397397
zsj0911*
0
------------------
17367078621
weiyuxin
0
------------------
15127529708
shijizhe
0.6
投币失败 硬币不足
投币失败 硬币不足
投币失败 硬币不足
------------------
13306522935
zjuZSJ0911*
0
------------------
[Fri May 10 04:05:00 2019]	Heart_web
[Fri May 10 04:05:00 2019]	Heart_mobile
[Fri May 10 04:05:00 2019]	Heart_web
[Fri May 10 04:05:00 2019]	Heart_mobile
[Fri May 10 04:05:00 2019]	Heart_web
[Fri May 10 04:05:00 2019]	Heart_mobile
[Fri May 10 04:05:01 2019]	Heart_web
[Fri May 10 04:05:01 2019]	Heart_mobile
[Fri May 10 04:10:00 2019]	Heart_web
[Fri May 10 04:10:00 2019]	Heart_mobile
[Fri May 10 04:10:00 2019]	Heart_web
[Fri May 10 04:10:00 2019]	Heart_mobile
[Fri May 10 04:10:00 2019]	Heart_web
[Fri May 10 04:10:00 2019]	Heart_mobile
[Fri May 10 04:10:00 2019]	Heart_web
[Fri May 10 04:10:01 2019]	Heart_mobile
[Fri May 10 04:15:00 2019]	Heart_web
[Fri May 10 04:15:00 2019]	Heart_mobile
[Fri May 10 04:15:00 2019]	Heart_web
[Fri May 10 04:15:00 2019]	Heart_mobile
[Fri May 10 04:15:00 2019]	Heart_web
[Fri May 10 04:15:00 2019]	Heart_mobile
[Fri May 10 04:15:01 2019]	Heart_web
[Fri May 10 04:15:01 2019]	Heart_mobile
[Fri May 10 04:20:00 2019]	Heart_web
[Fri May 10 04:20:00 2019]	Heart_mobile
[Fri May 10 04:20:00 2019]	Heart_web
[Fri May 10 04:20:00 2019]	Heart_mobile
[Fri May 10 04:20:00 2019]	Heart_web
[Fri May 10 04:20:00 2019]	Heart_mobile
[Fri May 10 04:20:01 2019]	Heart_web
[Fri May 10 04:20:01 2019]	Heart_mobile
[Fri May 10 04:25:00 2019]	Heart_web
[Fri May 10 04:25:00 2019]	Heart_mobile
[Fri May 10 04:25:00 2019]	Heart_web
[Fri May 10 04:25:00 2019]	Heart_mobile
[Fri May 10 04:25:00 2019]	Heart_web
[Fri May 10 04:25:00 2019]	Heart_mobile
[Fri May 10 04:25:00 2019]	Heart_web
[Fri May 10 04:25:00 2019]	Heart_mobile
[Fri May 10 04:30:00 2019]	Heart_web
[Fri May 10 04:30:00 2019]	Heart_mobile
[Fri May 10 04:30:00 2019]	Heart_web
[Fri May 10 04:30:00 2019]	Heart_mobile
[Fri May 10 04:30:00 2019]	Heart_web
[Fri May 10 04:30:00 2019]	Heart_mobile
[Fri May 10 04:30:00 2019]	Heart_web
[Fri May 10 04:30:01 2019]	Heart_mobile
[Fri May 10 04:35:00 2019]	Heart_web
[Fri May 10 04:35:00 2019]	Heart_mobile
[Fri May 10 04:35:00 2019]	Heart_web
[Fri May 10 04:35:00 2019]	Heart_mobile
[Fri May 10 04:35:00 2019]	Heart_web
[Fri May 10 04:35:00 2019]	Heart_mobile
[Fri May 10 04:35:01 2019]	Heart_web
[Fri May 10 04:35:01 2019]	Heart_mobile
[Fri May 10 04:40:00 2019]	Heart_web
[Fri May 10 04:40:00 2019]	Heart_mobile
[Fri May 10 04:40:00 2019]	Heart_web
[Fri May 10 04:40:00 2019]	Heart_mobile
[Fri May 10 04:40:00 2019]	Heart_web
[Fri May 10 04:40:00 2019]	Heart_mobile
[Fri May 10 04:40:01 2019]	Heart_web
[Fri May 10 04:40:01 2019]	Heart_mobile
[Fri May 10 04:45:00 2019]	Heart_web
[Fri May 10 04:45:00 2019]	Heart_mobile
[Fri May 10 04:45:00 2019]	Heart_web
[Fri May 10 04:45:00 2019]	Heart_mobile
[Fri May 10 04:45:00 2019]	Heart_web
[Fri May 10 04:45:00 2019]	Heart_mobile
[Fri May 10 04:45:01 2019]	Heart_web
[Fri May 10 04:45:01 2019]	Heart_mobile
[Fri May 10 04:50:00 2019]	Heart_web
[Fri May 10 04:50:00 2019]	Heart_mobile
[Fri May 10 04:50:00 2019]	Heart_web
[Fri May 10 04:50:00 2019]	Heart_mobile
[Fri May 10 04:50:00 2019]	Heart_web
[Fri May 10 04:50:00 2019]	Heart_mobile
[Fri May 10 04:50:00 2019]	Heart_web
[Fri May 10 04:50:01 2019]	Heart_mobile
[Fri May 10 04:55:00 2019]	Heart_web
[Fri May 10 04:55:00 2019]	Heart_mobile
[Fri May 10 04:55:00 2019]	Heart_web
[Fri May 10 04:55:00 2019]	Heart_mobile
[Fri May 10 04:55:00 2019]	Heart_web
[Fri May 10 04:55:00 2019]	Heart_mobile
[Fri May 10 04:55:00 2019]	Heart_web
[Fri May 10 04:55:01 2019]	Heart_mobile
[Fri May 10 05:00:00 2019]	Heart_web
[Fri May 10 05:00:00 2019]	Heart_mobile
[Fri May 10 05:00:00 2019]	Heart_web
[Fri May 10 05:00:00 2019]	Heart_mobile
[Fri May 10 05:00:00 2019]	Heart_web
[Fri May 10 05:00:00 2019]	Heart_mobile
[Fri May 10 05:00:01 2019]	Heart_web
[Fri May 10 05:00:01 2019]	Heart_mobile
[u'51925213', u'51890147', u'51931992', u'51896724', u'51889330']
15824397397
zsj0911*
0
------------------
17367078621
weiyuxin
0
------------------
15127529708
shijizhe
0.6
投币失败 硬币不足
投币失败 硬币不足
投币失败 硬币不足
------------------
13306522935
zjuZSJ0911*
0
------------------
[Fri May 10 05:05:00 2019]	Heart_web
[Fri May 10 05:05:00 2019]	Heart_mobile
[Fri May 10 05:05:00 2019]	Heart_web
[Fri May 10 05:05:00 2019]	Heart_mobile
[Fri May 10 05:05:00 2019]	Heart_web
[Fri May 10 05:05:00 2019]	Heart_mobile
[Fri May 10 05:05:01 2019]	Heart_web
[Fri May 10 05:05:01 2019]	Heart_mobile
[Fri May 10 05:10:00 2019]	Heart_web
[Fri May 10 05:10:00 2019]	Heart_mobile
[Fri May 10 05:10:00 2019]	Heart_web
[Fri May 10 05:10:00 2019]	Heart_mobile
[Fri May 10 05:10:00 2019]	Heart_web
[Fri May 10 05:10:00 2019]	Heart_mobile
[Fri May 10 05:10:01 2019]	Heart_web
[Fri May 10 05:10:01 2019]	Heart_mobile
[Fri May 10 05:15:00 2019]	Heart_web
[Fri May 10 05:15:00 2019]	Heart_mobile
[Fri May 10 05:15:00 2019]	Heart_web
[Fri May 10 05:15:00 2019]	Heart_mobile
[Fri May 10 05:15:00 2019]	Heart_web
[Fri May 10 05:15:00 2019]	Heart_mobile
[Fri May 10 05:15:00 2019]	Heart_web
[Fri May 10 05:15:00 2019]	Heart_mobile
[Fri May 10 05:20:00 2019]	Heart_web
[Fri May 10 05:20:00 2019]	Heart_mobile
[Fri May 10 05:20:00 2019]	Heart_web
[Fri May 10 05:20:00 2019]	Heart_mobile
[Fri May 10 05:20:00 2019]	Heart_web
[Fri May 10 05:20:00 2019]	Heart_mobile
[Fri May 10 05:20:01 2019]	Heart_web
[Fri May 10 05:20:01 2019]	Heart_mobile
[Fri May 10 05:25:00 2019]	Heart_web
[Fri May 10 05:25:00 2019]	Heart_mobile
[Fri May 10 05:25:00 2019]	Heart_web
[Fri May 10 05:25:00 2019]	Heart_mobile
[Fri May 10 05:25:00 2019]	Heart_web
[Fri May 10 05:25:00 2019]	Heart_mobile
[Fri May 10 05:25:01 2019]	Heart_web
[Fri May 10 05:25:01 2019]	Heart_mobile
[Fri May 10 05:30:00 2019]	Heart_web
[Fri May 10 05:30:00 2019]	Heart_mobile
[Fri May 10 05:30:00 2019]	Heart_web
[Fri May 10 05:30:00 2019]	Heart_mobile
[Fri May 10 05:30:00 2019]	Heart_web
[Fri May 10 05:30:00 2019]	Heart_mobile
[Fri May 10 05:30:01 2019]	Heart_web
[Fri May 10 05:30:01 2019]	Heart_mobile
[Fri May 10 05:35:00 2019]	Heart_web
[Fri May 10 05:35:00 2019]	Heart_mobile
[Fri May 10 05:35:00 2019]	Heart_web
[Fri May 10 05:35:00 2019]	Heart_mobile
[Fri May 10 05:35:00 2019]	Heart_web
[Fri May 10 05:35:00 2019]	Heart_mobile
[Fri May 10 05:35:01 2019]	Heart_web
[Fri May 10 05:35:01 2019]	Heart_mobile
[Fri May 10 05:40:00 2019]	Heart_web
[Fri May 10 05:40:00 2019]	Heart_mobile
[Fri May 10 05:40:00 2019]	Heart_web
[Fri May 10 05:40:00 2019]	Heart_mobile
[Fri May 10 05:40:00 2019]	Heart_web
[Fri May 10 05:40:00 2019]	Heart_mobile
[Fri May 10 05:40:01 2019]	Heart_web
[Fri May 10 05:40:01 2019]	Heart_mobile
[Fri May 10 05:45:00 2019]	Heart_web
[Fri May 10 05:45:00 2019]	Heart_mobile
[Fri May 10 05:45:00 2019]	Heart_web
[Fri May 10 05:45:00 2019]	Heart_mobile
[Fri May 10 05:45:00 2019]	Heart_web
[Fri May 10 05:45:00 2019]	Heart_mobile
[Fri May 10 05:45:00 2019]	Heart_web
[Fri May 10 05:45:01 2019]	Heart_mobile
[Fri May 10 05:50:00 2019]	Heart_web
[Fri May 10 05:50:00 2019]	Heart_mobile
[Fri May 10 05:50:00 2019]	Heart_web
[Fri May 10 05:50:00 2019]	Heart_mobile
[Fri May 10 05:50:00 2019]	Heart_web
[Fri May 10 05:50:00 2019]	Heart_mobile
[Fri May 10 05:50:01 2019]	Heart_web
[Fri May 10 05:50:01 2019]	Heart_mobile
[Fri May 10 05:55:00 2019]	Heart_web
[Fri May 10 05:55:00 2019]	Heart_mobile
[Fri May 10 05:55:00 2019]	Heart_web
[Fri May 10 05:55:00 2019]	Heart_mobile
[Fri May 10 05:55:00 2019]	Heart_web
[Fri May 10 05:55:00 2019]	Heart_mobile
[Fri May 10 05:55:00 2019]	Heart_web
[Fri May 10 05:55:01 2019]	Heart_mobile
[Fri May 10 06:00:00 2019]	Heart_web
[Fri May 10 06:00:00 2019]	Heart_mobile
[Fri May 10 06:00:00 2019]	Heart_web
[Fri May 10 06:00:00 2019]	Heart_mobile
[Fri May 10 06:00:00 2019]	Heart_web
[Fri May 10 06:00:00 2019]	Heart_mobile
[Fri May 10 06:00:00 2019]	Heart_web
[Fri May 10 06:00:01 2019]	Heart_mobile
[u'51925213', u'51890147', u'51931992', u'51896724', u'51889330']
15824397397
zsj0911*
0
------------------
17367078621
weiyuxin
0
------------------
15127529708
shijizhe
0.6
投币失败 硬币不足
投币失败 硬币不足
投币失败 硬币不足
------------------
13306522935
zjuZSJ0911*
0
------------------
[Fri May 10 06:05:00 2019]	Heart_web
[Fri May 10 06:05:00 2019]	Heart_mobile
[Fri May 10 06:05:00 2019]	Heart_web
[Fri May 10 06:05:00 2019]	Heart_mobile
[Fri May 10 06:05:00 2019]	Heart_web
[Fri May 10 06:05:00 2019]	Heart_mobile
[Fri May 10 06:05:01 2019]	Heart_web
[Fri May 10 06:05:01 2019]	Heart_mobile
[Fri May 10 06:10:00 2019]	Heart_web
[Fri May 10 06:10:00 2019]	Heart_mobile
[Fri May 10 06:10:00 2019]	Heart_web
[Fri May 10 06:10:00 2019]	Heart_mobile
[Fri May 10 06:10:00 2019]	Heart_web
[Fri May 10 06:10:00 2019]	Heart_mobile
[Fri May 10 06:10:01 2019]	Heart_web
[Fri May 10 06:10:01 2019]	Heart_mobile
[Fri May 10 06:15:00 2019]	Heart_web
[Fri May 10 06:15:00 2019]	Heart_mobile
[Fri May 10 06:15:00 2019]	Heart_web
[Fri May 10 06:15:00 2019]	Heart_mobile
[Fri May 10 06:15:00 2019]	Heart_web
[Fri May 10 06:15:00 2019]	Heart_mobile
[Fri May 10 06:15:01 2019]	Heart_web
[Fri May 10 06:15:01 2019]	Heart_mobile
[Fri May 10 06:20:00 2019]	Heart_web
[Fri May 10 06:20:00 2019]	Heart_mobile
[Fri May 10 06:20:00 2019]	Heart_web
[Fri May 10 06:20:00 2019]	Heart_mobile
[Fri May 10 06:20:00 2019]	Heart_web
[Fri May 10 06:20:00 2019]	Heart_mobile
[Fri May 10 06:20:01 2019]	Heart_web
[Fri May 10 06:20:01 2019]	Heart_mobile
[Fri May 10 06:25:00 2019]	Heart_web
[Fri May 10 06:25:00 2019]	Heart_mobile
[Fri May 10 06:25:00 2019]	Heart_web
[Fri May 10 06:25:00 2019]	Heart_mobile
[Fri May 10 06:25:00 2019]	Heart_web
[Fri May 10 06:25:00 2019]	Heart_mobile
[Fri May 10 06:25:01 2019]	Heart_web
[Fri May 10 06:25:01 2019]	Heart_mobile
[Fri May 10 06:30:00 2019]	Heart_web
[Fri May 10 06:30:00 2019]	Heart_mobile
[Fri May 10 06:30:00 2019]	Heart_web
[Fri May 10 06:30:00 2019]	Heart_mobile
[Fri May 10 06:30:00 2019]	Heart_web
[Fri May 10 06:30:00 2019]	Heart_mobile
[Fri May 10 06:30:00 2019]	Heart_web
[Fri May 10 06:30:01 2019]	Heart_mobile
[Fri May 10 06:35:00 2019]	Heart_web
[Fri May 10 06:35:00 2019]	Heart_mobile
[Fri May 10 06:35:00 2019]	Heart_web
[Fri May 10 06:35:00 2019]	Heart_mobile
[Fri May 10 06:35:00 2019]	Heart_web
[Fri May 10 06:35:00 2019]	Heart_mobile
[Fri May 10 06:35:01 2019]	Heart_web
[Fri May 10 06:35:01 2019]	Heart_mobile
[Fri May 10 06:40:00 2019]	Heart_web
[Fri May 10 06:40:00 2019]	Heart_mobile
[Fri May 10 06:40:00 2019]	Heart_web
[Fri May 10 06:40:00 2019]	Heart_mobile
[Fri May 10 06:40:00 2019]	Heart_web
[Fri May 10 06:40:00 2019]	Heart_mobile
[Fri May 10 06:40:00 2019]	Heart_web
[Fri May 10 06:40:00 2019]	Heart_mobile
[Fri May 10 06:45:00 2019]	Heart_web
[Fri May 10 06:45:00 2019]	Heart_mobile
[Fri May 10 06:45:00 2019]	Heart_web
[Fri May 10 06:45:00 2019]	Heart_mobile
[Fri May 10 06:45:00 2019]	Heart_web
[Fri May 10 06:45:00 2019]	Heart_mobile
[Fri May 10 06:45:00 2019]	Heart_web
[Fri May 10 06:45:01 2019]	Heart_mobile
[Fri May 10 06:50:00 2019]	Heart_web
[Fri May 10 06:50:00 2019]	Heart_mobile
[Fri May 10 06:50:00 2019]	Heart_web
[Fri May 10 06:50:00 2019]	Heart_mobile
[Fri May 10 06:50:00 2019]	Heart_web
[Fri May 10 06:50:00 2019]	Heart_mobile
[Fri May 10 06:50:01 2019]	Heart_web
[Fri May 10 06:50:01 2019]	Heart_mobile
[Fri May 10 06:55:00 2019]	Heart_web
[Fri May 10 06:55:00 2019]	Heart_mobile
[Fri May 10 06:55:00 2019]	Heart_web
[Fri May 10 06:55:00 2019]	Heart_mobile
[Fri May 10 06:55:00 2019]	Heart_web
[Fri May 10 06:55:00 2019]	Heart_mobile
[Fri May 10 06:55:01 2019]	Heart_web
[Fri May 10 06:55:01 2019]	Heart_mobile
[Fri May 10 07:00:00 2019]	Heart_web
[Fri May 10 07:00:00 2019]	Heart_mobile
[Fri May 10 07:00:00 2019]	Heart_web
[Fri May 10 07:00:00 2019]	Heart_mobile
[Fri May 10 07:00:00 2019]	Heart_web
[Fri May 10 07:00:00 2019]	Heart_mobile
[Fri May 10 07:00:00 2019]	Heart_web
[Fri May 10 07:00:00 2019]	Heart_mobile
[u'51925213', u'51890147', u'51931992', u'51896724', u'51889330']
15824397397
zsj0911*
0
------------------
17367078621
weiyuxin
0
------------------
15127529708
shijizhe
0.6
投币失败 硬币不足
投币失败 硬币不足
投币失败 硬币不足
------------------
13306522935
zjuZSJ0911*
0
------------------
[Fri May 10 07:05:00 2019]	Heart_web
[Fri May 10 07:05:00 2019]	Heart_mobile
[Fri May 10 07:05:00 2019]	Heart_web
[Fri May 10 07:05:00 2019]	Heart_mobile
[Fri May 10 07:05:00 2019]	Heart_web
[Fri May 10 07:05:00 2019]	Heart_mobile
[Fri May 10 07:05:01 2019]	Heart_web
[Fri May 10 07:05:01 2019]	Heart_mobile
[Fri May 10 07:10:00 2019]	Heart_web
[Fri May 10 07:10:00 2019]	Heart_mobile
[Fri May 10 07:10:00 2019]	Heart_web
[Fri May 10 07:10:00 2019]	Heart_mobile
[Fri May 10 07:10:00 2019]	Heart_web
[Fri May 10 07:10:00 2019]	Heart_mobile
[Fri May 10 07:10:00 2019]	Heart_web
[Fri May 10 07:10:01 2019]	Heart_mobile
[Fri May 10 07:15:00 2019]	Heart_web
[Fri May 10 07:15:00 2019]	Heart_mobile
[Fri May 10 07:15:00 2019]	Heart_web
[Fri May 10 07:15:00 2019]	Heart_mobile
[Fri May 10 07:15:00 2019]	Heart_web
[Fri May 10 07:15:00 2019]	Heart_mobile
[Fri May 10 07:15:01 2019]	Heart_web
[Fri May 10 07:15:01 2019]	Heart_mobile
[Fri May 10 07:20:00 2019]	Heart_web
[Fri May 10 07:20:00 2019]	Heart_mobile
[Fri May 10 07:20:00 2019]	Heart_web
[Fri May 10 07:20:00 2019]	Heart_mobile
[Fri May 10 07:20:00 2019]	Heart_web
[Fri May 10 07:20:00 2019]	Heart_mobile
[Fri May 10 07:20:00 2019]	Heart_web
[Fri May 10 07:20:00 2019]	Heart_mobile
[Fri May 10 07:25:00 2019]	Heart_web
[Fri May 10 07:25:00 2019]	Heart_mobile
[Fri May 10 07:25:00 2019]	Heart_web
[Fri May 10 07:25:00 2019]	Heart_mobile
[Fri May 10 07:25:00 2019]	Heart_web
[Fri May 10 07:25:00 2019]	Heart_mobile
[Fri May 10 07:25:01 2019]	Heart_web
[Fri May 10 07:25:01 2019]	Heart_mobile
[Fri May 10 07:30:00 2019]	Heart_web
[Fri May 10 07:30:00 2019]	Heart_mobile
[Fri May 10 07:30:00 2019]	Heart_web
[Fri May 10 07:30:00 2019]	Heart_mobile
[Fri May 10 07:30:00 2019]	Heart_web
[Fri May 10 07:30:00 2019]	Heart_mobile
[Fri May 10 07:30:01 2019]	Heart_web
[Fri May 10 07:30:01 2019]	Heart_mobile
[Fri May 10 07:35:00 2019]	Heart_web
[Fri May 10 07:35:00 2019]	Heart_mobile
[Fri May 10 07:35:00 2019]	Heart_web
[Fri May 10 07:35:00 2019]	Heart_mobile
[Fri May 10 07:35:00 2019]	Heart_web
[Fri May 10 07:35:00 2019]	Heart_mobile
[Fri May 10 07:35:01 2019]	Heart_web
[Fri May 10 07:35:01 2019]	Heart_mobile
[Fri May 10 07:40:00 2019]	Heart_web
[Fri May 10 07:40:00 2019]	Heart_mobile
[Fri May 10 07:40:00 2019]	Heart_web
[Fri May 10 07:40:00 2019]	Heart_mobile
[Fri May 10 07:40:00 2019]	Heart_web
[Fri May 10 07:40:00 2019]	Heart_mobile
[Fri May 10 07:40:00 2019]	Heart_web
[Fri May 10 07:40:00 2019]	Heart_mobile
[Fri May 10 07:45:00 2019]	Heart_web
[Fri May 10 07:45:00 2019]	Heart_mobile
[Fri May 10 07:45:00 2019]	Heart_web
[Fri May 10 07:45:00 2019]	Heart_mobile
[Fri May 10 07:45:00 2019]	Heart_web
[Fri May 10 07:45:00 2019]	Heart_mobile
[Fri May 10 07:45:01 2019]	Heart_web
[Fri May 10 07:45:01 2019]	Heart_mobile
[Fri May 10 07:50:00 2019]	Heart_web
[Fri May 10 07:50:00 2019]	Heart_mobile
[Fri May 10 07:50:00 2019]	Heart_web
[Fri May 10 07:50:00 2019]	Heart_mobile
[Fri May 10 07:50:00 2019]	Heart_web
[Fri May 10 07:50:00 2019]	Heart_mobile
[Fri May 10 07:50:01 2019]	Heart_web
[Fri May 10 07:50:01 2019]	Heart_mobile
[Fri May 10 07:55:00 2019]	Heart_web
[Fri May 10 07:55:00 2019]	Heart_mobile
[Fri May 10 07:55:00 2019]	Heart_web
[Fri May 10 07:55:00 2019]	Heart_mobile
[Fri May 10 07:55:00 2019]	Heart_web
[Fri May 10 07:55:00 2019]	Heart_mobile
[Fri May 10 07:55:01 2019]	Heart_web
[Fri May 10 07:55:01 2019]	Heart_mobile
[Fri May 10 08:00:00 2019]	Heart_web
[Fri May 10 08:00:00 2019]	Heart_mobile
[Fri May 10 08:00:00 2019]	Heart_web
[Fri May 10 08:00:00 2019]	Heart_mobile
[Fri May 10 08:00:00 2019]	Heart_web
[Fri May 10 08:00:00 2019]	Heart_mobile
[Fri May 10 08:00:01 2019]	Heart_web
[Fri May 10 08:00:01 2019]	Heart_mobile
[u'51925213', u'51890147', u'51931992', u'51896724', u'51889330']
15824397397
zsj0911*
0
------------------
17367078621
weiyuxin
0
------------------
15127529708
shijizhe
0.6
投币失败 硬币不足
投币失败 硬币不足
投币失败 硬币不足
------------------
13306522935
zjuZSJ0911*
0
------------------
[Fri May 10 08:05:00 2019]	Heart_web
[Fri May 10 08:05:00 2019]	Heart_mobile
[Fri May 10 08:05:00 2019]	Heart_web
[Fri May 10 08:05:00 2019]	Heart_mobile
[Fri May 10 08:05:00 2019]	Heart_web
[Fri May 10 08:05:00 2019]	Heart_mobile
[Fri May 10 08:05:00 2019]	Heart_web
[Fri May 10 08:05:01 2019]	Heart_mobile
[Fri May 10 08:10:00 2019]	Heart_web
[Fri May 10 08:10:00 2019]	Heart_mobile
[Fri May 10 08:10:00 2019]	Heart_web
[Fri May 10 08:10:00 2019]	Heart_mobile
[Fri May 10 08:10:00 2019]	Heart_web
[Fri May 10 08:10:00 2019]	Heart_mobile
[Fri May 10 08:10:01 2019]	Heart_web
[Fri May 10 08:10:01 2019]	Heart_mobile
[Fri May 10 08:15:00 2019]	Heart_web
[Fri May 10 08:15:00 2019]	Heart_mobile
[Fri May 10 08:15:00 2019]	Heart_web
[Fri May 10 08:15:00 2019]	Heart_mobile
[Fri May 10 08:15:00 2019]	Heart_web
[Fri May 10 08:15:00 2019]	Heart_mobile
[Fri May 10 08:15:01 2019]	Heart_web
[Fri May 10 08:15:01 2019]	Heart_mobile
[Fri May 10 08:20:00 2019]	Heart_web
[Fri May 10 08:20:00 2019]	Heart_mobile
[Fri May 10 08:20:00 2019]	Heart_web
[Fri May 10 08:20:00 2019]	Heart_mobile
[Fri May 10 08:20:00 2019]	Heart_web
[Fri May 10 08:20:00 2019]	Heart_mobile
[Fri May 10 08:20:00 2019]	Heart_web
[Fri May 10 08:20:01 2019]	Heart_mobile
[Fri May 10 08:25:00 2019]	Heart_web
[Fri May 10 08:25:00 2019]	Heart_mobile
[Fri May 10 08:25:00 2019]	Heart_web
[Fri May 10 08:25:00 2019]	Heart_mobile
[Fri May 10 08:25:00 2019]	Heart_web
[Fri May 10 08:25:00 2019]	Heart_mobile
[Fri May 10 08:25:01 2019]	Heart_web
[Fri May 10 08:25:01 2019]	Heart_mobile
[Fri May 10 08:30:00 2019]	Heart_web
[Fri May 10 08:30:00 2019]	Heart_mobile
[Fri May 10 08:30:00 2019]	Heart_web
[Fri May 10 08:30:00 2019]	Heart_mobile
[Fri May 10 08:30:00 2019]	Heart_web
[Fri May 10 08:30:00 2019]	Heart_mobile
[Fri May 10 08:30:01 2019]	Heart_web
[Fri May 10 08:30:01 2019]	Heart_mobile
[Fri May 10 08:35:00 2019]	Heart_web
[Fri May 10 08:35:00 2019]	Heart_mobile
[Fri May 10 08:35:00 2019]	Heart_web
[Fri May 10 08:35:00 2019]	Heart_mobile
[Fri May 10 08:35:00 2019]	Heart_web
[Fri May 10 08:35:00 2019]	Heart_mobile
[Fri May 10 08:35:01 2019]	Heart_web
[Fri May 10 08:35:01 2019]	Heart_mobile
[Fri May 10 08:40:00 2019]	Heart_web
[Fri May 10 08:40:00 2019]	Heart_mobile
[Fri May 10 08:40:00 2019]	Heart_web
[Fri May 10 08:40:00 2019]	Heart_mobile
[Fri May 10 08:40:00 2019]	Heart_web
[Fri May 10 08:40:00 2019]	Heart_mobile
[Fri May 10 08:40:00 2019]	Heart_web
[Fri May 10 08:40:00 2019]	Heart_mobile
[Fri May 10 08:45:00 2019]	Heart_web
[Fri May 10 08:45:00 2019]	Heart_mobile
[Fri May 10 08:45:00 2019]	Heart_web
[Fri May 10 08:45:00 2019]	Heart_mobile
[Fri May 10 08:45:00 2019]	Heart_web
[Fri May 10 08:45:00 2019]	Heart_mobile
[Fri May 10 08:45:01 2019]	Heart_web
[Fri May 10 08:45:01 2019]	Heart_mobile
[Fri May 10 08:50:00 2019]	Heart_web
[Fri May 10 08:50:00 2019]	Heart_mobile
[Fri May 10 08:50:00 2019]	Heart_web
[Fri May 10 08:50:00 2019]	Heart_mobile
[Fri May 10 08:50:00 2019]	Heart_web
[Fri May 10 08:50:00 2019]	Heart_mobile
[Fri May 10 08:50:00 2019]	Heart_web
[Fri May 10 08:50:00 2019]	Heart_mobile
[Fri May 10 08:55:00 2019]	Heart_web
[Fri May 10 08:55:00 2019]	Heart_mobile
[Fri May 10 08:55:00 2019]	Heart_web
[Fri May 10 08:55:00 2019]	Heart_mobile
[Fri May 10 08:55:00 2019]	Heart_web
[Fri May 10 08:55:00 2019]	Heart_mobile
[Fri May 10 08:55:00 2019]	Heart_web
[Fri May 10 08:55:01 2019]	Heart_mobile
[Fri May 10 09:00:00 2019]	Heart_web
[Fri May 10 09:00:00 2019]	Heart_mobile
[Fri May 10 09:00:00 2019]	Heart_web
[Fri May 10 09:00:00 2019]	Heart_mobile
[Fri May 10 09:00:00 2019]	Heart_web
[Fri May 10 09:00:00 2019]	Heart_mobile
[Fri May 10 09:00:00 2019]	Heart_web
[Fri May 10 09:00:01 2019]	Heart_mobile
[u'51925213', u'51890147', u'51896724', u'51889330', u'51899385']
15824397397
zsj0911*
0
------------------
17367078621
weiyuxin
0
------------------
15127529708
shijizhe
0.6
投币失败 硬币不足
投币失败 硬币不足
投币失败 硬币不足
------------------
13306522935
zjuZSJ0911*
0
------------------
[Fri May 10 09:05:00 2019]	Heart_web
[Fri May 10 09:05:00 2019]	Heart_mobile
[Fri May 10 09:05:00 2019]	Heart_web
[Fri May 10 09:05:00 2019]	Heart_mobile
[Fri May 10 09:05:00 2019]	Heart_web
[Fri May 10 09:05:00 2019]	Heart_mobile
[Fri May 10 09:05:00 2019]	Heart_web
[Fri May 10 09:05:01 2019]	Heart_mobile
[Fri May 10 09:10:00 2019]	Heart_web
[Fri May 10 09:10:00 2019]	Heart_mobile
[Fri May 10 09:10:00 2019]	Heart_web
[Fri May 10 09:10:00 2019]	Heart_mobile
[Fri May 10 09:10:00 2019]	Heart_web
[Fri May 10 09:10:00 2019]	Heart_mobile
[Fri May 10 09:10:00 2019]	Heart_web
[Fri May 10 09:10:01 2019]	Heart_mobile
[Fri May 10 09:15:00 2019]	Heart_web
[Fri May 10 09:15:00 2019]	Heart_mobile
[Fri May 10 09:15:00 2019]	Heart_web
[Fri May 10 09:15:00 2019]	Heart_mobile
[Fri May 10 09:15:00 2019]	Heart_web
[Fri May 10 09:15:00 2019]	Heart_mobile
[Fri May 10 09:15:01 2019]	Heart_web
[Fri May 10 09:15:01 2019]	Heart_mobile
[Fri May 10 09:20:00 2019]	Heart_web
[Fri May 10 09:20:00 2019]	Heart_mobile
[Fri May 10 09:20:00 2019]	Heart_web
[Fri May 10 09:20:00 2019]	Heart_mobile
[Fri May 10 09:20:00 2019]	Heart_web
[Fri May 10 09:20:00 2019]	Heart_mobile
[Fri May 10 09:20:01 2019]	Heart_web
[Fri May 10 09:20:01 2019]	Heart_mobile
[Fri May 10 09:25:00 2019]	Heart_web
[Fri May 10 09:25:00 2019]	Heart_mobile
[Fri May 10 09:25:00 2019]	Heart_web
[Fri May 10 09:25:00 2019]	Heart_mobile
[Fri May 10 09:25:00 2019]	Heart_web
[Fri May 10 09:25:00 2019]	Heart_mobile
[Fri May 10 09:25:01 2019]	Heart_web
[Fri May 10 09:25:01 2019]	Heart_mobile
[Fri May 10 09:30:00 2019]	Heart_web
[Fri May 10 09:30:00 2019]	Heart_mobile
[Fri May 10 09:30:00 2019]	Heart_web
[Fri May 10 09:30:00 2019]	Heart_mobile
[Fri May 10 09:30:00 2019]	Heart_web
[Fri May 10 09:30:00 2019]	Heart_mobile
[Fri May 10 09:30:00 2019]	Heart_web
[Fri May 10 09:30:01 2019]	Heart_mobile
[Fri May 10 09:35:00 2019]	Heart_web
[Fri May 10 09:35:00 2019]	Heart_mobile
[Fri May 10 09:35:00 2019]	Heart_web
[Fri May 10 09:35:00 2019]	Heart_mobile
[Fri May 10 09:35:00 2019]	Heart_web
[Fri May 10 09:35:00 2019]	Heart_mobile
[Fri May 10 09:35:00 2019]	Heart_web
[Fri May 10 09:35:01 2019]	Heart_mobile
[Fri May 10 09:40:00 2019]	Heart_web
[Fri May 10 09:40:00 2019]	Heart_mobile
[Fri May 10 09:40:00 2019]	Heart_web
[Fri May 10 09:40:00 2019]	Heart_mobile
[Fri May 10 09:40:00 2019]	Heart_web
[Fri May 10 09:40:00 2019]	Heart_mobile
[Fri May 10 09:40:01 2019]	Heart_web
[Fri May 10 09:40:01 2019]	Heart_mobile
[Fri May 10 09:45:00 2019]	Heart_web
[Fri May 10 09:45:00 2019]	Heart_mobile
[Fri May 10 09:45:00 2019]	Heart_web
[Fri May 10 09:45:00 2019]	Heart_mobile
[Fri May 10 09:45:00 2019]	Heart_web
[Fri May 10 09:45:00 2019]	Heart_mobile
[Fri May 10 09:45:01 2019]	Heart_web
[Fri May 10 09:45:01 2019]	Heart_mobile
[Fri May 10 09:50:00 2019]	Heart_web
[Fri May 10 09:50:00 2019]	Heart_mobile
[Fri May 10 09:50:00 2019]	Heart_web
[Fri May 10 09:50:00 2019]	Heart_mobile
[Fri May 10 09:50:00 2019]	Heart_web
[Fri May 10 09:50:00 2019]	Heart_mobile
[Fri May 10 09:50:00 2019]	Heart_web
[Fri May 10 09:50:01 2019]	Heart_mobile
[Fri May 10 09:55:00 2019]	Heart_web
[Fri May 10 09:55:00 2019]	Heart_mobile
[Fri May 10 09:55:00 2019]	Heart_web
[Fri May 10 09:55:00 2019]	Heart_mobile
[Fri May 10 09:55:00 2019]	Heart_web
[Fri May 10 09:55:00 2019]	Heart_mobile
[Fri May 10 09:55:01 2019]	Heart_web
[Fri May 10 09:55:01 2019]	Heart_mobile
[Fri May 10 10:00:00 2019]	Heart_web
[Fri May 10 10:00:00 2019]	Heart_mobile
[Fri May 10 10:00:00 2019]	Heart_web
[Fri May 10 10:00:00 2019]	Heart_mobile
[Fri May 10 10:00:00 2019]	Heart_web
[Fri May 10 10:00:00 2019]	Heart_mobile
[Fri May 10 10:00:00 2019]	Heart_web
[Fri May 10 10:00:01 2019]	Heart_mobile
[u'51925213', u'51890147', u'51896724', u'51889330', u'51899385']
15824397397
zsj0911*
0
------------------
17367078621
weiyuxin
0
------------------
15127529708
shijizhe
0.6
投币失败 硬币不足
投币失败 硬币不足
投币失败 硬币不足
------------------
13306522935
zjuZSJ0911*
0
------------------
[Fri May 10 10:05:00 2019]	Heart_web
[Fri May 10 10:05:00 2019]	Heart_mobile
[Fri May 10 10:05:00 2019]	Heart_web
[Fri May 10 10:05:00 2019]	Heart_mobile
[Fri May 10 10:05:00 2019]	Heart_web
[Fri May 10 10:05:00 2019]	Heart_mobile
[Fri May 10 10:05:01 2019]	Heart_web
[Fri May 10 10:05:01 2019]	Heart_mobile
[Fri May 10 10:10:00 2019]	Heart_web
[Fri May 10 10:10:00 2019]	Heart_mobile
[Fri May 10 10:10:00 2019]	Heart_web
[Fri May 10 10:10:00 2019]	Heart_mobile
[Fri May 10 10:10:00 2019]	Heart_web
[Fri May 10 10:10:00 2019]	Heart_mobile
[Fri May 10 10:10:01 2019]	Heart_web
[Fri May 10 10:10:01 2019]	Heart_mobile
[Fri May 10 10:15:00 2019]	Heart_web
[Fri May 10 10:15:00 2019]	Heart_mobile
[Fri May 10 10:15:00 2019]	Heart_web
[Fri May 10 10:15:00 2019]	Heart_mobile
[Fri May 10 10:15:00 2019]	Heart_web
[Fri May 10 10:15:00 2019]	Heart_mobile
[Fri May 10 10:15:01 2019]	Heart_web
[Fri May 10 10:15:01 2019]	Heart_mobile
[Fri May 10 10:20:00 2019]	Heart_web
[Fri May 10 10:20:00 2019]	Heart_mobile
[Fri May 10 10:20:00 2019]	Heart_web
[Fri May 10 10:20:00 2019]	Heart_mobile
[Fri May 10 10:20:00 2019]	Heart_web
[Fri May 10 10:20:00 2019]	Heart_mobile
[Fri May 10 10:20:01 2019]	Heart_web
[Fri May 10 10:20:01 2019]	Heart_mobile
[Fri May 10 10:25:00 2019]	Heart_web
[Fri May 10 10:25:00 2019]	Heart_mobile
[Fri May 10 10:25:00 2019]	Heart_web
[Fri May 10 10:25:00 2019]	Heart_mobile
[Fri May 10 10:25:00 2019]	Heart_web
[Fri May 10 10:25:00 2019]	Heart_mobile
[Fri May 10 10:25:01 2019]	Heart_web
[Fri May 10 10:25:01 2019]	Heart_mobile
[Fri May 10 10:30:00 2019]	Heart_web
[Fri May 10 10:30:00 2019]	Heart_mobile
[Fri May 10 10:30:00 2019]	Heart_web
[Fri May 10 10:30:00 2019]	Heart_mobile
[Fri May 10 10:30:00 2019]	Heart_web
[Fri May 10 10:30:00 2019]	Heart_mobile
[Fri May 10 10:30:00 2019]	Heart_web
[Fri May 10 10:30:01 2019]	Heart_mobile
[Fri May 10 10:35:00 2019]	Heart_web
[Fri May 10 10:35:00 2019]	Heart_mobile
[Fri May 10 10:35:00 2019]	Heart_web
[Fri May 10 10:35:00 2019]	Heart_mobile
[Fri May 10 10:35:00 2019]	Heart_web
[Fri May 10 10:35:00 2019]	Heart_mobile
[Fri May 10 10:35:01 2019]	Heart_web
[Fri May 10 10:35:01 2019]	Heart_mobile
[Fri May 10 10:40:00 2019]	Heart_web
[Fri May 10 10:40:00 2019]	Heart_mobile
[Fri May 10 10:40:00 2019]	Heart_web
[Fri May 10 10:40:00 2019]	Heart_mobile
[Fri May 10 10:40:00 2019]	Heart_web
[Fri May 10 10:40:00 2019]	Heart_mobile
[Fri May 10 10:40:00 2019]	Heart_web
[Fri May 10 10:40:00 2019]	Heart_mobile
[Fri May 10 10:45:00 2019]	Heart_web
[Fri May 10 10:45:00 2019]	Heart_mobile
[Fri May 10 10:45:00 2019]	Heart_web
[Fri May 10 10:45:00 2019]	Heart_mobile
[Fri May 10 10:45:00 2019]	Heart_web
[Fri May 10 10:45:00 2019]	Heart_mobile
[Fri May 10 10:45:01 2019]	Heart_web
[Fri May 10 10:45:01 2019]	Heart_mobile
[Fri May 10 10:50:00 2019]	Heart_web
[Fri May 10 10:50:00 2019]	Heart_mobile
[Fri May 10 10:50:00 2019]	Heart_web
[Fri May 10 10:50:00 2019]	Heart_mobile
[Fri May 10 10:50:00 2019]	Heart_web
[Fri May 10 10:50:00 2019]	Heart_mobile
[Fri May 10 10:50:01 2019]	Heart_web
[Fri May 10 10:50:01 2019]	Heart_mobile
[Fri May 10 10:55:00 2019]	Heart_web
[Fri May 10 10:55:00 2019]	Heart_mobile
[Fri May 10 10:55:00 2019]	Heart_web
[Fri May 10 10:55:00 2019]	Heart_mobile
[Fri May 10 10:55:00 2019]	Heart_web
[Fri May 10 10:55:00 2019]	Heart_mobile
[Fri May 10 10:55:01 2019]	Heart_web
[Fri May 10 10:55:01 2019]	Heart_mobile
[Fri May 10 11:00:00 2019]	Heart_web
[Fri May 10 11:00:00 2019]	Heart_mobile
[Fri May 10 11:00:00 2019]	Heart_web
[Fri May 10 11:00:00 2019]	Heart_mobile
[Fri May 10 11:00:00 2019]	Heart_web
[Fri May 10 11:00:00 2019]	Heart_mobile
[Fri May 10 11:00:01 2019]	Heart_web
[Fri May 10 11:00:01 2019]	Heart_mobile
[u'51925213', u'51890147', u'51896724', u'51985067', u'51899385']
15824397397
zsj0911*
0
------------------
17367078621
weiyuxin
0
------------------
15127529708
shijizhe
0.6
投币失败 硬币不足
投币失败 硬币不足
投币失败 硬币不足
------------------
13306522935
zjuZSJ0911*
0
------------------
[Fri May 10 11:05:00 2019]	Heart_web
[Fri May 10 11:05:00 2019]	Heart_mobile
[Fri May 10 11:05:00 2019]	Heart_web
[Fri May 10 11:05:00 2019]	Heart_mobile
[Fri May 10 11:05:00 2019]	Heart_web
[Fri May 10 11:05:00 2019]	Heart_mobile
[Fri May 10 11:05:01 2019]	Heart_web
[Fri May 10 11:05:01 2019]	Heart_mobile
[Fri May 10 11:10:00 2019]	Heart_web
[Fri May 10 11:10:00 2019]	Heart_mobile
[Fri May 10 11:10:00 2019]	Heart_web
[Fri May 10 11:10:00 2019]	Heart_mobile
[Fri May 10 11:10:00 2019]	Heart_web
[Fri May 10 11:10:00 2019]	Heart_mobile
[Fri May 10 11:10:00 2019]	Heart_web
[Fri May 10 11:10:00 2019]	Heart_mobile
[Fri May 10 11:15:00 2019]	Heart_web
[Fri May 10 11:15:00 2019]	Heart_mobile
[Fri May 10 11:15:00 2019]	Heart_web
[Fri May 10 11:15:00 2019]	Heart_mobile
[Fri May 10 11:15:00 2019]	Heart_web
[Fri May 10 11:15:00 2019]	Heart_mobile
[Fri May 10 11:15:00 2019]	Heart_web
[Fri May 10 11:15:00 2019]	Heart_mobile
[Fri May 10 11:20:00 2019]	Heart_web
[Fri May 10 11:20:00 2019]	Heart_mobile
[Fri May 10 11:20:00 2019]	Heart_web
[Fri May 10 11:20:00 2019]	Heart_mobile
[Fri May 10 11:20:00 2019]	Heart_web
[Fri May 10 11:20:00 2019]	Heart_mobile
[Fri May 10 11:20:01 2019]	Heart_web
[Fri May 10 11:20:01 2019]	Heart_mobile
[Fri May 10 11:25:00 2019]	Heart_web
[Fri May 10 11:25:00 2019]	Heart_mobile
[Fri May 10 11:25:00 2019]	Heart_web
[Fri May 10 11:25:00 2019]	Heart_mobile
[Fri May 10 11:25:00 2019]	Heart_web
[Fri May 10 11:25:00 2019]	Heart_mobile
[Fri May 10 11:25:01 2019]	Heart_web
[Fri May 10 11:25:01 2019]	Heart_mobile
[Fri May 10 11:30:00 2019]	Heart_web
[Fri May 10 11:30:00 2019]	Heart_mobile
[Fri May 10 11:30:00 2019]	Heart_web
[Fri May 10 11:30:00 2019]	Heart_mobile
[Fri May 10 11:30:00 2019]	Heart_web
[Fri May 10 11:30:00 2019]	Heart_mobile
[Fri May 10 11:30:01 2019]	Heart_web
[Fri May 10 11:30:01 2019]	Heart_mobile
[Fri May 10 11:35:00 2019]	Heart_web
[Fri May 10 11:35:00 2019]	Heart_mobile
[Fri May 10 11:35:00 2019]	Heart_web
[Fri May 10 11:35:00 2019]	Heart_mobile
[Fri May 10 11:35:00 2019]	Heart_web
[Fri May 10 11:35:00 2019]	Heart_mobile
[Fri May 10 11:35:01 2019]	Heart_web
[Fri May 10 11:35:01 2019]	Heart_mobile
[Fri May 10 11:40:00 2019]	Heart_web
[Fri May 10 11:40:00 2019]	Heart_mobile
[Fri May 10 11:40:00 2019]	Heart_web
[Fri May 10 11:40:00 2019]	Heart_mobile
[Fri May 10 11:40:00 2019]	Heart_web
[Fri May 10 11:40:00 2019]	Heart_mobile
[Fri May 10 11:40:01 2019]	Heart_web
[Fri May 10 11:40:01 2019]	Heart_mobile
[Fri May 10 11:45:00 2019]	Heart_web
[Fri May 10 11:45:00 2019]	Heart_mobile
[Fri May 10 11:45:00 2019]	Heart_web
[Fri May 10 11:45:00 2019]	Heart_mobile
[Fri May 10 11:45:00 2019]	Heart_web
[Fri May 10 11:45:00 2019]	Heart_mobile
[Fri May 10 11:45:01 2019]	Heart_web
[Fri May 10 11:45:01 2019]	Heart_mobile
[Fri May 10 11:50:00 2019]	Heart_web
[Fri May 10 11:50:00 2019]	Heart_mobile
[Fri May 10 11:50:00 2019]	Heart_web
[Fri May 10 11:50:00 2019]	Heart_mobile
[Fri May 10 11:50:00 2019]	Heart_web
[Fri May 10 11:50:00 2019]	Heart_mobile
[Fri May 10 11:50:01 2019]	Heart_web
[Fri May 10 11:50:01 2019]	Heart_mobile
[Fri May 10 11:55:00 2019]	Heart_web
[Fri May 10 11:55:00 2019]	Heart_mobile
[Fri May 10 11:55:00 2019]	Heart_web
[Fri May 10 11:55:00 2019]	Heart_mobile
[Fri May 10 11:55:00 2019]	Heart_web
[Fri May 10 11:55:00 2019]	Heart_mobile
[Fri May 10 11:55:01 2019]	Heart_web
[Fri May 10 11:55:01 2019]	Heart_mobile
[Fri May 10 12:00:00 2019]	Heart_web
[Fri May 10 12:00:00 2019]	Heart_mobile
[Fri May 10 12:00:00 2019]	Heart_web
[Fri May 10 12:00:00 2019]	Heart_mobile
[Fri May 10 12:00:00 2019]	Heart_web
[Fri May 10 12:00:00 2019]	Heart_mobile
[Fri May 10 12:00:01 2019]	Heart_web
[Fri May 10 12:00:01 2019]	Heart_mobile
[u'51925213', u'51890147', u'51931992', u'51985067', u'51899385']
15824397397
zsj0911*
0
------------------
17367078621
weiyuxin
0
------------------
15127529708
shijizhe
0.6
投币失败 硬币不足
投币失败 硬币不足
投币失败 硬币不足
------------------
13306522935
zjuZSJ0911*
0
------------------
[Fri May 10 12:05:00 2019]	Heart_web
[Fri May 10 12:05:00 2019]	Heart_mobile
[Fri May 10 12:05:00 2019]	Heart_web
[Fri May 10 12:05:00 2019]	Heart_mobile
[Fri May 10 12:05:00 2019]	Heart_web
[Fri May 10 12:05:00 2019]	Heart_mobile
[Fri May 10 12:05:01 2019]	Heart_web
[Fri May 10 12:05:01 2019]	Heart_mobile
[Fri May 10 12:10:00 2019]	Heart_web
[Fri May 10 12:10:00 2019]	Heart_mobile
[Fri May 10 12:10:00 2019]	Heart_web
[Fri May 10 12:10:00 2019]	Heart_mobile
[Fri May 10 12:10:00 2019]	Heart_web
[Fri May 10 12:10:00 2019]	Heart_mobile
[Fri May 10 12:10:01 2019]	Heart_web
[Fri May 10 12:10:01 2019]	Heart_mobile
[Fri May 10 12:15:00 2019]	Heart_web
[Fri May 10 12:15:00 2019]	Heart_mobile
[Fri May 10 12:15:00 2019]	Heart_web
[Fri May 10 12:15:00 2019]	Heart_mobile
[Fri May 10 12:15:00 2019]	Heart_web
[Fri May 10 12:15:00 2019]	Heart_mobile
[Fri May 10 12:15:01 2019]	Heart_web
[Fri May 10 12:15:01 2019]	Heart_mobile
[Fri May 10 12:20:00 2019]	Heart_web
[Fri May 10 12:20:00 2019]	Heart_mobile
[Fri May 10 12:20:00 2019]	Heart_web
[Fri May 10 12:20:00 2019]	Heart_mobile
[Fri May 10 12:20:00 2019]	Heart_web
[Fri May 10 12:20:00 2019]	Heart_mobile
[Fri May 10 12:20:01 2019]	Heart_web
[Fri May 10 12:20:01 2019]	Heart_mobile
[Fri May 10 12:25:00 2019]	Heart_web
[Fri May 10 12:25:00 2019]	Heart_mobile
[Fri May 10 12:25:00 2019]	Heart_web
[Fri May 10 12:25:00 2019]	Heart_mobile
[Fri May 10 12:25:00 2019]	Heart_web
[Fri May 10 12:25:00 2019]	Heart_mobile
[Fri May 10 12:25:01 2019]	Heart_web
[Fri May 10 12:25:01 2019]	Heart_mobile
[Fri May 10 12:30:00 2019]	Heart_web
[Fri May 10 12:30:00 2019]	Heart_mobile
[Fri May 10 12:30:00 2019]	Heart_web
[Fri May 10 12:30:00 2019]	Heart_mobile
[Fri May 10 12:30:00 2019]	Heart_web
[Fri May 10 12:30:00 2019]	Heart_mobile
[Fri May 10 12:30:01 2019]	Heart_web
[Fri May 10 12:30:01 2019]	Heart_mobile
[Fri May 10 12:35:00 2019]	Heart_web
[Fri May 10 12:35:00 2019]	Heart_mobile
[Fri May 10 12:35:00 2019]	Heart_web
[Fri May 10 12:35:00 2019]	Heart_mobile
[Fri May 10 12:35:00 2019]	Heart_web
[Fri May 10 12:35:00 2019]	Heart_mobile
[Fri May 10 12:35:01 2019]	Heart_web
[Fri May 10 12:35:01 2019]	Heart_mobile
[Fri May 10 12:40:00 2019]	Heart_web
[Fri May 10 12:40:00 2019]	Heart_mobile
[Fri May 10 12:40:00 2019]	Heart_web
[Fri May 10 12:40:00 2019]	Heart_mobile
[Fri May 10 12:40:00 2019]	Heart_web
[Fri May 10 12:40:00 2019]	Heart_mobile
[Fri May 10 12:40:00 2019]	Heart_web
[Fri May 10 12:40:01 2019]	Heart_mobile
[Fri May 10 12:45:00 2019]	Heart_web
[Fri May 10 12:45:00 2019]	Heart_mobile
[Fri May 10 12:45:00 2019]	Heart_web
[Fri May 10 12:45:00 2019]	Heart_mobile
[Fri May 10 12:45:00 2019]	Heart_web
[Fri May 10 12:45:00 2019]	Heart_mobile
[Fri May 10 12:45:01 2019]	Heart_web
[Fri May 10 12:45:01 2019]	Heart_mobile
[Fri May 10 12:50:00 2019]	Heart_web
[Fri May 10 12:50:00 2019]	Heart_mobile
[Fri May 10 12:50:00 2019]	Heart_web
[Fri May 10 12:50:00 2019]	Heart_mobile
[Fri May 10 12:50:00 2019]	Heart_web
[Fri May 10 12:50:00 2019]	Heart_mobile
[Fri May 10 12:50:00 2019]	Heart_web
[Fri May 10 12:50:01 2019]	Heart_mobile
[Fri May 10 12:55:00 2019]	Heart_web
[Fri May 10 12:55:00 2019]	Heart_mobile
[Fri May 10 12:55:00 2019]	Heart_web
[Fri May 10 12:55:00 2019]	Heart_mobile
[Fri May 10 12:55:00 2019]	Heart_web
[Fri May 10 12:55:00 2019]	Heart_mobile
[Fri May 10 12:55:01 2019]	Heart_web
[Fri May 10 12:55:01 2019]	Heart_mobile
[Fri May 10 13:00:00 2019]	Heart_web
[Fri May 10 13:00:00 2019]	Heart_mobile
[Fri May 10 13:00:00 2019]	Heart_web
[Fri May 10 13:00:00 2019]	Heart_mobile
[Fri May 10 13:00:00 2019]	Heart_web
[Fri May 10 13:00:00 2019]	Heart_mobile
[Fri May 10 13:00:01 2019]	Heart_web
[Fri May 10 13:00:01 2019]	Heart_mobile
[u'51925213', u'51978733', u'51890147', u'51977791', u'51993848']
15824397397
zsj0911*
0
------------------
17367078621
weiyuxin
0
------------------
15127529708
shijizhe
0.6
投币失败 超过投币上限啦~
投币失败 硬币不足
投币失败 硬币不足
------------------
13306522935
zjuZSJ0911*
0
------------------
[Fri May 10 13:05:00 2019]	Heart_web
[Fri May 10 13:05:00 2019]	Heart_mobile
[Fri May 10 13:05:00 2019]	Heart_web
[Fri May 10 13:05:00 2019]	Heart_mobile
[Fri May 10 13:05:00 2019]	Heart_web
[Fri May 10 13:05:00 2019]	Heart_mobile
[Fri May 10 13:05:01 2019]	Heart_web
[Fri May 10 13:05:01 2019]	Heart_mobile
[Fri May 10 13:10:00 2019]	Heart_web
[Fri May 10 13:10:00 2019]	Heart_mobile
[Fri May 10 13:10:00 2019]	Heart_web
[Fri May 10 13:10:00 2019]	Heart_mobile
[Fri May 10 13:10:00 2019]	Heart_web
[Fri May 10 13:10:00 2019]	Heart_mobile
[Fri May 10 13:10:00 2019]	Heart_web
[Fri May 10 13:10:01 2019]	Heart_mobile
[Fri May 10 13:15:00 2019]	Heart_web
[Fri May 10 13:15:00 2019]	Heart_mobile
[Fri May 10 13:15:00 2019]	Heart_web
[Fri May 10 13:15:00 2019]	Heart_mobile
[Fri May 10 13:15:00 2019]	Heart_web
[Fri May 10 13:15:00 2019]	Heart_mobile
[Fri May 10 13:15:00 2019]	Heart_web
[Fri May 10 13:15:01 2019]	Heart_mobile
[Fri May 10 13:20:00 2019]	Heart_web
[Fri May 10 13:20:00 2019]	Heart_mobile
[Fri May 10 13:20:00 2019]	Heart_web
[Fri May 10 13:20:00 2019]	Heart_mobile
[Fri May 10 13:20:00 2019]	Heart_web
[Fri May 10 13:20:00 2019]	Heart_mobile
[Fri May 10 13:20:00 2019]	Heart_web
[Fri May 10 13:20:01 2019]	Heart_mobile
[Fri May 10 13:25:00 2019]	Heart_web
[Fri May 10 13:25:00 2019]	Heart_mobile
[Fri May 10 13:25:00 2019]	Heart_web
[Fri May 10 13:25:00 2019]	Heart_mobile
[Fri May 10 13:25:00 2019]	Heart_web
[Fri May 10 13:25:00 2019]	Heart_mobile
[Fri May 10 13:25:01 2019]	Heart_web
[Fri May 10 13:25:01 2019]	Heart_mobile
[Fri May 10 13:30:00 2019]	Heart_web
[Fri May 10 13:30:00 2019]	Heart_mobile
[Fri May 10 13:30:00 2019]	Heart_web
[Fri May 10 13:30:00 2019]	Heart_mobile
[Fri May 10 13:30:00 2019]	Heart_web
[Fri May 10 13:30:00 2019]	Heart_mobile
[Fri May 10 13:30:01 2019]	Heart_web
[Fri May 10 13:30:01 2019]	Heart_mobile
[Fri May 10 13:35:00 2019]	Heart_web
[Fri May 10 13:35:00 2019]	Heart_mobile
[Fri May 10 13:35:00 2019]	Heart_web
[Fri May 10 13:35:00 2019]	Heart_mobile
[Fri May 10 13:35:00 2019]	Heart_web
[Fri May 10 13:35:00 2019]	Heart_mobile
[Fri May 10 13:35:01 2019]	Heart_web
[Fri May 10 13:35:01 2019]	Heart_mobile
[Fri May 10 13:40:00 2019]	Heart_web
[Fri May 10 13:40:00 2019]	Heart_mobile
[Fri May 10 13:40:00 2019]	Heart_web
[Fri May 10 13:40:00 2019]	Heart_mobile
[Fri May 10 13:40:00 2019]	Heart_web
[Fri May 10 13:40:00 2019]	Heart_mobile
[Fri May 10 13:40:00 2019]	Heart_web
[Fri May 10 13:40:00 2019]	Heart_mobile
[Fri May 10 13:45:00 2019]	Heart_web
[Fri May 10 13:45:00 2019]	Heart_mobile
[Fri May 10 13:45:00 2019]	Heart_web
[Fri May 10 13:45:00 2019]	Heart_mobile
[Fri May 10 13:45:00 2019]	Heart_web
[Fri May 10 13:45:00 2019]	Heart_mobile
[Fri May 10 13:45:01 2019]	Heart_web
[Fri May 10 13:45:01 2019]	Heart_mobile
[Fri May 10 13:50:00 2019]	Heart_web
[Fri May 10 13:50:00 2019]	Heart_mobile
[Fri May 10 13:50:00 2019]	Heart_web
[Fri May 10 13:50:00 2019]	Heart_mobile
[Fri May 10 13:50:00 2019]	Heart_web
[Fri May 10 13:50:00 2019]	Heart_mobile
[Fri May 10 13:50:00 2019]	Heart_web
[Fri May 10 13:50:01 2019]	Heart_mobile
[Fri May 10 13:55:00 2019]	Heart_web
[Fri May 10 13:55:00 2019]	Heart_mobile
[Fri May 10 13:55:00 2019]	Heart_web
[Fri May 10 13:55:00 2019]	Heart_mobile
[Fri May 10 13:55:00 2019]	Heart_web
[Fri May 10 13:55:00 2019]	Heart_mobile
[Fri May 10 13:55:00 2019]	Heart_web
[Fri May 10 13:55:00 2019]	Heart_mobile
[Fri May 10 14:00:00 2019]	Heart_web
[Fri May 10 14:00:00 2019]	Heart_mobile
[Fri May 10 14:00:00 2019]	Heart_web
[Fri May 10 14:00:00 2019]	Heart_mobile
[Fri May 10 14:00:00 2019]	Heart_web
[Fri May 10 14:00:00 2019]	Heart_mobile
[Fri May 10 14:00:00 2019]	Heart_web
[Fri May 10 14:00:01 2019]	Heart_mobile
[u'51925213', u'51978733', u'51890147', u'51977791', u'51993848']
15824397397
zsj0911*
0
------------------
17367078621
weiyuxin
0
------------------
15127529708
shijizhe
0.6
投币失败 超过投币上限啦~
投币失败 硬币不足
投币失败 硬币不足
------------------
13306522935
zjuZSJ0911*
0
------------------
[Fri May 10 14:05:00 2019]	Heart_web
[Fri May 10 14:05:00 2019]	Heart_mobile
[Fri May 10 14:05:00 2019]	Heart_web
[Fri May 10 14:05:00 2019]	Heart_mobile
[Fri May 10 14:05:00 2019]	Heart_web
[Fri May 10 14:05:00 2019]	Heart_mobile
[Fri May 10 14:05:01 2019]	Heart_web
[Fri May 10 14:05:01 2019]	Heart_mobile
[Fri May 10 14:10:00 2019]	Heart_web
[Fri May 10 14:10:00 2019]	Heart_mobile
[Fri May 10 14:10:00 2019]	Heart_web
[Fri May 10 14:10:00 2019]	Heart_mobile
[Fri May 10 14:10:00 2019]	Heart_web
[Fri May 10 14:10:00 2019]	Heart_mobile
[Fri May 10 14:10:01 2019]	Heart_web
[Fri May 10 14:10:01 2019]	Heart_mobile
[Fri May 10 14:15:00 2019]	Heart_web
[Fri May 10 14:15:00 2019]	Heart_mobile
[Fri May 10 14:15:00 2019]	Heart_web
[Fri May 10 14:15:00 2019]	Heart_mobile
[Fri May 10 14:15:00 2019]	Heart_web
[Fri May 10 14:15:00 2019]	Heart_mobile
[Fri May 10 14:15:00 2019]	Heart_web
[Fri May 10 14:15:00 2019]	Heart_mobile
[Fri May 10 14:20:00 2019]	Heart_web
[Fri May 10 14:20:00 2019]	Heart_mobile
[Fri May 10 14:20:00 2019]	Heart_web
[Fri May 10 14:20:00 2019]	Heart_mobile
[Fri May 10 14:20:00 2019]	Heart_web
[Fri May 10 14:20:00 2019]	Heart_mobile
[Fri May 10 14:20:01 2019]	Heart_web
[Fri May 10 14:20:01 2019]	Heart_mobile
[Fri May 10 14:25:00 2019]	Heart_web
[Fri May 10 14:25:00 2019]	Heart_mobile
[Fri May 10 14:25:00 2019]	Heart_web
[Fri May 10 14:25:00 2019]	Heart_mobile
[Fri May 10 14:25:00 2019]	Heart_web
[Fri May 10 14:25:00 2019]	Heart_mobile
[Fri May 10 14:25:01 2019]	Heart_web
[Fri May 10 14:25:01 2019]	Heart_mobile
[Fri May 10 14:30:00 2019]	Heart_web
[Fri May 10 14:30:00 2019]	Heart_mobile
[Fri May 10 14:30:00 2019]	Heart_web
[Fri May 10 14:30:00 2019]	Heart_mobile
[Fri May 10 14:30:00 2019]	Heart_web
[Fri May 10 14:30:00 2019]	Heart_mobile
[Fri May 10 14:30:01 2019]	Heart_web
[Fri May 10 14:30:01 2019]	Heart_mobile
[Fri May 10 14:35:00 2019]	Heart_web
[Fri May 10 14:35:00 2019]	Heart_mobile
[Fri May 10 14:35:00 2019]	Heart_web
[Fri May 10 14:35:00 2019]	Heart_mobile
[Fri May 10 14:35:00 2019]	Heart_web
[Fri May 10 14:35:00 2019]	Heart_mobile
[Fri May 10 14:35:00 2019]	Heart_web
[Fri May 10 14:35:01 2019]	Heart_mobile
[Fri May 10 14:40:00 2019]	Heart_web
[Fri May 10 14:40:00 2019]	Heart_mobile
[Fri May 10 14:40:00 2019]	Heart_web
[Fri May 10 14:40:00 2019]	Heart_mobile
[Fri May 10 14:40:00 2019]	Heart_web
[Fri May 10 14:40:00 2019]	Heart_mobile
[Fri May 10 14:40:01 2019]	Heart_web
[Fri May 10 14:40:01 2019]	Heart_mobile
[Fri May 10 14:45:00 2019]	Heart_web
[Fri May 10 14:45:00 2019]	Heart_mobile
[Fri May 10 14:45:00 2019]	Heart_web
[Fri May 10 14:45:00 2019]	Heart_mobile
[Fri May 10 14:45:00 2019]	Heart_web
[Fri May 10 14:45:00 2019]	Heart_mobile
[Fri May 10 14:45:00 2019]	Heart_web
[Fri May 10 14:45:01 2019]	Heart_mobile
[Fri May 10 14:50:00 2019]	Heart_web
[Fri May 10 14:50:00 2019]	Heart_mobile
[Fri May 10 14:50:00 2019]	Heart_web
[Fri May 10 14:50:00 2019]	Heart_mobile
[Fri May 10 14:50:00 2019]	Heart_web
[Fri May 10 14:50:00 2019]	Heart_mobile
[Fri May 10 14:50:01 2019]	Heart_web
[Fri May 10 14:50:01 2019]	Heart_mobile
[Fri May 10 14:55:00 2019]	Heart_web
[Fri May 10 14:55:00 2019]	Heart_mobile
[Fri May 10 14:55:00 2019]	Heart_web
[Fri May 10 14:55:00 2019]	Heart_mobile
[Fri May 10 14:55:00 2019]	Heart_web
[Fri May 10 14:55:00 2019]	Heart_mobile
[Fri May 10 14:55:01 2019]	Heart_web
[Fri May 10 14:55:01 2019]	Heart_mobile
[Fri May 10 15:00:00 2019]	Heart_web
[Fri May 10 15:00:00 2019]	Heart_mobile
[Fri May 10 15:00:00 2019]	Heart_web
[Fri May 10 15:00:00 2019]	Heart_mobile
[Fri May 10 15:00:00 2019]	Heart_web
[Fri May 10 15:00:00 2019]	Heart_mobile
[Fri May 10 15:00:01 2019]	Heart_web
[Fri May 10 15:00:01 2019]	Heart_mobile
[u'51978733', u'51890147', u'51977791', u'51993848', u'51971231']
15824397397
zsj0911*
0
------------------
17367078621
weiyuxin
0
------------------
15127529708
shijizhe
0.6
投币失败 硬币不足
投币失败 硬币不足
投币失败 硬币不足
------------------
13306522935
zjuZSJ0911*
0
------------------
[Fri May 10 15:05:00 2019]	Heart_web
[Fri May 10 15:05:00 2019]	Heart_mobile
[Fri May 10 15:05:00 2019]	Heart_web
[Fri May 10 15:05:00 2019]	Heart_mobile
[Fri May 10 15:05:00 2019]	Heart_web
[Fri May 10 15:05:00 2019]	Heart_mobile
[Fri May 10 15:05:01 2019]	Heart_web
[Fri May 10 15:05:01 2019]	Heart_mobile
[Fri May 10 15:10:00 2019]	Heart_web
[Fri May 10 15:10:00 2019]	Heart_mobile
[Fri May 10 15:10:00 2019]	Heart_web
[Fri May 10 15:10:00 2019]	Heart_mobile
[Fri May 10 15:10:00 2019]	Heart_web
[Fri May 10 15:10:01 2019]	Heart_mobile
[Fri May 10 15:10:01 2019]	Heart_web
[Fri May 10 15:10:01 2019]	Heart_mobile
[Fri May 10 15:15:00 2019]	Heart_web
[Fri May 10 15:15:00 2019]	Heart_mobile
[Fri May 10 15:15:00 2019]	Heart_web
[Fri May 10 15:15:00 2019]	Heart_mobile
[Fri May 10 15:15:00 2019]	Heart_web
[Fri May 10 15:15:00 2019]	Heart_mobile
[Fri May 10 15:15:01 2019]	Heart_web
[Fri May 10 15:15:01 2019]	Heart_mobile
[Fri May 10 15:20:00 2019]	Heart_web
[Fri May 10 15:20:00 2019]	Heart_mobile
[Fri May 10 15:20:00 2019]	Heart_web
[Fri May 10 15:20:00 2019]	Heart_mobile
[Fri May 10 15:20:00 2019]	Heart_web
[Fri May 10 15:20:00 2019]	Heart_mobile
[Fri May 10 15:20:00 2019]	Heart_web
[Fri May 10 15:20:01 2019]	Heart_mobile
[Fri May 10 15:25:00 2019]	Heart_web
[Fri May 10 15:25:00 2019]	Heart_mobile
[Fri May 10 15:25:00 2019]	Heart_web
[Fri May 10 15:25:00 2019]	Heart_mobile
[Fri May 10 15:25:00 2019]	Heart_web
[Fri May 10 15:25:00 2019]	Heart_mobile
[Fri May 10 15:25:00 2019]	Heart_web
[Fri May 10 15:25:01 2019]	Heart_mobile
[Fri May 10 15:30:00 2019]	Heart_web
[Fri May 10 15:30:00 2019]	Heart_mobile
[Fri May 10 15:30:00 2019]	Heart_web
[Fri May 10 15:30:00 2019]	Heart_mobile
[Fri May 10 15:30:00 2019]	Heart_web
[Fri May 10 15:30:00 2019]	Heart_mobile
[Fri May 10 15:30:01 2019]	Heart_web
[Fri May 10 15:30:01 2019]	Heart_mobile
[Fri May 10 15:35:00 2019]	Heart_web
[Fri May 10 15:35:00 2019]	Heart_mobile
[Fri May 10 15:35:00 2019]	Heart_web
[Fri May 10 15:35:00 2019]	Heart_mobile
[Fri May 10 15:35:00 2019]	Heart_web
[Fri May 10 15:35:00 2019]	Heart_mobile
[Fri May 10 15:35:00 2019]	Heart_web
[Fri May 10 15:35:01 2019]	Heart_mobile
[Fri May 10 15:40:00 2019]	Heart_web
[Fri May 10 15:40:00 2019]	Heart_mobile
[Fri May 10 15:40:00 2019]	Heart_web
[Fri May 10 15:40:00 2019]	Heart_mobile
[Fri May 10 15:40:00 2019]	Heart_web
[Fri May 10 15:40:00 2019]	Heart_mobile
[Fri May 10 15:40:01 2019]	Heart_web
[Fri May 10 15:40:01 2019]	Heart_mobile
[Fri May 10 15:45:00 2019]	Heart_web
[Fri May 10 15:45:00 2019]	Heart_mobile
[Fri May 10 15:45:00 2019]	Heart_web
[Fri May 10 15:45:00 2019]	Heart_mobile
[Fri May 10 15:45:00 2019]	Heart_web
[Fri May 10 15:45:00 2019]	Heart_mobile
[Fri May 10 15:45:01 2019]	Heart_web
[Fri May 10 15:45:01 2019]	Heart_mobile
[Fri May 10 15:50:00 2019]	Heart_web
[Fri May 10 15:50:00 2019]	Heart_mobile
[Fri May 10 15:50:00 2019]	Heart_web
[Fri May 10 15:50:00 2019]	Heart_mobile
[Fri May 10 15:50:00 2019]	Heart_web
[Fri May 10 15:50:00 2019]	Heart_mobile
[Fri May 10 15:50:01 2019]	Heart_web
[Fri May 10 15:50:01 2019]	Heart_mobile
[Fri May 10 15:55:00 2019]	Heart_web
[Fri May 10 15:55:00 2019]	Heart_mobile
[Fri May 10 15:55:00 2019]	Heart_web
[Fri May 10 15:55:00 2019]	Heart_mobile
[Fri May 10 15:55:00 2019]	Heart_web
[Fri May 10 15:55:00 2019]	Heart_mobile
[Fri May 10 15:55:01 2019]	Heart_web
[Fri May 10 15:55:01 2019]	Heart_mobile
[Fri May 10 16:00:00 2019]	Heart_web
[Fri May 10 16:00:00 2019]	Heart_mobile
[Fri May 10 16:00:00 2019]	Heart_web
[Fri May 10 16:00:00 2019]	Heart_mobile
[Fri May 10 16:00:00 2019]	Heart_web
[Fri May 10 16:00:00 2019]	Heart_mobile
[Fri May 10 16:00:00 2019]	Heart_web
[Fri May 10 16:00:01 2019]	Heart_mobile
[u'51978733', u'51890147', u'51977791', u'51993848', u'51971231']
15824397397
zsj0911*
0
------------------
17367078621
weiyuxin
0
------------------
15127529708
shijizhe
0.6
投币失败 硬币不足
投币失败 硬币不足
投币失败 硬币不足
------------------
13306522935
zjuZSJ0911*
0
------------------
[Fri May 10 16:05:00 2019]	Heart_web
[Fri May 10 16:05:00 2019]	Heart_mobile
[Fri May 10 16:05:00 2019]	Heart_web
[Fri May 10 16:05:00 2019]	Heart_mobile
[Fri May 10 16:05:00 2019]	Heart_web
[Fri May 10 16:05:00 2019]	Heart_mobile
[Fri May 10 16:05:01 2019]	Heart_web
[Fri May 10 16:05:01 2019]	Heart_mobile
[Fri May 10 16:10:00 2019]	Heart_web
[Fri May 10 16:10:00 2019]	Heart_mobile
[Fri May 10 16:10:00 2019]	Heart_web
[Fri May 10 16:10:00 2019]	Heart_mobile
[Fri May 10 16:10:00 2019]	Heart_web
[Fri May 10 16:10:00 2019]	Heart_mobile
[Fri May 10 16:10:01 2019]	Heart_web
[Fri May 10 16:10:01 2019]	Heart_mobile
[Fri May 10 16:15:00 2019]	Heart_web
[Fri May 10 16:15:00 2019]	Heart_mobile
[Fri May 10 16:15:00 2019]	Heart_web
[Fri May 10 16:15:00 2019]	Heart_mobile
[Fri May 10 16:15:00 2019]	Heart_web
[Fri May 10 16:15:00 2019]	Heart_mobile
[Fri May 10 16:15:01 2019]	Heart_web
[Fri May 10 16:15:01 2019]	Heart_mobile
[Fri May 10 16:20:00 2019]	Heart_web
[Fri May 10 16:20:00 2019]	Heart_mobile
[Fri May 10 16:20:00 2019]	Heart_web
[Fri May 10 16:20:00 2019]	Heart_mobile
[Fri May 10 16:20:00 2019]	Heart_web
[Fri May 10 16:20:00 2019]	Heart_mobile
[Fri May 10 16:20:00 2019]	Heart_web
[Fri May 10 16:20:01 2019]	Heart_mobile
[Fri May 10 16:25:00 2019]	Heart_web
[Fri May 10 16:25:00 2019]	Heart_mobile
[Fri May 10 16:25:00 2019]	Heart_web
[Fri May 10 16:25:00 2019]	Heart_mobile
[Fri May 10 16:25:00 2019]	Heart_web
[Fri May 10 16:25:00 2019]	Heart_mobile
[Fri May 10 16:25:01 2019]	Heart_web
[Fri May 10 16:25:01 2019]	Heart_mobile
[Fri May 10 16:30:00 2019]	Heart_web
[Fri May 10 16:30:00 2019]	Heart_mobile
[Fri May 10 16:30:00 2019]	Heart_web
[Fri May 10 16:30:00 2019]	Heart_mobile
[Fri May 10 16:30:00 2019]	Heart_web
[Fri May 10 16:30:00 2019]	Heart_mobile
[Fri May 10 16:30:01 2019]	Heart_web
[Fri May 10 16:30:01 2019]	Heart_mobile
[Fri May 10 16:35:00 2019]	Heart_web
[Fri May 10 16:35:00 2019]	Heart_mobile
[Fri May 10 16:35:00 2019]	Heart_web
[Fri May 10 16:35:00 2019]	Heart_mobile
[Fri May 10 16:35:00 2019]	Heart_web
[Fri May 10 16:35:00 2019]	Heart_mobile
[Fri May 10 16:35:01 2019]	Heart_web
[Fri May 10 16:35:01 2019]	Heart_mobile
[Fri May 10 16:40:00 2019]	Heart_web
[Fri May 10 16:40:00 2019]	Heart_mobile
[Fri May 10 16:40:00 2019]	Heart_web
[Fri May 10 16:40:00 2019]	Heart_mobile
[Fri May 10 16:40:00 2019]	Heart_web
[Fri May 10 16:40:00 2019]	Heart_mobile
[Fri May 10 16:40:00 2019]	Heart_web
[Fri May 10 16:40:01 2019]	Heart_mobile
[Fri May 10 16:45:00 2019]	Heart_web
[Fri May 10 16:45:00 2019]	Heart_mobile
[Fri May 10 16:45:00 2019]	Heart_web
[Fri May 10 16:45:00 2019]	Heart_mobile
[Fri May 10 16:45:00 2019]	Heart_web
[Fri May 10 16:45:00 2019]	Heart_mobile
[Fri May 10 16:45:01 2019]	Heart_web
[Fri May 10 16:45:01 2019]	Heart_mobile
[Fri May 10 16:50:00 2019]	Heart_web
[Fri May 10 16:50:00 2019]	Heart_mobile
[Fri May 10 16:50:00 2019]	Heart_web
[Fri May 10 16:50:00 2019]	Heart_mobile
[Fri May 10 16:50:00 2019]	Heart_web
[Fri May 10 16:50:00 2019]	Heart_mobile
[Fri May 10 16:50:01 2019]	Heart_web
[Fri May 10 16:50:01 2019]	Heart_mobile
[Fri May 10 16:55:00 2019]	Heart_web
[Fri May 10 16:55:00 2019]	Heart_mobile
[Fri May 10 16:55:00 2019]	Heart_web
[Fri May 10 16:55:00 2019]	Heart_mobile
[Fri May 10 16:55:00 2019]	Heart_web
[Fri May 10 16:55:00 2019]	Heart_mobile
[Fri May 10 16:55:01 2019]	Heart_web
[Fri May 10 16:55:01 2019]	Heart_mobile
[Fri May 10 17:00:00 2019]	Heart_web
[Fri May 10 17:00:00 2019]	Heart_mobile
[Fri May 10 17:00:00 2019]	Heart_web
[Fri May 10 17:00:00 2019]	Heart_mobile
[Fri May 10 17:00:00 2019]	Heart_web
[Fri May 10 17:00:00 2019]	Heart_mobile
[Fri May 10 17:00:01 2019]	Heart_web
[Fri May 10 17:00:01 2019]	Heart_mobile
[u'51978733', u'51890147', u'51977791', u'51993848', u'51971231']
15824397397
zsj0911*
0
------------------
17367078621
weiyuxin
0
------------------
15127529708
shijizhe
0.6
投币失败 硬币不足
投币失败 硬币不足
投币失败 硬币不足
------------------
13306522935
zjuZSJ0911*
0
------------------
[Fri May 10 17:05:00 2019]	Heart_web
[Fri May 10 17:05:00 2019]	Heart_mobile
[Fri May 10 17:05:00 2019]	Heart_web
[Fri May 10 17:05:00 2019]	Heart_mobile
[Fri May 10 17:05:00 2019]	Heart_web
[Fri May 10 17:05:00 2019]	Heart_mobile
[Fri May 10 17:05:00 2019]	Heart_web
[Fri May 10 17:05:00 2019]	Heart_mobile
[Fri May 10 17:10:00 2019]	Heart_web
[Fri May 10 17:10:00 2019]	Heart_mobile
[Fri May 10 17:10:00 2019]	Heart_web
[Fri May 10 17:10:00 2019]	Heart_mobile
[Fri May 10 17:10:00 2019]	Heart_web
[Fri May 10 17:10:00 2019]	Heart_mobile
[Fri May 10 17:10:01 2019]	Heart_web
[Fri May 10 17:10:01 2019]	Heart_mobile
[Fri May 10 17:15:00 2019]	Heart_web
[Fri May 10 17:15:00 2019]	Heart_mobile
[Fri May 10 17:15:00 2019]	Heart_web
[Fri May 10 17:15:00 2019]	Heart_mobile
[Fri May 10 17:15:01 2019]	Heart_web
[Fri May 10 17:15:01 2019]	Heart_mobile
[Fri May 10 17:15:01 2019]	Heart_web
[Fri May 10 17:15:01 2019]	Heart_mobile
[Fri May 10 17:20:00 2019]	Heart_web
[Fri May 10 17:20:00 2019]	Heart_mobile
[Fri May 10 17:20:00 2019]	Heart_web
[Fri May 10 17:20:00 2019]	Heart_mobile
[Fri May 10 17:20:00 2019]	Heart_web
[Fri May 10 17:20:00 2019]	Heart_mobile
[Fri May 10 17:20:01 2019]	Heart_web
[Fri May 10 17:20:01 2019]	Heart_mobile
[Fri May 10 17:25:00 2019]	Heart_web
[Fri May 10 17:25:00 2019]	Heart_mobile
[Fri May 10 17:25:00 2019]	Heart_web
[Fri May 10 17:25:00 2019]	Heart_mobile
[Fri May 10 17:25:00 2019]	Heart_web
[Fri May 10 17:25:00 2019]	Heart_mobile
[Fri May 10 17:25:01 2019]	Heart_web
[Fri May 10 17:25:01 2019]	Heart_mobile
[Fri May 10 17:30:00 2019]	Heart_web
[Fri May 10 17:30:00 2019]	Heart_mobile
[Fri May 10 17:30:00 2019]	Heart_web
[Fri May 10 17:30:00 2019]	Heart_mobile
[Fri May 10 17:30:00 2019]	Heart_web
[Fri May 10 17:30:00 2019]	Heart_mobile
[Fri May 10 17:30:01 2019]	Heart_web
[Fri May 10 17:30:01 2019]	Heart_mobile
[Fri May 10 17:35:00 2019]	Heart_web
[Fri May 10 17:35:00 2019]	Heart_mobile
[Fri May 10 17:35:00 2019]	Heart_web
[Fri May 10 17:35:00 2019]	Heart_mobile
[Fri May 10 17:35:00 2019]	Heart_web
[Fri May 10 17:35:00 2019]	Heart_mobile
[Fri May 10 17:35:01 2019]	Heart_web
[Fri May 10 17:35:01 2019]	Heart_mobile
[Fri May 10 17:40:00 2019]	Heart_web
[Fri May 10 17:40:00 2019]	Heart_mobile
[Fri May 10 17:40:00 2019]	Heart_web
[Fri May 10 17:40:00 2019]	Heart_mobile
[Fri May 10 17:40:00 2019]	Heart_web
[Fri May 10 17:40:00 2019]	Heart_mobile
[Fri May 10 17:40:01 2019]	Heart_web
[Fri May 10 17:40:01 2019]	Heart_mobile
[Fri May 10 17:45:00 2019]	Heart_web
[Fri May 10 17:45:00 2019]	Heart_mobile
[Fri May 10 17:45:00 2019]	Heart_web
[Fri May 10 17:45:00 2019]	Heart_mobile
[Fri May 10 17:45:00 2019]	Heart_web
[Fri May 10 17:45:00 2019]	Heart_mobile
[Fri May 10 17:45:01 2019]	Heart_web
[Fri May 10 17:45:01 2019]	Heart_mobile
[Fri May 10 17:50:00 2019]	Heart_web
[Fri May 10 17:50:00 2019]	Heart_mobile
[Fri May 10 17:50:00 2019]	Heart_web
[Fri May 10 17:50:00 2019]	Heart_mobile
[Fri May 10 17:50:00 2019]	Heart_web
[Fri May 10 17:50:00 2019]	Heart_mobile
[Fri May 10 17:50:01 2019]	Heart_web
[Fri May 10 17:50:01 2019]	Heart_mobile
[Fri May 10 17:55:00 2019]	Heart_web
[Fri May 10 17:55:00 2019]	Heart_mobile
[Fri May 10 17:55:00 2019]	Heart_web
[Fri May 10 17:55:00 2019]	Heart_mobile
[Fri May 10 17:55:00 2019]	Heart_web
[Fri May 10 17:55:00 2019]	Heart_mobile
[Fri May 10 17:55:00 2019]	Heart_web
[Fri May 10 17:55:01 2019]	Heart_mobile
[Fri May 10 18:00:00 2019]	Heart_web
[Fri May 10 18:00:00 2019]	Heart_mobile
[Fri May 10 18:00:00 2019]	Heart_web
[Fri May 10 18:00:00 2019]	Heart_mobile
[Fri May 10 18:00:00 2019]	Heart_web
[Fri May 10 18:00:00 2019]	Heart_mobile
[Fri May 10 18:00:01 2019]	Heart_web
[Fri May 10 18:00:01 2019]	Heart_mobile
[u'51977791', u'51993848', u'51971231', u'51931992', u'51985067']
15824397397
zsj0911*
0
------------------
17367078621
weiyuxin
0
------------------
15127529708
shijizhe
0.6
投币失败 硬币不足
投币失败 硬币不足
投币失败 硬币不足
------------------
13306522935
zjuZSJ0911*
0
------------------
[Fri May 10 18:05:00 2019]	Heart_web
[Fri May 10 18:05:00 2019]	Heart_mobile
[Fri May 10 18:05:00 2019]	Heart_web
[Fri May 10 18:05:00 2019]	Heart_mobile
[Fri May 10 18:05:00 2019]	Heart_web
[Fri May 10 18:05:00 2019]	Heart_mobile
[Fri May 10 18:05:01 2019]	Heart_web
[Fri May 10 18:05:01 2019]	Heart_mobile
[Fri May 10 18:10:00 2019]	Heart_web
[Fri May 10 18:10:00 2019]	Heart_mobile
[Fri May 10 18:10:00 2019]	Heart_web
[Fri May 10 18:10:00 2019]	Heart_mobile
[Fri May 10 18:10:00 2019]	Heart_web
[Fri May 10 18:10:00 2019]	Heart_mobile
[Fri May 10 18:10:01 2019]	Heart_web
[Fri May 10 18:10:01 2019]	Heart_mobile
[Fri May 10 18:15:00 2019]	Heart_web
[Fri May 10 18:15:00 2019]	Heart_mobile
[Fri May 10 18:15:00 2019]	Heart_web
[Fri May 10 18:15:00 2019]	Heart_mobile
[Fri May 10 18:15:00 2019]	Heart_web
[Fri May 10 18:15:00 2019]	Heart_mobile
[Fri May 10 18:15:01 2019]	Heart_web
[Fri May 10 18:15:01 2019]	Heart_mobile
[Fri May 10 18:20:00 2019]	Heart_web
[Fri May 10 18:20:00 2019]	Heart_mobile
[Fri May 10 18:20:00 2019]	Heart_web
[Fri May 10 18:20:00 2019]	Heart_mobile
[Fri May 10 18:20:00 2019]	Heart_web
[Fri May 10 18:20:00 2019]	Heart_mobile
[Fri May 10 18:20:01 2019]	Heart_web
[Fri May 10 18:20:01 2019]	Heart_mobile
[Fri May 10 18:25:00 2019]	Heart_web
[Fri May 10 18:25:00 2019]	Heart_mobile
[Fri May 10 18:25:00 2019]	Heart_web
[Fri May 10 18:25:00 2019]	Heart_mobile
[Fri May 10 18:25:00 2019]	Heart_web
[Fri May 10 18:25:00 2019]	Heart_mobile
[Fri May 10 18:25:01 2019]	Heart_web
[Fri May 10 18:25:01 2019]	Heart_mobile
[Fri May 10 18:30:00 2019]	Heart_web
[Fri May 10 18:30:00 2019]	Heart_mobile
[Fri May 10 18:30:00 2019]	Heart_web
[Fri May 10 18:30:00 2019]	Heart_mobile
[Fri May 10 18:30:01 2019]	Heart_web
[Fri May 10 18:30:01 2019]	Heart_mobile
[Fri May 10 18:30:01 2019]	Heart_web
[Fri May 10 18:30:01 2019]	Heart_mobile
[Fri May 10 18:35:00 2019]	Heart_web
[Fri May 10 18:35:00 2019]	Heart_mobile
[Fri May 10 18:35:00 2019]	Heart_web
[Fri May 10 18:35:00 2019]	Heart_mobile
[Fri May 10 18:35:00 2019]	Heart_web
[Fri May 10 18:35:00 2019]	Heart_mobile
[Fri May 10 18:35:01 2019]	Heart_web
[Fri May 10 18:35:01 2019]	Heart_mobile
[Fri May 10 18:40:00 2019]	Heart_web
[Fri May 10 18:40:00 2019]	Heart_mobile
[Fri May 10 18:40:00 2019]	Heart_web
[Fri May 10 18:40:00 2019]	Heart_mobile
[Fri May 10 18:40:00 2019]	Heart_web
[Fri May 10 18:40:00 2019]	Heart_mobile
[Fri May 10 18:40:01 2019]	Heart_web
[Fri May 10 18:40:01 2019]	Heart_mobile
[Fri May 10 18:45:00 2019]	Heart_web
[Fri May 10 18:45:00 2019]	Heart_mobile
[Fri May 10 18:45:00 2019]	Heart_web
[Fri May 10 18:45:00 2019]	Heart_mobile
[Fri May 10 18:45:00 2019]	Heart_web
[Fri May 10 18:45:00 2019]	Heart_mobile
[Fri May 10 18:45:01 2019]	Heart_web
[Fri May 10 18:45:01 2019]	Heart_mobile
[Fri May 10 18:50:00 2019]	Heart_web
[Fri May 10 18:50:00 2019]	Heart_mobile
[Fri May 10 18:50:00 2019]	Heart_web
[Fri May 10 18:50:00 2019]	Heart_mobile
[Fri May 10 18:50:00 2019]	Heart_web
[Fri May 10 18:50:00 2019]	Heart_mobile
[Fri May 10 18:50:01 2019]	Heart_web
[Fri May 10 18:50:01 2019]	Heart_mobile
[Fri May 10 18:55:00 2019]	Heart_web
[Fri May 10 18:55:00 2019]	Heart_mobile
[Fri May 10 18:55:00 2019]	Heart_web
[Fri May 10 18:55:00 2019]	Heart_mobile
[Fri May 10 18:55:00 2019]	Heart_web
[Fri May 10 18:55:00 2019]	Heart_mobile
[Fri May 10 18:55:01 2019]	Heart_web
[Fri May 10 18:55:01 2019]	Heart_mobile
[Fri May 10 19:00:00 2019]	Heart_web
[Fri May 10 19:00:00 2019]	Heart_mobile
[Fri May 10 19:00:00 2019]	Heart_web
[Fri May 10 19:00:00 2019]	Heart_mobile
[Fri May 10 19:00:00 2019]	Heart_web
[Fri May 10 19:00:00 2019]	Heart_mobile
[Fri May 10 19:00:01 2019]	Heart_web
[Fri May 10 19:00:01 2019]	Heart_mobile
[u'51963772', u'51993848', u'51971231', u'51931992', u'51985067']
15824397397
zsj0911*
0
------------------
17367078621
weiyuxin
0
------------------
15127529708
shijizhe
0.6
投币失败 硬币不足
投币失败 硬币不足
投币失败 硬币不足
------------------
13306522935
zjuZSJ0911*
0
------------------
[Fri May 10 19:05:00 2019]	Heart_web
[Fri May 10 19:05:00 2019]	Heart_mobile
[Fri May 10 19:05:00 2019]	Heart_web
[Fri May 10 19:05:00 2019]	Heart_mobile
[Fri May 10 19:05:00 2019]	Heart_web
[Fri May 10 19:05:00 2019]	Heart_mobile
[Fri May 10 19:05:01 2019]	Heart_web
[Fri May 10 19:05:01 2019]	Heart_mobile
[Fri May 10 19:10:00 2019]	Heart_web
[Fri May 10 19:10:00 2019]	Heart_mobile
[Fri May 10 19:10:00 2019]	Heart_web
[Fri May 10 19:10:00 2019]	Heart_mobile
[Fri May 10 19:10:00 2019]	Heart_web
[Fri May 10 19:10:00 2019]	Heart_mobile
[Fri May 10 19:10:00 2019]	Heart_web
[Fri May 10 19:10:00 2019]	Heart_mobile
[Fri May 10 19:15:00 2019]	Heart_web
[Fri May 10 19:15:00 2019]	Heart_mobile
[Fri May 10 19:15:00 2019]	Heart_web
[Fri May 10 19:15:00 2019]	Heart_mobile
[Fri May 10 19:15:01 2019]	Heart_web
[Fri May 10 19:15:01 2019]	Heart_mobile
[Fri May 10 19:15:01 2019]	Heart_web
[Fri May 10 19:15:01 2019]	Heart_mobile
[Fri May 10 19:20:00 2019]	Heart_web
[Fri May 10 19:20:00 2019]	Heart_mobile
[Fri May 10 19:20:00 2019]	Heart_web
[Fri May 10 19:20:00 2019]	Heart_mobile
[Fri May 10 19:20:00 2019]	Heart_web
[Fri May 10 19:20:00 2019]	Heart_mobile
[Fri May 10 19:20:01 2019]	Heart_web
[Fri May 10 19:20:01 2019]	Heart_mobile
[Fri May 10 19:25:00 2019]	Heart_web
[Fri May 10 19:25:00 2019]	Heart_mobile
[Fri May 10 19:25:00 2019]	Heart_web
[Fri May 10 19:25:00 2019]	Heart_mobile
[Fri May 10 19:25:00 2019]	Heart_web
[Fri May 10 19:25:00 2019]	Heart_mobile
[Fri May 10 19:25:01 2019]	Heart_web
[Fri May 10 19:25:01 2019]	Heart_mobile
[Fri May 10 19:30:00 2019]	Heart_web
[Fri May 10 19:30:00 2019]	Heart_mobile
[Fri May 10 19:30:00 2019]	Heart_web
[Fri May 10 19:30:00 2019]	Heart_mobile
[Fri May 10 19:30:00 2019]	Heart_web
[Fri May 10 19:30:00 2019]	Heart_mobile
[Fri May 10 19:30:01 2019]	Heart_web
[Fri May 10 19:30:01 2019]	Heart_mobile
[Fri May 10 19:35:00 2019]	Heart_web
[Fri May 10 19:35:00 2019]	Heart_mobile
[Fri May 10 19:35:00 2019]	Heart_web
[Fri May 10 19:35:00 2019]	Heart_mobile
[Fri May 10 19:35:00 2019]	Heart_web
[Fri May 10 19:35:00 2019]	Heart_mobile
[Fri May 10 19:35:00 2019]	Heart_web
[Fri May 10 19:35:00 2019]	Heart_mobile
[Fri May 10 19:40:00 2019]	Heart_web
[Fri May 10 19:40:00 2019]	Heart_mobile
[Fri May 10 19:40:00 2019]	Heart_web
[Fri May 10 19:40:00 2019]	Heart_mobile
[Fri May 10 19:40:00 2019]	Heart_web
[Fri May 10 19:40:00 2019]	Heart_mobile
[Fri May 10 19:40:01 2019]	Heart_web
[Fri May 10 19:40:01 2019]	Heart_mobile
[Fri May 10 19:45:00 2019]	Heart_web
[Fri May 10 19:45:00 2019]	Heart_mobile
[Fri May 10 19:45:00 2019]	Heart_web
[Fri May 10 19:45:00 2019]	Heart_mobile
[Fri May 10 19:45:00 2019]	Heart_web
[Fri May 10 19:45:00 2019]	Heart_mobile
[Fri May 10 19:45:01 2019]	Heart_web
[Fri May 10 19:45:01 2019]	Heart_mobile
[Fri May 10 19:50:00 2019]	Heart_web
[Fri May 10 19:50:00 2019]	Heart_mobile
[Fri May 10 19:50:00 2019]	Heart_web
[Fri May 10 19:50:00 2019]	Heart_mobile
[Fri May 10 19:50:00 2019]	Heart_web
[Fri May 10 19:50:00 2019]	Heart_mobile
[Fri May 10 19:50:01 2019]	Heart_web
[Fri May 10 19:50:01 2019]	Heart_mobile
[Fri May 10 19:55:00 2019]	Heart_web
[Fri May 10 19:55:00 2019]	Heart_mobile
[Fri May 10 19:55:00 2019]	Heart_web
[Fri May 10 19:55:00 2019]	Heart_mobile
[Fri May 10 19:55:00 2019]	Heart_web
[Fri May 10 19:55:00 2019]	Heart_mobile
[Fri May 10 19:55:01 2019]	Heart_web
[Fri May 10 19:55:01 2019]	Heart_mobile
[Fri May 10 20:00:00 2019]	Heart_web
[Fri May 10 20:00:00 2019]	Heart_mobile
[Fri May 10 20:00:00 2019]	Heart_web
[Fri May 10 20:00:00 2019]	Heart_mobile
[Fri May 10 20:00:00 2019]	Heart_web
[Fri May 10 20:00:00 2019]	Heart_mobile
[Fri May 10 20:00:01 2019]	Heart_web
[Fri May 10 20:00:01 2019]	Heart_mobile
[u'51963772', u'51993848', u'51971231', u'51985067', u'51970914']
15824397397
zsj0911*
0
------------------
17367078621
weiyuxin
0
------------------
15127529708
shijizhe
0.6
投币失败 硬币不足
投币失败 硬币不足
投币失败 硬币不足
------------------
13306522935
zjuZSJ0911*
0
------------------
[Fri May 10 20:05:00 2019]	Heart_web
[Fri May 10 20:05:00 2019]	Heart_mobile
[Fri May 10 20:05:00 2019]	Heart_web
[Fri May 10 20:05:00 2019]	Heart_mobile
[Fri May 10 20:05:00 2019]	Heart_web
[Fri May 10 20:05:00 2019]	Heart_mobile
[Fri May 10 20:05:00 2019]	Heart_web
[Fri May 10 20:05:00 2019]	Heart_mobile
[Fri May 10 20:10:00 2019]	Heart_web
[Fri May 10 20:10:00 2019]	Heart_mobile
[Fri May 10 20:10:00 2019]	Heart_web
[Fri May 10 20:10:00 2019]	Heart_mobile
[Fri May 10 20:10:00 2019]	Heart_web
[Fri May 10 20:10:00 2019]	Heart_mobile
[Fri May 10 20:10:01 2019]	Heart_web
[Fri May 10 20:10:01 2019]	Heart_mobile
[Fri May 10 20:15:00 2019]	Heart_web
[Fri May 10 20:15:00 2019]	Heart_mobile
[Fri May 10 20:15:00 2019]	Heart_web
[Fri May 10 20:15:00 2019]	Heart_mobile
[Fri May 10 20:15:00 2019]	Heart_web
[Fri May 10 20:15:00 2019]	Heart_mobile
[Fri May 10 20:15:00 2019]	Heart_web
[Fri May 10 20:15:00 2019]	Heart_mobile
[Fri May 10 20:20:00 2019]	Heart_web
[Fri May 10 20:20:00 2019]	Heart_mobile
[Fri May 10 20:20:00 2019]	Heart_web
[Fri May 10 20:20:00 2019]	Heart_mobile
[Fri May 10 20:20:00 2019]	Heart_web
[Fri May 10 20:20:00 2019]	Heart_mobile
[Fri May 10 20:20:01 2019]	Heart_web
[Fri May 10 20:20:01 2019]	Heart_mobile
[Fri May 10 20:25:00 2019]	Heart_web
[Fri May 10 20:25:00 2019]	Heart_mobile
[Fri May 10 20:25:00 2019]	Heart_web
[Fri May 10 20:25:00 2019]	Heart_mobile
[Fri May 10 20:25:00 2019]	Heart_web
[Fri May 10 20:25:00 2019]	Heart_mobile
[Fri May 10 20:25:01 2019]	Heart_web
[Fri May 10 20:25:01 2019]	Heart_mobile
[Fri May 10 20:30:00 2019]	Heart_web
[Fri May 10 20:30:00 2019]	Heart_mobile
[Fri May 10 20:30:00 2019]	Heart_web
[Fri May 10 20:30:00 2019]	Heart_mobile
[Fri May 10 20:30:00 2019]	Heart_web
[Fri May 10 20:30:00 2019]	Heart_mobile
[Fri May 10 20:30:01 2019]	Heart_web
[Fri May 10 20:30:01 2019]	Heart_mobile
[Fri May 10 20:35:00 2019]	Heart_web
[Fri May 10 20:35:00 2019]	Heart_mobile
[Fri May 10 20:35:00 2019]	Heart_web
[Fri May 10 20:35:00 2019]	Heart_mobile
[Fri May 10 20:35:00 2019]	Heart_web
[Fri May 10 20:35:00 2019]	Heart_mobile
[Fri May 10 20:35:01 2019]	Heart_web
[Fri May 10 20:35:01 2019]	Heart_mobile
[Fri May 10 20:40:00 2019]	Heart_web
[Fri May 10 20:40:00 2019]	Heart_mobile
[Fri May 10 20:40:00 2019]	Heart_web
[Fri May 10 20:40:00 2019]	Heart_mobile
[Fri May 10 20:40:00 2019]	Heart_web
[Fri May 10 20:40:00 2019]	Heart_mobile
[Fri May 10 20:40:01 2019]	Heart_web
[Fri May 10 20:40:01 2019]	Heart_mobile
[Fri May 10 20:45:00 2019]	Heart_web
[Fri May 10 20:45:00 2019]	Heart_mobile
[Fri May 10 20:45:00 2019]	Heart_web
[Fri May 10 20:45:00 2019]	Heart_mobile
[Fri May 10 20:45:00 2019]	Heart_web
[Fri May 10 20:45:00 2019]	Heart_mobile
[Fri May 10 20:45:01 2019]	Heart_web
[Fri May 10 20:45:01 2019]	Heart_mobile
[Fri May 10 20:50:00 2019]	Heart_web
[Fri May 10 20:50:00 2019]	Heart_mobile
[Fri May 10 20:50:00 2019]	Heart_web
[Fri May 10 20:50:00 2019]	Heart_mobile
[Fri May 10 20:50:00 2019]	Heart_web
[Fri May 10 20:50:00 2019]	Heart_mobile
[Fri May 10 20:50:01 2019]	Heart_web
[Fri May 10 20:50:01 2019]	Heart_mobile
[Fri May 10 20:55:00 2019]	Heart_web
[Fri May 10 20:55:00 2019]	Heart_mobile
[Fri May 10 20:55:00 2019]	Heart_web
[Fri May 10 20:55:00 2019]	Heart_mobile
[Fri May 10 20:55:00 2019]	Heart_web
[Fri May 10 20:55:00 2019]	Heart_mobile
[Fri May 10 20:55:00 2019]	Heart_web
[Fri May 10 20:55:00 2019]	Heart_mobile
[Fri May 10 21:00:00 2019]	Heart_web
[Fri May 10 21:00:00 2019]	Heart_mobile
[Fri May 10 21:00:00 2019]	Heart_web
[Fri May 10 21:00:00 2019]	Heart_mobile
[Fri May 10 21:00:00 2019]	Heart_web
[Fri May 10 21:00:00 2019]	Heart_mobile
[Fri May 10 21:00:01 2019]	Heart_web
[Fri May 10 21:00:01 2019]	Heart_mobile
[Fri May 10 21:05:00 2019]	Heart_web
[Fri May 10 21:05:00 2019]	Heart_mobile
[Fri May 10 21:05:00 2019]	Heart_web
[Fri May 10 21:05:00 2019]	Heart_mobile
[Fri May 10 21:05:00 2019]	Heart_web
[Fri May 10 21:05:00 2019]	Heart_mobile
[Fri May 10 21:05:01 2019]	Heart_web
[Fri May 10 21:05:01 2019]	Heart_mobile
[Fri May 10 21:10:00 2019]	Heart_web
[Fri May 10 21:10:00 2019]	Heart_mobile
[Fri May 10 21:10:00 2019]	Heart_web
[Fri May 10 21:10:00 2019]	Heart_mobile
[Fri May 10 21:10:00 2019]	Heart_web
[Fri May 10 21:10:00 2019]	Heart_mobile
[Fri May 10 21:10:01 2019]	Heart_web
[Fri May 10 21:10:01 2019]	Heart_mobile
[Fri May 10 21:15:00 2019]	Heart_web
[Fri May 10 21:15:00 2019]	Heart_mobile
[Fri May 10 21:15:00 2019]	Heart_web
[Fri May 10 21:15:00 2019]	Heart_mobile
[Fri May 10 21:15:00 2019]	Heart_web
[Fri May 10 21:15:00 2019]	Heart_mobile
[Fri May 10 21:15:01 2019]	Heart_web
[Fri May 10 21:15:01 2019]	Heart_mobile
[Fri May 10 21:20:00 2019]	Heart_web
[Fri May 10 21:20:00 2019]	Heart_mobile
[Fri May 10 21:20:00 2019]	Heart_web
[Fri May 10 21:20:00 2019]	Heart_mobile
[Fri May 10 21:20:00 2019]	Heart_web
[Fri May 10 21:20:00 2019]	Heart_mobile
[Fri May 10 21:20:00 2019]	Heart_web
[Fri May 10 21:20:01 2019]	Heart_mobile
[Fri May 10 21:25:00 2019]	Heart_web
[Fri May 10 21:25:00 2019]	Heart_mobile
[Fri May 10 21:25:00 2019]	Heart_web
[Fri May 10 21:25:00 2019]	Heart_mobile
[Fri May 10 21:25:00 2019]	Heart_web
[Fri May 10 21:25:00 2019]	Heart_mobile
[Fri May 10 21:25:01 2019]	Heart_web
[Fri May 10 21:25:01 2019]	Heart_mobile
[Fri May 10 21:30:00 2019]	Heart_web
[Fri May 10 21:30:00 2019]	Heart_mobile
[Fri May 10 21:30:00 2019]	Heart_web
[Fri May 10 21:30:00 2019]	Heart_mobile
[Fri May 10 21:30:00 2019]	Heart_web
[Fri May 10 21:30:00 2019]	Heart_mobile
[Fri May 10 21:30:01 2019]	Heart_web
[Fri May 10 21:30:01 2019]	Heart_mobile
[Fri May 10 21:35:00 2019]	Heart_web
[Fri May 10 21:35:00 2019]	Heart_mobile
[Fri May 10 21:35:00 2019]	Heart_web
[Fri May 10 21:35:00 2019]	Heart_mobile
[Fri May 10 21:35:00 2019]	Heart_web
[Fri May 10 21:35:00 2019]	Heart_mobile
[Fri May 10 21:35:01 2019]	Heart_web
[Fri May 10 21:35:01 2019]	Heart_mobile
[Fri May 10 21:40:00 2019]	Heart_web
[Fri May 10 21:40:00 2019]	Heart_mobile
[Fri May 10 21:40:00 2019]	Heart_web
[Fri May 10 21:40:00 2019]	Heart_mobile
[Fri May 10 21:40:00 2019]	Heart_web
[Fri May 10 21:40:01 2019]	Heart_mobile
[Fri May 10 21:40:01 2019]	Heart_web
[Fri May 10 21:40:01 2019]	Heart_mobile
[Fri May 10 21:45:00 2019]	Heart_web
[Fri May 10 21:45:00 2019]	Heart_mobile
[Fri May 10 21:45:00 2019]	Heart_web
[Fri May 10 21:45:00 2019]	Heart_mobile
[Fri May 10 21:45:00 2019]	Heart_web
[Fri May 10 21:45:00 2019]	Heart_mobile
[Fri May 10 21:45:01 2019]	Heart_web
[Fri May 10 21:45:01 2019]	Heart_mobile
[Fri May 10 21:50:00 2019]	Heart_web
[Fri May 10 21:50:00 2019]	Heart_mobile
[Fri May 10 21:50:00 2019]	Heart_web
[Fri May 10 21:50:00 2019]	Heart_mobile
[Fri May 10 21:50:00 2019]	Heart_web
[Fri May 10 21:50:00 2019]	Heart_mobile
[Fri May 10 21:50:01 2019]	Heart_web
[Fri May 10 21:50:01 2019]	Heart_mobile
[Fri May 10 21:55:00 2019]	Heart_web
[Fri May 10 21:55:00 2019]	Heart_mobile
[Fri May 10 21:55:00 2019]	Heart_web
[Fri May 10 21:55:00 2019]	Heart_mobile
[Fri May 10 21:55:00 2019]	Heart_web
[Fri May 10 21:55:00 2019]	Heart_mobile
[Fri May 10 21:55:01 2019]	Heart_web
[Fri May 10 21:55:01 2019]	Heart_mobile
[Fri May 10 22:00:00 2019]	Heart_web
[Fri May 10 22:00:00 2019]	Heart_mobile
[Fri May 10 22:00:00 2019]	Heart_web
[Fri May 10 22:00:00 2019]	Heart_mobile
[Fri May 10 22:00:00 2019]	Heart_web
[Fri May 10 22:00:00 2019]	Heart_mobile
[Fri May 10 22:00:01 2019]	Heart_web
[Fri May 10 22:00:01 2019]	Heart_mobile
[Fri May 10 22:05:00 2019]	Heart_web
[Fri May 10 22:05:00 2019]	Heart_mobile
[Fri May 10 22:05:00 2019]	Heart_web
[Fri May 10 22:05:00 2019]	Heart_mobile
[Fri May 10 22:05:01 2019]	Heart_web
[Fri May 10 22:05:01 2019]	Heart_mobile
[Fri May 10 22:05:01 2019]	Heart_web
[Fri May 10 22:05:01 2019]	Heart_mobile
[Fri May 10 22:10:00 2019]	Heart_web
[Fri May 10 22:10:00 2019]	Heart_mobile
[Fri May 10 22:10:00 2019]	Heart_web
[Fri May 10 22:10:00 2019]	Heart_mobile
[Fri May 10 22:10:00 2019]	Heart_web
[Fri May 10 22:10:00 2019]	Heart_mobile
[Fri May 10 22:10:01 2019]	Heart_web
[Fri May 10 22:10:01 2019]	Heart_mobile
[Fri May 10 22:15:00 2019]	Heart_web
[Fri May 10 22:15:00 2019]	Heart_mobile
[Fri May 10 22:15:00 2019]	Heart_web
[Fri May 10 22:15:00 2019]	Heart_mobile
[Fri May 10 22:15:00 2019]	Heart_web
[Fri May 10 22:15:00 2019]	Heart_mobile
[Fri May 10 22:15:01 2019]	Heart_web
[Fri May 10 22:15:01 2019]	Heart_mobile
[Fri May 10 22:20:00 2019]	Heart_web
[Fri May 10 22:20:00 2019]	Heart_mobile
[Fri May 10 22:20:00 2019]	Heart_web
[Fri May 10 22:20:00 2019]	Heart_mobile
[Fri May 10 22:20:00 2019]	Heart_web
[Fri May 10 22:20:00 2019]	Heart_mobile
[Fri May 10 22:20:01 2019]	Heart_web
[Fri May 10 22:20:01 2019]	Heart_mobile
[Fri May 10 22:25:00 2019]	Heart_web
[Fri May 10 22:25:00 2019]	Heart_mobile
[Fri May 10 22:25:00 2019]	Heart_web
[Fri May 10 22:25:00 2019]	Heart_mobile
[Fri May 10 22:25:01 2019]	Heart_web
[Fri May 10 22:25:01 2019]	Heart_mobile
[Fri May 10 22:25:01 2019]	Heart_web
[Fri May 10 22:25:01 2019]	Heart_mobile
[Fri May 10 22:30:00 2019]	Heart_web
[Fri May 10 22:30:00 2019]	Heart_mobile
[Fri May 10 22:30:00 2019]	Heart_web
[Fri May 10 22:30:00 2019]	Heart_mobile
[Fri May 10 22:30:00 2019]	Heart_web
[Fri May 10 22:30:00 2019]	Heart_mobile
[Fri May 10 22:30:01 2019]	Heart_web
[Fri May 10 22:30:01 2019]	Heart_mobile
[Fri May 10 22:35:00 2019]	Heart_web
[Fri May 10 22:35:00 2019]	Heart_mobile
[Fri May 10 22:35:00 2019]	Heart_web
[Fri May 10 22:35:00 2019]	Heart_mobile
[Fri May 10 22:35:00 2019]	Heart_web
[Fri May 10 22:35:01 2019]	Heart_mobile
[Fri May 10 22:35:01 2019]	Heart_web
[Fri May 10 22:35:01 2019]	Heart_mobile
[Fri May 10 22:40:00 2019]	Heart_web
[Fri May 10 22:40:00 2019]	Heart_mobile
[Fri May 10 22:40:00 2019]	Heart_web
[Fri May 10 22:40:00 2019]	Heart_mobile
[Fri May 10 22:40:00 2019]	Heart_web
[Fri May 10 22:40:00 2019]	Heart_mobile
[Fri May 10 22:40:01 2019]	Heart_web
[Fri May 10 22:40:01 2019]	Heart_mobile
[Fri May 10 22:45:00 2019]	Heart_web
[Fri May 10 22:45:00 2019]	Heart_mobile
[Fri May 10 22:45:00 2019]	Heart_web
[Fri May 10 22:45:00 2019]	Heart_mobile
[Fri May 10 22:45:00 2019]	Heart_web
[Fri May 10 22:45:01 2019]	Heart_mobile
[Fri May 10 22:45:01 2019]	Heart_web
[Fri May 10 22:45:01 2019]	Heart_mobile
[Fri May 10 22:50:00 2019]	Heart_web
[Fri May 10 22:50:00 2019]	Heart_mobile
[Fri May 10 22:50:00 2019]	Heart_web
[Fri May 10 22:50:00 2019]	Heart_mobile
[Fri May 10 22:50:00 2019]	Heart_web
[Fri May 10 22:50:00 2019]	Heart_mobile
[Fri May 10 22:50:01 2019]	Heart_web
[Fri May 10 22:50:01 2019]	Heart_mobile
[Fri May 10 22:55:00 2019]	Heart_web
[Fri May 10 22:55:00 2019]	Heart_mobile
[Fri May 10 22:55:00 2019]	Heart_web
[Fri May 10 22:55:00 2019]	Heart_mobile
[Fri May 10 22:55:00 2019]	Heart_web
[Fri May 10 22:55:00 2019]	Heart_mobile
[Fri May 10 22:55:01 2019]	Heart_web
[Fri May 10 22:55:01 2019]	Heart_mobile
[Fri May 10 23:00:00 2019]	Heart_web
[Fri May 10 23:00:00 2019]	Heart_mobile
[Fri May 10 23:00:00 2019]	Heart_web
[Fri May 10 23:00:00 2019]	Heart_mobile
[Fri May 10 23:00:00 2019]	Heart_web
[Fri May 10 23:00:00 2019]	Heart_mobile
[Fri May 10 23:00:00 2019]	Heart_web
[Fri May 10 23:00:01 2019]	Heart_mobile
[Fri May 10 23:05:00 2019]	Heart_web
[Fri May 10 23:05:00 2019]	Heart_mobile
[Fri May 10 23:05:00 2019]	Heart_web
[Fri May 10 23:05:00 2019]	Heart_mobile
[Fri May 10 23:05:00 2019]	Heart_web
[Fri May 10 23:05:00 2019]	Heart_mobile
[Fri May 10 23:05:01 2019]	Heart_web
[Fri May 10 23:05:01 2019]	Heart_mobile
[Fri May 10 23:10:00 2019]	Heart_web
[Fri May 10 23:10:00 2019]	Heart_mobile
[Fri May 10 23:10:00 2019]	Heart_web
[Fri May 10 23:10:00 2019]	Heart_mobile
[Fri May 10 23:10:00 2019]	Heart_web
[Fri May 10 23:10:00 2019]	Heart_mobile
[Fri May 10 23:10:01 2019]	Heart_web
[Fri May 10 23:10:01 2019]	Heart_mobile
[Fri May 10 23:15:00 2019]	Heart_web
[Fri May 10 23:15:00 2019]	Heart_mobile
[Fri May 10 23:15:00 2019]	Heart_web
[Fri May 10 23:15:00 2019]	Heart_mobile
[Fri May 10 23:15:00 2019]	Heart_web
[Fri May 10 23:15:00 2019]	Heart_mobile
[Fri May 10 23:15:00 2019]	Heart_web
[Fri May 10 23:15:00 2019]	Heart_mobile
[Fri May 10 23:20:00 2019]	Heart_web
[Fri May 10 23:20:00 2019]	Heart_mobile
[Fri May 10 23:20:00 2019]	Heart_web
[Fri May 10 23:20:00 2019]	Heart_mobile
[Fri May 10 23:20:00 2019]	Heart_web
[Fri May 10 23:20:01 2019]	Heart_mobile
[Fri May 10 23:20:01 2019]	Heart_web
[Fri May 10 23:20:01 2019]	Heart_mobile
[Fri May 10 23:25:00 2019]	Heart_web
[Fri May 10 23:25:00 2019]	Heart_mobile
[Fri May 10 23:25:00 2019]	Heart_web
[Fri May 10 23:25:00 2019]	Heart_mobile
[Fri May 10 23:25:00 2019]	Heart_web
[Fri May 10 23:25:01 2019]	Heart_mobile
[Fri May 10 23:25:01 2019]	Heart_web
[Fri May 10 23:25:01 2019]	Heart_mobile
[Fri May 10 23:30:00 2019]	Heart_web
[Fri May 10 23:30:00 2019]	Heart_mobile
[Fri May 10 23:30:00 2019]	Heart_web
[Fri May 10 23:30:00 2019]	Heart_mobile
[Fri May 10 23:30:00 2019]	Heart_web
[Fri May 10 23:30:00 2019]	Heart_mobile
[Fri May 10 23:30:01 2019]	Heart_web
[Fri May 10 23:30:01 2019]	Heart_mobile
[Fri May 10 23:35:00 2019]	Heart_web
[Fri May 10 23:35:00 2019]	Heart_mobile
[Fri May 10 23:35:00 2019]	Heart_web
[Fri May 10 23:35:00 2019]	Heart_mobile
[Fri May 10 23:35:00 2019]	Heart_web
[Fri May 10 23:35:00 2019]	Heart_mobile
[Fri May 10 23:35:01 2019]	Heart_web
[Fri May 10 23:35:01 2019]	Heart_mobile
[Fri May 10 23:40:00 2019]	Heart_web
[Fri May 10 23:40:00 2019]	Heart_mobile
[Fri May 10 23:40:00 2019]	Heart_web
[Fri May 10 23:40:00 2019]	Heart_mobile
[Fri May 10 23:40:00 2019]	Heart_web
[Fri May 10 23:40:00 2019]	Heart_mobile
[Fri May 10 23:40:01 2019]	Heart_web
[Fri May 10 23:40:01 2019]	Heart_mobile
[Fri May 10 23:45:00 2019]	Heart_web
[Fri May 10 23:45:00 2019]	Heart_mobile
[Fri May 10 23:45:00 2019]	Heart_web
[Fri May 10 23:45:00 2019]	Heart_mobile
[Fri May 10 23:45:00 2019]	Heart_web
[Fri May 10 23:45:00 2019]	Heart_mobile
[Fri May 10 23:45:01 2019]	Heart_web
[Fri May 10 23:45:01 2019]	Heart_mobile
[Fri May 10 23:50:00 2019]	Heart_web
[Fri May 10 23:50:00 2019]	Heart_mobile
[Fri May 10 23:50:00 2019]	Heart_web
[Fri May 10 23:50:00 2019]	Heart_mobile
[Fri May 10 23:50:00 2019]	Heart_web
[Fri May 10 23:50:00 2019]	Heart_mobile
[Fri May 10 23:50:01 2019]	Heart_web
[Fri May 10 23:50:01 2019]	Heart_mobile
[Fri May 10 23:55:00 2019]	Heart_web
[Fri May 10 23:55:00 2019]	Heart_mobile
[Fri May 10 23:55:00 2019]	Heart_web
[Fri May 10 23:55:00 2019]	Heart_mobile
[Fri May 10 23:55:00 2019]	Heart_web
[Fri May 10 23:55:00 2019]	Heart_mobile
[Fri May 10 23:55:01 2019]	Heart_web
[Fri May 10 23:55:01 2019]	Heart_mobile
[Sat May 11 00:00:00 2019]	Heart_web
[Sat May 11 00:00:00 2019]	Heart_mobile
[Sat May 11 00:00:00 2019]	Heart_web
[Sat May 11 00:00:00 2019]	Heart_mobile
[Sat May 11 00:00:00 2019]	Heart_web
[Sat May 11 00:00:01 2019]	Heart_mobile
[Sat May 11 00:00:01 2019]	Heart_web
[Sat May 11 00:00:01 2019]	Heart_mobile
UPDATE Account SET finished = False,logined = False,watched = False,shared = False,coin_added = False,double_watch = False,s2c = False,signed = False
[u'52032407', u'52038436', u'51963772', u'51993848', u'51971231']
15824397397
zsj0911*
0
av52032407观看成功
银瓜子兑换成功
投币成功
------------------
17367078621
weiyuxin
0
av52032407观看成功
银瓜子兑换成功
投币成功
------------------
15127529708
shijizhe
0.6
av52032407观看成功
银瓜子兑换成功
投币成功
投币失败 硬币不足
投币失败 硬币不足
投币失败 硬币不足
投币失败 硬币不足
------------------
13306522935
zjuZSJ0911*
0
av52032407观看成功
银瓜子兑换成功
投币成功
------------------
[Sat May 11 00:05:00 2019]	Heart_web
[Sat May 11 00:05:00 2019]	Heart_mobile
[Sat May 11 00:05:00 2019]	Heart_web
[Sat May 11 00:05:00 2019]	Heart_mobile
[Sat May 11 00:05:00 2019]	Heart_web
[Sat May 11 00:05:00 2019]	Heart_mobile
[Sat May 11 00:05:00 2019]	Heart_web
[Sat May 11 00:05:00 2019]	Heart_mobile
[Sat May 11 00:10:00 2019]	Heart_web
[Sat May 11 00:10:00 2019]	Heart_mobile
[Sat May 11 00:10:00 2019]	Heart_web
[Sat May 11 00:10:00 2019]	Heart_mobile
[Sat May 11 00:10:00 2019]	Heart_web
[Sat May 11 00:10:00 2019]	Heart_mobile
[Sat May 11 00:10:01 2019]	Heart_web
[Sat May 11 00:10:01 2019]	Heart_mobile
[Sat May 11 00:15:00 2019]	Heart_web
[Sat May 11 00:15:00 2019]	Heart_mobile
[Sat May 11 00:15:00 2019]	Heart_web
[Sat May 11 00:15:00 2019]	Heart_mobile
[Sat May 11 00:15:00 2019]	Heart_web
[Sat May 11 00:15:00 2019]	Heart_mobile
[Sat May 11 00:15:00 2019]	Heart_web
[Sat May 11 00:15:00 2019]	Heart_mobile
[Sat May 11 00:20:00 2019]	Heart_web
[Sat May 11 00:20:00 2019]	Heart_mobile
[Sat May 11 00:20:00 2019]	Heart_web
[Sat May 11 00:20:00 2019]	Heart_mobile
[Sat May 11 00:20:00 2019]	Heart_web
[Sat May 11 00:20:00 2019]	Heart_mobile
[Sat May 11 00:20:01 2019]	Heart_web
[Sat May 11 00:20:01 2019]	Heart_mobile
[Sat May 11 00:25:00 2019]	Heart_web
[Sat May 11 00:25:00 2019]	Heart_mobile
[Sat May 11 00:25:00 2019]	Heart_web
[Sat May 11 00:25:00 2019]	Heart_mobile
[Sat May 11 00:25:00 2019]	Heart_web
[Sat May 11 00:25:00 2019]	Heart_mobile
[Sat May 11 00:25:01 2019]	Heart_web
[Sat May 11 00:25:01 2019]	Heart_mobile
[Sat May 11 00:30:00 2019]	Heart_web
[Sat May 11 00:30:00 2019]	Heart_mobile
[Sat May 11 00:30:00 2019]	Heart_web
[Sat May 11 00:30:00 2019]	Heart_mobile
[Sat May 11 00:30:00 2019]	Heart_web
[Sat May 11 00:30:00 2019]	Heart_mobile
[Sat May 11 00:30:00 2019]	Heart_web
[Sat May 11 00:30:00 2019]	Heart_mobile
[Sat May 11 00:35:00 2019]	Heart_web
[Sat May 11 00:35:00 2019]	Heart_mobile
[Sat May 11 00:35:00 2019]	Heart_web
[Sat May 11 00:35:00 2019]	Heart_mobile
[Sat May 11 00:35:00 2019]	Heart_web
[Sat May 11 00:35:00 2019]	Heart_mobile
[Sat May 11 00:35:00 2019]	Heart_web
[Sat May 11 00:35:00 2019]	Heart_mobile
[Sat May 11 00:40:00 2019]	Heart_web
[Sat May 11 00:40:00 2019]	Heart_mobile
[Sat May 11 00:40:00 2019]	Heart_web
[Sat May 11 00:40:00 2019]	Heart_mobile
[Sat May 11 00:40:00 2019]	Heart_web
[Sat May 11 00:40:00 2019]	Heart_mobile
[Sat May 11 00:40:00 2019]	Heart_web
[Sat May 11 00:40:01 2019]	Heart_mobile
[Sat May 11 00:45:00 2019]	Heart_web
[Sat May 11 00:45:00 2019]	Heart_mobile
[Sat May 11 00:45:00 2019]	Heart_web
[Sat May 11 00:45:00 2019]	Heart_mobile
[Sat May 11 00:45:00 2019]	Heart_web
[Sat May 11 00:45:00 2019]	Heart_mobile
[Sat May 11 00:45:00 2019]	Heart_web
[Sat May 11 00:45:00 2019]	Heart_mobile
[Sat May 11 00:50:00 2019]	Heart_web
[Sat May 11 00:50:00 2019]	Heart_mobile
[Sat May 11 00:50:00 2019]	Heart_web
[Sat May 11 00:50:00 2019]	Heart_mobile
[Sat May 11 00:50:00 2019]	Heart_web
[Sat May 11 00:50:00 2019]	Heart_mobile
[Sat May 11 00:50:01 2019]	Heart_web
[Sat May 11 00:50:01 2019]	Heart_mobile
[Sat May 11 00:55:00 2019]	Heart_web
[Sat May 11 00:55:00 2019]	Heart_mobile
[Sat May 11 00:55:00 2019]	Heart_web
[Sat May 11 00:55:00 2019]	Heart_mobile
[Sat May 11 00:55:00 2019]	Heart_web
[Sat May 11 00:55:00 2019]	Heart_mobile
[Sat May 11 00:55:00 2019]	Heart_web
[Sat May 11 00:55:00 2019]	Heart_mobile
[Sat May 11 01:00:00 2019]	Heart_web
[Sat May 11 01:00:00 2019]	Heart_mobile
[Sat May 11 01:00:00 2019]	Heart_web
[Sat May 11 01:00:00 2019]	Heart_mobile
[Sat May 11 01:00:00 2019]	Heart_web
[Sat May 11 01:00:00 2019]	Heart_mobile
[Sat May 11 01:00:01 2019]	Heart_web
[Sat May 11 01:00:01 2019]	Heart_mobile
[u'52032407', u'52038436', u'51963772', u'51993848', u'51971231']
15824397397
zsj0911*
1

av52032407观看成功
今日已换硬币
投币成功
------------------
17367078621
weiyuxin
1

av52032407观看成功
今日已换硬币
投币成功
------------------
15127529708
shijizhe
1.6

av52032407观看成功
今日已换硬币
投币成功
投币失败 硬币不足
投币失败 硬币不足
投币失败 硬币不足
------------------
13306522935
zjuZSJ0911*
1

av52032407观看成功
今日已换硬币
投币成功
------------------
[Sat May 11 01:05:00 2019]	Heart_web
[Sat May 11 01:05:00 2019]	Heart_mobile
[Sat May 11 01:05:00 2019]	Heart_web
[Sat May 11 01:05:00 2019]	Heart_mobile
[Sat May 11 01:05:00 2019]	Heart_web
[Sat May 11 01:05:00 2019]	Heart_mobile
[Sat May 11 01:05:01 2019]	Heart_web
[Sat May 11 01:05:01 2019]	Heart_mobile
[Sat May 11 01:10:00 2019]	Heart_web
[Sat May 11 01:10:00 2019]	Heart_mobile
[Sat May 11 01:10:00 2019]	Heart_web
[Sat May 11 01:10:00 2019]	Heart_mobile
[Sat May 11 01:10:00 2019]	Heart_web
[Sat May 11 01:10:00 2019]	Heart_mobile
[Sat May 11 01:10:01 2019]	Heart_web
[Sat May 11 01:10:01 2019]	Heart_mobile
[Sat May 11 01:15:00 2019]	Heart_web
[Sat May 11 01:15:00 2019]	Heart_mobile
[Sat May 11 01:15:00 2019]	Heart_web
[Sat May 11 01:15:00 2019]	Heart_mobile
[Sat May 11 01:15:00 2019]	Heart_web
[Sat May 11 01:15:00 2019]	Heart_mobile
[Sat May 11 01:15:01 2019]	Heart_web
[Sat May 11 01:15:01 2019]	Heart_mobile
[Sat May 11 01:20:00 2019]	Heart_web
[Sat May 11 01:20:00 2019]	Heart_mobile
[Sat May 11 01:20:00 2019]	Heart_web
[Sat May 11 01:20:00 2019]	Heart_mobile
[Sat May 11 01:20:00 2019]	Heart_web
[Sat May 11 01:20:00 2019]	Heart_mobile
[Sat May 11 01:20:00 2019]	Heart_web
[Sat May 11 01:20:01 2019]	Heart_mobile
[Sat May 11 01:25:00 2019]	Heart_web
[Sat May 11 01:25:00 2019]	Heart_mobile
[Sat May 11 01:25:00 2019]	Heart_web
[Sat May 11 01:25:00 2019]	Heart_mobile
[Sat May 11 01:25:00 2019]	Heart_web
[Sat May 11 01:25:00 2019]	Heart_mobile
[Sat May 11 01:25:01 2019]	Heart_web
[Sat May 11 01:25:01 2019]	Heart_mobile
[Sat May 11 01:30:00 2019]	Heart_web
[Sat May 11 01:30:00 2019]	Heart_mobile
[Sat May 11 01:30:00 2019]	Heart_web
[Sat May 11 01:30:00 2019]	Heart_mobile
[Sat May 11 01:30:00 2019]	Heart_web
[Sat May 11 01:30:00 2019]	Heart_mobile
[Sat May 11 01:30:01 2019]	Heart_web
[Sat May 11 01:30:01 2019]	Heart_mobile
[Sat May 11 01:35:00 2019]	Heart_web
[Sat May 11 01:35:00 2019]	Heart_mobile
[Sat May 11 01:35:00 2019]	Heart_web
[Sat May 11 01:35:00 2019]	Heart_mobile
[Sat May 11 01:35:00 2019]	Heart_web
[Sat May 11 01:35:00 2019]	Heart_mobile
[Sat May 11 01:35:01 2019]	Heart_web
[Sat May 11 01:35:01 2019]	Heart_mobile
[Sat May 11 01:40:00 2019]	Heart_web
[Sat May 11 01:40:00 2019]	Heart_mobile
[Sat May 11 01:40:00 2019]	Heart_web
[Sat May 11 01:40:00 2019]	Heart_mobile
[Sat May 11 01:40:00 2019]	Heart_web
[Sat May 11 01:40:00 2019]	Heart_mobile
[Sat May 11 01:40:00 2019]	Heart_web
[Sat May 11 01:40:00 2019]	Heart_mobile
[Sat May 11 01:45:00 2019]	Heart_web
[Sat May 11 01:45:00 2019]	Heart_mobile
[Sat May 11 01:45:00 2019]	Heart_web
[Sat May 11 01:45:00 2019]	Heart_mobile
[Sat May 11 01:45:00 2019]	Heart_web
[Sat May 11 01:45:00 2019]	Heart_mobile
[Sat May 11 01:45:00 2019]	Heart_web
[Sat May 11 01:45:00 2019]	Heart_mobile
[Sat May 11 01:50:00 2019]	Heart_web
[Sat May 11 01:50:00 2019]	Heart_mobile
[Sat May 11 01:50:00 2019]	Heart_web
[Sat May 11 01:50:00 2019]	Heart_mobile
[Sat May 11 01:50:00 2019]	Heart_web
[Sat May 11 01:50:00 2019]	Heart_mobile
[Sat May 11 01:50:01 2019]	Heart_web
[Sat May 11 01:50:01 2019]	Heart_mobile
[Sat May 11 01:55:00 2019]	Heart_web
[Sat May 11 01:55:00 2019]	Heart_mobile
[Sat May 11 01:55:00 2019]	Heart_web
[Sat May 11 01:55:00 2019]	Heart_mobile
[Sat May 11 01:55:00 2019]	Heart_web
[Sat May 11 01:55:00 2019]	Heart_mobile
[Sat May 11 01:55:00 2019]	Heart_web
[Sat May 11 01:55:00 2019]	Heart_mobile
[Sat May 11 02:00:00 2019]	Heart_web
[Sat May 11 02:00:00 2019]	Heart_mobile
[Sat May 11 02:00:00 2019]	Heart_web
[Sat May 11 02:00:00 2019]	Heart_mobile
[Sat May 11 02:00:00 2019]	Heart_web
[Sat May 11 02:00:00 2019]	Heart_mobile
[Sat May 11 02:00:01 2019]	Heart_web
[Sat May 11 02:00:01 2019]	Heart_mobile
[u'52032407', u'52038436', u'51963772', u'51993848', u'51971231']
15824397397
zsj0911*
0
av52032407观看成功
------------------
17367078621
weiyuxin
0
av52032407观看成功
------------------
15127529708
shijizhe
0.6
av52032407观看成功
投币失败 硬币不足
投币失败 硬币不足
投币失败 硬币不足
------------------
13306522935
zjuZSJ0911*
0
av52032407观看成功
------------------
[Sat May 11 02:05:00 2019]	Heart_web
[Sat May 11 02:05:00 2019]	Heart_mobile
[Sat May 11 02:05:00 2019]	Heart_web
[Sat May 11 02:05:00 2019]	Heart_mobile
[Sat May 11 02:05:00 2019]	Heart_web
[Sat May 11 02:05:00 2019]	Heart_mobile
[Sat May 11 02:05:01 2019]	Heart_web
[Sat May 11 02:05:01 2019]	Heart_mobile
[Sat May 11 02:10:00 2019]	Heart_web
[Sat May 11 02:10:00 2019]	Heart_mobile
[Sat May 11 02:10:00 2019]	Heart_web
[Sat May 11 02:10:00 2019]	Heart_mobile
[Sat May 11 02:10:00 2019]	Heart_web
[Sat May 11 02:10:01 2019]	Heart_mobile
[Sat May 11 02:10:01 2019]	Heart_web
[Sat May 11 02:10:01 2019]	Heart_mobile
[Sat May 11 02:15:00 2019]	Heart_web
[Sat May 11 02:15:00 2019]	Heart_mobile
[Sat May 11 02:15:00 2019]	Heart_web
[Sat May 11 02:15:00 2019]	Heart_mobile
[Sat May 11 02:15:00 2019]	Heart_web
[Sat May 11 02:15:00 2019]	Heart_mobile
[Sat May 11 02:15:00 2019]	Heart_web
[Sat May 11 02:15:01 2019]	Heart_mobile
[Sat May 11 02:20:00 2019]	Heart_web
[Sat May 11 02:20:00 2019]	Heart_mobile
[Sat May 11 02:20:00 2019]	Heart_web
[Sat May 11 02:20:00 2019]	Heart_mobile
[Sat May 11 02:20:00 2019]	Heart_web
[Sat May 11 02:20:00 2019]	Heart_mobile
[Sat May 11 02:20:01 2019]	Heart_web
[Sat May 11 02:20:01 2019]	Heart_mobile
[Sat May 11 02:25:00 2019]	Heart_web
[Sat May 11 02:25:00 2019]	Heart_mobile
[Sat May 11 02:25:00 2019]	Heart_web
[Sat May 11 02:25:00 2019]	Heart_mobile
[Sat May 11 02:25:00 2019]	Heart_web
[Sat May 11 02:25:00 2019]	Heart_mobile
[Sat May 11 02:25:01 2019]	Heart_web
[Sat May 11 02:25:01 2019]	Heart_mobile
[Sat May 11 02:30:00 2019]	Heart_web
[Sat May 11 02:30:00 2019]	Heart_mobile
[Sat May 11 02:30:00 2019]	Heart_web
[Sat May 11 02:30:00 2019]	Heart_mobile
[Sat May 11 02:30:00 2019]	Heart_web
[Sat May 11 02:30:00 2019]	Heart_mobile
[Sat May 11 02:30:00 2019]	Heart_web
[Sat May 11 02:30:01 2019]	Heart_mobile
[Sat May 11 02:35:00 2019]	Heart_web
[Sat May 11 02:35:00 2019]	Heart_mobile
[Sat May 11 02:35:00 2019]	Heart_web
[Sat May 11 02:35:00 2019]	Heart_mobile
[Sat May 11 02:35:00 2019]	Heart_web
[Sat May 11 02:35:00 2019]	Heart_mobile
[Sat May 11 02:35:01 2019]	Heart_web
[Sat May 11 02:35:01 2019]	Heart_mobile
[Sat May 11 02:40:00 2019]	Heart_web
[Sat May 11 02:40:00 2019]	Heart_mobile
[Sat May 11 02:40:00 2019]	Heart_web
[Sat May 11 02:40:00 2019]	Heart_mobile
[Sat May 11 02:40:00 2019]	Heart_web
[Sat May 11 02:40:00 2019]	Heart_mobile
[Sat May 11 02:40:01 2019]	Heart_web
[Sat May 11 02:40:01 2019]	Heart_mobile
[Sat May 11 02:45:00 2019]	Heart_web
[Sat May 11 02:45:00 2019]	Heart_mobile
[Sat May 11 02:45:00 2019]	Heart_web
[Sat May 11 02:45:00 2019]	Heart_mobile
[Sat May 11 02:45:00 2019]	Heart_web
[Sat May 11 02:45:00 2019]	Heart_mobile
[Sat May 11 02:45:00 2019]	Heart_web
[Sat May 11 02:45:00 2019]	Heart_mobile
[Sat May 11 02:50:00 2019]	Heart_web
[Sat May 11 02:50:00 2019]	Heart_mobile
[Sat May 11 02:50:00 2019]	Heart_web
[Sat May 11 02:50:00 2019]	Heart_mobile
[Sat May 11 02:50:00 2019]	Heart_web
[Sat May 11 02:50:00 2019]	Heart_mobile
[Sat May 11 02:50:00 2019]	Heart_web
[Sat May 11 02:50:00 2019]	Heart_mobile
[Sat May 11 02:55:00 2019]	Heart_web
[Sat May 11 02:55:00 2019]	Heart_mobile
[Sat May 11 02:55:00 2019]	Heart_web
[Sat May 11 02:55:00 2019]	Heart_mobile
[Sat May 11 02:55:00 2019]	Heart_web
[Sat May 11 02:55:00 2019]	Heart_mobile
[Sat May 11 02:55:01 2019]	Heart_web
[Sat May 11 02:55:01 2019]	Heart_mobile
[Sat May 11 03:00:00 2019]	Heart_web
[Sat May 11 03:00:00 2019]	Heart_mobile
[Sat May 11 03:00:00 2019]	Heart_web
[Sat May 11 03:00:00 2019]	Heart_mobile
[Sat May 11 03:00:00 2019]	Heart_web
[Sat May 11 03:00:00 2019]	Heart_mobile
[Sat May 11 03:00:00 2019]	Heart_web
[Sat May 11 03:00:00 2019]	Heart_mobile
[u'52032407', u'52038436', u'51963772', u'51993848', u'52049000']
15824397397
zsj0911*
0
------------------
17367078621
weiyuxin
0
------------------
15127529708
shijizhe
0.6
投币失败 硬币不足
投币失败 硬币不足
投币失败 硬币不足
------------------
13306522935
zjuZSJ0911*
0
------------------
[Sat May 11 03:05:00 2019]	Heart_web
[Sat May 11 03:05:00 2019]	Heart_mobile
[Sat May 11 03:05:00 2019]	Heart_web
[Sat May 11 03:05:00 2019]	Heart_mobile
[Sat May 11 03:05:00 2019]	Heart_web
[Sat May 11 03:05:00 2019]	Heart_mobile
[Sat May 11 03:05:01 2019]	Heart_web
[Sat May 11 03:05:01 2019]	Heart_mobile
[Sat May 11 03:10:00 2019]	Heart_web
[Sat May 11 03:10:00 2019]	Heart_mobile
[Sat May 11 03:10:00 2019]	Heart_web
[Sat May 11 03:10:00 2019]	Heart_mobile
[Sat May 11 03:10:00 2019]	Heart_web
[Sat May 11 03:10:00 2019]	Heart_mobile
[Sat May 11 03:10:00 2019]	Heart_web
[Sat May 11 03:10:00 2019]	Heart_mobile
[Sat May 11 03:15:00 2019]	Heart_web
[Sat May 11 03:15:00 2019]	Heart_mobile
[Sat May 11 03:15:00 2019]	Heart_web
[Sat May 11 03:15:00 2019]	Heart_mobile
[Sat May 11 03:15:00 2019]	Heart_web
[Sat May 11 03:15:00 2019]	Heart_mobile
[Sat May 11 03:15:00 2019]	Heart_web
[Sat May 11 03:15:00 2019]	Heart_mobile
[Sat May 11 03:20:00 2019]	Heart_web
[Sat May 11 03:20:00 2019]	Heart_mobile
[Sat May 11 03:20:00 2019]	Heart_web
[Sat May 11 03:20:00 2019]	Heart_mobile
[Sat May 11 03:20:00 2019]	Heart_web
[Sat May 11 03:20:00 2019]	Heart_mobile
[Sat May 11 03:20:01 2019]	Heart_web
[Sat May 11 03:20:01 2019]	Heart_mobile
[Sat May 11 03:25:00 2019]	Heart_web
[Sat May 11 03:25:00 2019]	Heart_mobile
[Sat May 11 03:25:00 2019]	Heart_web
[Sat May 11 03:25:00 2019]	Heart_mobile
[Sat May 11 03:25:00 2019]	Heart_web
[Sat May 11 03:25:00 2019]	Heart_mobile
[Sat May 11 03:25:01 2019]	Heart_web
[Sat May 11 03:25:01 2019]	Heart_mobile
[Sat May 11 03:30:00 2019]	Heart_web
[Sat May 11 03:30:00 2019]	Heart_mobile
[Sat May 11 03:30:00 2019]	Heart_web
[Sat May 11 03:30:00 2019]	Heart_mobile
[Sat May 11 03:30:00 2019]	Heart_web
[Sat May 11 03:30:00 2019]	Heart_mobile
[Sat May 11 03:30:01 2019]	Heart_web
[Sat May 11 03:30:01 2019]	Heart_mobile
[Sat May 11 03:35:00 2019]	Heart_web
[Sat May 11 03:35:00 2019]	Heart_mobile
[Sat May 11 03:35:00 2019]	Heart_web
[Sat May 11 03:35:00 2019]	Heart_mobile
[Sat May 11 03:35:00 2019]	Heart_web
[Sat May 11 03:35:00 2019]	Heart_mobile
[Sat May 11 03:35:00 2019]	Heart_web
[Sat May 11 03:35:00 2019]	Heart_mobile
[Sat May 11 03:40:00 2019]	Heart_web
[Sat May 11 03:40:00 2019]	Heart_mobile
[Sat May 11 03:40:00 2019]	Heart_web
[Sat May 11 03:40:00 2019]	Heart_mobile
[Sat May 11 03:40:00 2019]	Heart_web
[Sat May 11 03:40:00 2019]	Heart_mobile
[Sat May 11 03:40:01 2019]	Heart_web
[Sat May 11 03:40:01 2019]	Heart_mobile
[Sat May 11 03:45:00 2019]	Heart_web
[Sat May 11 03:45:00 2019]	Heart_mobile
[Sat May 11 03:45:00 2019]	Heart_web
[Sat May 11 03:45:00 2019]	Heart_mobile
[Sat May 11 03:45:00 2019]	Heart_web
[Sat May 11 03:45:00 2019]	Heart_mobile
[Sat May 11 03:45:01 2019]	Heart_web
[Sat May 11 03:45:01 2019]	Heart_mobile
[Sat May 11 03:50:00 2019]	Heart_web
[Sat May 11 03:50:00 2019]	Heart_mobile
[Sat May 11 03:50:00 2019]	Heart_web
[Sat May 11 03:50:00 2019]	Heart_mobile
[Sat May 11 03:50:00 2019]	Heart_web
[Sat May 11 03:50:00 2019]	Heart_mobile
[Sat May 11 03:50:01 2019]	Heart_web
[Sat May 11 03:50:01 2019]	Heart_mobile
[Sat May 11 03:55:00 2019]	Heart_web
[Sat May 11 03:55:00 2019]	Heart_mobile
[Sat May 11 03:55:00 2019]	Heart_web
[Sat May 11 03:55:00 2019]	Heart_mobile
[Sat May 11 03:55:00 2019]	Heart_web
[Sat May 11 03:55:00 2019]	Heart_mobile
[Sat May 11 03:55:00 2019]	Heart_web
[Sat May 11 03:55:01 2019]	Heart_mobile
[Sat May 11 04:00:00 2019]	Heart_web
[Sat May 11 04:00:00 2019]	Heart_mobile
[Sat May 11 04:00:00 2019]	Heart_web
[Sat May 11 04:00:00 2019]	Heart_mobile
[Sat May 11 04:00:00 2019]	Heart_web
[Sat May 11 04:00:00 2019]	Heart_mobile
[Sat May 11 04:00:01 2019]	Heart_web
[Sat May 11 04:00:01 2019]	Heart_mobile
[u'52032407', u'52038436', u'51963772', u'51993848', u'52049000']
15824397397
zsj0911*
0
------------------
17367078621
weiyuxin
0
------------------
15127529708
shijizhe
0.6
投币失败 硬币不足
投币失败 硬币不足
投币失败 硬币不足
------------------
13306522935
zjuZSJ0911*
0
------------------
[Sat May 11 04:05:00 2019]	Heart_web
[Sat May 11 04:05:00 2019]	Heart_mobile
[Sat May 11 04:05:00 2019]	Heart_web
[Sat May 11 04:05:00 2019]	Heart_mobile
[Sat May 11 04:05:00 2019]	Heart_web
[Sat May 11 04:05:00 2019]	Heart_mobile
[Sat May 11 04:05:00 2019]	Heart_web
[Sat May 11 04:05:00 2019]	Heart_mobile
[Sat May 11 04:10:00 2019]	Heart_web
[Sat May 11 04:10:00 2019]	Heart_mobile
[Sat May 11 04:10:00 2019]	Heart_web
[Sat May 11 04:10:00 2019]	Heart_mobile
[Sat May 11 04:10:00 2019]	Heart_web
[Sat May 11 04:10:00 2019]	Heart_mobile
[Sat May 11 04:10:01 2019]	Heart_web
[Sat May 11 04:10:01 2019]	Heart_mobile
[Sat May 11 04:15:00 2019]	Heart_web
[Sat May 11 04:15:00 2019]	Heart_mobile
[Sat May 11 04:15:00 2019]	Heart_web
[Sat May 11 04:15:00 2019]	Heart_mobile
[Sat May 11 04:15:00 2019]	Heart_web
[Sat May 11 04:15:00 2019]	Heart_mobile
[Sat May 11 04:15:00 2019]	Heart_web
[Sat May 11 04:15:01 2019]	Heart_mobile
[Sat May 11 04:20:00 2019]	Heart_web
[Sat May 11 04:20:00 2019]	Heart_mobile
[Sat May 11 04:20:00 2019]	Heart_web
[Sat May 11 04:20:00 2019]	Heart_mobile
[Sat May 11 04:20:00 2019]	Heart_web
[Sat May 11 04:20:00 2019]	Heart_mobile
[Sat May 11 04:20:00 2019]	Heart_web
[Sat May 11 04:20:01 2019]	Heart_mobile
[Sat May 11 04:25:00 2019]	Heart_web
[Sat May 11 04:25:00 2019]	Heart_mobile
[Sat May 11 04:25:00 2019]	Heart_web
[Sat May 11 04:25:00 2019]	Heart_mobile
[Sat May 11 04:25:00 2019]	Heart_web
[Sat May 11 04:25:00 2019]	Heart_mobile
[Sat May 11 04:25:01 2019]	Heart_web
[Sat May 11 04:25:01 2019]	Heart_mobile
[Sat May 11 04:30:00 2019]	Heart_web
[Sat May 11 04:30:00 2019]	Heart_mobile
[Sat May 11 04:30:00 2019]	Heart_web
[Sat May 11 04:30:00 2019]	Heart_mobile
[Sat May 11 04:30:00 2019]	Heart_web
[Sat May 11 04:30:00 2019]	Heart_mobile
[Sat May 11 04:30:00 2019]	Heart_web
[Sat May 11 04:30:00 2019]	Heart_mobile
[Sat May 11 04:35:00 2019]	Heart_web
[Sat May 11 04:35:00 2019]	Heart_mobile
[Sat May 11 04:35:00 2019]	Heart_web
[Sat May 11 04:35:00 2019]	Heart_mobile
[Sat May 11 04:35:00 2019]	Heart_web
[Sat May 11 04:35:00 2019]	Heart_mobile
[Sat May 11 04:35:00 2019]	Heart_web
[Sat May 11 04:35:00 2019]	Heart_mobile
[Sat May 11 04:40:00 2019]	Heart_web
[Sat May 11 04:40:00 2019]	Heart_mobile
[Sat May 11 04:40:00 2019]	Heart_web
[Sat May 11 04:40:00 2019]	Heart_mobile
[Sat May 11 04:40:00 2019]	Heart_web
[Sat May 11 04:40:00 2019]	Heart_mobile
[Sat May 11 04:40:00 2019]	Heart_web
[Sat May 11 04:40:00 2019]	Heart_mobile
[Sat May 11 04:45:00 2019]	Heart_web
[Sat May 11 04:45:00 2019]	Heart_mobile
[Sat May 11 04:45:00 2019]	Heart_web
[Sat May 11 04:45:00 2019]	Heart_mobile
[Sat May 11 04:45:00 2019]	Heart_web
[Sat May 11 04:45:00 2019]	Heart_mobile
[Sat May 11 04:45:00 2019]	Heart_web
[Sat May 11 04:45:01 2019]	Heart_mobile
[Sat May 11 04:50:00 2019]	Heart_web
[Sat May 11 04:50:00 2019]	Heart_mobile
[Sat May 11 04:50:00 2019]	Heart_web
[Sat May 11 04:50:00 2019]	Heart_mobile
[Sat May 11 04:50:00 2019]	Heart_web
[Sat May 11 04:50:00 2019]	Heart_mobile
[Sat May 11 04:50:01 2019]	Heart_web
[Sat May 11 04:50:01 2019]	Heart_mobile
[Sat May 11 04:55:00 2019]	Heart_web
[Sat May 11 04:55:00 2019]	Heart_mobile
[Sat May 11 04:55:00 2019]	Heart_web
[Sat May 11 04:55:00 2019]	Heart_mobile
[Sat May 11 04:55:00 2019]	Heart_web
[Sat May 11 04:55:00 2019]	Heart_mobile
[Sat May 11 04:55:01 2019]	Heart_web
[Sat May 11 04:55:01 2019]	Heart_mobile
[Sat May 11 05:00:00 2019]	Heart_web
[Sat May 11 05:00:00 2019]	Heart_mobile
[Sat May 11 05:00:00 2019]	Heart_web
[Sat May 11 05:00:00 2019]	Heart_mobile
[Sat May 11 05:00:00 2019]	Heart_web
[Sat May 11 05:00:00 2019]	Heart_mobile
[Sat May 11 05:00:01 2019]	Heart_web
[Sat May 11 05:00:01 2019]	Heart_mobile
[u'52032407', u'52007973', u'52038436', u'51963772', u'51993848']
15824397397
zsj0911*
0
------------------
17367078621
weiyuxin
0
------------------
15127529708
shijizhe
0.6
投币失败 硬币不足
投币失败 硬币不足
投币失败 硬币不足
------------------
13306522935
zjuZSJ0911*
0
------------------
[Sat May 11 05:05:00 2019]	Heart_web
[Sat May 11 05:05:00 2019]	Heart_mobile
[Sat May 11 05:05:00 2019]	Heart_web
[Sat May 11 05:05:00 2019]	Heart_mobile
[Sat May 11 05:05:00 2019]	Heart_web
[Sat May 11 05:05:00 2019]	Heart_mobile
[Sat May 11 05:05:00 2019]	Heart_web
[Sat May 11 05:05:00 2019]	Heart_mobile
[Sat May 11 05:10:00 2019]	Heart_web
[Sat May 11 05:10:00 2019]	Heart_mobile
[Sat May 11 05:10:00 2019]	Heart_web
[Sat May 11 05:10:00 2019]	Heart_mobile
[Sat May 11 05:10:00 2019]	Heart_web
[Sat May 11 05:10:00 2019]	Heart_mobile
[Sat May 11 05:10:00 2019]	Heart_web
[Sat May 11 05:10:00 2019]	Heart_mobile
[Sat May 11 05:15:00 2019]	Heart_web
[Sat May 11 05:15:00 2019]	Heart_mobile
[Sat May 11 05:15:00 2019]	Heart_web
[Sat May 11 05:15:00 2019]	Heart_mobile
[Sat May 11 05:15:00 2019]	Heart_web
[Sat May 11 05:15:00 2019]	Heart_mobile
[Sat May 11 05:15:00 2019]	Heart_web
[Sat May 11 05:15:00 2019]	Heart_mobile
[Sat May 11 05:20:00 2019]	Heart_web
[Sat May 11 05:20:00 2019]	Heart_mobile
[Sat May 11 05:20:00 2019]	Heart_web
[Sat May 11 05:20:00 2019]	Heart_mobile
[Sat May 11 05:20:00 2019]	Heart_web
[Sat May 11 05:20:00 2019]	Heart_mobile
[Sat May 11 05:20:00 2019]	Heart_web
[Sat May 11 05:20:00 2019]	Heart_mobile
[Sat May 11 05:25:00 2019]	Heart_web
[Sat May 11 05:25:00 2019]	Heart_mobile
[Sat May 11 05:25:00 2019]	Heart_web
[Sat May 11 05:25:00 2019]	Heart_mobile
[Sat May 11 05:25:00 2019]	Heart_web
[Sat May 11 05:25:00 2019]	Heart_mobile
[Sat May 11 05:25:01 2019]	Heart_web
[Sat May 11 05:25:01 2019]	Heart_mobile
[Sat May 11 05:30:00 2019]	Heart_web
[Sat May 11 05:30:00 2019]	Heart_mobile
[Sat May 11 05:30:00 2019]	Heart_web
[Sat May 11 05:30:00 2019]	Heart_mobile
[Sat May 11 05:30:00 2019]	Heart_web
[Sat May 11 05:30:00 2019]	Heart_mobile
[Sat May 11 05:30:01 2019]	Heart_web
[Sat May 11 05:30:01 2019]	Heart_mobile
[Sat May 11 05:35:00 2019]	Heart_web
[Sat May 11 05:35:00 2019]	Heart_mobile
[Sat May 11 05:35:00 2019]	Heart_web
[Sat May 11 05:35:00 2019]	Heart_mobile
[Sat May 11 05:35:00 2019]	Heart_web
[Sat May 11 05:35:00 2019]	Heart_mobile
[Sat May 11 05:35:01 2019]	Heart_web
[Sat May 11 05:35:01 2019]	Heart_mobile
[Sat May 11 05:40:00 2019]	Heart_web
[Sat May 11 05:40:00 2019]	Heart_mobile
[Sat May 11 05:40:00 2019]	Heart_web
[Sat May 11 05:40:00 2019]	Heart_mobile
[Sat May 11 05:40:00 2019]	Heart_web
[Sat May 11 05:40:00 2019]	Heart_mobile
[Sat May 11 05:40:00 2019]	Heart_web
[Sat May 11 05:40:00 2019]	Heart_mobile
[Sat May 11 05:45:00 2019]	Heart_web
[Sat May 11 05:45:00 2019]	Heart_mobile
[Sat May 11 05:45:00 2019]	Heart_web
[Sat May 11 05:45:00 2019]	Heart_mobile
[Sat May 11 05:45:00 2019]	Heart_web
[Sat May 11 05:45:00 2019]	Heart_mobile
[Sat May 11 05:45:00 2019]	Heart_web
[Sat May 11 05:45:00 2019]	Heart_mobile
[Sat May 11 05:50:00 2019]	Heart_web
[Sat May 11 05:50:00 2019]	Heart_mobile
[Sat May 11 05:50:00 2019]	Heart_web
[Sat May 11 05:50:00 2019]	Heart_mobile
[Sat May 11 05:50:00 2019]	Heart_web
[Sat May 11 05:50:00 2019]	Heart_mobile
[Sat May 11 05:50:00 2019]	Heart_web
[Sat May 11 05:50:00 2019]	Heart_mobile
[Sat May 11 05:55:00 2019]	Heart_web
[Sat May 11 05:55:00 2019]	Heart_mobile
[Sat May 11 05:55:00 2019]	Heart_web
[Sat May 11 05:55:00 2019]	Heart_mobile
[Sat May 11 05:55:00 2019]	Heart_web
[Sat May 11 05:55:00 2019]	Heart_mobile
[Sat May 11 05:55:00 2019]	Heart_web
[Sat May 11 05:55:00 2019]	Heart_mobile
[Sat May 11 06:00:00 2019]	Heart_web
[Sat May 11 06:00:00 2019]	Heart_mobile
[Sat May 11 06:00:00 2019]	Heart_web
[Sat May 11 06:00:00 2019]	Heart_mobile
[Sat May 11 06:00:00 2019]	Heart_web
[Sat May 11 06:00:00 2019]	Heart_mobile
[Sat May 11 06:00:00 2019]	Heart_web
[Sat May 11 06:00:00 2019]	Heart_mobile
[u'52032407', u'52007973', u'52038436', u'51963772', u'51993848']
15824397397
zsj0911*
0
------------------
17367078621
weiyuxin
0
------------------
15127529708
shijizhe
0.6
投币失败 硬币不足
投币失败 硬币不足
投币失败 硬币不足
------------------
13306522935
zjuZSJ0911*
0
------------------
[Sat May 11 06:05:00 2019]	Heart_web
[Sat May 11 06:05:00 2019]	Heart_mobile
[Sat May 11 06:05:00 2019]	Heart_web
[Sat May 11 06:05:00 2019]	Heart_mobile
[Sat May 11 06:05:00 2019]	Heart_web
[Sat May 11 06:05:00 2019]	Heart_mobile
[Sat May 11 06:05:00 2019]	Heart_web
[Sat May 11 06:05:00 2019]	Heart_mobile
[Sat May 11 06:10:00 2019]	Heart_web
[Sat May 11 06:10:00 2019]	Heart_mobile
[Sat May 11 06:10:00 2019]	Heart_web
[Sat May 11 06:10:00 2019]	Heart_mobile
[Sat May 11 06:10:00 2019]	Heart_web
[Sat May 11 06:10:00 2019]	Heart_mobile
[Sat May 11 06:10:00 2019]	Heart_web
[Sat May 11 06:10:00 2019]	Heart_mobile
[Sat May 11 06:15:00 2019]	Heart_web
[Sat May 11 06:15:00 2019]	Heart_mobile
[Sat May 11 06:15:00 2019]	Heart_web
[Sat May 11 06:15:00 2019]	Heart_mobile
[Sat May 11 06:15:00 2019]	Heart_web
[Sat May 11 06:15:00 2019]	Heart_mobile
[Sat May 11 06:15:00 2019]	Heart_web
[Sat May 11 06:15:01 2019]	Heart_mobile
[Sat May 11 06:20:00 2019]	Heart_web
[Sat May 11 06:20:00 2019]	Heart_mobile
[Sat May 11 06:20:00 2019]	Heart_web
[Sat May 11 06:20:00 2019]	Heart_mobile
[Sat May 11 06:20:00 2019]	Heart_web
[Sat May 11 06:20:00 2019]	Heart_mobile
[Sat May 11 06:20:01 2019]	Heart_web
[Sat May 11 06:20:01 2019]	Heart_mobile
[Sat May 11 06:25:00 2019]	Heart_web
[Sat May 11 06:25:00 2019]	Heart_mobile
[Sat May 11 06:25:00 2019]	Heart_web
[Sat May 11 06:25:00 2019]	Heart_mobile
[Sat May 11 06:25:00 2019]	Heart_web
[Sat May 11 06:25:01 2019]	Heart_mobile
[Sat May 11 06:25:01 2019]	Heart_web
[Sat May 11 06:25:01 2019]	Heart_mobile
[Sat May 11 06:30:00 2019]	Heart_web
[Sat May 11 06:30:00 2019]	Heart_mobile
[Sat May 11 06:30:00 2019]	Heart_web
[Sat May 11 06:30:00 2019]	Heart_mobile
[Sat May 11 06:30:00 2019]	Heart_web
[Sat May 11 06:30:00 2019]	Heart_mobile
[Sat May 11 06:30:01 2019]	Heart_web
[Sat May 11 06:30:01 2019]	Heart_mobile
[Sat May 11 06:35:00 2019]	Heart_web
[Sat May 11 06:35:00 2019]	Heart_mobile
[Sat May 11 06:35:00 2019]	Heart_web
[Sat May 11 06:35:00 2019]	Heart_mobile
[Sat May 11 06:35:00 2019]	Heart_web
[Sat May 11 06:35:00 2019]	Heart_mobile
[Sat May 11 06:35:00 2019]	Heart_web
[Sat May 11 06:35:00 2019]	Heart_mobile
[Sat May 11 06:40:00 2019]	Heart_web
[Sat May 11 06:40:00 2019]	Heart_mobile
[Sat May 11 06:40:00 2019]	Heart_web
[Sat May 11 06:40:00 2019]	Heart_mobile
[Sat May 11 06:40:00 2019]	Heart_web
[Sat May 11 06:40:00 2019]	Heart_mobile
[Sat May 11 06:40:00 2019]	Heart_web
[Sat May 11 06:40:00 2019]	Heart_mobile
[Sat May 11 06:45:00 2019]	Heart_web
[Sat May 11 06:45:00 2019]	Heart_mobile
[Sat May 11 06:45:00 2019]	Heart_web
[Sat May 11 06:45:00 2019]	Heart_mobile
[Sat May 11 06:45:00 2019]	Heart_web
[Sat May 11 06:45:00 2019]	Heart_mobile
[Sat May 11 06:45:00 2019]	Heart_web
[Sat May 11 06:45:00 2019]	Heart_mobile
[Sat May 11 06:50:00 2019]	Heart_web
[Sat May 11 06:50:00 2019]	Heart_mobile
[Sat May 11 06:50:00 2019]	Heart_web
[Sat May 11 06:50:00 2019]	Heart_mobile
[Sat May 11 06:50:00 2019]	Heart_web
[Sat May 11 06:50:00 2019]	Heart_mobile
[Sat May 11 06:50:00 2019]	Heart_web
[Sat May 11 06:50:00 2019]	Heart_mobile
[Sat May 11 06:55:00 2019]	Heart_web
[Sat May 11 06:55:00 2019]	Heart_mobile
[Sat May 11 06:55:00 2019]	Heart_web
[Sat May 11 06:55:00 2019]	Heart_mobile
[Sat May 11 06:55:00 2019]	Heart_web
[Sat May 11 06:55:00 2019]	Heart_mobile
[Sat May 11 06:55:00 2019]	Heart_web
[Sat May 11 06:55:00 2019]	Heart_mobile
[Sat May 11 07:00:00 2019]	Heart_web
[Sat May 11 07:00:00 2019]	Heart_mobile
[Sat May 11 07:00:00 2019]	Heart_web
[Sat May 11 07:00:00 2019]	Heart_mobile
[Sat May 11 07:00:00 2019]	Heart_web
[Sat May 11 07:00:00 2019]	Heart_mobile
[Sat May 11 07:00:00 2019]	Heart_web
[Sat May 11 07:00:00 2019]	Heart_mobile
[u'52032407', u'52007973', u'52038436', u'51963772', u'51993848']
15824397397
zsj0911*
0
------------------
17367078621
weiyuxin
0
------------------
15127529708
shijizhe
0.6
投币失败 硬币不足
投币失败 硬币不足
投币失败 硬币不足
------------------
13306522935
zjuZSJ0911*
0
------------------
[Sat May 11 07:05:00 2019]	Heart_web
[Sat May 11 07:05:00 2019]	Heart_mobile
[Sat May 11 07:05:00 2019]	Heart_web
[Sat May 11 07:05:00 2019]	Heart_mobile
[Sat May 11 07:05:00 2019]	Heart_web
[Sat May 11 07:05:00 2019]	Heart_mobile
[Sat May 11 07:05:00 2019]	Heart_web
[Sat May 11 07:05:00 2019]	Heart_mobile
[Sat May 11 07:10:00 2019]	Heart_web
[Sat May 11 07:10:00 2019]	Heart_mobile
[Sat May 11 07:10:00 2019]	Heart_web
[Sat May 11 07:10:00 2019]	Heart_mobile
[Sat May 11 07:10:00 2019]	Heart_web
[Sat May 11 07:10:00 2019]	Heart_mobile
[Sat May 11 07:10:00 2019]	Heart_web
[Sat May 11 07:10:00 2019]	Heart_mobile
[Sat May 11 07:15:00 2019]	Heart_web
[Sat May 11 07:15:00 2019]	Heart_mobile
[Sat May 11 07:15:00 2019]	Heart_web
[Sat May 11 07:15:00 2019]	Heart_mobile
[Sat May 11 07:15:00 2019]	Heart_web
[Sat May 11 07:15:00 2019]	Heart_mobile
[Sat May 11 07:15:00 2019]	Heart_web
[Sat May 11 07:15:00 2019]	Heart_mobile
[Sat May 11 07:20:00 2019]	Heart_web
[Sat May 11 07:20:00 2019]	Heart_mobile
[Sat May 11 07:20:00 2019]	Heart_web
[Sat May 11 07:20:00 2019]	Heart_mobile
[Sat May 11 07:20:00 2019]	Heart_web
[Sat May 11 07:20:00 2019]	Heart_mobile
[Sat May 11 07:20:01 2019]	Heart_web
[Sat May 11 07:20:01 2019]	Heart_mobile
[Sat May 11 07:25:00 2019]	Heart_web
[Sat May 11 07:25:00 2019]	Heart_mobile
[Sat May 11 07:25:00 2019]	Heart_web
[Sat May 11 07:25:00 2019]	Heart_mobile
[Sat May 11 07:25:00 2019]	Heart_web
[Sat May 11 07:25:00 2019]	Heart_mobile
[Sat May 11 07:25:00 2019]	Heart_web
[Sat May 11 07:25:00 2019]	Heart_mobile
[Sat May 11 07:30:00 2019]	Heart_web
[Sat May 11 07:30:00 2019]	Heart_mobile
[Sat May 11 07:30:00 2019]	Heart_web
[Sat May 11 07:30:00 2019]	Heart_mobile
[Sat May 11 07:30:00 2019]	Heart_web
[Sat May 11 07:30:00 2019]	Heart_mobile
[Sat May 11 07:30:01 2019]	Heart_web
[Sat May 11 07:30:01 2019]	Heart_mobile
[Sat May 11 07:35:00 2019]	Heart_web
[Sat May 11 07:35:00 2019]	Heart_mobile
[Sat May 11 07:35:00 2019]	Heart_web
[Sat May 11 07:35:00 2019]	Heart_mobile
[Sat May 11 07:35:00 2019]	Heart_web
[Sat May 11 07:35:00 2019]	Heart_mobile
[Sat May 11 07:35:00 2019]	Heart_web
[Sat May 11 07:35:00 2019]	Heart_mobile
[Sat May 11 07:40:00 2019]	Heart_web
[Sat May 11 07:40:00 2019]	Heart_mobile
[Sat May 11 07:40:00 2019]	Heart_web
[Sat May 11 07:40:00 2019]	Heart_mobile
[Sat May 11 07:40:00 2019]	Heart_web
[Sat May 11 07:40:00 2019]	Heart_mobile
[Sat May 11 07:40:00 2019]	Heart_web
[Sat May 11 07:40:00 2019]	Heart_mobile
[Sat May 11 07:45:00 2019]	Heart_web
[Sat May 11 07:45:00 2019]	Heart_mobile
[Sat May 11 07:45:00 2019]	Heart_web
[Sat May 11 07:45:00 2019]	Heart_mobile
[Sat May 11 07:45:00 2019]	Heart_web
[Sat May 11 07:45:00 2019]	Heart_mobile
[Sat May 11 07:45:01 2019]	Heart_web
[Sat May 11 07:45:01 2019]	Heart_mobile
[Sat May 11 07:50:00 2019]	Heart_web
[Sat May 11 07:50:00 2019]	Heart_mobile
[Sat May 11 07:50:00 2019]	Heart_web
[Sat May 11 07:50:00 2019]	Heart_mobile
[Sat May 11 07:50:00 2019]	Heart_web
[Sat May 11 07:50:00 2019]	Heart_mobile
[Sat May 11 07:50:01 2019]	Heart_web
[Sat May 11 07:50:01 2019]	Heart_mobile
[Sat May 11 07:55:00 2019]	Heart_web
[Sat May 11 07:55:00 2019]	Heart_mobile
[Sat May 11 07:55:00 2019]	Heart_web
[Sat May 11 07:55:00 2019]	Heart_mobile
[Sat May 11 07:55:00 2019]	Heart_web
[Sat May 11 07:55:00 2019]	Heart_mobile
[Sat May 11 07:55:01 2019]	Heart_web
[Sat May 11 07:55:01 2019]	Heart_mobile
[Sat May 11 08:00:00 2019]	Heart_web
[Sat May 11 08:00:00 2019]	Heart_mobile
[Sat May 11 08:00:00 2019]	Heart_web
[Sat May 11 08:00:00 2019]	Heart_mobile
[Sat May 11 08:00:00 2019]	Heart_web
[Sat May 11 08:00:00 2019]	Heart_mobile
[Sat May 11 08:00:01 2019]	Heart_web
[Sat May 11 08:00:01 2019]	Heart_mobile
[u'52032407', u'52038436', u'51963772', u'51993848', u'52049000']
15824397397
zsj0911*
0
------------------
17367078621
weiyuxin
0
------------------
15127529708
shijizhe
0.6
投币失败 硬币不足
投币失败 硬币不足
投币失败 硬币不足
------------------
13306522935
zjuZSJ0911*
0
------------------
[Sat May 11 08:05:00 2019]	Heart_web
[Sat May 11 08:05:00 2019]	Heart_mobile
[Sat May 11 08:05:00 2019]	Heart_web
[Sat May 11 08:05:00 2019]	Heart_mobile
[Sat May 11 08:05:00 2019]	Heart_web
[Sat May 11 08:05:00 2019]	Heart_mobile
[Sat May 11 08:05:00 2019]	Heart_web
[Sat May 11 08:05:00 2019]	Heart_mobile
[Sat May 11 08:10:00 2019]	Heart_web
[Sat May 11 08:10:00 2019]	Heart_mobile
[Sat May 11 08:10:00 2019]	Heart_web
[Sat May 11 08:10:00 2019]	Heart_mobile
[Sat May 11 08:10:00 2019]	Heart_web
[Sat May 11 08:10:00 2019]	Heart_mobile
[Sat May 11 08:10:00 2019]	Heart_web
[Sat May 11 08:10:00 2019]	Heart_mobile
[Sat May 11 08:15:00 2019]	Heart_web
[Sat May 11 08:15:00 2019]	Heart_mobile
[Sat May 11 08:15:00 2019]	Heart_web
[Sat May 11 08:15:00 2019]	Heart_mobile
[Sat May 11 08:15:00 2019]	Heart_web
[Sat May 11 08:15:00 2019]	Heart_mobile
[Sat May 11 08:15:00 2019]	Heart_web
[Sat May 11 08:15:00 2019]	Heart_mobile
[Sat May 11 08:20:00 2019]	Heart_web
[Sat May 11 08:20:00 2019]	Heart_mobile
[Sat May 11 08:20:00 2019]	Heart_web
[Sat May 11 08:20:00 2019]	Heart_mobile
[Sat May 11 08:20:00 2019]	Heart_web
[Sat May 11 08:20:00 2019]	Heart_mobile
[Sat May 11 08:20:00 2019]	Heart_web
[Sat May 11 08:20:00 2019]	Heart_mobile
[Sat May 11 08:25:00 2019]	Heart_web
[Sat May 11 08:25:00 2019]	Heart_mobile
[Sat May 11 08:25:00 2019]	Heart_web
[Sat May 11 08:25:00 2019]	Heart_mobile
[Sat May 11 08:25:00 2019]	Heart_web
[Sat May 11 08:25:00 2019]	Heart_mobile
[Sat May 11 08:25:00 2019]	Heart_web
[Sat May 11 08:25:01 2019]	Heart_mobile
[Sat May 11 08:30:00 2019]	Heart_web
[Sat May 11 08:30:00 2019]	Heart_mobile
[Sat May 11 08:30:00 2019]	Heart_web
[Sat May 11 08:30:00 2019]	Heart_mobile
[Sat May 11 08:30:00 2019]	Heart_web
[Sat May 11 08:30:00 2019]	Heart_mobile
[Sat May 11 08:30:00 2019]	Heart_web
[Sat May 11 08:30:01 2019]	Heart_mobile
[Sat May 11 08:35:00 2019]	Heart_web
[Sat May 11 08:35:00 2019]	Heart_mobile
[Sat May 11 08:35:00 2019]	Heart_web
[Sat May 11 08:35:00 2019]	Heart_mobile
[Sat May 11 08:35:00 2019]	Heart_web
[Sat May 11 08:35:00 2019]	Heart_mobile
[Sat May 11 08:35:00 2019]	Heart_web
[Sat May 11 08:35:00 2019]	Heart_mobile
[Sat May 11 08:40:00 2019]	Heart_web
[Sat May 11 08:40:00 2019]	Heart_mobile
[Sat May 11 08:40:00 2019]	Heart_web
[Sat May 11 08:40:00 2019]	Heart_mobile
[Sat May 11 08:40:00 2019]	Heart_web
[Sat May 11 08:40:00 2019]	Heart_mobile
[Sat May 11 08:40:01 2019]	Heart_web
[Sat May 11 08:40:01 2019]	Heart_mobile
[Sat May 11 08:45:00 2019]	Heart_web
[Sat May 11 08:45:00 2019]	Heart_mobile
[Sat May 11 08:45:00 2019]	Heart_web
[Sat May 11 08:45:00 2019]	Heart_mobile
[Sat May 11 08:45:00 2019]	Heart_web
[Sat May 11 08:45:00 2019]	Heart_mobile
[Sat May 11 08:45:00 2019]	Heart_web
[Sat May 11 08:45:00 2019]	Heart_mobile
[Sat May 11 08:50:00 2019]	Heart_web
[Sat May 11 08:50:00 2019]	Heart_mobile
[Sat May 11 08:50:00 2019]	Heart_web
[Sat May 11 08:50:00 2019]	Heart_mobile
[Sat May 11 08:50:00 2019]	Heart_web
[Sat May 11 08:50:00 2019]	Heart_mobile
[Sat May 11 08:50:01 2019]	Heart_web
[Sat May 11 08:50:01 2019]	Heart_mobile
[Sat May 11 08:55:00 2019]	Heart_web
[Sat May 11 08:55:00 2019]	Heart_mobile
[Sat May 11 08:55:00 2019]	Heart_web
[Sat May 11 08:55:00 2019]	Heart_mobile
[Sat May 11 08:55:00 2019]	Heart_web
[Sat May 11 08:55:00 2019]	Heart_mobile
[Sat May 11 08:55:01 2019]	Heart_web
[Sat May 11 08:55:01 2019]	Heart_mobile
[Sat May 11 09:00:00 2019]	Heart_web
[Sat May 11 09:00:00 2019]	Heart_mobile
[Sat May 11 09:00:00 2019]	Heart_web
[Sat May 11 09:00:00 2019]	Heart_mobile
[Sat May 11 09:00:00 2019]	Heart_web
[Sat May 11 09:00:00 2019]	Heart_mobile
[Sat May 11 09:00:01 2019]	Heart_web
[Sat May 11 09:00:01 2019]	Heart_mobile
[u'52032407', u'52038436', u'51963772', u'52049000', u'51971231']
15824397397
zsj0911*
0
------------------
17367078621
weiyuxin
0
------------------
15127529708
shijizhe
0.6
投币失败 硬币不足
投币失败 硬币不足
投币失败 硬币不足
------------------
13306522935
zjuZSJ0911*
0
------------------
[Sat May 11 09:05:00 2019]	Heart_web
[Sat May 11 09:05:00 2019]	Heart_mobile
[Sat May 11 09:05:00 2019]	Heart_web
[Sat May 11 09:05:00 2019]	Heart_mobile
[Sat May 11 09:05:00 2019]	Heart_web
[Sat May 11 09:05:00 2019]	Heart_mobile
[Sat May 11 09:05:00 2019]	Heart_web
[Sat May 11 09:05:00 2019]	Heart_mobile
[Sat May 11 09:10:00 2019]	Heart_web
[Sat May 11 09:10:00 2019]	Heart_mobile
[Sat May 11 09:10:00 2019]	Heart_web
[Sat May 11 09:10:00 2019]	Heart_mobile
[Sat May 11 09:10:00 2019]	Heart_web
[Sat May 11 09:10:00 2019]	Heart_mobile
[Sat May 11 09:10:00 2019]	Heart_web
[Sat May 11 09:10:00 2019]	Heart_mobile
[Sat May 11 09:15:00 2019]	Heart_web
[Sat May 11 09:15:00 2019]	Heart_mobile
[Sat May 11 09:15:00 2019]	Heart_web
[Sat May 11 09:15:00 2019]	Heart_mobile
[Sat May 11 09:15:00 2019]	Heart_web
[Sat May 11 09:15:00 2019]	Heart_mobile
[Sat May 11 09:15:01 2019]	Heart_web
[Sat May 11 09:15:01 2019]	Heart_mobile
[Sat May 11 09:20:00 2019]	Heart_web
[Sat May 11 09:20:00 2019]	Heart_mobile
[Sat May 11 09:20:00 2019]	Heart_web
[Sat May 11 09:20:00 2019]	Heart_mobile
[Sat May 11 09:20:00 2019]	Heart_web
[Sat May 11 09:20:00 2019]	Heart_mobile
[Sat May 11 09:20:00 2019]	Heart_web
[Sat May 11 09:20:00 2019]	Heart_mobile
[Sat May 11 09:25:00 2019]	Heart_web
[Sat May 11 09:25:00 2019]	Heart_mobile
[Sat May 11 09:25:00 2019]	Heart_web
[Sat May 11 09:25:00 2019]	Heart_mobile
[Sat May 11 09:25:00 2019]	Heart_web
[Sat May 11 09:25:00 2019]	Heart_mobile
[Sat May 11 09:25:00 2019]	Heart_web
[Sat May 11 09:25:00 2019]	Heart_mobile
[Sat May 11 09:30:00 2019]	Heart_web
[Sat May 11 09:30:00 2019]	Heart_mobile
[Sat May 11 09:30:00 2019]	Heart_web
[Sat May 11 09:30:00 2019]	Heart_mobile
[Sat May 11 09:30:00 2019]	Heart_web
[Sat May 11 09:30:00 2019]	Heart_mobile
[Sat May 11 09:30:01 2019]	Heart_web
[Sat May 11 09:30:01 2019]	Heart_mobile
[Sat May 11 09:35:00 2019]	Heart_web
[Sat May 11 09:35:00 2019]	Heart_mobile
[Sat May 11 09:35:00 2019]	Heart_web
[Sat May 11 09:35:00 2019]	Heart_mobile
[Sat May 11 09:35:00 2019]	Heart_web
[Sat May 11 09:35:00 2019]	Heart_mobile
[Sat May 11 09:35:01 2019]	Heart_web
[Sat May 11 09:35:01 2019]	Heart_mobile
[Sat May 11 09:40:00 2019]	Heart_web
[Sat May 11 09:40:00 2019]	Heart_mobile
[Sat May 11 09:40:00 2019]	Heart_web
[Sat May 11 09:40:00 2019]	Heart_mobile
[Sat May 11 09:40:00 2019]	Heart_web
[Sat May 11 09:40:00 2019]	Heart_mobile
[Sat May 11 09:40:01 2019]	Heart_web
[Sat May 11 09:40:01 2019]	Heart_mobile
[Sat May 11 09:45:00 2019]	Heart_web
[Sat May 11 09:45:00 2019]	Heart_mobile
[Sat May 11 09:45:00 2019]	Heart_web
[Sat May 11 09:45:00 2019]	Heart_mobile
[Sat May 11 09:45:00 2019]	Heart_web
[Sat May 11 09:45:00 2019]	Heart_mobile
[Sat May 11 09:45:00 2019]	Heart_web
[Sat May 11 09:45:00 2019]	Heart_mobile
[Sat May 11 09:50:00 2019]	Heart_web
[Sat May 11 09:50:00 2019]	Heart_mobile
[Sat May 11 09:50:00 2019]	Heart_web
[Sat May 11 09:50:00 2019]	Heart_mobile
[Sat May 11 09:50:00 2019]	Heart_web
[Sat May 11 09:50:00 2019]	Heart_mobile
[Sat May 11 09:50:01 2019]	Heart_web
[Sat May 11 09:50:01 2019]	Heart_mobile
[Sat May 11 09:55:00 2019]	Heart_web
[Sat May 11 09:55:00 2019]	Heart_mobile
[Sat May 11 09:55:00 2019]	Heart_web
[Sat May 11 09:55:00 2019]	Heart_mobile
[Sat May 11 09:55:00 2019]	Heart_web
[Sat May 11 09:55:00 2019]	Heart_mobile
[Sat May 11 09:55:00 2019]	Heart_web
[Sat May 11 09:55:01 2019]	Heart_mobile
[Sat May 11 10:00:00 2019]	Heart_web
[Sat May 11 10:00:00 2019]	Heart_mobile
[Sat May 11 10:00:00 2019]	Heart_web
[Sat May 11 10:00:00 2019]	Heart_mobile
[Sat May 11 10:00:00 2019]	Heart_web
[Sat May 11 10:00:00 2019]	Heart_mobile
[Sat May 11 10:00:00 2019]	Heart_web
[Sat May 11 10:00:00 2019]	Heart_mobile
[u'52032407', u'52038436', u'51963772', u'51993848', u'52049000']
15824397397
zsj0911*
0
------------------
17367078621
weiyuxin
0
------------------
15127529708
shijizhe
0.6
投币失败 硬币不足
投币失败 硬币不足
投币失败 硬币不足
------------------
13306522935
zjuZSJ0911*
0
------------------
[Sat May 11 10:05:00 2019]	Heart_web
[Sat May 11 10:05:00 2019]	Heart_mobile
[Sat May 11 10:05:00 2019]	Heart_web
[Sat May 11 10:05:00 2019]	Heart_mobile
[Sat May 11 10:05:00 2019]	Heart_web
[Sat May 11 10:05:00 2019]	Heart_mobile
[Sat May 11 10:05:01 2019]	Heart_web
[Sat May 11 10:05:01 2019]	Heart_mobile
[Sat May 11 10:10:00 2019]	Heart_web
[Sat May 11 10:10:00 2019]	Heart_mobile
[Sat May 11 10:10:00 2019]	Heart_web
[Sat May 11 10:10:00 2019]	Heart_mobile
[Sat May 11 10:10:00 2019]	Heart_web
[Sat May 11 10:10:00 2019]	Heart_mobile
[Sat May 11 10:10:01 2019]	Heart_web
[Sat May 11 10:10:01 2019]	Heart_mobile
[Sat May 11 10:15:00 2019]	Heart_web
[Sat May 11 10:15:00 2019]	Heart_mobile
[Sat May 11 10:15:00 2019]	Heart_web
[Sat May 11 10:15:00 2019]	Heart_mobile
[Sat May 11 10:15:00 2019]	Heart_web
[Sat May 11 10:15:00 2019]	Heart_mobile
[Sat May 11 10:15:00 2019]	Heart_web
[Sat May 11 10:15:00 2019]	Heart_mobile
[Sat May 11 10:20:00 2019]	Heart_web
[Sat May 11 10:20:00 2019]	Heart_mobile
[Sat May 11 10:20:00 2019]	Heart_web
[Sat May 11 10:20:00 2019]	Heart_mobile
[Sat May 11 10:20:00 2019]	Heart_web
[Sat May 11 10:20:00 2019]	Heart_mobile
[Sat May 11 10:20:01 2019]	Heart_web
[Sat May 11 10:20:01 2019]	Heart_mobile
[Sat May 11 10:25:00 2019]	Heart_web
[Sat May 11 10:25:00 2019]	Heart_mobile
[Sat May 11 10:25:00 2019]	Heart_web
[Sat May 11 10:25:00 2019]	Heart_mobile
[Sat May 11 10:25:00 2019]	Heart_web
[Sat May 11 10:25:00 2019]	Heart_mobile
[Sat May 11 10:25:00 2019]	Heart_web
[Sat May 11 10:25:00 2019]	Heart_mobile
[Sat May 11 10:30:00 2019]	Heart_web
[Sat May 11 10:30:00 2019]	Heart_mobile
[Sat May 11 10:30:00 2019]	Heart_web
[Sat May 11 10:30:00 2019]	Heart_mobile
[Sat May 11 10:30:00 2019]	Heart_web
[Sat May 11 10:30:00 2019]	Heart_mobile
[Sat May 11 10:30:00 2019]	Heart_web
[Sat May 11 10:30:01 2019]	Heart_mobile
[Sat May 11 10:35:00 2019]	Heart_web
[Sat May 11 10:35:00 2019]	Heart_mobile
[Sat May 11 10:35:00 2019]	Heart_web
[Sat May 11 10:35:00 2019]	Heart_mobile
[Sat May 11 10:35:00 2019]	Heart_web
[Sat May 11 10:35:00 2019]	Heart_mobile
[Sat May 11 10:35:00 2019]	Heart_web
[Sat May 11 10:35:00 2019]	Heart_mobile
[Sat May 11 10:40:00 2019]	Heart_web
[Sat May 11 10:40:00 2019]	Heart_mobile
[Sat May 11 10:40:00 2019]	Heart_web
[Sat May 11 10:40:00 2019]	Heart_mobile
[Sat May 11 10:40:00 2019]	Heart_web
[Sat May 11 10:40:00 2019]	Heart_mobile
[Sat May 11 10:40:01 2019]	Heart_web
[Sat May 11 10:40:01 2019]	Heart_mobile
[Sat May 11 10:45:00 2019]	Heart_web
[Sat May 11 10:45:00 2019]	Heart_mobile
[Sat May 11 10:45:00 2019]	Heart_web
[Sat May 11 10:45:00 2019]	Heart_mobile
[Sat May 11 10:45:00 2019]	Heart_web
[Sat May 11 10:45:00 2019]	Heart_mobile
[Sat May 11 10:45:01 2019]	Heart_web
[Sat May 11 10:45:01 2019]	Heart_mobile
[Sat May 11 10:50:00 2019]	Heart_web
[Sat May 11 10:50:00 2019]	Heart_mobile
[Sat May 11 10:50:00 2019]	Heart_web
[Sat May 11 10:50:00 2019]	Heart_mobile
[Sat May 11 10:50:00 2019]	Heart_web
[Sat May 11 10:50:00 2019]	Heart_mobile
[Sat May 11 10:50:00 2019]	Heart_web
[Sat May 11 10:50:00 2019]	Heart_mobile
[Sat May 11 10:55:00 2019]	Heart_web
[Sat May 11 10:55:00 2019]	Heart_mobile
[Sat May 11 10:55:00 2019]	Heart_web
[Sat May 11 10:55:00 2019]	Heart_mobile
[Sat May 11 10:55:00 2019]	Heart_web
[Sat May 11 10:55:00 2019]	Heart_mobile
[Sat May 11 10:55:00 2019]	Heart_web
[Sat May 11 10:55:00 2019]	Heart_mobile
[Sat May 11 11:00:00 2019]	Heart_web
[Sat May 11 11:00:00 2019]	Heart_mobile
[Sat May 11 11:00:00 2019]	Heart_web
[Sat May 11 11:00:00 2019]	Heart_mobile
[Sat May 11 11:00:00 2019]	Heart_web
[Sat May 11 11:00:00 2019]	Heart_mobile
[Sat May 11 11:00:00 2019]	Heart_web
[Sat May 11 11:00:00 2019]	Heart_mobile
[u'52032407', u'52038436', u'51963772', u'52080875', u'51993848']
15824397397
zsj0911*
0
------------------
17367078621
weiyuxin
0
------------------
15127529708
shijizhe
0.6
投币失败 硬币不足
投币失败 硬币不足
投币失败 硬币不足
------------------
13306522935
zjuZSJ0911*
0
------------------
[Sat May 11 11:05:00 2019]	Heart_web
[Sat May 11 11:05:00 2019]	Heart_mobile
[Sat May 11 11:05:00 2019]	Heart_web
[Sat May 11 11:05:00 2019]	Heart_mobile
[Sat May 11 11:05:00 2019]	Heart_web
[Sat May 11 11:05:00 2019]	Heart_mobile
[Sat May 11 11:05:01 2019]	Heart_web
[Sat May 11 11:05:01 2019]	Heart_mobile
[Sat May 11 11:10:00 2019]	Heart_web
[Sat May 11 11:10:00 2019]	Heart_mobile
[Sat May 11 11:10:00 2019]	Heart_web
[Sat May 11 11:10:00 2019]	Heart_mobile
[Sat May 11 11:10:00 2019]	Heart_web
[Sat May 11 11:10:00 2019]	Heart_mobile
[Sat May 11 11:10:01 2019]	Heart_web
[Sat May 11 11:10:01 2019]	Heart_mobile
[Sat May 11 11:15:00 2019]	Heart_web
[Sat May 11 11:15:00 2019]	Heart_mobile
[Sat May 11 11:15:00 2019]	Heart_web
[Sat May 11 11:15:00 2019]	Heart_mobile
[Sat May 11 11:15:00 2019]	Heart_web
[Sat May 11 11:15:00 2019]	Heart_mobile
[Sat May 11 11:15:00 2019]	Heart_web
[Sat May 11 11:15:00 2019]	Heart_mobile
[Sat May 11 11:20:00 2019]	Heart_web
[Sat May 11 11:20:00 2019]	Heart_mobile
[Sat May 11 11:20:00 2019]	Heart_web
[Sat May 11 11:20:00 2019]	Heart_mobile
[Sat May 11 11:20:00 2019]	Heart_web
[Sat May 11 11:20:00 2019]	Heart_mobile
[Sat May 11 11:20:01 2019]	Heart_web
[Sat May 11 11:20:01 2019]	Heart_mobile
[Sat May 11 11:25:00 2019]	Heart_web
[Sat May 11 11:25:00 2019]	Heart_mobile
[Sat May 11 11:25:00 2019]	Heart_web
[Sat May 11 11:25:00 2019]	Heart_mobile
[Sat May 11 11:25:00 2019]	Heart_web
[Sat May 11 11:25:00 2019]	Heart_mobile
[Sat May 11 11:25:00 2019]	Heart_web
[Sat May 11 11:25:00 2019]	Heart_mobile
[Sat May 11 11:30:00 2019]	Heart_web
[Sat May 11 11:30:00 2019]	Heart_mobile
[Sat May 11 11:30:00 2019]	Heart_web
[Sat May 11 11:30:00 2019]	Heart_mobile
[Sat May 11 11:30:00 2019]	Heart_web
[Sat May 11 11:30:00 2019]	Heart_mobile
[Sat May 11 11:30:00 2019]	Heart_web
[Sat May 11 11:30:00 2019]	Heart_mobile
[Sat May 11 11:35:00 2019]	Heart_web
[Sat May 11 11:35:00 2019]	Heart_mobile
[Sat May 11 11:35:00 2019]	Heart_web
[Sat May 11 11:35:00 2019]	Heart_mobile
[Sat May 11 11:35:00 2019]	Heart_web
[Sat May 11 11:35:00 2019]	Heart_mobile
[Sat May 11 11:35:00 2019]	Heart_web
[Sat May 11 11:35:00 2019]	Heart_mobile
[Sat May 11 11:40:00 2019]	Heart_web
[Sat May 11 11:40:00 2019]	Heart_mobile
[Sat May 11 11:40:00 2019]	Heart_web
[Sat May 11 11:40:00 2019]	Heart_mobile
[Sat May 11 11:40:00 2019]	Heart_web
[Sat May 11 11:40:00 2019]	Heart_mobile
[Sat May 11 11:40:00 2019]	Heart_web
[Sat May 11 11:40:00 2019]	Heart_mobile
[Sat May 11 11:45:00 2019]	Heart_web
[Sat May 11 11:45:00 2019]	Heart_mobile
[Sat May 11 11:45:00 2019]	Heart_web
[Sat May 11 11:45:00 2019]	Heart_mobile
[Sat May 11 11:45:00 2019]	Heart_web
[Sat May 11 11:45:00 2019]	Heart_mobile
[Sat May 11 11:45:01 2019]	Heart_web
[Sat May 11 11:45:01 2019]	Heart_mobile
[Sat May 11 11:50:00 2019]	Heart_web
[Sat May 11 11:50:00 2019]	Heart_mobile
[Sat May 11 11:50:00 2019]	Heart_web
[Sat May 11 11:50:00 2019]	Heart_mobile
[Sat May 11 11:50:00 2019]	Heart_web
[Sat May 11 11:50:00 2019]	Heart_mobile
[Sat May 11 11:50:00 2019]	Heart_web
[Sat May 11 11:50:00 2019]	Heart_mobile
[Sat May 11 11:55:00 2019]	Heart_web
[Sat May 11 11:55:00 2019]	Heart_mobile
[Sat May 11 11:55:00 2019]	Heart_web
[Sat May 11 11:55:00 2019]	Heart_mobile
[Sat May 11 11:55:00 2019]	Heart_web
[Sat May 11 11:55:00 2019]	Heart_mobile
[Sat May 11 11:55:01 2019]	Heart_web
[Sat May 11 11:55:01 2019]	Heart_mobile
[Sat May 11 12:00:00 2019]	Heart_web
[Sat May 11 12:00:00 2019]	Heart_mobile
[Sat May 11 12:00:00 2019]	Heart_web
[Sat May 11 12:00:00 2019]	Heart_mobile
[Sat May 11 12:00:00 2019]	Heart_web
[Sat May 11 12:00:00 2019]	Heart_mobile
[Sat May 11 12:00:01 2019]	Heart_web
[Sat May 11 12:00:01 2019]	Heart_mobile
[u'52037581', u'52038436', u'51963772', u'52080875', u'51993848']
15824397397
zsj0911*
0
------------------
17367078621
weiyuxin
0
------------------
15127529708
shijizhe
0.6
投币失败 硬币不足
投币失败 硬币不足
投币失败 硬币不足
------------------
13306522935
zjuZSJ0911*
0
------------------
[Sat May 11 12:05:00 2019]	Heart_web
[Sat May 11 12:05:00 2019]	Heart_mobile
[Sat May 11 12:05:00 2019]	Heart_web
[Sat May 11 12:05:00 2019]	Heart_mobile
[Sat May 11 12:05:00 2019]	Heart_web
[Sat May 11 12:05:00 2019]	Heart_mobile
[Sat May 11 12:05:01 2019]	Heart_web
[Sat May 11 12:05:01 2019]	Heart_mobile
[Sat May 11 12:10:00 2019]	Heart_web
[Sat May 11 12:10:00 2019]	Heart_mobile
[Sat May 11 12:10:00 2019]	Heart_web
[Sat May 11 12:10:00 2019]	Heart_mobile
[Sat May 11 12:10:00 2019]	Heart_web
[Sat May 11 12:10:00 2019]	Heart_mobile
[Sat May 11 12:10:00 2019]	Heart_web
[Sat May 11 12:10:00 2019]	Heart_mobile
[Sat May 11 12:15:00 2019]	Heart_web
[Sat May 11 12:15:00 2019]	Heart_mobile
[Sat May 11 12:15:00 2019]	Heart_web
[Sat May 11 12:15:00 2019]	Heart_mobile
[Sat May 11 12:15:00 2019]	Heart_web
[Sat May 11 12:15:00 2019]	Heart_mobile
[Sat May 11 12:15:00 2019]	Heart_web
[Sat May 11 12:15:00 2019]	Heart_mobile
[Sat May 11 12:20:00 2019]	Heart_web
[Sat May 11 12:20:00 2019]	Heart_mobile
[Sat May 11 12:20:00 2019]	Heart_web
[Sat May 11 12:20:00 2019]	Heart_mobile
[Sat May 11 12:20:00 2019]	Heart_web
[Sat May 11 12:20:01 2019]	Heart_mobile
[Sat May 11 12:20:01 2019]	Heart_web
[Sat May 11 12:20:01 2019]	Heart_mobile
[Sat May 11 12:25:00 2019]	Heart_web
[Sat May 11 12:25:00 2019]	Heart_mobile
[Sat May 11 12:25:00 2019]	Heart_web
[Sat May 11 12:25:00 2019]	Heart_mobile
[Sat May 11 12:25:00 2019]	Heart_web
[Sat May 11 12:25:00 2019]	Heart_mobile
[Sat May 11 12:25:01 2019]	Heart_web
[Sat May 11 12:25:01 2019]	Heart_mobile
[Sat May 11 12:30:00 2019]	Heart_web
[Sat May 11 12:30:00 2019]	Heart_mobile
[Sat May 11 12:30:00 2019]	Heart_web
[Sat May 11 12:30:00 2019]	Heart_mobile
[Sat May 11 12:30:00 2019]	Heart_web
[Sat May 11 12:30:00 2019]	Heart_mobile
[Sat May 11 12:30:00 2019]	Heart_web
[Sat May 11 12:30:00 2019]	Heart_mobile
[Sat May 11 12:35:00 2019]	Heart_web
[Sat May 11 12:35:00 2019]	Heart_mobile
[Sat May 11 12:35:00 2019]	Heart_web
[Sat May 11 12:35:00 2019]	Heart_mobile
[Sat May 11 12:35:00 2019]	Heart_web
[Sat May 11 12:35:00 2019]	Heart_mobile
[Sat May 11 12:35:01 2019]	Heart_web
[Sat May 11 12:35:01 2019]	Heart_mobile
[Sat May 11 12:40:00 2019]	Heart_web
[Sat May 11 12:40:00 2019]	Heart_mobile
[Sat May 11 12:40:00 2019]	Heart_web
[Sat May 11 12:40:00 2019]	Heart_mobile
[Sat May 11 12:40:00 2019]	Heart_web
[Sat May 11 12:40:00 2019]	Heart_mobile
[Sat May 11 12:40:00 2019]	Heart_web
[Sat May 11 12:40:00 2019]	Heart_mobile
[Sat May 11 12:45:00 2019]	Heart_web
[Sat May 11 12:45:00 2019]	Heart_mobile
[Sat May 11 12:45:00 2019]	Heart_web
[Sat May 11 12:45:00 2019]	Heart_mobile
[Sat May 11 12:45:00 2019]	Heart_web
[Sat May 11 12:45:00 2019]	Heart_mobile
[Sat May 11 12:45:00 2019]	Heart_web
[Sat May 11 12:45:00 2019]	Heart_mobile
[Sat May 11 12:50:00 2019]	Heart_web
[Sat May 11 12:50:00 2019]	Heart_mobile
[Sat May 11 12:50:00 2019]	Heart_web
[Sat May 11 12:50:00 2019]	Heart_mobile
[Sat May 11 12:50:00 2019]	Heart_web
[Sat May 11 12:50:00 2019]	Heart_mobile
[Sat May 11 12:50:01 2019]	Heart_web
[Sat May 11 12:50:01 2019]	Heart_mobile
[Sat May 11 12:55:00 2019]	Heart_web
[Sat May 11 12:55:00 2019]	Heart_mobile
[Sat May 11 12:55:00 2019]	Heart_web
[Sat May 11 12:55:00 2019]	Heart_mobile
[Sat May 11 12:55:00 2019]	Heart_web
[Sat May 11 12:55:00 2019]	Heart_mobile
[Sat May 11 12:55:00 2019]	Heart_web
[Sat May 11 12:55:00 2019]	Heart_mobile
[Sat May 11 13:00:00 2019]	Heart_web
[Sat May 11 13:00:00 2019]	Heart_mobile
[Sat May 11 13:00:00 2019]	Heart_web
[Sat May 11 13:00:00 2019]	Heart_mobile
[Sat May 11 13:00:00 2019]	Heart_web
[Sat May 11 13:00:00 2019]	Heart_mobile
[Sat May 11 13:00:00 2019]	Heart_web
[Sat May 11 13:00:00 2019]	Heart_mobile
[u'52037581', u'52038436', u'51963772', u'52080875', u'52049000']
15824397397
zsj0911*
0
------------------
17367078621
weiyuxin
0
------------------
15127529708
shijizhe
0.6
投币失败 硬币不足
投币失败 硬币不足
投币失败 硬币不足
------------------
13306522935
zjuZSJ0911*
0
------------------
[Sat May 11 13:05:00 2019]	Heart_web
[Sat May 11 13:05:00 2019]	Heart_mobile
[Sat May 11 13:05:00 2019]	Heart_web
[Sat May 11 13:05:00 2019]	Heart_mobile
[Sat May 11 13:05:00 2019]	Heart_web
[Sat May 11 13:05:00 2019]	Heart_mobile
[Sat May 11 13:05:00 2019]	Heart_web
[Sat May 11 13:05:01 2019]	Heart_mobile
[Sat May 11 13:10:00 2019]	Heart_web
[Sat May 11 13:10:00 2019]	Heart_mobile
[Sat May 11 13:10:00 2019]	Heart_web
[Sat May 11 13:10:00 2019]	Heart_mobile
[Sat May 11 13:10:00 2019]	Heart_web
[Sat May 11 13:10:00 2019]	Heart_mobile
[Sat May 11 13:10:00 2019]	Heart_web
[Sat May 11 13:10:00 2019]	Heart_mobile
[Sat May 11 13:15:00 2019]	Heart_web
[Sat May 11 13:15:00 2019]	Heart_mobile
[Sat May 11 13:15:00 2019]	Heart_web
[Sat May 11 13:15:00 2019]	Heart_mobile
[Sat May 11 13:15:00 2019]	Heart_web
[Sat May 11 13:15:00 2019]	Heart_mobile
[Sat May 11 13:15:00 2019]	Heart_web
[Sat May 11 13:15:00 2019]	Heart_mobile
[Sat May 11 13:20:00 2019]	Heart_web
[Sat May 11 13:20:00 2019]	Heart_mobile
[Sat May 11 13:20:00 2019]	Heart_web
[Sat May 11 13:20:00 2019]	Heart_mobile
[Sat May 11 13:20:00 2019]	Heart_web
[Sat May 11 13:20:00 2019]	Heart_mobile
[Sat May 11 13:20:00 2019]	Heart_web
[Sat May 11 13:20:00 2019]	Heart_mobile
[Sat May 11 13:25:00 2019]	Heart_web
[Sat May 11 13:25:00 2019]	Heart_mobile
[Sat May 11 13:25:00 2019]	Heart_web
[Sat May 11 13:25:00 2019]	Heart_mobile
[Sat May 11 13:25:00 2019]	Heart_web
[Sat May 11 13:25:00 2019]	Heart_mobile
[Sat May 11 13:25:00 2019]	Heart_web
[Sat May 11 13:25:00 2019]	Heart_mobile
[Sat May 11 13:30:00 2019]	Heart_web
[Sat May 11 13:30:00 2019]	Heart_mobile
[Sat May 11 13:30:00 2019]	Heart_web
[Sat May 11 13:30:00 2019]	Heart_mobile
[Sat May 11 13:30:00 2019]	Heart_web
[Sat May 11 13:30:00 2019]	Heart_mobile
[Sat May 11 13:30:00 2019]	Heart_web
[Sat May 11 13:30:00 2019]	Heart_mobile
[Sat May 11 13:35:00 2019]	Heart_web
[Sat May 11 13:35:00 2019]	Heart_mobile
[Sat May 11 13:35:00 2019]	Heart_web
[Sat May 11 13:35:00 2019]	Heart_mobile
[Sat May 11 13:35:00 2019]	Heart_web
[Sat May 11 13:35:00 2019]	Heart_mobile
[Sat May 11 13:35:00 2019]	Heart_web
[Sat May 11 13:35:00 2019]	Heart_mobile
[Sat May 11 13:40:00 2019]	Heart_web
[Sat May 11 13:40:00 2019]	Heart_mobile
[Sat May 11 13:40:00 2019]	Heart_web
[Sat May 11 13:40:00 2019]	Heart_mobile
[Sat May 11 13:40:00 2019]	Heart_web
[Sat May 11 13:40:00 2019]	Heart_mobile
[Sat May 11 13:40:00 2019]	Heart_web
[Sat May 11 13:40:00 2019]	Heart_mobile
[Sat May 11 13:45:00 2019]	Heart_web
[Sat May 11 13:45:00 2019]	Heart_mobile
[Sat May 11 13:45:00 2019]	Heart_web
[Sat May 11 13:45:00 2019]	Heart_mobile
[Sat May 11 13:45:00 2019]	Heart_web
[Sat May 11 13:45:00 2019]	Heart_mobile
[Sat May 11 13:45:00 2019]	Heart_web
[Sat May 11 13:45:00 2019]	Heart_mobile
[Sat May 11 13:50:00 2019]	Heart_web
[Sat May 11 13:50:00 2019]	Heart_mobile
[Sat May 11 13:50:00 2019]	Heart_web
[Sat May 11 13:50:00 2019]	Heart_mobile
[Sat May 11 13:50:00 2019]	Heart_web
[Sat May 11 13:50:00 2019]	Heart_mobile
[Sat May 11 13:50:00 2019]	Heart_web
[Sat May 11 13:50:00 2019]	Heart_mobile
[Sat May 11 13:55:00 2019]	Heart_web
[Sat May 11 13:55:00 2019]	Heart_mobile
[Sat May 11 13:55:00 2019]	Heart_web
[Sat May 11 13:55:00 2019]	Heart_mobile
[Sat May 11 13:55:00 2019]	Heart_web
[Sat May 11 13:55:00 2019]	Heart_mobile
[Sat May 11 13:55:01 2019]	Heart_web
[Sat May 11 13:55:01 2019]	Heart_mobile
[Sat May 11 14:00:00 2019]	Heart_web
[Sat May 11 14:00:00 2019]	Heart_mobile
[Sat May 11 14:00:00 2019]	Heart_web
[Sat May 11 14:00:00 2019]	Heart_mobile
[Sat May 11 14:00:00 2019]	Heart_web
[Sat May 11 14:00:00 2019]	Heart_mobile
[Sat May 11 14:00:01 2019]	Heart_web
[Sat May 11 14:00:01 2019]	Heart_mobile
[u'52037581', u'52038436', u'51963772', u'52080875', u'52049000']
15824397397
zsj0911*
0
------------------
17367078621
weiyuxin
0
------------------
15127529708
shijizhe
0.6
投币失败 硬币不足
投币失败 硬币不足
投币失败 硬币不足
------------------
13306522935
zjuZSJ0911*
0
------------------
[Sat May 11 14:05:00 2019]	Heart_web
[Sat May 11 14:05:00 2019]	Heart_mobile
[Sat May 11 14:05:00 2019]	Heart_web
[Sat May 11 14:05:00 2019]	Heart_mobile
[Sat May 11 14:05:00 2019]	Heart_web
[Sat May 11 14:05:00 2019]	Heart_mobile
[Sat May 11 14:05:01 2019]	Heart_web
[Sat May 11 14:05:01 2019]	Heart_mobile
[Sat May 11 14:10:00 2019]	Heart_web
[Sat May 11 14:10:00 2019]	Heart_mobile
[Sat May 11 14:10:00 2019]	Heart_web
[Sat May 11 14:10:00 2019]	Heart_mobile
[Sat May 11 14:10:00 2019]	Heart_web
[Sat May 11 14:10:00 2019]	Heart_mobile
[Sat May 11 14:10:00 2019]	Heart_web
[Sat May 11 14:10:00 2019]	Heart_mobile
[Sat May 11 14:15:00 2019]	Heart_web
[Sat May 11 14:15:00 2019]	Heart_mobile
[Sat May 11 14:15:00 2019]	Heart_web
[Sat May 11 14:15:00 2019]	Heart_mobile
[Sat May 11 14:15:00 2019]	Heart_web
[Sat May 11 14:15:00 2019]	Heart_mobile
[Sat May 11 14:15:00 2019]	Heart_web
[Sat May 11 14:15:00 2019]	Heart_mobile
[Sat May 11 14:20:00 2019]	Heart_web
[Sat May 11 14:20:00 2019]	Heart_mobile
[Sat May 11 14:20:00 2019]	Heart_web
[Sat May 11 14:20:00 2019]	Heart_mobile
[Sat May 11 14:20:00 2019]	Heart_web
[Sat May 11 14:20:00 2019]	Heart_mobile
[Sat May 11 14:20:00 2019]	Heart_web
[Sat May 11 14:20:00 2019]	Heart_mobile
[Sat May 11 14:25:00 2019]	Heart_web
[Sat May 11 14:25:00 2019]	Heart_mobile
[Sat May 11 14:25:00 2019]	Heart_web
[Sat May 11 14:25:00 2019]	Heart_mobile
[Sat May 11 14:25:00 2019]	Heart_web
[Sat May 11 14:25:00 2019]	Heart_mobile
[Sat May 11 14:25:00 2019]	Heart_web
[Sat May 11 14:25:00 2019]	Heart_mobile
[Sat May 11 14:30:00 2019]	Heart_web
[Sat May 11 14:30:00 2019]	Heart_mobile
[Sat May 11 14:30:00 2019]	Heart_web
[Sat May 11 14:30:00 2019]	Heart_mobile
[Sat May 11 14:30:00 2019]	Heart_web
[Sat May 11 14:30:00 2019]	Heart_mobile
[Sat May 11 14:30:00 2019]	Heart_web
[Sat May 11 14:30:00 2019]	Heart_mobile
[Sat May 11 14:35:00 2019]	Heart_web
[Sat May 11 14:35:00 2019]	Heart_mobile
[Sat May 11 14:35:00 2019]	Heart_web
[Sat May 11 14:35:00 2019]	Heart_mobile
[Sat May 11 14:35:00 2019]	Heart_web
[Sat May 11 14:35:00 2019]	Heart_mobile
[Sat May 11 14:35:00 2019]	Heart_web
[Sat May 11 14:35:01 2019]	Heart_mobile
[Sat May 11 14:40:00 2019]	Heart_web
[Sat May 11 14:40:00 2019]	Heart_mobile
[Sat May 11 14:40:00 2019]	Heart_web
[Sat May 11 14:40:00 2019]	Heart_mobile
[Sat May 11 14:40:00 2019]	Heart_web
[Sat May 11 14:40:00 2019]	Heart_mobile
[Sat May 11 14:40:00 2019]	Heart_web
[Sat May 11 14:40:01 2019]	Heart_mobile
[Sat May 11 14:45:00 2019]	Heart_web
[Sat May 11 14:45:00 2019]	Heart_mobile
[Sat May 11 14:45:00 2019]	Heart_web
[Sat May 11 14:45:00 2019]	Heart_mobile
[Sat May 11 14:45:00 2019]	Heart_web
[Sat May 11 14:45:00 2019]	Heart_mobile
[Sat May 11 14:45:00 2019]	Heart_web
[Sat May 11 14:45:01 2019]	Heart_mobile
[Sat May 11 14:50:00 2019]	Heart_web
[Sat May 11 14:50:00 2019]	Heart_mobile
[Sat May 11 14:50:00 2019]	Heart_web
[Sat May 11 14:50:00 2019]	Heart_mobile
[Sat May 11 14:50:00 2019]	Heart_web
[Sat May 11 14:50:00 2019]	Heart_mobile
[Sat May 11 14:50:00 2019]	Heart_web
[Sat May 11 14:50:00 2019]	Heart_mobile
[Sat May 11 14:55:00 2019]	Heart_web
[Sat May 11 14:55:00 2019]	Heart_mobile
[Sat May 11 14:55:00 2019]	Heart_web
[Sat May 11 14:55:00 2019]	Heart_mobile
[Sat May 11 14:55:00 2019]	Heart_web
[Sat May 11 14:55:00 2019]	Heart_mobile
[Sat May 11 14:55:00 2019]	Heart_web
[Sat May 11 14:55:01 2019]	Heart_mobile
[Sat May 11 15:00:00 2019]	Heart_web
[Sat May 11 15:00:00 2019]	Heart_mobile
[Sat May 11 15:00:00 2019]	Heart_web
[Sat May 11 15:00:00 2019]	Heart_mobile
[Sat May 11 15:00:00 2019]	Heart_web
[Sat May 11 15:00:00 2019]	Heart_mobile
[Sat May 11 15:00:00 2019]	Heart_web
[Sat May 11 15:00:00 2019]	Heart_mobile
[u'52037581', u'52038436', u'51963772', u'52080875', u'52049000']
15824397397
zsj0911*
0
------------------
17367078621
weiyuxin
0
------------------
15127529708
shijizhe
0.6
投币失败 硬币不足
投币失败 硬币不足
投币失败 硬币不足
------------------
13306522935
zjuZSJ0911*
0
------------------
[Sat May 11 15:05:00 2019]	Heart_web
[Sat May 11 15:05:00 2019]	Heart_mobile
[Sat May 11 15:05:00 2019]	Heart_web
[Sat May 11 15:05:00 2019]	Heart_mobile
[Sat May 11 15:05:00 2019]	Heart_web
[Sat May 11 15:05:00 2019]	Heart_mobile
[Sat May 11 15:05:01 2019]	Heart_web
[Sat May 11 15:05:01 2019]	Heart_mobile
[Sat May 11 15:10:00 2019]	Heart_web
[Sat May 11 15:10:00 2019]	Heart_mobile
[Sat May 11 15:10:00 2019]	Heart_web
[Sat May 11 15:10:00 2019]	Heart_mobile
[Sat May 11 15:10:00 2019]	Heart_web
[Sat May 11 15:10:00 2019]	Heart_mobile
[Sat May 11 15:10:00 2019]	Heart_web
[Sat May 11 15:10:00 2019]	Heart_mobile
[Sat May 11 15:15:00 2019]	Heart_web
[Sat May 11 15:15:00 2019]	Heart_mobile
[Sat May 11 15:15:00 2019]	Heart_web
[Sat May 11 15:15:00 2019]	Heart_mobile
[Sat May 11 15:15:00 2019]	Heart_web
[Sat May 11 15:15:00 2019]	Heart_mobile
[Sat May 11 15:15:00 2019]	Heart_web
[Sat May 11 15:15:00 2019]	Heart_mobile
[Sat May 11 15:20:00 2019]	Heart_web
[Sat May 11 15:20:00 2019]	Heart_mobile
[Sat May 11 15:20:00 2019]	Heart_web
[Sat May 11 15:20:00 2019]	Heart_mobile
[Sat May 11 15:20:00 2019]	Heart_web
[Sat May 11 15:20:00 2019]	Heart_mobile
[Sat May 11 15:20:01 2019]	Heart_web
[Sat May 11 15:20:01 2019]	Heart_mobile
[Sat May 11 15:25:00 2019]	Heart_web
[Sat May 11 15:25:00 2019]	Heart_mobile
[Sat May 11 15:25:00 2019]	Heart_web
[Sat May 11 15:25:00 2019]	Heart_mobile
[Sat May 11 15:25:00 2019]	Heart_web
[Sat May 11 15:25:00 2019]	Heart_mobile
[Sat May 11 15:25:01 2019]	Heart_web
[Sat May 11 15:25:01 2019]	Heart_mobile
[Sat May 11 15:30:00 2019]	Heart_web
[Sat May 11 15:30:00 2019]	Heart_mobile
[Sat May 11 15:30:00 2019]	Heart_web
[Sat May 11 15:30:00 2019]	Heart_mobile
[Sat May 11 15:30:00 2019]	Heart_web
[Sat May 11 15:30:00 2019]	Heart_mobile
[Sat May 11 15:30:00 2019]	Heart_web
[Sat May 11 15:30:01 2019]	Heart_mobile
[Sat May 11 15:35:00 2019]	Heart_web
[Sat May 11 15:35:00 2019]	Heart_mobile
[Sat May 11 15:35:00 2019]	Heart_web
[Sat May 11 15:35:00 2019]	Heart_mobile
[Sat May 11 15:35:00 2019]	Heart_web
[Sat May 11 15:35:00 2019]	Heart_mobile
[Sat May 11 15:35:01 2019]	Heart_web
[Sat May 11 15:35:01 2019]	Heart_mobile
[Sat May 11 15:40:00 2019]	Heart_web
[Sat May 11 15:40:00 2019]	Heart_mobile
[Sat May 11 15:40:00 2019]	Heart_web
[Sat May 11 15:40:00 2019]	Heart_mobile
[Sat May 11 15:40:00 2019]	Heart_web
[Sat May 11 15:40:00 2019]	Heart_mobile
[Sat May 11 15:40:01 2019]	Heart_web
[Sat May 11 15:40:01 2019]	Heart_mobile
[Sat May 11 15:45:00 2019]	Heart_web
[Sat May 11 15:45:00 2019]	Heart_mobile
[Sat May 11 15:45:00 2019]	Heart_web
[Sat May 11 15:45:00 2019]	Heart_mobile
[Sat May 11 15:45:00 2019]	Heart_web
[Sat May 11 15:45:00 2019]	Heart_mobile
[Sat May 11 15:45:01 2019]	Heart_web
[Sat May 11 15:45:01 2019]	Heart_mobile
[Sat May 11 15:50:00 2019]	Heart_web
[Sat May 11 15:50:00 2019]	Heart_mobile
[Sat May 11 15:50:00 2019]	Heart_web
[Sat May 11 15:50:00 2019]	Heart_mobile
[Sat May 11 15:50:00 2019]	Heart_web
[Sat May 11 15:50:00 2019]	Heart_mobile
[Sat May 11 15:50:00 2019]	Heart_web
[Sat May 11 15:50:00 2019]	Heart_mobile
[Sat May 11 15:55:00 2019]	Heart_web
[Sat May 11 15:55:00 2019]	Heart_mobile
[Sat May 11 15:55:00 2019]	Heart_web
[Sat May 11 15:55:00 2019]	Heart_mobile
[Sat May 11 15:55:00 2019]	Heart_web
[Sat May 11 15:55:00 2019]	Heart_mobile
[Sat May 11 15:55:00 2019]	Heart_web
[Sat May 11 15:55:01 2019]	Heart_mobile
[Sat May 11 16:00:00 2019]	Heart_web
[Sat May 11 16:00:00 2019]	Heart_mobile
[Sat May 11 16:00:00 2019]	Heart_web
[Sat May 11 16:00:00 2019]	Heart_mobile
[Sat May 11 16:00:00 2019]	Heart_web
[Sat May 11 16:00:00 2019]	Heart_mobile
[Sat May 11 16:00:00 2019]	Heart_web
[Sat May 11 16:00:00 2019]	Heart_mobile
[u'52032407', u'52038436', u'51963772', u'52080875', u'52049000']
15824397397
zsj0911*
0
------------------
17367078621
weiyuxin
0
------------------
15127529708
shijizhe
0.6
投币失败 硬币不足
投币失败 硬币不足
投币失败 硬币不足
------------------
13306522935
zjuZSJ0911*
0
------------------
[Sat May 11 16:05:00 2019]	Heart_web
[Sat May 11 16:05:00 2019]	Heart_mobile
[Sat May 11 16:05:00 2019]	Heart_web
[Sat May 11 16:05:00 2019]	Heart_mobile
[Sat May 11 16:05:00 2019]	Heart_web
[Sat May 11 16:05:00 2019]	Heart_mobile
[Sat May 11 16:05:00 2019]	Heart_web
[Sat May 11 16:05:00 2019]	Heart_mobile
[Sat May 11 16:10:00 2019]	Heart_web
[Sat May 11 16:10:00 2019]	Heart_mobile
[Sat May 11 16:10:00 2019]	Heart_web
[Sat May 11 16:10:00 2019]	Heart_mobile
[Sat May 11 16:10:00 2019]	Heart_web
[Sat May 11 16:10:00 2019]	Heart_mobile
[Sat May 11 16:10:01 2019]	Heart_web
[Sat May 11 16:10:01 2019]	Heart_mobile
[Sat May 11 16:15:00 2019]	Heart_web
[Sat May 11 16:15:00 2019]	Heart_mobile
[Sat May 11 16:15:00 2019]	Heart_web
[Sat May 11 16:15:00 2019]	Heart_mobile
[Sat May 11 16:15:00 2019]	Heart_web
[Sat May 11 16:15:00 2019]	Heart_mobile
[Sat May 11 16:15:00 2019]	Heart_web
[Sat May 11 16:15:00 2019]	Heart_mobile
[Sat May 11 16:20:00 2019]	Heart_web
[Sat May 11 16:20:00 2019]	Heart_mobile
[Sat May 11 16:20:00 2019]	Heart_web
[Sat May 11 16:20:00 2019]	Heart_mobile
[Sat May 11 16:20:00 2019]	Heart_web
[Sat May 11 16:20:00 2019]	Heart_mobile
[Sat May 11 16:20:00 2019]	Heart_web
[Sat May 11 16:20:00 2019]	Heart_mobile
[Sat May 11 16:25:00 2019]	Heart_web
[Sat May 11 16:25:00 2019]	Heart_mobile
[Sat May 11 16:25:00 2019]	Heart_web
[Sat May 11 16:25:00 2019]	Heart_mobile
[Sat May 11 16:25:00 2019]	Heart_web
[Sat May 11 16:25:00 2019]	Heart_mobile
[Sat May 11 16:25:01 2019]	Heart_web
[Sat May 11 16:25:01 2019]	Heart_mobile
[Sat May 11 16:30:00 2019]	Heart_web
[Sat May 11 16:30:00 2019]	Heart_mobile
[Sat May 11 16:30:00 2019]	Heart_web
[Sat May 11 16:30:00 2019]	Heart_mobile
[Sat May 11 16:30:00 2019]	Heart_web
[Sat May 11 16:30:00 2019]	Heart_mobile
[Sat May 11 16:30:00 2019]	Heart_web
[Sat May 11 16:30:00 2019]	Heart_mobile
[Sat May 11 16:35:00 2019]	Heart_web
[Sat May 11 16:35:00 2019]	Heart_mobile
[Sat May 11 16:35:00 2019]	Heart_web
[Sat May 11 16:35:00 2019]	Heart_mobile
[Sat May 11 16:35:00 2019]	Heart_web
[Sat May 11 16:35:00 2019]	Heart_mobile
[Sat May 11 16:35:01 2019]	Heart_web
[Sat May 11 16:35:01 2019]	Heart_mobile
[Sat May 11 16:40:00 2019]	Heart_web
[Sat May 11 16:40:00 2019]	Heart_mobile
[Sat May 11 16:40:00 2019]	Heart_web
[Sat May 11 16:40:00 2019]	Heart_mobile
[Sat May 11 16:40:00 2019]	Heart_web
[Sat May 11 16:40:00 2019]	Heart_mobile
[Sat May 11 16:40:00 2019]	Heart_web
[Sat May 11 16:40:00 2019]	Heart_mobile
[Sat May 11 16:45:00 2019]	Heart_web
[Sat May 11 16:45:00 2019]	Heart_mobile
[Sat May 11 16:45:00 2019]	Heart_web
[Sat May 11 16:45:00 2019]	Heart_mobile
[Sat May 11 16:45:00 2019]	Heart_web
[Sat May 11 16:45:00 2019]	Heart_mobile
[Sat May 11 16:45:00 2019]	Heart_web
[Sat May 11 16:45:00 2019]	Heart_mobile
[Sat May 11 16:50:00 2019]	Heart_web
[Sat May 11 16:50:00 2019]	Heart_mobile
[Sat May 11 16:50:00 2019]	Heart_web
[Sat May 11 16:50:00 2019]	Heart_mobile
[Sat May 11 16:50:00 2019]	Heart_web
[Sat May 11 16:50:00 2019]	Heart_mobile
[Sat May 11 16:50:00 2019]	Heart_web
[Sat May 11 16:50:00 2019]	Heart_mobile
[Sat May 11 16:55:00 2019]	Heart_web
[Sat May 11 16:55:00 2019]	Heart_mobile
[Sat May 11 16:55:00 2019]	Heart_web
[Sat May 11 16:55:00 2019]	Heart_mobile
[Sat May 11 16:55:00 2019]	Heart_web
[Sat May 11 16:55:00 2019]	Heart_mobile
[Sat May 11 16:55:00 2019]	Heart_web
[Sat May 11 16:55:00 2019]	Heart_mobile
[Sat May 11 17:00:00 2019]	Heart_web
[Sat May 11 17:00:00 2019]	Heart_mobile
[Sat May 11 17:00:00 2019]	Heart_web
[Sat May 11 17:00:00 2019]	Heart_mobile
[Sat May 11 17:00:00 2019]	Heart_web
[Sat May 11 17:00:00 2019]	Heart_mobile
[Sat May 11 17:00:00 2019]	Heart_web
[Sat May 11 17:00:01 2019]	Heart_mobile
[u'52032407', u'52038436', u'51963772', u'52080875', u'52049000']
15824397397
zsj0911*
0
------------------
17367078621
weiyuxin
0
------------------
15127529708
shijizhe
0.6
投币失败 硬币不足
投币失败 硬币不足
投币失败 硬币不足
------------------
13306522935
zjuZSJ0911*
0
------------------
[Sat May 11 17:05:00 2019]	Heart_web
[Sat May 11 17:05:00 2019]	Heart_mobile
[Sat May 11 17:05:00 2019]	Heart_web
[Sat May 11 17:05:00 2019]	Heart_mobile
[Sat May 11 17:05:00 2019]	Heart_web
[Sat May 11 17:05:00 2019]	Heart_mobile
[Sat May 11 17:05:00 2019]	Heart_web
[Sat May 11 17:05:01 2019]	Heart_mobile
[Sat May 11 17:10:00 2019]	Heart_web
[Sat May 11 17:10:00 2019]	Heart_mobile
[Sat May 11 17:10:00 2019]	Heart_web
[Sat May 11 17:10:00 2019]	Heart_mobile
[Sat May 11 17:10:00 2019]	Heart_web
[Sat May 11 17:10:00 2019]	Heart_mobile
[Sat May 11 17:10:00 2019]	Heart_web
[Sat May 11 17:10:00 2019]	Heart_mobile
[Sat May 11 17:15:00 2019]	Heart_web
[Sat May 11 17:15:00 2019]	Heart_mobile
[Sat May 11 17:15:00 2019]	Heart_web
[Sat May 11 17:15:00 2019]	Heart_mobile
[Sat May 11 17:15:00 2019]	Heart_web
[Sat May 11 17:15:00 2019]	Heart_mobile
[Sat May 11 17:15:00 2019]	Heart_web
[Sat May 11 17:15:01 2019]	Heart_mobile
[Sat May 11 17:20:00 2019]	Heart_web
[Sat May 11 17:20:00 2019]	Heart_mobile
[Sat May 11 17:20:00 2019]	Heart_web
[Sat May 11 17:20:00 2019]	Heart_mobile
[Sat May 11 17:20:00 2019]	Heart_web
[Sat May 11 17:20:00 2019]	Heart_mobile
[Sat May 11 17:20:00 2019]	Heart_web
[Sat May 11 17:20:00 2019]	Heart_mobile
[Sat May 11 17:25:00 2019]	Heart_web
[Sat May 11 17:25:00 2019]	Heart_mobile
[Sat May 11 17:25:00 2019]	Heart_web
[Sat May 11 17:25:00 2019]	Heart_mobile
[Sat May 11 17:25:00 2019]	Heart_web
[Sat May 11 17:25:00 2019]	Heart_mobile
[Sat May 11 17:25:01 2019]	Heart_web
[Sat May 11 17:25:01 2019]	Heart_mobile
[Sat May 11 17:30:00 2019]	Heart_web
[Sat May 11 17:30:00 2019]	Heart_mobile
[Sat May 11 17:30:00 2019]	Heart_web
[Sat May 11 17:30:00 2019]	Heart_mobile
[Sat May 11 17:30:00 2019]	Heart_web
[Sat May 11 17:30:00 2019]	Heart_mobile
[Sat May 11 17:30:00 2019]	Heart_web
[Sat May 11 17:30:00 2019]	Heart_mobile
[Sat May 11 17:35:00 2019]	Heart_web
[Sat May 11 17:35:00 2019]	Heart_mobile
[Sat May 11 17:35:00 2019]	Heart_web
[Sat May 11 17:35:00 2019]	Heart_mobile
[Sat May 11 17:35:00 2019]	Heart_web
[Sat May 11 17:35:00 2019]	Heart_mobile
[Sat May 11 17:35:00 2019]	Heart_web
[Sat May 11 17:35:00 2019]	Heart_mobile
[Sat May 11 17:40:00 2019]	Heart_web
[Sat May 11 17:40:00 2019]	Heart_mobile
[Sat May 11 17:40:00 2019]	Heart_web
[Sat May 11 17:40:00 2019]	Heart_mobile
[Sat May 11 17:40:00 2019]	Heart_web
[Sat May 11 17:40:00 2019]	Heart_mobile
[Sat May 11 17:40:00 2019]	Heart_web
[Sat May 11 17:40:00 2019]	Heart_mobile
[Sat May 11 17:45:00 2019]	Heart_web
[Sat May 11 17:45:00 2019]	Heart_mobile
[Sat May 11 17:45:00 2019]	Heart_web
[Sat May 11 17:45:00 2019]	Heart_mobile
[Sat May 11 17:45:00 2019]	Heart_web
[Sat May 11 17:45:01 2019]	Heart_mobile
[Sat May 11 17:45:01 2019]	Heart_web
[Sat May 11 17:45:01 2019]	Heart_mobile
[Sat May 11 17:50:00 2019]	Heart_web
[Sat May 11 17:50:00 2019]	Heart_mobile
[Sat May 11 17:50:00 2019]	Heart_web
[Sat May 11 17:50:00 2019]	Heart_mobile
[Sat May 11 17:50:00 2019]	Heart_web
[Sat May 11 17:50:00 2019]	Heart_mobile
[Sat May 11 17:50:00 2019]	Heart_web
[Sat May 11 17:50:00 2019]	Heart_mobile
[Sat May 11 17:55:00 2019]	Heart_web
[Sat May 11 17:55:00 2019]	Heart_mobile
[Sat May 11 17:55:00 2019]	Heart_web
[Sat May 11 17:55:00 2019]	Heart_mobile
[Sat May 11 17:55:00 2019]	Heart_web
[Sat May 11 17:55:00 2019]	Heart_mobile
[Sat May 11 17:55:00 2019]	Heart_web
[Sat May 11 17:55:00 2019]	Heart_mobile
[Sat May 11 18:00:00 2019]	Heart_web
[Sat May 11 18:00:00 2019]	Heart_mobile
[Sat May 11 18:00:00 2019]	Heart_web
[Sat May 11 18:00:00 2019]	Heart_mobile
[Sat May 11 18:00:00 2019]	Heart_web
[Sat May 11 18:00:00 2019]	Heart_mobile
[Sat May 11 18:00:00 2019]	Heart_web
[Sat May 11 18:00:00 2019]	Heart_mobile
[u'52032407', u'52038436', u'52080875', u'52109504', u'52049000']
15824397397
zsj0911*
0
------------------
17367078621
weiyuxin
0
------------------
15127529708
shijizhe
0.6
投币失败 硬币不足
投币失败 硬币不足
投币失败 硬币不足
------------------
13306522935
zjuZSJ0911*
0
------------------
[Sat May 11 18:05:00 2019]	Heart_web
[Sat May 11 18:05:00 2019]	Heart_mobile
[Sat May 11 18:05:00 2019]	Heart_web
[Sat May 11 18:05:00 2019]	Heart_mobile
[Sat May 11 18:05:00 2019]	Heart_web
[Sat May 11 18:05:01 2019]	Heart_mobile
[Sat May 11 18:05:01 2019]	Heart_web
[Sat May 11 18:05:01 2019]	Heart_mobile
[Sat May 11 18:10:00 2019]	Heart_web
[Sat May 11 18:10:00 2019]	Heart_mobile
[Sat May 11 18:10:00 2019]	Heart_web
[Sat May 11 18:10:00 2019]	Heart_mobile
[Sat May 11 18:10:00 2019]	Heart_web
[Sat May 11 18:10:01 2019]	Heart_mobile
[Sat May 11 18:10:01 2019]	Heart_web
[Sat May 11 18:10:01 2019]	Heart_mobile
[Sat May 11 18:15:00 2019]	Heart_web
[Sat May 11 18:15:00 2019]	Heart_mobile
[Sat May 11 18:15:00 2019]	Heart_web
[Sat May 11 18:15:00 2019]	Heart_mobile
[Sat May 11 18:15:00 2019]	Heart_web
[Sat May 11 18:15:00 2019]	Heart_mobile
[Sat May 11 18:15:01 2019]	Heart_web
[Sat May 11 18:15:01 2019]	Heart_mobile
[Sat May 11 18:20:00 2019]	Heart_web
[Sat May 11 18:20:00 2019]	Heart_mobile
[Sat May 11 18:20:00 2019]	Heart_web
[Sat May 11 18:20:00 2019]	Heart_mobile
[Sat May 11 18:20:00 2019]	Heart_web
[Sat May 11 18:20:00 2019]	Heart_mobile
[Sat May 11 18:20:00 2019]	Heart_web
[Sat May 11 18:20:01 2019]	Heart_mobile
[Sat May 11 18:25:00 2019]	Heart_web
[Sat May 11 18:25:00 2019]	Heart_mobile
[Sat May 11 18:25:00 2019]	Heart_web
[Sat May 11 18:25:00 2019]	Heart_mobile
[Sat May 11 18:25:00 2019]	Heart_web
[Sat May 11 18:25:00 2019]	Heart_mobile
[Sat May 11 18:25:01 2019]	Heart_web
[Sat May 11 18:25:01 2019]	Heart_mobile
[Sat May 11 18:30:00 2019]	Heart_web
[Sat May 11 18:30:00 2019]	Heart_mobile
[Sat May 11 18:30:00 2019]	Heart_web
[Sat May 11 18:30:00 2019]	Heart_mobile
[Sat May 11 18:30:00 2019]	Heart_web
[Sat May 11 18:30:00 2019]	Heart_mobile
[Sat May 11 18:30:01 2019]	Heart_web
[Sat May 11 18:30:01 2019]	Heart_mobile
[Sat May 11 18:35:00 2019]	Heart_web
[Sat May 11 18:35:00 2019]	Heart_mobile
[Sat May 11 18:35:00 2019]	Heart_web
[Sat May 11 18:35:00 2019]	Heart_mobile
[Sat May 11 18:35:00 2019]	Heart_web
[Sat May 11 18:35:00 2019]	Heart_mobile
[Sat May 11 18:35:00 2019]	Heart_web
[Sat May 11 18:35:00 2019]	Heart_mobile
[Sat May 11 18:40:00 2019]	Heart_web
[Sat May 11 18:40:00 2019]	Heart_mobile
[Sat May 11 18:40:00 2019]	Heart_web
[Sat May 11 18:40:00 2019]	Heart_mobile
[Sat May 11 18:40:00 2019]	Heart_web
[Sat May 11 18:40:00 2019]	Heart_mobile
[Sat May 11 18:40:00 2019]	Heart_web
[Sat May 11 18:40:00 2019]	Heart_mobile
[Sat May 11 18:45:00 2019]	Heart_web
[Sat May 11 18:45:00 2019]	Heart_mobile
[Sat May 11 18:45:00 2019]	Heart_web
[Sat May 11 18:45:00 2019]	Heart_mobile
[Sat May 11 18:45:00 2019]	Heart_web
[Sat May 11 18:45:00 2019]	Heart_mobile
[Sat May 11 18:45:00 2019]	Heart_web
[Sat May 11 18:45:00 2019]	Heart_mobile
[Sat May 11 18:50:00 2019]	Heart_web
[Sat May 11 18:50:00 2019]	Heart_mobile
[Sat May 11 18:50:00 2019]	Heart_web
[Sat May 11 18:50:00 2019]	Heart_mobile
[Sat May 11 18:50:00 2019]	Heart_web
[Sat May 11 18:50:00 2019]	Heart_mobile
[Sat May 11 18:50:00 2019]	Heart_web
[Sat May 11 18:50:00 2019]	Heart_mobile
[Sat May 11 18:55:00 2019]	Heart_web
[Sat May 11 18:55:00 2019]	Heart_mobile
[Sat May 11 18:55:00 2019]	Heart_web
[Sat May 11 18:55:00 2019]	Heart_mobile
[Sat May 11 18:55:00 2019]	Heart_web
[Sat May 11 18:55:00 2019]	Heart_mobile
[Sat May 11 18:55:00 2019]	Heart_web
[Sat May 11 18:55:00 2019]	Heart_mobile
[Sat May 11 19:00:00 2019]	Heart_web
[Sat May 11 19:00:00 2019]	Heart_mobile
[Sat May 11 19:00:00 2019]	Heart_web
[Sat May 11 19:00:00 2019]	Heart_mobile
[Sat May 11 19:00:00 2019]	Heart_web
[Sat May 11 19:00:00 2019]	Heart_mobile
[Sat May 11 19:00:01 2019]	Heart_web
[Sat May 11 19:00:01 2019]	Heart_mobile
[u'52037581', u'52038436', u'52080875', u'52109504', u'52049000']
15824397397
zsj0911*
0
------------------
17367078621
weiyuxin
0
------------------
15127529708
shijizhe
0.6
投币失败 硬币不足
投币失败 硬币不足
投币失败 硬币不足
------------------
13306522935
zjuZSJ0911*
0
------------------
[Sat May 11 19:05:00 2019]	Heart_web
[Sat May 11 19:05:00 2019]	Heart_mobile
[Sat May 11 19:05:00 2019]	Heart_web
[Sat May 11 19:05:00 2019]	Heart_mobile
[Sat May 11 19:05:00 2019]	Heart_web
[Sat May 11 19:05:00 2019]	Heart_mobile
[Sat May 11 19:05:01 2019]	Heart_web
[Sat May 11 19:05:01 2019]	Heart_mobile
[Sat May 11 19:10:00 2019]	Heart_web
[Sat May 11 19:10:00 2019]	Heart_mobile
[Sat May 11 19:10:00 2019]	Heart_web
[Sat May 11 19:10:00 2019]	Heart_mobile
[Sat May 11 19:10:00 2019]	Heart_web
[Sat May 11 19:10:00 2019]	Heart_mobile
[Sat May 11 19:10:00 2019]	Heart_web
[Sat May 11 19:10:00 2019]	Heart_mobile
[Sat May 11 19:15:00 2019]	Heart_web
[Sat May 11 19:15:00 2019]	Heart_mobile
[Sat May 11 19:15:00 2019]	Heart_web
[Sat May 11 19:15:00 2019]	Heart_mobile
[Sat May 11 19:15:00 2019]	Heart_web
[Sat May 11 19:15:00 2019]	Heart_mobile
[Sat May 11 19:15:00 2019]	Heart_web
[Sat May 11 19:15:00 2019]	Heart_mobile
[Sat May 11 19:20:00 2019]	Heart_web
[Sat May 11 19:20:00 2019]	Heart_mobile
[Sat May 11 19:20:00 2019]	Heart_web
[Sat May 11 19:20:00 2019]	Heart_mobile
[Sat May 11 19:20:00 2019]	Heart_web
[Sat May 11 19:20:00 2019]	Heart_mobile
[Sat May 11 19:20:00 2019]	Heart_web
[Sat May 11 19:20:00 2019]	Heart_mobile
[Sat May 11 19:25:00 2019]	Heart_web
[Sat May 11 19:25:00 2019]	Heart_mobile
[Sat May 11 19:25:00 2019]	Heart_web
[Sat May 11 19:25:00 2019]	Heart_mobile
[Sat May 11 19:25:00 2019]	Heart_web
[Sat May 11 19:25:00 2019]	Heart_mobile
[Sat May 11 19:25:00 2019]	Heart_web
[Sat May 11 19:25:01 2019]	Heart_mobile
[Sat May 11 19:30:00 2019]	Heart_web
[Sat May 11 19:30:00 2019]	Heart_mobile
[Sat May 11 19:30:00 2019]	Heart_web
[Sat May 11 19:30:00 2019]	Heart_mobile
[Sat May 11 19:30:00 2019]	Heart_web
[Sat May 11 19:30:00 2019]	Heart_mobile
[Sat May 11 19:30:00 2019]	Heart_web
[Sat May 11 19:30:00 2019]	Heart_mobile
[Sat May 11 19:35:00 2019]	Heart_web
[Sat May 11 19:35:00 2019]	Heart_mobile
[Sat May 11 19:35:00 2019]	Heart_web
[Sat May 11 19:35:00 2019]	Heart_mobile
[Sat May 11 19:35:00 2019]	Heart_web
[Sat May 11 19:35:00 2019]	Heart_mobile
[Sat May 11 19:35:01 2019]	Heart_web
[Sat May 11 19:35:01 2019]	Heart_mobile
[Sat May 11 19:40:00 2019]	Heart_web
[Sat May 11 19:40:00 2019]	Heart_mobile
[Sat May 11 19:40:00 2019]	Heart_web
[Sat May 11 19:40:00 2019]	Heart_mobile
[Sat May 11 19:40:00 2019]	Heart_web
[Sat May 11 19:40:00 2019]	Heart_mobile
[Sat May 11 19:40:00 2019]	Heart_web
[Sat May 11 19:40:00 2019]	Heart_mobile
[Sat May 11 19:45:00 2019]	Heart_web
[Sat May 11 19:45:00 2019]	Heart_mobile
[Sat May 11 19:45:00 2019]	Heart_web
[Sat May 11 19:45:00 2019]	Heart_mobile
[Sat May 11 19:45:00 2019]	Heart_web
[Sat May 11 19:45:00 2019]	Heart_mobile
[Sat May 11 19:45:00 2019]	Heart_web
[Sat May 11 19:45:01 2019]	Heart_mobile
[Sat May 11 19:50:00 2019]	Heart_web
[Sat May 11 19:50:00 2019]	Heart_mobile
[Sat May 11 19:50:00 2019]	Heart_web
[Sat May 11 19:50:00 2019]	Heart_mobile
[Sat May 11 19:50:00 2019]	Heart_web
[Sat May 11 19:50:01 2019]	Heart_mobile
[Sat May 11 19:50:01 2019]	Heart_web
[Sat May 11 19:50:01 2019]	Heart_mobile
[Sat May 11 19:55:00 2019]	Heart_web
[Sat May 11 19:55:00 2019]	Heart_mobile
[Sat May 11 19:55:00 2019]	Heart_web
[Sat May 11 19:55:00 2019]	Heart_mobile
[Sat May 11 19:55:00 2019]	Heart_web
[Sat May 11 19:55:00 2019]	Heart_mobile
[Sat May 11 19:55:01 2019]	Heart_web
[Sat May 11 19:55:01 2019]	Heart_mobile
[Sat May 11 20:00:00 2019]	Heart_web
[Sat May 11 20:00:00 2019]	Heart_mobile
[Sat May 11 20:00:00 2019]	Heart_web
[Sat May 11 20:00:00 2019]	Heart_mobile
[Sat May 11 20:00:00 2019]	Heart_web
[Sat May 11 20:00:00 2019]	Heart_mobile
[Sat May 11 20:00:00 2019]	Heart_web
[Sat May 11 20:00:00 2019]	Heart_mobile
[u'52032407', u'52149403', u'52038436', u'52080875', u'52109504']
15824397397
zsj0911*
0
------------------
17367078621
weiyuxin
0
------------------
15127529708
shijizhe
0.6
投币失败 硬币不足
投币失败 硬币不足
投币失败 硬币不足
------------------
13306522935
zjuZSJ0911*
0
------------------
[Sat May 11 20:05:00 2019]	Heart_web
[Sat May 11 20:05:00 2019]	Heart_mobile
[Sat May 11 20:05:00 2019]	Heart_web
[Sat May 11 20:05:00 2019]	Heart_mobile
[Sat May 11 20:05:00 2019]	Heart_web
[Sat May 11 20:05:00 2019]	Heart_mobile
[Sat May 11 20:05:00 2019]	Heart_web
[Sat May 11 20:05:00 2019]	Heart_mobile
[Sat May 11 20:10:00 2019]	Heart_web
[Sat May 11 20:10:00 2019]	Heart_mobile
[Sat May 11 20:10:00 2019]	Heart_web
[Sat May 11 20:10:00 2019]	Heart_mobile
[Sat May 11 20:10:00 2019]	Heart_web
[Sat May 11 20:10:00 2019]	Heart_mobile
[Sat May 11 20:10:00 2019]	Heart_web
[Sat May 11 20:10:01 2019]	Heart_mobile
[Sat May 11 20:15:00 2019]	Heart_web
[Sat May 11 20:15:00 2019]	Heart_mobile
[Sat May 11 20:15:00 2019]	Heart_web
[Sat May 11 20:15:00 2019]	Heart_mobile
[Sat May 11 20:15:00 2019]	Heart_web
[Sat May 11 20:15:00 2019]	Heart_mobile
[Sat May 11 20:15:01 2019]	Heart_web
[Sat May 11 20:15:01 2019]	Heart_mobile
[Sat May 11 20:20:00 2019]	Heart_web
[Sat May 11 20:20:00 2019]	Heart_mobile
[Sat May 11 20:20:00 2019]	Heart_web
[Sat May 11 20:20:00 2019]	Heart_mobile
[Sat May 11 20:20:00 2019]	Heart_web
[Sat May 11 20:20:00 2019]	Heart_mobile
[Sat May 11 20:20:00 2019]	Heart_web
[Sat May 11 20:20:00 2019]	Heart_mobile
[Sat May 11 20:25:00 2019]	Heart_web
[Sat May 11 20:25:00 2019]	Heart_mobile
[Sat May 11 20:25:00 2019]	Heart_web
[Sat May 11 20:25:00 2019]	Heart_mobile
[Sat May 11 20:25:00 2019]	Heart_web
[Sat May 11 20:25:00 2019]	Heart_mobile
[Sat May 11 20:25:00 2019]	Heart_web
[Sat May 11 20:25:00 2019]	Heart_mobile
[Sat May 11 20:30:00 2019]	Heart_web
[Sat May 11 20:30:00 2019]	Heart_mobile
[Sat May 11 20:30:00 2019]	Heart_web
[Sat May 11 20:30:00 2019]	Heart_mobile
[Sat May 11 20:30:00 2019]	Heart_web
[Sat May 11 20:30:00 2019]	Heart_mobile
[Sat May 11 20:30:00 2019]	Heart_web
[Sat May 11 20:30:00 2019]	Heart_mobile
[Sat May 11 20:35:00 2019]	Heart_web
[Sat May 11 20:35:00 2019]	Heart_mobile
[Sat May 11 20:35:00 2019]	Heart_web
[Sat May 11 20:35:00 2019]	Heart_mobile
[Sat May 11 20:35:00 2019]	Heart_web
[Sat May 11 20:35:00 2019]	Heart_mobile
[Sat May 11 20:35:01 2019]	Heart_web
[Sat May 11 20:35:01 2019]	Heart_mobile
[Sat May 11 20:40:00 2019]	Heart_web
[Sat May 11 20:40:00 2019]	Heart_mobile
[Sat May 11 20:40:00 2019]	Heart_web
[Sat May 11 20:40:00 2019]	Heart_mobile
[Sat May 11 20:40:00 2019]	Heart_web
[Sat May 11 20:40:00 2019]	Heart_mobile
[Sat May 11 20:40:00 2019]	Heart_web
[Sat May 11 20:40:01 2019]	Heart_mobile
[Sat May 11 20:45:00 2019]	Heart_web
[Sat May 11 20:45:00 2019]	Heart_mobile
[Sat May 11 20:45:00 2019]	Heart_web
[Sat May 11 20:45:00 2019]	Heart_mobile
[Sat May 11 20:45:00 2019]	Heart_web
[Sat May 11 20:45:00 2019]	Heart_mobile
[Sat May 11 20:45:00 2019]	Heart_web
[Sat May 11 20:45:01 2019]	Heart_mobile
[Sat May 11 20:50:00 2019]	Heart_web
[Sat May 11 20:50:00 2019]	Heart_mobile
[Sat May 11 20:50:00 2019]	Heart_web
[Sat May 11 20:50:00 2019]	Heart_mobile
[Sat May 11 20:50:00 2019]	Heart_web
[Sat May 11 20:50:00 2019]	Heart_mobile
[Sat May 11 20:50:00 2019]	Heart_web
[Sat May 11 20:50:01 2019]	Heart_mobile
[Sat May 11 20:55:00 2019]	Heart_web
[Sat May 11 20:55:00 2019]	Heart_mobile
[Sat May 11 20:55:00 2019]	Heart_web
[Sat May 11 20:55:00 2019]	Heart_mobile
[Sat May 11 20:55:00 2019]	Heart_web
[Sat May 11 20:55:00 2019]	Heart_mobile
[Sat May 11 20:55:00 2019]	Heart_web
[Sat May 11 20:55:00 2019]	Heart_mobile
[Sat May 11 21:00:00 2019]	Heart_web
[Sat May 11 21:00:00 2019]	Heart_mobile
[Sat May 11 21:00:00 2019]	Heart_web
[Sat May 11 21:00:00 2019]	Heart_mobile
[Sat May 11 21:00:00 2019]	Heart_web
[Sat May 11 21:00:01 2019]	Heart_mobile
[Sat May 11 21:00:01 2019]	Heart_web
[Sat May 11 21:00:01 2019]	Heart_mobile
[Sat May 11 21:05:00 2019]	Heart_web
[Sat May 11 21:05:00 2019]	Heart_mobile
[Sat May 11 21:05:00 2019]	Heart_web
[Sat May 11 21:05:00 2019]	Heart_mobile
[Sat May 11 21:05:00 2019]	Heart_web
[Sat May 11 21:05:00 2019]	Heart_mobile
[Sat May 11 21:05:00 2019]	Heart_web
[Sat May 11 21:05:01 2019]	Heart_mobile
[Sat May 11 21:10:00 2019]	Heart_web
[Sat May 11 21:10:00 2019]	Heart_mobile
[Sat May 11 21:10:00 2019]	Heart_web
[Sat May 11 21:10:00 2019]	Heart_mobile
[Sat May 11 21:10:00 2019]	Heart_web
[Sat May 11 21:10:00 2019]	Heart_mobile
[Sat May 11 21:10:00 2019]	Heart_web
[Sat May 11 21:10:00 2019]	Heart_mobile
[Sat May 11 21:15:00 2019]	Heart_web
[Sat May 11 21:15:00 2019]	Heart_mobile
[Sat May 11 21:15:00 2019]	Heart_web
[Sat May 11 21:15:00 2019]	Heart_mobile
[Sat May 11 21:15:00 2019]	Heart_web
[Sat May 11 21:15:00 2019]	Heart_mobile
[Sat May 11 21:15:01 2019]	Heart_web
[Sat May 11 21:15:01 2019]	Heart_mobile
[Sat May 11 21:20:00 2019]	Heart_web
[Sat May 11 21:20:00 2019]	Heart_mobile
[Sat May 11 21:20:00 2019]	Heart_web
[Sat May 11 21:20:00 2019]	Heart_mobile
[Sat May 11 21:20:00 2019]	Heart_web
[Sat May 11 21:20:00 2019]	Heart_mobile
[Sat May 11 21:20:01 2019]	Heart_web
[Sat May 11 21:20:01 2019]	Heart_mobile
[Sat May 11 21:25:00 2019]	Heart_web
[Sat May 11 21:25:00 2019]	Heart_mobile
[Sat May 11 21:25:00 2019]	Heart_web
[Sat May 11 21:25:00 2019]	Heart_mobile
[Sat May 11 21:25:00 2019]	Heart_web
[Sat May 11 21:25:00 2019]	Heart_mobile
[Sat May 11 21:25:01 2019]	Heart_web
[Sat May 11 21:25:01 2019]	Heart_mobile
[Sat May 11 21:30:00 2019]	Heart_web
[Sat May 11 21:30:00 2019]	Heart_mobile
[Sat May 11 21:30:00 2019]	Heart_web
[Sat May 11 21:30:00 2019]	Heart_mobile
[Sat May 11 21:30:00 2019]	Heart_web
[Sat May 11 21:30:00 2019]	Heart_mobile
[Sat May 11 21:30:01 2019]	Heart_web
[Sat May 11 21:30:01 2019]	Heart_mobile
[Sat May 11 21:35:00 2019]	Heart_web
[Sat May 11 21:35:00 2019]	Heart_mobile
[Sat May 11 21:35:00 2019]	Heart_web
[Sat May 11 21:35:00 2019]	Heart_mobile
[Sat May 11 21:35:00 2019]	Heart_web
[Sat May 11 21:35:00 2019]	Heart_mobile
[Sat May 11 21:35:01 2019]	Heart_web
[Sat May 11 21:35:01 2019]	Heart_mobile
[Sat May 11 21:40:00 2019]	Heart_web
[Sat May 11 21:40:00 2019]	Heart_mobile
[Sat May 11 21:40:00 2019]	Heart_web
[Sat May 11 21:40:00 2019]	Heart_mobile
[Sat May 11 21:40:00 2019]	Heart_web
[Sat May 11 21:40:00 2019]	Heart_mobile
[Sat May 11 21:40:00 2019]	Heart_web
[Sat May 11 21:40:00 2019]	Heart_mobile
[Sat May 11 21:45:00 2019]	Heart_web
[Sat May 11 21:45:00 2019]	Heart_mobile
[Sat May 11 21:45:00 2019]	Heart_web
[Sat May 11 21:45:00 2019]	Heart_mobile
[Sat May 11 21:45:00 2019]	Heart_web
[Sat May 11 21:45:00 2019]	Heart_mobile
[Sat May 11 21:45:00 2019]	Heart_web
[Sat May 11 21:45:01 2019]	Heart_mobile
[Sat May 11 21:50:00 2019]	Heart_web
[Sat May 11 21:50:00 2019]	Heart_mobile
[Sat May 11 21:50:00 2019]	Heart_web
[Sat May 11 21:50:00 2019]	Heart_mobile
[Sat May 11 21:50:00 2019]	Heart_web
[Sat May 11 21:50:00 2019]	Heart_mobile
[Sat May 11 21:50:00 2019]	Heart_web
[Sat May 11 21:50:01 2019]	Heart_mobile
[Sat May 11 21:55:00 2019]	Heart_web
[Sat May 11 21:55:00 2019]	Heart_mobile
[Sat May 11 21:55:00 2019]	Heart_web
[Sat May 11 21:55:00 2019]	Heart_mobile
[Sat May 11 21:55:00 2019]	Heart_web
[Sat May 11 21:55:00 2019]	Heart_mobile
[Sat May 11 21:55:00 2019]	Heart_web
[Sat May 11 21:55:00 2019]	Heart_mobile
[Sat May 11 22:00:00 2019]	Heart_web
[Sat May 11 22:00:00 2019]	Heart_mobile
[Sat May 11 22:00:00 2019]	Heart_web
[Sat May 11 22:00:00 2019]	Heart_mobile
[Sat May 11 22:00:00 2019]	Heart_web
[Sat May 11 22:00:00 2019]	Heart_mobile
[Sat May 11 22:00:01 2019]	Heart_web
[Sat May 11 22:00:01 2019]	Heart_mobile
[Sat May 11 22:05:00 2019]	Heart_web
[Sat May 11 22:05:00 2019]	Heart_mobile
[Sat May 11 22:05:00 2019]	Heart_web
[Sat May 11 22:05:00 2019]	Heart_mobile
[Sat May 11 22:05:00 2019]	Heart_web
[Sat May 11 22:05:00 2019]	Heart_mobile
[Sat May 11 22:05:00 2019]	Heart_web
[Sat May 11 22:05:01 2019]	Heart_mobile
[Sat May 11 22:10:00 2019]	Heart_web
[Sat May 11 22:10:00 2019]	Heart_mobile
[Sat May 11 22:10:00 2019]	Heart_web
[Sat May 11 22:10:00 2019]	Heart_mobile
[Sat May 11 22:10:00 2019]	Heart_web
[Sat May 11 22:10:00 2019]	Heart_mobile
[Sat May 11 22:10:00 2019]	Heart_web
[Sat May 11 22:10:01 2019]	Heart_mobile
[Sat May 11 22:15:00 2019]	Heart_web
[Sat May 11 22:15:00 2019]	Heart_mobile
[Sat May 11 22:15:00 2019]	Heart_web
[Sat May 11 22:15:00 2019]	Heart_mobile
[Sat May 11 22:15:01 2019]	Heart_web
[Sat May 11 22:15:01 2019]	Heart_mobile
[Sat May 11 22:15:01 2019]	Heart_web
[Sat May 11 22:15:01 2019]	Heart_mobile
[Sat May 11 22:20:00 2019]	Heart_web
[Sat May 11 22:20:00 2019]	Heart_mobile
[Sat May 11 22:20:00 2019]	Heart_web
[Sat May 11 22:20:00 2019]	Heart_mobile
[Sat May 11 22:20:00 2019]	Heart_web
[Sat May 11 22:20:00 2019]	Heart_mobile
[Sat May 11 22:20:01 2019]	Heart_web
[Sat May 11 22:20:01 2019]	Heart_mobile
[Sat May 11 22:30:00 2019]	Heart_web
[Sat May 11 22:30:00 2019]	Heart_mobile
[Sat May 11 22:30:00 2019]	Heart_web
[Sat May 11 22:30:00 2019]	Heart_mobile
[Sat May 11 22:30:00 2019]	Heart_web
[Sat May 11 22:30:01 2019]	Heart_mobile
[Sat May 11 22:30:01 2019]	Heart_web
[Sat May 11 22:30:01 2019]	Heart_mobile
[Sat May 11 22:35:00 2019]	Heart_web
[Sat May 11 22:35:00 2019]	Heart_mobile
[Sat May 11 22:35:00 2019]	Heart_web
[Sat May 11 22:35:00 2019]	Heart_mobile
[Sat May 11 22:35:00 2019]	Heart_web
[Sat May 11 22:35:00 2019]	Heart_mobile
[Sat May 11 22:35:01 2019]	Heart_web
[Sat May 11 22:35:01 2019]	Heart_mobile
[Sat May 11 22:40:00 2019]	Heart_web
[Sat May 11 22:40:00 2019]	Heart_mobile
[Sat May 11 22:40:00 2019]	Heart_web
[Sat May 11 22:40:00 2019]	Heart_mobile
[Sat May 11 22:40:00 2019]	Heart_web
[Sat May 11 22:40:00 2019]	Heart_mobile
[Sat May 11 22:40:01 2019]	Heart_web
[Sat May 11 22:40:01 2019]	Heart_mobile
[Sat May 11 22:45:00 2019]	Heart_web
[Sat May 11 22:45:00 2019]	Heart_mobile
[Sat May 11 22:50:00 2019]	Heart_web
[Sat May 11 22:50:00 2019]	Heart_mobile
[Sat May 11 22:50:00 2019]	Heart_web
[Sat May 11 22:50:00 2019]	Heart_mobile
[Sat May 11 22:50:00 2019]	Heart_web
[Sat May 11 22:50:00 2019]	Heart_mobile
[Sat May 11 22:50:00 2019]	Heart_web
[Sat May 11 22:50:00 2019]	Heart_mobile
[Sat May 11 22:55:00 2019]	Heart_web
[Sat May 11 22:55:00 2019]	Heart_mobile
[Sat May 11 22:55:00 2019]	Heart_web
[Sat May 11 22:55:00 2019]	Heart_mobile
[Sat May 11 22:55:00 2019]	Heart_web
[Sat May 11 22:55:00 2019]	Heart_mobile
[Sat May 11 22:55:01 2019]	Heart_web
[Sat May 11 22:55:01 2019]	Heart_mobile
[Sat May 11 23:00:00 2019]	Heart_web
[Sat May 11 23:00:00 2019]	Heart_mobile
[Sat May 11 23:00:00 2019]	Heart_web
[Sat May 11 23:00:00 2019]	Heart_mobile
[Sat May 11 23:00:00 2019]	Heart_web
[Sat May 11 23:00:00 2019]	Heart_mobile
[Sat May 11 23:00:01 2019]	Heart_web
[Sat May 11 23:00:01 2019]	Heart_mobile
[Sat May 11 23:05:00 2019]	Heart_web
[Sat May 11 23:05:00 2019]	Heart_mobile
[Sat May 11 23:05:00 2019]	Heart_web
[Sat May 11 23:05:00 2019]	Heart_mobile
[Sat May 11 23:05:00 2019]	Heart_web
[Sat May 11 23:05:00 2019]	Heart_mobile
[Sat May 11 23:05:00 2019]	Heart_web
[Sat May 11 23:05:00 2019]	Heart_mobile
[Sat May 11 23:10:00 2019]	Heart_web
[Sat May 11 23:10:00 2019]	Heart_mobile
[Sat May 11 23:10:00 2019]	Heart_web
[Sat May 11 23:10:00 2019]	Heart_mobile
[Sat May 11 23:10:00 2019]	Heart_web
[Sat May 11 23:10:00 2019]	Heart_mobile
[Sat May 11 23:10:00 2019]	Heart_web
[Sat May 11 23:10:01 2019]	Heart_mobile
[Sat May 11 23:15:00 2019]	Heart_web
[Sat May 11 23:15:00 2019]	Heart_mobile
[Sat May 11 23:15:00 2019]	Heart_web
[Sat May 11 23:15:00 2019]	Heart_mobile
[Sat May 11 23:15:00 2019]	Heart_web
[Sat May 11 23:15:00 2019]	Heart_mobile
[Sat May 11 23:15:00 2019]	Heart_web
[Sat May 11 23:15:00 2019]	Heart_mobile
[Sat May 11 23:20:00 2019]	Heart_web
[Sat May 11 23:20:00 2019]	Heart_mobile
[Sat May 11 23:20:00 2019]	Heart_web
[Sat May 11 23:20:00 2019]	Heart_mobile
[Sat May 11 23:20:00 2019]	Heart_web
[Sat May 11 23:20:00 2019]	Heart_mobile
[Sat May 11 23:20:00 2019]	Heart_web
[Sat May 11 23:20:00 2019]	Heart_mobile
[Sat May 11 23:25:00 2019]	Heart_web
[Sat May 11 23:25:00 2019]	Heart_mobile
[Sat May 11 23:25:00 2019]	Heart_web
[Sat May 11 23:25:00 2019]	Heart_mobile
[Sat May 11 23:25:00 2019]	Heart_web
[Sat May 11 23:25:00 2019]	Heart_mobile
[Sat May 11 23:25:01 2019]	Heart_web
[Sat May 11 23:25:01 2019]	Heart_mobile
[Sat May 11 23:30:00 2019]	Heart_web
[Sat May 11 23:30:00 2019]	Heart_mobile
[Sat May 11 23:30:00 2019]	Heart_web
[Sat May 11 23:30:00 2019]	Heart_mobile
[Sat May 11 23:30:00 2019]	Heart_web
[Sat May 11 23:30:00 2019]	Heart_mobile
[Sat May 11 23:30:01 2019]	Heart_web
[Sat May 11 23:30:01 2019]	Heart_mobile
[Sat May 11 23:35:00 2019]	Heart_web
[Sat May 11 23:35:00 2019]	Heart_mobile
[Sat May 11 23:35:00 2019]	Heart_web
[Sat May 11 23:35:00 2019]	Heart_mobile
[Sat May 11 23:35:01 2019]	Heart_web
[Sat May 11 23:35:01 2019]	Heart_mobile
[Sat May 11 23:35:01 2019]	Heart_web
[Sat May 11 23:35:01 2019]	Heart_mobile
[Sat May 11 23:40:00 2019]	Heart_web
[Sat May 11 23:40:00 2019]	Heart_mobile
[Sat May 11 23:40:00 2019]	Heart_web
[Sat May 11 23:40:00 2019]	Heart_mobile
[Sat May 11 23:40:00 2019]	Heart_web
[Sat May 11 23:40:00 2019]	Heart_mobile
[Sat May 11 23:40:00 2019]	Heart_web
[Sat May 11 23:40:00 2019]	Heart_mobile
[Sat May 11 23:45:00 2019]	Heart_web
[Sat May 11 23:45:00 2019]	Heart_mobile
[Sat May 11 23:45:00 2019]	Heart_web
[Sat May 11 23:45:00 2019]	Heart_mobile
[Sat May 11 23:45:00 2019]	Heart_web
[Sat May 11 23:45:00 2019]	Heart_mobile
[Sat May 11 23:45:00 2019]	Heart_web
[Sat May 11 23:45:00 2019]	Heart_mobile
[Sat May 11 23:50:00 2019]	Heart_web
[Sat May 11 23:50:00 2019]	Heart_mobile
[Sat May 11 23:50:00 2019]	Heart_web
[Sat May 11 23:50:00 2019]	Heart_mobile
[Sat May 11 23:50:00 2019]	Heart_web
[Sat May 11 23:50:00 2019]	Heart_mobile
[Sat May 11 23:50:00 2019]	Heart_web
[Sat May 11 23:50:00 2019]	Heart_mobile
[Sat May 11 23:55:00 2019]	Heart_web
[Sat May 11 23:55:00 2019]	Heart_mobile
[Sat May 11 23:55:00 2019]	Heart_web
[Sat May 11 23:55:00 2019]	Heart_mobile
[Sat May 11 23:55:00 2019]	Heart_web
[Sat May 11 23:55:00 2019]	Heart_mobile
[Sat May 11 23:55:00 2019]	Heart_web
[Sat May 11 23:55:00 2019]	Heart_mobile
[Sun May 12 00:00:00 2019]	Heart_web
[Sun May 12 00:00:00 2019]	Heart_mobile
[Sun May 12 00:00:00 2019]	Heart_web
[Sun May 12 00:00:00 2019]	Heart_mobile
[Sun May 12 00:00:00 2019]	Heart_web
[Sun May 12 00:00:00 2019]	Heart_mobile
[Sun May 12 00:00:00 2019]	Heart_web
[Sun May 12 00:00:00 2019]	Heart_mobile
UPDATE Account SET finished = False,logined = False,watched = False,shared = False,coin_added = False,double_watch = False,s2c = False,signed = False
[u'52149403', u'52080875', u'52109504', u'52065603', u'52155614']
15824397397
zsj0911*
0
av52149403观看成功
银瓜子兑换成功
投币成功
------------------
17367078621
weiyuxin
0
av52149403观看成功
银瓜子兑换成功
投币成功
------------------
15127529708
shijizhe
0.6
av52149403观看成功
银瓜子兑换成功
投币成功
投币失败 硬币不足
投币失败 硬币不足
投币失败 硬币不足
投币失败 硬币不足
------------------
13306522935
zjuZSJ0911*
0
av52149403观看成功
银瓜子兑换成功
投币成功
投币失败 硬币不足
------------------
[Sun May 12 00:05:00 2019]	Heart_web
[Sun May 12 00:05:00 2019]	Heart_mobile
[Sun May 12 00:05:00 2019]	Heart_web
[Sun May 12 00:05:00 2019]	Heart_mobile
[Sun May 12 00:05:00 2019]	Heart_web
[Sun May 12 00:05:00 2019]	Heart_mobile
[Sun May 12 00:05:00 2019]	Heart_web
[Sun May 12 00:05:00 2019]	Heart_mobile
[Sun May 12 00:10:00 2019]	Heart_web
[Sun May 12 00:10:00 2019]	Heart_mobile
[Sun May 12 00:10:00 2019]	Heart_web
[Sun May 12 00:10:00 2019]	Heart_mobile
[Sun May 12 00:10:00 2019]	Heart_web
[Sun May 12 00:10:00 2019]	Heart_mobile
[Sun May 12 00:10:01 2019]	Heart_web
[Sun May 12 00:10:01 2019]	Heart_mobile
[Sun May 12 00:15:00 2019]	Heart_web
[Sun May 12 00:15:00 2019]	Heart_mobile
[Sun May 12 00:15:00 2019]	Heart_web
[Sun May 12 00:15:00 2019]	Heart_mobile
[Sun May 12 00:15:00 2019]	Heart_web
[Sun May 12 00:15:00 2019]	Heart_mobile
[Sun May 12 00:15:00 2019]	Heart_web
[Sun May 12 00:15:00 2019]	Heart_mobile
[Sun May 12 00:20:00 2019]	Heart_web
[Sun May 12 00:20:00 2019]	Heart_mobile
[Sun May 12 00:20:00 2019]	Heart_web
[Sun May 12 00:20:00 2019]	Heart_mobile
[Sun May 12 00:20:00 2019]	Heart_web
[Sun May 12 00:20:00 2019]	Heart_mobile
[Sun May 12 00:20:00 2019]	Heart_web
[Sun May 12 00:20:01 2019]	Heart_mobile
[Sun May 12 00:25:00 2019]	Heart_web
[Sun May 12 00:25:00 2019]	Heart_mobile
[Sun May 12 00:25:00 2019]	Heart_web
[Sun May 12 00:25:00 2019]	Heart_mobile
[Sun May 12 00:25:00 2019]	Heart_web
[Sun May 12 00:25:00 2019]	Heart_mobile
[Sun May 12 00:25:00 2019]	Heart_web
[Sun May 12 00:25:01 2019]	Heart_mobile
[Sun May 12 00:30:00 2019]	Heart_web
[Sun May 12 00:30:00 2019]	Heart_mobile
[Sun May 12 00:30:00 2019]	Heart_web
[Sun May 12 00:30:00 2019]	Heart_mobile
[Sun May 12 00:30:00 2019]	Heart_web
[Sun May 12 00:30:00 2019]	Heart_mobile
[Sun May 12 00:30:00 2019]	Heart_web
[Sun May 12 00:30:00 2019]	Heart_mobile
[Sun May 12 00:35:00 2019]	Heart_web
[Sun May 12 00:35:00 2019]	Heart_mobile
[Sun May 12 00:35:00 2019]	Heart_web
[Sun May 12 00:35:00 2019]	Heart_mobile
[Sun May 12 00:35:00 2019]	Heart_web
[Sun May 12 00:35:00 2019]	Heart_mobile
[Sun May 12 00:35:00 2019]	Heart_web
[Sun May 12 00:35:00 2019]	Heart_mobile
[Sun May 12 00:40:00 2019]	Heart_web
[Sun May 12 00:40:00 2019]	Heart_mobile
[Sun May 12 00:40:00 2019]	Heart_web
[Sun May 12 00:40:00 2019]	Heart_mobile
[Sun May 12 00:40:00 2019]	Heart_web
[Sun May 12 00:40:00 2019]	Heart_mobile
[Sun May 12 00:40:00 2019]	Heart_web
[Sun May 12 00:40:01 2019]	Heart_mobile
[Sun May 12 00:45:00 2019]	Heart_web
[Sun May 12 00:45:00 2019]	Heart_mobile
[Sun May 12 00:45:00 2019]	Heart_web
[Sun May 12 00:45:00 2019]	Heart_mobile
[Sun May 12 00:45:00 2019]	Heart_web
[Sun May 12 00:45:00 2019]	Heart_mobile
[Sun May 12 00:45:00 2019]	Heart_web
[Sun May 12 00:45:01 2019]	Heart_mobile
[Sun May 12 00:50:00 2019]	Heart_web
[Sun May 12 00:50:00 2019]	Heart_mobile
[Sun May 12 00:50:00 2019]	Heart_web
[Sun May 12 00:50:00 2019]	Heart_mobile
[Sun May 12 00:50:00 2019]	Heart_web
[Sun May 12 00:50:00 2019]	Heart_mobile
[Sun May 12 00:50:00 2019]	Heart_web
[Sun May 12 00:50:00 2019]	Heart_mobile
[Sun May 12 00:55:00 2019]	Heart_web
[Sun May 12 00:55:00 2019]	Heart_mobile
[Sun May 12 00:55:00 2019]	Heart_web
[Sun May 12 00:55:00 2019]	Heart_mobile
[Sun May 12 00:55:00 2019]	Heart_web
[Sun May 12 00:55:00 2019]	Heart_mobile
[Sun May 12 00:55:01 2019]	Heart_web
[Sun May 12 00:55:01 2019]	Heart_mobile
[Sun May 12 01:00:00 2019]	Heart_web
[Sun May 12 01:00:00 2019]	Heart_mobile
[Sun May 12 01:00:00 2019]	Heart_web
[Sun May 12 01:00:00 2019]	Heart_mobile
[Sun May 12 01:00:00 2019]	Heart_web
[Sun May 12 01:00:00 2019]	Heart_mobile
[Sun May 12 01:00:00 2019]	Heart_web
[Sun May 12 01:00:00 2019]	Heart_mobile
[u'52149403', u'52080875', u'52109504', u'52065603', u'52155614']
15824397397
zsj0911*
1

av52149403观看成功
今日已换硬币
投币成功
------------------
17367078621
weiyuxin
1

av52149403观看成功
今日已换硬币
投币成功
------------------
15127529708
shijizhe
1.6

av52149403观看成功
今日已换硬币
投币成功
投币失败 硬币不足
投币失败 硬币不足
投币失败 硬币不足
------------------
13306522935
zjuZSJ0911*
1

av52149403观看成功
今日已换硬币
投币成功
------------------
[Sun May 12 01:05:00 2019]	Heart_web
[Sun May 12 01:05:00 2019]	Heart_mobile
[Sun May 12 01:05:00 2019]	Heart_web
[Sun May 12 01:05:00 2019]	Heart_mobile
[Sun May 12 01:05:00 2019]	Heart_web
[Sun May 12 01:05:00 2019]	Heart_mobile
[Sun May 12 01:05:00 2019]	Heart_web
[Sun May 12 01:05:00 2019]	Heart_mobile
[Sun May 12 01:10:00 2019]	Heart_web
[Sun May 12 01:10:00 2019]	Heart_mobile
[Sun May 12 01:10:00 2019]	Heart_web
[Sun May 12 01:10:00 2019]	Heart_mobile
[Sun May 12 01:10:00 2019]	Heart_web
[Sun May 12 01:10:00 2019]	Heart_mobile
[Sun May 12 01:10:00 2019]	Heart_web
[Sun May 12 01:10:00 2019]	Heart_mobile
[Sun May 12 01:15:00 2019]	Heart_web
[Sun May 12 01:15:00 2019]	Heart_mobile
[Sun May 12 01:15:00 2019]	Heart_web
[Sun May 12 01:15:00 2019]	Heart_mobile
[Sun May 12 01:15:00 2019]	Heart_web
[Sun May 12 01:15:00 2019]	Heart_mobile
[Sun May 12 01:15:00 2019]	Heart_web
[Sun May 12 01:15:01 2019]	Heart_mobile
[Sun May 12 01:20:00 2019]	Heart_web
[Sun May 12 01:20:00 2019]	Heart_mobile
[Sun May 12 01:20:00 2019]	Heart_web
[Sun May 12 01:20:00 2019]	Heart_mobile
[Sun May 12 01:20:00 2019]	Heart_web
[Sun May 12 01:20:00 2019]	Heart_mobile
[Sun May 12 01:20:00 2019]	Heart_web
[Sun May 12 01:20:00 2019]	Heart_mobile
[Sun May 12 01:25:00 2019]	Heart_web
[Sun May 12 01:25:00 2019]	Heart_mobile
[Sun May 12 01:25:00 2019]	Heart_web
[Sun May 12 01:25:00 2019]	Heart_mobile
[Sun May 12 01:25:00 2019]	Heart_web
[Sun May 12 01:25:00 2019]	Heart_mobile
[Sun May 12 01:25:00 2019]	Heart_web
[Sun May 12 01:25:00 2019]	Heart_mobile
[Sun May 12 01:30:00 2019]	Heart_web
[Sun May 12 01:30:00 2019]	Heart_mobile
[Sun May 12 01:30:00 2019]	Heart_web
[Sun May 12 01:30:00 2019]	Heart_mobile
[Sun May 12 01:30:00 2019]	Heart_web
[Sun May 12 01:30:00 2019]	Heart_mobile
[Sun May 12 01:30:00 2019]	Heart_web
[Sun May 12 01:30:00 2019]	Heart_mobile
[Sun May 12 01:35:00 2019]	Heart_web
[Sun May 12 01:35:00 2019]	Heart_mobile
[Sun May 12 01:35:00 2019]	Heart_web
[Sun May 12 01:35:00 2019]	Heart_mobile
[Sun May 12 01:35:00 2019]	Heart_web
[Sun May 12 01:35:00 2019]	Heart_mobile
[Sun May 12 01:35:00 2019]	Heart_web
[Sun May 12 01:35:00 2019]	Heart_mobile
[Sun May 12 01:40:00 2019]	Heart_web
[Sun May 12 01:40:00 2019]	Heart_mobile
[Sun May 12 01:40:00 2019]	Heart_web
[Sun May 12 01:40:00 2019]	Heart_mobile
[Sun May 12 01:40:00 2019]	Heart_web
[Sun May 12 01:40:00 2019]	Heart_mobile
[Sun May 12 01:40:00 2019]	Heart_web
[Sun May 12 01:40:00 2019]	Heart_mobile
[Sun May 12 01:45:00 2019]	Heart_web
[Sun May 12 01:45:00 2019]	Heart_mobile
[Sun May 12 01:45:00 2019]	Heart_web
[Sun May 12 01:45:00 2019]	Heart_mobile
[Sun May 12 01:45:00 2019]	Heart_web
[Sun May 12 01:45:00 2019]	Heart_mobile
[Sun May 12 01:45:00 2019]	Heart_web
[Sun May 12 01:45:01 2019]	Heart_mobile
[Sun May 12 01:50:00 2019]	Heart_web
[Sun May 12 01:50:00 2019]	Heart_mobile
[Sun May 12 01:50:00 2019]	Heart_web
[Sun May 12 01:50:00 2019]	Heart_mobile
[Sun May 12 01:50:00 2019]	Heart_web
[Sun May 12 01:50:00 2019]	Heart_mobile
[Sun May 12 01:50:00 2019]	Heart_web
[Sun May 12 01:50:00 2019]	Heart_mobile
[Sun May 12 01:55:00 2019]	Heart_web
[Sun May 12 01:55:00 2019]	Heart_mobile
[Sun May 12 01:55:00 2019]	Heart_web
[Sun May 12 01:55:00 2019]	Heart_mobile
[Sun May 12 01:55:00 2019]	Heart_web
[Sun May 12 01:55:00 2019]	Heart_mobile
[Sun May 12 01:55:00 2019]	Heart_web
[Sun May 12 01:55:00 2019]	Heart_mobile
[Sun May 12 02:00:00 2019]	Heart_web
[Sun May 12 02:00:00 2019]	Heart_mobile
[Sun May 12 02:00:00 2019]	Heart_web
[Sun May 12 02:00:00 2019]	Heart_mobile
[Sun May 12 02:00:00 2019]	Heart_web
[Sun May 12 02:00:00 2019]	Heart_mobile
[Sun May 12 02:00:00 2019]	Heart_web
[Sun May 12 02:00:00 2019]	Heart_mobile
[u'52149403', u'52080875', u'52109503', u'52109504', u'52065603']
15824397397
zsj0911*
0
av52149403观看成功
------------------
17367078621
weiyuxin
0
av52149403观看成功
------------------
15127529708
shijizhe
0.6
av52149403观看成功
投币失败 硬币不足
投币失败 硬币不足
投币失败 硬币不足
------------------
13306522935
zjuZSJ0911*
0
av52149403观看成功
------------------
[Sun May 12 02:05:00 2019]	Heart_web
[Sun May 12 02:05:00 2019]	Heart_mobile
[Sun May 12 02:05:00 2019]	Heart_web
[Sun May 12 02:05:00 2019]	Heart_mobile
[Sun May 12 02:05:00 2019]	Heart_web
[Sun May 12 02:05:00 2019]	Heart_mobile
[Sun May 12 02:05:00 2019]	Heart_web
[Sun May 12 02:05:01 2019]	Heart_mobile
[Sun May 12 02:10:00 2019]	Heart_web
[Sun May 12 02:10:00 2019]	Heart_mobile
[Sun May 12 02:10:00 2019]	Heart_web
[Sun May 12 02:10:00 2019]	Heart_mobile
[Sun May 12 02:10:00 2019]	Heart_web
[Sun May 12 02:10:00 2019]	Heart_mobile
[Sun May 12 02:10:00 2019]	Heart_web
[Sun May 12 02:10:00 2019]	Heart_mobile
[Sun May 12 02:15:00 2019]	Heart_web
[Sun May 12 02:15:00 2019]	Heart_mobile
[Sun May 12 02:15:00 2019]	Heart_web
[Sun May 12 02:15:00 2019]	Heart_mobile
[Sun May 12 02:15:00 2019]	Heart_web
[Sun May 12 02:15:00 2019]	Heart_mobile
[Sun May 12 02:15:00 2019]	Heart_web
[Sun May 12 02:15:01 2019]	Heart_mobile
[Sun May 12 02:20:00 2019]	Heart_web
[Sun May 12 02:20:00 2019]	Heart_mobile
[Sun May 12 02:20:00 2019]	Heart_web
[Sun May 12 02:20:00 2019]	Heart_mobile
[Sun May 12 02:20:00 2019]	Heart_web
[Sun May 12 02:20:00 2019]	Heart_mobile
[Sun May 12 02:20:00 2019]	Heart_web
[Sun May 12 02:20:00 2019]	Heart_mobile
[Sun May 12 02:25:00 2019]	Heart_web
[Sun May 12 02:25:00 2019]	Heart_mobile
[Sun May 12 02:25:00 2019]	Heart_web
[Sun May 12 02:25:00 2019]	Heart_mobile
[Sun May 12 02:25:00 2019]	Heart_web
[Sun May 12 02:25:00 2019]	Heart_mobile
[Sun May 12 02:25:00 2019]	Heart_web
[Sun May 12 02:25:00 2019]	Heart_mobile
[Sun May 12 02:30:00 2019]	Heart_web
[Sun May 12 02:30:00 2019]	Heart_mobile
[Sun May 12 02:30:00 2019]	Heart_web
[Sun May 12 02:30:00 2019]	Heart_mobile
[Sun May 12 02:30:00 2019]	Heart_web
[Sun May 12 02:30:00 2019]	Heart_mobile
[Sun May 12 02:30:00 2019]	Heart_web
[Sun May 12 02:30:00 2019]	Heart_mobile
[Sun May 12 02:35:00 2019]	Heart_web
[Sun May 12 02:35:00 2019]	Heart_mobile
[Sun May 12 02:35:00 2019]	Heart_web
[Sun May 12 02:35:00 2019]	Heart_mobile
[Sun May 12 02:35:00 2019]	Heart_web
[Sun May 12 02:35:00 2019]	Heart_mobile
[Sun May 12 02:35:00 2019]	Heart_web
[Sun May 12 02:35:00 2019]	Heart_mobile
[Sun May 12 02:40:00 2019]	Heart_web
[Sun May 12 02:40:00 2019]	Heart_mobile
[Sun May 12 02:40:00 2019]	Heart_web
[Sun May 12 02:40:00 2019]	Heart_mobile
[Sun May 12 02:40:00 2019]	Heart_web
[Sun May 12 02:40:00 2019]	Heart_mobile
[Sun May 12 02:40:00 2019]	Heart_web
[Sun May 12 02:40:00 2019]	Heart_mobile
[Sun May 12 02:45:00 2019]	Heart_web
[Sun May 12 02:45:00 2019]	Heart_mobile
[Sun May 12 02:45:00 2019]	Heart_web
[Sun May 12 02:45:00 2019]	Heart_mobile
[Sun May 12 02:45:00 2019]	Heart_web
[Sun May 12 02:45:00 2019]	Heart_mobile
[Sun May 12 02:45:00 2019]	Heart_web
[Sun May 12 02:45:00 2019]	Heart_mobile
[Sun May 12 02:50:00 2019]	Heart_web
[Sun May 12 02:50:00 2019]	Heart_mobile
[Sun May 12 02:50:00 2019]	Heart_web
[Sun May 12 02:50:00 2019]	Heart_mobile
[Sun May 12 02:50:00 2019]	Heart_web
[Sun May 12 02:50:00 2019]	Heart_mobile
[Sun May 12 02:50:00 2019]	Heart_web
[Sun May 12 02:50:00 2019]	Heart_mobile
[Sun May 12 02:55:00 2019]	Heart_web
[Sun May 12 02:55:00 2019]	Heart_mobile
[Sun May 12 02:55:00 2019]	Heart_web
[Sun May 12 02:55:00 2019]	Heart_mobile
[Sun May 12 02:55:00 2019]	Heart_web
[Sun May 12 02:55:00 2019]	Heart_mobile
[Sun May 12 02:55:01 2019]	Heart_web
[Sun May 12 02:55:01 2019]	Heart_mobile
[Sun May 12 03:00:00 2019]	Heart_web
[Sun May 12 03:00:00 2019]	Heart_mobile
[Sun May 12 03:00:00 2019]	Heart_web
[Sun May 12 03:00:00 2019]	Heart_mobile
[Sun May 12 03:00:00 2019]	Heart_web
[Sun May 12 03:00:00 2019]	Heart_mobile
[Sun May 12 03:00:00 2019]	Heart_web
[Sun May 12 03:00:00 2019]	Heart_mobile
[u'52149403', u'52080875', u'52109503', u'52109504', u'52065603']
15824397397
zsj0911*
0
------------------
17367078621
weiyuxin
0
------------------
15127529708
shijizhe
0.6
投币失败 硬币不足
投币失败 硬币不足
投币失败 硬币不足
------------------
13306522935
zjuZSJ0911*
0
------------------
[Sun May 12 03:05:00 2019]	Heart_web
[Sun May 12 03:05:00 2019]	Heart_mobile
[Sun May 12 03:05:00 2019]	Heart_web
[Sun May 12 03:05:00 2019]	Heart_mobile
[Sun May 12 03:05:00 2019]	Heart_web
[Sun May 12 03:05:00 2019]	Heart_mobile
[Sun May 12 03:05:00 2019]	Heart_web
[Sun May 12 03:05:00 2019]	Heart_mobile
[Sun May 12 03:10:00 2019]	Heart_web
[Sun May 12 03:10:00 2019]	Heart_mobile
[Sun May 12 03:10:00 2019]	Heart_web
[Sun May 12 03:10:00 2019]	Heart_mobile
[Sun May 12 03:10:00 2019]	Heart_web
[Sun May 12 03:10:00 2019]	Heart_mobile
[Sun May 12 03:10:00 2019]	Heart_web
[Sun May 12 03:10:00 2019]	Heart_mobile
[Sun May 12 03:15:00 2019]	Heart_web
[Sun May 12 03:15:00 2019]	Heart_mobile
[Sun May 12 03:15:00 2019]	Heart_web
[Sun May 12 03:15:00 2019]	Heart_mobile
[Sun May 12 03:15:00 2019]	Heart_web
[Sun May 12 03:15:00 2019]	Heart_mobile
[Sun May 12 03:15:01 2019]	Heart_web
[Sun May 12 03:15:01 2019]	Heart_mobile
[Sun May 12 03:20:00 2019]	Heart_web
[Sun May 12 03:20:00 2019]	Heart_mobile
[Sun May 12 03:20:00 2019]	Heart_web
[Sun May 12 03:20:00 2019]	Heart_mobile
[Sun May 12 03:20:00 2019]	Heart_web
[Sun May 12 03:20:00 2019]	Heart_mobile
[Sun May 12 03:20:00 2019]	Heart_web
[Sun May 12 03:20:00 2019]	Heart_mobile
[Sun May 12 03:25:00 2019]	Heart_web
[Sun May 12 03:25:00 2019]	Heart_mobile
[Sun May 12 03:25:00 2019]	Heart_web
[Sun May 12 03:25:00 2019]	Heart_mobile
[Sun May 12 03:25:00 2019]	Heart_web
[Sun May 12 03:25:00 2019]	Heart_mobile
[Sun May 12 03:25:00 2019]	Heart_web
[Sun May 12 03:25:00 2019]	Heart_mobile
[Sun May 12 03:30:00 2019]	Heart_web
[Sun May 12 03:30:00 2019]	Heart_mobile
[Sun May 12 03:30:00 2019]	Heart_web
[Sun May 12 03:30:00 2019]	Heart_mobile
[Sun May 12 03:30:00 2019]	Heart_web
[Sun May 12 03:30:00 2019]	Heart_mobile
[Sun May 12 03:30:00 2019]	Heart_web
[Sun May 12 03:30:00 2019]	Heart_mobile
[Sun May 12 03:35:00 2019]	Heart_web
[Sun May 12 03:35:00 2019]	Heart_mobile
[Sun May 12 03:35:00 2019]	Heart_web
[Sun May 12 03:35:00 2019]	Heart_mobile
[Sun May 12 03:35:00 2019]	Heart_web
[Sun May 12 03:35:00 2019]	Heart_mobile
[Sun May 12 03:35:00 2019]	Heart_web
[Sun May 12 03:35:00 2019]	Heart_mobile
[Sun May 12 03:40:00 2019]	Heart_web
[Sun May 12 03:40:00 2019]	Heart_mobile
[Sun May 12 03:40:00 2019]	Heart_web
[Sun May 12 03:40:00 2019]	Heart_mobile
[Sun May 12 03:40:00 2019]	Heart_web
[Sun May 12 03:40:00 2019]	Heart_mobile
[Sun May 12 03:40:00 2019]	Heart_web
[Sun May 12 03:40:01 2019]	Heart_mobile
[Sun May 12 03:45:00 2019]	Heart_web
[Sun May 12 03:45:00 2019]	Heart_mobile
[Sun May 12 03:45:00 2019]	Heart_web
[Sun May 12 03:45:00 2019]	Heart_mobile
[Sun May 12 03:45:00 2019]	Heart_web
[Sun May 12 03:45:00 2019]	Heart_mobile
[Sun May 12 03:45:00 2019]	Heart_web
[Sun May 12 03:45:00 2019]	Heart_mobile
[Sun May 12 03:50:00 2019]	Heart_web
[Sun May 12 03:50:00 2019]	Heart_mobile
[Sun May 12 03:50:00 2019]	Heart_web
[Sun May 12 03:50:00 2019]	Heart_mobile
[Sun May 12 03:50:00 2019]	Heart_web
[Sun May 12 03:50:00 2019]	Heart_mobile
[Sun May 12 03:50:00 2019]	Heart_web
[Sun May 12 03:50:00 2019]	Heart_mobile
[Sun May 12 03:55:00 2019]	Heart_web
[Sun May 12 03:55:00 2019]	Heart_mobile
[Sun May 12 03:55:00 2019]	Heart_web
[Sun May 12 03:55:00 2019]	Heart_mobile
[Sun May 12 03:55:00 2019]	Heart_web
[Sun May 12 03:55:00 2019]	Heart_mobile
[Sun May 12 03:55:00 2019]	Heart_web
[Sun May 12 03:55:00 2019]	Heart_mobile
[Sun May 12 04:00:00 2019]	Heart_web
[Sun May 12 04:00:00 2019]	Heart_mobile
[Sun May 12 04:00:00 2019]	Heart_web
[Sun May 12 04:00:00 2019]	Heart_mobile
[Sun May 12 04:00:00 2019]	Heart_web
[Sun May 12 04:00:00 2019]	Heart_mobile
[Sun May 12 04:00:00 2019]	Heart_web
[Sun May 12 04:00:00 2019]	Heart_mobile
[u'52149403', u'52080875', u'52109503', u'52109504', u'52065603']
15824397397
zsj0911*
0
------------------
17367078621
weiyuxin
0
------------------
15127529708
shijizhe
0.6
投币失败 硬币不足
投币失败 硬币不足
投币失败 硬币不足
------------------
13306522935
zjuZSJ0911*
0
------------------
[Sun May 12 04:05:00 2019]	Heart_web
[Sun May 12 04:05:00 2019]	Heart_mobile
[Sun May 12 04:05:00 2019]	Heart_web
[Sun May 12 04:05:00 2019]	Heart_mobile
[Sun May 12 04:05:00 2019]	Heart_web
[Sun May 12 04:05:00 2019]	Heart_mobile
[Sun May 12 04:05:00 2019]	Heart_web
[Sun May 12 04:05:01 2019]	Heart_mobile
[Sun May 12 04:10:00 2019]	Heart_web
[Sun May 12 04:10:00 2019]	Heart_mobile
[Sun May 12 04:10:00 2019]	Heart_web
[Sun May 12 04:10:00 2019]	Heart_mobile
[Sun May 12 04:10:00 2019]	Heart_web
[Sun May 12 04:10:00 2019]	Heart_mobile
[Sun May 12 04:10:00 2019]	Heart_web
[Sun May 12 04:10:00 2019]	Heart_mobile
[Sun May 12 04:15:00 2019]	Heart_web
[Sun May 12 04:15:00 2019]	Heart_mobile
[Sun May 12 04:15:00 2019]	Heart_web
[Sun May 12 04:15:00 2019]	Heart_mobile
[Sun May 12 04:15:00 2019]	Heart_web
[Sun May 12 04:15:00 2019]	Heart_mobile
[Sun May 12 04:15:00 2019]	Heart_web
[Sun May 12 04:15:01 2019]	Heart_mobile
[Sun May 12 04:20:00 2019]	Heart_web
[Sun May 12 04:20:00 2019]	Heart_mobile
[Sun May 12 04:20:00 2019]	Heart_web
[Sun May 12 04:20:00 2019]	Heart_mobile
[Sun May 12 04:20:00 2019]	Heart_web
[Sun May 12 04:20:00 2019]	Heart_mobile
[Sun May 12 04:20:00 2019]	Heart_web
[Sun May 12 04:20:00 2019]	Heart_mobile
[Sun May 12 04:25:00 2019]	Heart_web
[Sun May 12 04:25:00 2019]	Heart_mobile
[Sun May 12 04:25:00 2019]	Heart_web
[Sun May 12 04:25:00 2019]	Heart_mobile
[Sun May 12 04:25:00 2019]	Heart_web
[Sun May 12 04:25:00 2019]	Heart_mobile
[Sun May 12 04:25:00 2019]	Heart_web
[Sun May 12 04:25:00 2019]	Heart_mobile
[Sun May 12 04:30:00 2019]	Heart_web
[Sun May 12 04:30:00 2019]	Heart_mobile
[Sun May 12 04:30:00 2019]	Heart_web
[Sun May 12 04:30:00 2019]	Heart_mobile
[Sun May 12 04:30:00 2019]	Heart_web
[Sun May 12 04:30:00 2019]	Heart_mobile
[Sun May 12 04:30:01 2019]	Heart_web
[Sun May 12 04:30:01 2019]	Heart_mobile
[Sun May 12 04:35:00 2019]	Heart_web
[Sun May 12 04:35:00 2019]	Heart_mobile
[Sun May 12 04:35:00 2019]	Heart_web
[Sun May 12 04:35:00 2019]	Heart_mobile
[Sun May 12 04:35:00 2019]	Heart_web
[Sun May 12 04:35:00 2019]	Heart_mobile
[Sun May 12 04:35:00 2019]	Heart_web
[Sun May 12 04:35:00 2019]	Heart_mobile
[Sun May 12 04:40:00 2019]	Heart_web
[Sun May 12 04:40:00 2019]	Heart_mobile
[Sun May 12 04:40:00 2019]	Heart_web
[Sun May 12 04:40:00 2019]	Heart_mobile
[Sun May 12 04:40:00 2019]	Heart_web
[Sun May 12 04:40:00 2019]	Heart_mobile
[Sun May 12 04:40:00 2019]	Heart_web
[Sun May 12 04:40:00 2019]	Heart_mobile
[Sun May 12 04:45:00 2019]	Heart_web
[Sun May 12 04:45:00 2019]	Heart_mobile
[Sun May 12 04:45:00 2019]	Heart_web
[Sun May 12 04:45:00 2019]	Heart_mobile
[Sun May 12 04:45:00 2019]	Heart_web
[Sun May 12 04:45:00 2019]	Heart_mobile
[Sun May 12 04:45:00 2019]	Heart_web
[Sun May 12 04:45:00 2019]	Heart_mobile
[Sun May 12 04:50:00 2019]	Heart_web
[Sun May 12 04:50:00 2019]	Heart_mobile
[Sun May 12 04:50:00 2019]	Heart_web
[Sun May 12 04:50:00 2019]	Heart_mobile
[Sun May 12 04:50:00 2019]	Heart_web
[Sun May 12 04:50:00 2019]	Heart_mobile
[Sun May 12 04:50:00 2019]	Heart_web
[Sun May 12 04:50:00 2019]	Heart_mobile
[Sun May 12 04:55:00 2019]	Heart_web
[Sun May 12 04:55:00 2019]	Heart_mobile
[Sun May 12 04:55:00 2019]	Heart_web
[Sun May 12 04:55:00 2019]	Heart_mobile
[Sun May 12 04:55:00 2019]	Heart_web
[Sun May 12 04:55:00 2019]	Heart_mobile
[Sun May 12 04:55:00 2019]	Heart_web
[Sun May 12 04:55:00 2019]	Heart_mobile
[Sun May 12 05:00:00 2019]	Heart_web
[Sun May 12 05:00:00 2019]	Heart_mobile
[Sun May 12 05:00:00 2019]	Heart_web
[Sun May 12 05:00:00 2019]	Heart_mobile
[Sun May 12 05:00:00 2019]	Heart_web
[Sun May 12 05:00:00 2019]	Heart_mobile
[Sun May 12 05:00:00 2019]	Heart_web
[Sun May 12 05:00:00 2019]	Heart_mobile
[u'52149403', u'52080875', u'52109503', u'52109504', u'52155614']
15824397397
zsj0911*
0
------------------
17367078621
weiyuxin
0
------------------
15127529708
shijizhe
0.6
投币失败 硬币不足
投币失败 硬币不足
投币失败 硬币不足
------------------
13306522935
zjuZSJ0911*
0
------------------
[Sun May 12 05:05:00 2019]	Heart_web
[Sun May 12 05:05:00 2019]	Heart_mobile
[Sun May 12 05:05:00 2019]	Heart_web
[Sun May 12 05:05:00 2019]	Heart_mobile
[Sun May 12 05:05:00 2019]	Heart_web
[Sun May 12 05:05:00 2019]	Heart_mobile
[Sun May 12 05:05:00 2019]	Heart_web
[Sun May 12 05:05:00 2019]	Heart_mobile
[Sun May 12 05:10:00 2019]	Heart_web
[Sun May 12 05:10:00 2019]	Heart_mobile
[Sun May 12 05:10:00 2019]	Heart_web
[Sun May 12 05:10:00 2019]	Heart_mobile
[Sun May 12 05:10:00 2019]	Heart_web
[Sun May 12 05:10:00 2019]	Heart_mobile
[Sun May 12 05:10:01 2019]	Heart_web
[Sun May 12 05:10:01 2019]	Heart_mobile
[Sun May 12 05:15:00 2019]	Heart_web
[Sun May 12 05:15:00 2019]	Heart_mobile
[Sun May 12 05:15:00 2019]	Heart_web
[Sun May 12 05:15:00 2019]	Heart_mobile
[Sun May 12 05:15:00 2019]	Heart_web
[Sun May 12 05:15:00 2019]	Heart_mobile
[Sun May 12 05:15:00 2019]	Heart_web
[Sun May 12 05:15:00 2019]	Heart_mobile
[Sun May 12 05:20:00 2019]	Heart_web
[Sun May 12 05:20:00 2019]	Heart_mobile
[Sun May 12 05:20:00 2019]	Heart_web
[Sun May 12 05:20:00 2019]	Heart_mobile
[Sun May 12 05:20:00 2019]	Heart_web
[Sun May 12 05:20:00 2019]	Heart_mobile
[Sun May 12 05:20:00 2019]	Heart_web
[Sun May 12 05:20:00 2019]	Heart_mobile
[Sun May 12 05:25:00 2019]	Heart_web
[Sun May 12 05:25:00 2019]	Heart_mobile
[Sun May 12 05:25:00 2019]	Heart_web
[Sun May 12 05:25:00 2019]	Heart_mobile
[Sun May 12 05:25:00 2019]	Heart_web
[Sun May 12 05:25:00 2019]	Heart_mobile
[Sun May 12 05:25:00 2019]	Heart_web
[Sun May 12 05:25:00 2019]	Heart_mobile
[Sun May 12 05:30:00 2019]	Heart_web
[Sun May 12 05:30:00 2019]	Heart_mobile
[Sun May 12 05:30:00 2019]	Heart_web
[Sun May 12 05:30:00 2019]	Heart_mobile
[Sun May 12 05:30:00 2019]	Heart_web
[Sun May 12 05:30:00 2019]	Heart_mobile
[Sun May 12 05:30:00 2019]	Heart_web
[Sun May 12 05:30:00 2019]	Heart_mobile
[Sun May 12 05:35:00 2019]	Heart_web
[Sun May 12 05:35:00 2019]	Heart_mobile
[Sun May 12 05:35:00 2019]	Heart_web
[Sun May 12 05:35:00 2019]	Heart_mobile
[Sun May 12 05:35:00 2019]	Heart_web
[Sun May 12 05:35:00 2019]	Heart_mobile
[Sun May 12 05:35:00 2019]	Heart_web
[Sun May 12 05:35:00 2019]	Heart_mobile
[Sun May 12 05:40:00 2019]	Heart_web
[Sun May 12 05:40:00 2019]	Heart_mobile
[Sun May 12 05:40:00 2019]	Heart_web
[Sun May 12 05:40:00 2019]	Heart_mobile
[Sun May 12 05:40:00 2019]	Heart_web
[Sun May 12 05:40:00 2019]	Heart_mobile
[Sun May 12 05:40:00 2019]	Heart_web
[Sun May 12 05:40:00 2019]	Heart_mobile
[Sun May 12 05:45:00 2019]	Heart_web
[Sun May 12 05:45:00 2019]	Heart_mobile
[Sun May 12 05:45:00 2019]	Heart_web
[Sun May 12 05:45:00 2019]	Heart_mobile
[Sun May 12 05:45:00 2019]	Heart_web
[Sun May 12 05:45:00 2019]	Heart_mobile
[Sun May 12 05:45:00 2019]	Heart_web
[Sun May 12 05:45:00 2019]	Heart_mobile
[Sun May 12 05:50:00 2019]	Heart_web
[Sun May 12 05:50:00 2019]	Heart_mobile
[Sun May 12 05:50:00 2019]	Heart_web
[Sun May 12 05:50:00 2019]	Heart_mobile
[Sun May 12 05:50:00 2019]	Heart_web
[Sun May 12 05:50:00 2019]	Heart_mobile
[Sun May 12 05:50:00 2019]	Heart_web
[Sun May 12 05:50:00 2019]	Heart_mobile
[Sun May 12 05:55:00 2019]	Heart_web
[Sun May 12 05:55:00 2019]	Heart_mobile
[Sun May 12 05:55:00 2019]	Heart_web
[Sun May 12 05:55:00 2019]	Heart_mobile
[Sun May 12 05:55:00 2019]	Heart_web
[Sun May 12 05:55:00 2019]	Heart_mobile
[Sun May 12 05:55:00 2019]	Heart_web
[Sun May 12 05:55:00 2019]	Heart_mobile
[Sun May 12 06:00:00 2019]	Heart_web
[Sun May 12 06:00:00 2019]	Heart_mobile
[Sun May 12 06:00:00 2019]	Heart_web
[Sun May 12 06:00:00 2019]	Heart_mobile
[Sun May 12 06:00:00 2019]	Heart_web
[Sun May 12 06:00:00 2019]	Heart_mobile
[Sun May 12 06:00:00 2019]	Heart_web
[Sun May 12 06:00:00 2019]	Heart_mobile
[u'52149403', u'52080875', u'52109503', u'52109504', u'52155614']
15824397397
zsj0911*
0
------------------
17367078621
weiyuxin
0
------------------
15127529708
shijizhe
0.6
投币失败 硬币不足
投币失败 硬币不足
投币失败 硬币不足
------------------
13306522935
zjuZSJ0911*
0
------------------
[Sun May 12 06:05:00 2019]	Heart_web
[Sun May 12 06:05:00 2019]	Heart_mobile
[Sun May 12 06:05:00 2019]	Heart_web
[Sun May 12 06:05:00 2019]	Heart_mobile
[Sun May 12 06:05:00 2019]	Heart_web
[Sun May 12 06:05:00 2019]	Heart_mobile
[Sun May 12 06:05:00 2019]	Heart_web
[Sun May 12 06:05:00 2019]	Heart_mobile
[Sun May 12 06:10:00 2019]	Heart_web
[Sun May 12 06:10:00 2019]	Heart_mobile
[Sun May 12 06:10:00 2019]	Heart_web
[Sun May 12 06:10:00 2019]	Heart_mobile
[Sun May 12 06:10:00 2019]	Heart_web
[Sun May 12 06:10:00 2019]	Heart_mobile
[Sun May 12 06:10:00 2019]	Heart_web
[Sun May 12 06:10:00 2019]	Heart_mobile
[Sun May 12 06:15:00 2019]	Heart_web
[Sun May 12 06:15:00 2019]	Heart_mobile
[Sun May 12 06:15:00 2019]	Heart_web
[Sun May 12 06:15:00 2019]	Heart_mobile
[Sun May 12 06:15:00 2019]	Heart_web
[Sun May 12 06:15:00 2019]	Heart_mobile
[Sun May 12 06:15:00 2019]	Heart_web
[Sun May 12 06:15:01 2019]	Heart_mobile
[Sun May 12 06:20:00 2019]	Heart_web
[Sun May 12 06:20:00 2019]	Heart_mobile
[Sun May 12 06:20:00 2019]	Heart_web
[Sun May 12 06:20:00 2019]	Heart_mobile
[Sun May 12 06:20:00 2019]	Heart_web
[Sun May 12 06:20:01 2019]	Heart_mobile
[Sun May 12 06:20:01 2019]	Heart_web
[Sun May 12 06:20:01 2019]	Heart_mobile
[Sun May 12 06:25:00 2019]	Heart_web
[Sun May 12 06:25:00 2019]	Heart_mobile
[Sun May 12 06:25:00 2019]	Heart_web
[Sun May 12 06:25:00 2019]	Heart_mobile
[Sun May 12 06:25:00 2019]	Heart_web
[Sun May 12 06:25:00 2019]	Heart_mobile
[Sun May 12 06:25:01 2019]	Heart_web
[Sun May 12 06:25:01 2019]	Heart_mobile
[Sun May 12 06:30:00 2019]	Heart_web
[Sun May 12 06:30:00 2019]	Heart_mobile
[Sun May 12 06:30:00 2019]	Heart_web
[Sun May 12 06:30:00 2019]	Heart_mobile
[Sun May 12 06:30:00 2019]	Heart_web
[Sun May 12 06:30:00 2019]	Heart_mobile
[Sun May 12 06:30:00 2019]	Heart_web
[Sun May 12 06:30:00 2019]	Heart_mobile
[Sun May 12 06:35:00 2019]	Heart_web
[Sun May 12 06:35:00 2019]	Heart_mobile
[Sun May 12 06:35:00 2019]	Heart_web
[Sun May 12 06:35:00 2019]	Heart_mobile
[Sun May 12 06:35:01 2019]	Heart_web
[Sun May 12 06:35:01 2019]	Heart_mobile
[Sun May 12 06:35:01 2019]	Heart_web
[Sun May 12 06:35:01 2019]	Heart_mobile
[Sun May 12 06:40:00 2019]	Heart_web
[Sun May 12 06:40:00 2019]	Heart_mobile
[Sun May 12 06:40:00 2019]	Heart_web
[Sun May 12 06:40:00 2019]	Heart_mobile
[Sun May 12 06:40:00 2019]	Heart_web
[Sun May 12 06:40:00 2019]	Heart_mobile
[Sun May 12 06:40:00 2019]	Heart_web
[Sun May 12 06:40:00 2019]	Heart_mobile
[Sun May 12 06:45:00 2019]	Heart_web
[Sun May 12 06:45:00 2019]	Heart_mobile
[Sun May 12 06:45:00 2019]	Heart_web
[Sun May 12 06:45:00 2019]	Heart_mobile
[Sun May 12 06:45:00 2019]	Heart_web
[Sun May 12 06:45:00 2019]	Heart_mobile
[Sun May 12 06:45:00 2019]	Heart_web
[Sun May 12 06:45:01 2019]	Heart_mobile
[Sun May 12 06:50:00 2019]	Heart_web
[Sun May 12 06:50:00 2019]	Heart_mobile
[Sun May 12 06:50:00 2019]	Heart_web
[Sun May 12 06:50:00 2019]	Heart_mobile
[Sun May 12 06:50:00 2019]	Heart_web
[Sun May 12 06:50:00 2019]	Heart_mobile
[Sun May 12 06:50:01 2019]	Heart_web
[Sun May 12 06:50:01 2019]	Heart_mobile
[Sun May 12 06:55:00 2019]	Heart_web
[Sun May 12 06:55:00 2019]	Heart_mobile
[Sun May 12 06:55:00 2019]	Heart_web
[Sun May 12 06:55:00 2019]	Heart_mobile
[Sun May 12 06:55:00 2019]	Heart_web
[Sun May 12 06:55:00 2019]	Heart_mobile
[Sun May 12 06:55:00 2019]	Heart_web
[Sun May 12 06:55:00 2019]	Heart_mobile
[Sun May 12 07:00:00 2019]	Heart_web
[Sun May 12 07:00:00 2019]	Heart_mobile
[Sun May 12 07:00:00 2019]	Heart_web
[Sun May 12 07:00:00 2019]	Heart_mobile
[Sun May 12 07:00:00 2019]	Heart_web
[Sun May 12 07:00:00 2019]	Heart_mobile
[Sun May 12 07:00:00 2019]	Heart_web
[Sun May 12 07:00:00 2019]	Heart_mobile
[u'52149403', u'52080875', u'52109503', u'52109504', u'52155614']
15824397397
zsj0911*
0
------------------
17367078621
weiyuxin
0
------------------
15127529708
shijizhe
0.6
投币失败 硬币不足
投币失败 硬币不足
投币失败 硬币不足
------------------
13306522935
zjuZSJ0911*
0
------------------
[Sun May 12 07:05:00 2019]	Heart_web
[Sun May 12 07:05:00 2019]	Heart_mobile
[Sun May 12 07:05:00 2019]	Heart_web
[Sun May 12 07:05:00 2019]	Heart_mobile
[Sun May 12 07:05:00 2019]	Heart_web
[Sun May 12 07:05:00 2019]	Heart_mobile
[Sun May 12 07:05:01 2019]	Heart_web
[Sun May 12 07:05:01 2019]	Heart_mobile
[Sun May 12 07:10:00 2019]	Heart_web
[Sun May 12 07:10:00 2019]	Heart_mobile
[Sun May 12 07:10:00 2019]	Heart_web
[Sun May 12 07:10:00 2019]	Heart_mobile
[Sun May 12 07:10:00 2019]	Heart_web
[Sun May 12 07:10:00 2019]	Heart_mobile
[Sun May 12 07:10:00 2019]	Heart_web
[Sun May 12 07:10:01 2019]	Heart_mobile
[Sun May 12 07:15:00 2019]	Heart_web
[Sun May 12 07:15:00 2019]	Heart_mobile
[Sun May 12 07:15:00 2019]	Heart_web
[Sun May 12 07:15:00 2019]	Heart_mobile
[Sun May 12 07:15:00 2019]	Heart_web
[Sun May 12 07:15:00 2019]	Heart_mobile
[Sun May 12 07:15:00 2019]	Heart_web
[Sun May 12 07:15:00 2019]	Heart_mobile
[Sun May 12 07:20:00 2019]	Heart_web
[Sun May 12 07:20:00 2019]	Heart_mobile
[Sun May 12 07:20:00 2019]	Heart_web
[Sun May 12 07:20:00 2019]	Heart_mobile
[Sun May 12 07:20:00 2019]	Heart_web
[Sun May 12 07:20:00 2019]	Heart_mobile
[Sun May 12 07:20:00 2019]	Heart_web
[Sun May 12 07:20:00 2019]	Heart_mobile
[Sun May 12 07:25:00 2019]	Heart_web
[Sun May 12 07:25:00 2019]	Heart_mobile
[Sun May 12 07:25:00 2019]	Heart_web
[Sun May 12 07:25:00 2019]	Heart_mobile
[Sun May 12 07:25:00 2019]	Heart_web
[Sun May 12 07:25:00 2019]	Heart_mobile
[Sun May 12 07:25:00 2019]	Heart_web
[Sun May 12 07:25:00 2019]	Heart_mobile
[Sun May 12 07:30:00 2019]	Heart_web
[Sun May 12 07:30:00 2019]	Heart_mobile
[Sun May 12 07:30:00 2019]	Heart_web
[Sun May 12 07:30:00 2019]	Heart_mobile
[Sun May 12 07:30:00 2019]	Heart_web
[Sun May 12 07:30:00 2019]	Heart_mobile
[Sun May 12 07:30:00 2019]	Heart_web
[Sun May 12 07:30:00 2019]	Heart_mobile
[Sun May 12 07:35:00 2019]	Heart_web
[Sun May 12 07:35:00 2019]	Heart_mobile
[Sun May 12 07:35:00 2019]	Heart_web
[Sun May 12 07:35:00 2019]	Heart_mobile
[Sun May 12 07:35:00 2019]	Heart_web
[Sun May 12 07:35:00 2019]	Heart_mobile
[Sun May 12 07:35:00 2019]	Heart_web
[Sun May 12 07:35:00 2019]	Heart_mobile
[Sun May 12 07:40:00 2019]	Heart_web
[Sun May 12 07:40:00 2019]	Heart_mobile
[Sun May 12 07:40:00 2019]	Heart_web
[Sun May 12 07:40:00 2019]	Heart_mobile
[Sun May 12 07:40:00 2019]	Heart_web
[Sun May 12 07:40:00 2019]	Heart_mobile
[Sun May 12 07:40:00 2019]	Heart_web
[Sun May 12 07:40:00 2019]	Heart_mobile
[Sun May 12 07:45:00 2019]	Heart_web
[Sun May 12 07:45:00 2019]	Heart_mobile
[Sun May 12 07:45:00 2019]	Heart_web
[Sun May 12 07:45:00 2019]	Heart_mobile
[Sun May 12 07:45:00 2019]	Heart_web
[Sun May 12 07:45:00 2019]	Heart_mobile
[Sun May 12 07:45:00 2019]	Heart_web
[Sun May 12 07:45:00 2019]	Heart_mobile
[Sun May 12 07:50:00 2019]	Heart_web
[Sun May 12 07:50:00 2019]	Heart_mobile
[Sun May 12 07:50:00 2019]	Heart_web
[Sun May 12 07:50:00 2019]	Heart_mobile
[Sun May 12 07:50:00 2019]	Heart_web
[Sun May 12 07:50:00 2019]	Heart_mobile
[Sun May 12 07:50:00 2019]	Heart_web
[Sun May 12 07:50:00 2019]	Heart_mobile
[Sun May 12 07:55:00 2019]	Heart_web
[Sun May 12 07:55:00 2019]	Heart_mobile
[Sun May 12 07:55:00 2019]	Heart_web
[Sun May 12 07:55:00 2019]	Heart_mobile
[Sun May 12 07:55:00 2019]	Heart_web
[Sun May 12 07:55:00 2019]	Heart_mobile
[Sun May 12 07:55:00 2019]	Heart_web
[Sun May 12 07:55:00 2019]	Heart_mobile
[Sun May 12 08:00:00 2019]	Heart_web
[Sun May 12 08:00:00 2019]	Heart_mobile
[Sun May 12 08:00:00 2019]	Heart_web
[Sun May 12 08:00:00 2019]	Heart_mobile
[Sun May 12 08:00:00 2019]	Heart_web
[Sun May 12 08:00:00 2019]	Heart_mobile
[Sun May 12 08:00:00 2019]	Heart_web
[Sun May 12 08:00:01 2019]	Heart_mobile
[u'52149403', u'52080875', u'52109503', u'52109504', u'52172956']
15824397397
zsj0911*
0
------------------
17367078621
weiyuxin
0
------------------
15127529708
shijizhe
0.6
投币失败 硬币不足
投币失败 硬币不足
投币失败 硬币不足
------------------
13306522935
zjuZSJ0911*
0
------------------
[Sun May 12 08:05:00 2019]	Heart_web
[Sun May 12 08:05:00 2019]	Heart_mobile
[Sun May 12 08:05:00 2019]	Heart_web
[Sun May 12 08:05:00 2019]	Heart_mobile
[Sun May 12 08:05:00 2019]	Heart_web
[Sun May 12 08:05:00 2019]	Heart_mobile
[Sun May 12 08:05:01 2019]	Heart_web
[Sun May 12 08:05:01 2019]	Heart_mobile
[Sun May 12 08:10:00 2019]	Heart_web
[Sun May 12 08:10:00 2019]	Heart_mobile
[Sun May 12 08:10:00 2019]	Heart_web
[Sun May 12 08:10:00 2019]	Heart_mobile
[Sun May 12 08:10:00 2019]	Heart_web
[Sun May 12 08:10:00 2019]	Heart_mobile
[Sun May 12 08:10:00 2019]	Heart_web
[Sun May 12 08:10:00 2019]	Heart_mobile
[Sun May 12 08:15:00 2019]	Heart_web
[Sun May 12 08:15:00 2019]	Heart_mobile
[Sun May 12 08:15:00 2019]	Heart_web
[Sun May 12 08:15:00 2019]	Heart_mobile
[Sun May 12 08:15:00 2019]	Heart_web
[Sun May 12 08:15:00 2019]	Heart_mobile
[Sun May 12 08:15:01 2019]	Heart_web
[Sun May 12 08:15:01 2019]	Heart_mobile
[Sun May 12 08:20:00 2019]	Heart_web
[Sun May 12 08:20:00 2019]	Heart_mobile
[Sun May 12 08:20:00 2019]	Heart_web
[Sun May 12 08:20:00 2019]	Heart_mobile
[Sun May 12 08:20:00 2019]	Heart_web
[Sun May 12 08:20:00 2019]	Heart_mobile
[Sun May 12 08:20:00 2019]	Heart_web
[Sun May 12 08:20:01 2019]	Heart_mobile
[Sun May 12 08:25:00 2019]	Heart_web
[Sun May 12 08:25:00 2019]	Heart_mobile
[Sun May 12 08:25:00 2019]	Heart_web
[Sun May 12 08:25:00 2019]	Heart_mobile
[Sun May 12 08:25:00 2019]	Heart_web
[Sun May 12 08:25:00 2019]	Heart_mobile
[Sun May 12 08:25:01 2019]	Heart_web
[Sun May 12 08:25:01 2019]	Heart_mobile
[Sun May 12 08:30:00 2019]	Heart_web
[Sun May 12 08:30:00 2019]	Heart_mobile
[Sun May 12 08:30:00 2019]	Heart_web
[Sun May 12 08:30:00 2019]	Heart_mobile
[Sun May 12 08:30:00 2019]	Heart_web
[Sun May 12 08:30:00 2019]	Heart_mobile
[Sun May 12 08:30:00 2019]	Heart_web
[Sun May 12 08:30:00 2019]	Heart_mobile
[Sun May 12 08:35:00 2019]	Heart_web
[Sun May 12 08:35:00 2019]	Heart_mobile
[Sun May 12 08:35:00 2019]	Heart_web
[Sun May 12 08:35:00 2019]	Heart_mobile
[Sun May 12 08:35:00 2019]	Heart_web
[Sun May 12 08:35:00 2019]	Heart_mobile
[Sun May 12 08:35:01 2019]	Heart_web
[Sun May 12 08:35:01 2019]	Heart_mobile
[Sun May 12 08:40:00 2019]	Heart_web
[Sun May 12 08:40:00 2019]	Heart_mobile
[Sun May 12 08:40:00 2019]	Heart_web
[Sun May 12 08:40:00 2019]	Heart_mobile
[Sun May 12 08:40:00 2019]	Heart_web
[Sun May 12 08:40:00 2019]	Heart_mobile
[Sun May 12 08:40:00 2019]	Heart_web
[Sun May 12 08:40:01 2019]	Heart_mobile
[Sun May 12 08:45:00 2019]	Heart_web
[Sun May 12 08:45:00 2019]	Heart_mobile
[Sun May 12 08:45:00 2019]	Heart_web
[Sun May 12 08:45:00 2019]	Heart_mobile
[Sun May 12 08:45:00 2019]	Heart_web
[Sun May 12 08:45:00 2019]	Heart_mobile
[Sun May 12 08:45:00 2019]	Heart_web
[Sun May 12 08:45:00 2019]	Heart_mobile
[Sun May 12 08:50:00 2019]	Heart_web
[Sun May 12 08:50:00 2019]	Heart_mobile
[Sun May 12 08:50:00 2019]	Heart_web
[Sun May 12 08:50:00 2019]	Heart_mobile
[Sun May 12 08:50:00 2019]	Heart_web
[Sun May 12 08:50:00 2019]	Heart_mobile
[Sun May 12 08:50:00 2019]	Heart_web
[Sun May 12 08:50:00 2019]	Heart_mobile
[Sun May 12 08:55:00 2019]	Heart_web
[Sun May 12 08:55:00 2019]	Heart_mobile
[Sun May 12 08:55:00 2019]	Heart_web
[Sun May 12 08:55:00 2019]	Heart_mobile
[Sun May 12 08:55:00 2019]	Heart_web
[Sun May 12 08:55:00 2019]	Heart_mobile
[Sun May 12 08:55:00 2019]	Heart_web
[Sun May 12 08:55:00 2019]	Heart_mobile
[Sun May 12 09:00:00 2019]	Heart_web
[Sun May 12 09:00:00 2019]	Heart_mobile
[Sun May 12 09:00:00 2019]	Heart_web
[Sun May 12 09:00:00 2019]	Heart_mobile
[Sun May 12 09:00:00 2019]	Heart_web
[Sun May 12 09:00:00 2019]	Heart_mobile
[Sun May 12 09:00:00 2019]	Heart_web
[Sun May 12 09:00:00 2019]	Heart_mobile
[u'52149403', u'52158313', u'52080875', u'52109503', u'52109504']
15824397397
zsj0911*
0
------------------
17367078621
weiyuxin
0
------------------
15127529708
shijizhe
0.6
投币失败 硬币不足
投币失败 硬币不足
投币失败 硬币不足
------------------
13306522935
zjuZSJ0911*
0
------------------
[Sun May 12 09:05:00 2019]	Heart_web
[Sun May 12 09:05:00 2019]	Heart_mobile
[Sun May 12 09:05:00 2019]	Heart_web
[Sun May 12 09:05:00 2019]	Heart_mobile
[Sun May 12 09:05:00 2019]	Heart_web
[Sun May 12 09:05:00 2019]	Heart_mobile
[Sun May 12 09:05:00 2019]	Heart_web
[Sun May 12 09:05:01 2019]	Heart_mobile
[Sun May 12 09:10:00 2019]	Heart_web
[Sun May 12 09:10:00 2019]	Heart_mobile
[Sun May 12 09:10:00 2019]	Heart_web
[Sun May 12 09:10:00 2019]	Heart_mobile
[Sun May 12 09:10:00 2019]	Heart_web
[Sun May 12 09:10:00 2019]	Heart_mobile
[Sun May 12 09:10:00 2019]	Heart_web
[Sun May 12 09:10:00 2019]	Heart_mobile
[Sun May 12 09:15:00 2019]	Heart_web
[Sun May 12 09:15:00 2019]	Heart_mobile
[Sun May 12 09:15:00 2019]	Heart_web
[Sun May 12 09:15:00 2019]	Heart_mobile
[Sun May 12 09:15:00 2019]	Heart_web
[Sun May 12 09:15:00 2019]	Heart_mobile
[Sun May 12 09:15:00 2019]	Heart_web
[Sun May 12 09:15:00 2019]	Heart_mobile
[Sun May 12 09:20:00 2019]	Heart_web
[Sun May 12 09:20:00 2019]	Heart_mobile
[Sun May 12 09:20:00 2019]	Heart_web
[Sun May 12 09:20:00 2019]	Heart_mobile
[Sun May 12 09:20:00 2019]	Heart_web
[Sun May 12 09:20:00 2019]	Heart_mobile
[Sun May 12 09:20:00 2019]	Heart_web
[Sun May 12 09:20:00 2019]	Heart_mobile
[Sun May 12 09:25:00 2019]	Heart_web
[Sun May 12 09:25:00 2019]	Heart_mobile
[Sun May 12 09:25:00 2019]	Heart_web
[Sun May 12 09:25:00 2019]	Heart_mobile
[Sun May 12 09:25:00 2019]	Heart_web
[Sun May 12 09:25:00 2019]	Heart_mobile
[Sun May 12 09:25:01 2019]	Heart_web
[Sun May 12 09:25:01 2019]	Heart_mobile
[Sun May 12 09:30:00 2019]	Heart_web
[Sun May 12 09:30:00 2019]	Heart_mobile
[Sun May 12 09:30:00 2019]	Heart_web
[Sun May 12 09:30:00 2019]	Heart_mobile
[Sun May 12 09:30:00 2019]	Heart_web
[Sun May 12 09:30:00 2019]	Heart_mobile
[Sun May 12 09:30:00 2019]	Heart_web
[Sun May 12 09:30:00 2019]	Heart_mobile
[Sun May 12 09:35:00 2019]	Heart_web
[Sun May 12 09:35:00 2019]	Heart_mobile
[Sun May 12 09:35:00 2019]	Heart_web
[Sun May 12 09:35:00 2019]	Heart_mobile
[Sun May 12 09:35:00 2019]	Heart_web
[Sun May 12 09:35:00 2019]	Heart_mobile
[Sun May 12 09:35:00 2019]	Heart_web
[Sun May 12 09:35:00 2019]	Heart_mobile
[Sun May 12 09:40:00 2019]	Heart_web
[Sun May 12 09:40:00 2019]	Heart_mobile
[Sun May 12 09:40:00 2019]	Heart_web
[Sun May 12 09:40:00 2019]	Heart_mobile
[Sun May 12 09:40:00 2019]	Heart_web
[Sun May 12 09:40:00 2019]	Heart_mobile
[Sun May 12 09:40:01 2019]	Heart_web
[Sun May 12 09:40:01 2019]	Heart_mobile
[Sun May 12 09:45:00 2019]	Heart_web
[Sun May 12 09:45:00 2019]	Heart_mobile
[Sun May 12 09:45:00 2019]	Heart_web
[Sun May 12 09:45:00 2019]	Heart_mobile
[Sun May 12 09:45:00 2019]	Heart_web
[Sun May 12 09:45:00 2019]	Heart_mobile
[Sun May 12 09:45:00 2019]	Heart_web
[Sun May 12 09:45:00 2019]	Heart_mobile
[Sun May 12 09:50:00 2019]	Heart_web
[Sun May 12 09:50:00 2019]	Heart_mobile
[Sun May 12 09:50:00 2019]	Heart_web
[Sun May 12 09:50:00 2019]	Heart_mobile
[Sun May 12 09:50:00 2019]	Heart_web
[Sun May 12 09:50:00 2019]	Heart_mobile
[Sun May 12 09:50:00 2019]	Heart_web
[Sun May 12 09:50:00 2019]	Heart_mobile
[Sun May 12 09:55:00 2019]	Heart_web
[Sun May 12 09:55:00 2019]	Heart_mobile
[Sun May 12 09:55:00 2019]	Heart_web
[Sun May 12 09:55:00 2019]	Heart_mobile
[Sun May 12 09:55:00 2019]	Heart_web
[Sun May 12 09:55:00 2019]	Heart_mobile
[Sun May 12 09:55:01 2019]	Heart_web
[Sun May 12 09:55:01 2019]	Heart_mobile
[Sun May 12 10:00:00 2019]	Heart_web
[Sun May 12 10:00:00 2019]	Heart_mobile
[Sun May 12 10:00:00 2019]	Heart_web
[Sun May 12 10:00:00 2019]	Heart_mobile
[Sun May 12 10:00:00 2019]	Heart_web
[Sun May 12 10:00:00 2019]	Heart_mobile
[Sun May 12 10:00:00 2019]	Heart_web
[Sun May 12 10:00:00 2019]	Heart_mobile
[u'52149403', u'52158313', u'52080875', u'52109503', u'52109504']
15824397397
zsj0911*
0
------------------
17367078621
weiyuxin
0
------------------
15127529708
shijizhe
0.6
投币失败 硬币不足
投币失败 硬币不足
投币失败 硬币不足
------------------
13306522935
zjuZSJ0911*
0
------------------
[Sun May 12 10:05:00 2019]	Heart_web
[Sun May 12 10:05:00 2019]	Heart_mobile
[Sun May 12 10:05:00 2019]	Heart_web
[Sun May 12 10:05:00 2019]	Heart_mobile
[Sun May 12 10:05:00 2019]	Heart_web
[Sun May 12 10:05:00 2019]	Heart_mobile
[Sun May 12 10:05:00 2019]	Heart_web
[Sun May 12 10:05:00 2019]	Heart_mobile
[Sun May 12 10:10:00 2019]	Heart_web
[Sun May 12 10:10:00 2019]	Heart_mobile
[Sun May 12 10:10:00 2019]	Heart_web
[Sun May 12 10:10:00 2019]	Heart_mobile
[Sun May 12 10:10:00 2019]	Heart_web
[Sun May 12 10:10:00 2019]	Heart_mobile
[Sun May 12 10:10:00 2019]	Heart_web
[Sun May 12 10:10:01 2019]	Heart_mobile
[Sun May 12 10:15:00 2019]	Heart_web
[Sun May 12 10:15:00 2019]	Heart_mobile
[Sun May 12 10:15:00 2019]	Heart_web
[Sun May 12 10:15:00 2019]	Heart_mobile
[Sun May 12 10:15:00 2019]	Heart_web
[Sun May 12 10:15:00 2019]	Heart_mobile
[Sun May 12 10:15:01 2019]	Heart_web
[Sun May 12 10:15:01 2019]	Heart_mobile
[Sun May 12 10:20:00 2019]	Heart_web
[Sun May 12 10:20:00 2019]	Heart_mobile
[Sun May 12 10:20:00 2019]	Heart_web
[Sun May 12 10:20:00 2019]	Heart_mobile
[Sun May 12 10:20:00 2019]	Heart_web
[Sun May 12 10:20:00 2019]	Heart_mobile
[Sun May 12 10:20:00 2019]	Heart_web
[Sun May 12 10:20:00 2019]	Heart_mobile
[Sun May 12 10:25:00 2019]	Heart_web
[Sun May 12 10:25:00 2019]	Heart_mobile
[Sun May 12 10:25:00 2019]	Heart_web
[Sun May 12 10:25:00 2019]	Heart_mobile
[Sun May 12 10:25:00 2019]	Heart_web
[Sun May 12 10:25:00 2019]	Heart_mobile
[Sun May 12 10:25:00 2019]	Heart_web
[Sun May 12 10:25:00 2019]	Heart_mobile
[Sun May 12 10:30:00 2019]	Heart_web
[Sun May 12 10:30:00 2019]	Heart_mobile
[Sun May 12 10:30:00 2019]	Heart_web
[Sun May 12 10:30:00 2019]	Heart_mobile
[Sun May 12 10:30:00 2019]	Heart_web
[Sun May 12 10:30:00 2019]	Heart_mobile
[Sun May 12 10:30:00 2019]	Heart_web
[Sun May 12 10:30:00 2019]	Heart_mobile
[Sun May 12 10:35:00 2019]	Heart_web
[Sun May 12 10:35:00 2019]	Heart_mobile
[Sun May 12 10:35:00 2019]	Heart_web
[Sun May 12 10:35:00 2019]	Heart_mobile
[Sun May 12 10:35:00 2019]	Heart_web
[Sun May 12 10:35:00 2019]	Heart_mobile
[Sun May 12 10:35:00 2019]	Heart_web
[Sun May 12 10:35:01 2019]	Heart_mobile
[Sun May 12 10:40:00 2019]	Heart_web
[Sun May 12 10:40:00 2019]	Heart_mobile
[Sun May 12 10:40:00 2019]	Heart_web
[Sun May 12 10:40:00 2019]	Heart_mobile
[Sun May 12 10:40:00 2019]	Heart_web
[Sun May 12 10:40:00 2019]	Heart_mobile
[Sun May 12 10:40:00 2019]	Heart_web
[Sun May 12 10:40:00 2019]	Heart_mobile
[Sun May 12 10:45:00 2019]	Heart_web
[Sun May 12 10:45:00 2019]	Heart_mobile
[Sun May 12 10:45:00 2019]	Heart_web
[Sun May 12 10:45:00 2019]	Heart_mobile
[Sun May 12 10:45:00 2019]	Heart_web
[Sun May 12 10:45:00 2019]	Heart_mobile
[Sun May 12 10:45:00 2019]	Heart_web
[Sun May 12 10:45:01 2019]	Heart_mobile
[Sun May 12 10:50:00 2019]	Heart_web
[Sun May 12 10:50:00 2019]	Heart_mobile
[Sun May 12 10:50:00 2019]	Heart_web
[Sun May 12 10:50:00 2019]	Heart_mobile
[Sun May 12 10:50:00 2019]	Heart_web
[Sun May 12 10:50:00 2019]	Heart_mobile
[Sun May 12 10:50:00 2019]	Heart_web
[Sun May 12 10:50:00 2019]	Heart_mobile
[Sun May 12 10:55:00 2019]	Heart_web
[Sun May 12 10:55:00 2019]	Heart_mobile
[Sun May 12 10:55:00 2019]	Heart_web
[Sun May 12 10:55:00 2019]	Heart_mobile
[Sun May 12 10:55:00 2019]	Heart_web
[Sun May 12 10:55:00 2019]	Heart_mobile
[Sun May 12 10:55:00 2019]	Heart_web
[Sun May 12 10:55:00 2019]	Heart_mobile
[Sun May 12 11:00:00 2019]	Heart_web
[Sun May 12 11:00:00 2019]	Heart_mobile
[Sun May 12 11:00:00 2019]	Heart_web
[Sun May 12 11:00:00 2019]	Heart_mobile
[Sun May 12 11:00:00 2019]	Heart_web
[Sun May 12 11:00:00 2019]	Heart_mobile
[Sun May 12 11:00:00 2019]	Heart_web
[Sun May 12 11:00:00 2019]	Heart_mobile
[u'52149403', u'52158313', u'52109503', u'52109504', u'52127930']
15824397397
zsj0911*
0
------------------
17367078621
weiyuxin
0
------------------
15127529708
shijizhe
0.6
投币失败 硬币不足
投币失败 硬币不足
投币失败 硬币不足
------------------
13306522935
zjuZSJ0911*
0
------------------
[Sun May 12 11:05:00 2019]	Heart_web
[Sun May 12 11:05:00 2019]	Heart_mobile
[Sun May 12 11:05:00 2019]	Heart_web
[Sun May 12 11:05:00 2019]	Heart_mobile
[Sun May 12 11:05:00 2019]	Heart_web
[Sun May 12 11:05:00 2019]	Heart_mobile
[Sun May 12 11:05:00 2019]	Heart_web
[Sun May 12 11:05:00 2019]	Heart_mobile
[Sun May 12 11:10:00 2019]	Heart_web
[Sun May 12 11:10:00 2019]	Heart_mobile
[Sun May 12 11:10:00 2019]	Heart_web
[Sun May 12 11:10:00 2019]	Heart_mobile
[Sun May 12 11:10:00 2019]	Heart_web
[Sun May 12 11:10:00 2019]	Heart_mobile
[Sun May 12 11:10:00 2019]	Heart_web
[Sun May 12 11:10:01 2019]	Heart_mobile
[Sun May 12 11:15:00 2019]	Heart_web
[Sun May 12 11:15:00 2019]	Heart_mobile
[Sun May 12 11:15:00 2019]	Heart_web
[Sun May 12 11:15:00 2019]	Heart_mobile
[Sun May 12 11:15:00 2019]	Heart_web
[Sun May 12 11:15:00 2019]	Heart_mobile
[Sun May 12 11:15:00 2019]	Heart_web
[Sun May 12 11:15:01 2019]	Heart_mobile
[Sun May 12 11:20:00 2019]	Heart_web
[Sun May 12 11:20:00 2019]	Heart_mobile
[Sun May 12 11:20:00 2019]	Heart_web
[Sun May 12 11:20:00 2019]	Heart_mobile
[Sun May 12 11:20:00 2019]	Heart_web
[Sun May 12 11:20:00 2019]	Heart_mobile
[Sun May 12 11:20:00 2019]	Heart_web
[Sun May 12 11:20:00 2019]	Heart_mobile
[Sun May 12 11:25:00 2019]	Heart_web
[Sun May 12 11:25:00 2019]	Heart_mobile
[Sun May 12 11:25:00 2019]	Heart_web
[Sun May 12 11:25:00 2019]	Heart_mobile
[Sun May 12 11:25:00 2019]	Heart_web
[Sun May 12 11:25:00 2019]	Heart_mobile
[Sun May 12 11:25:00 2019]	Heart_web
[Sun May 12 11:25:00 2019]	Heart_mobile
[Sun May 12 11:30:00 2019]	Heart_web
[Sun May 12 11:30:00 2019]	Heart_mobile
[Sun May 12 11:30:00 2019]	Heart_web
[Sun May 12 11:30:00 2019]	Heart_mobile
[Sun May 12 11:30:00 2019]	Heart_web
[Sun May 12 11:30:00 2019]	Heart_mobile
[Sun May 12 11:30:00 2019]	Heart_web
[Sun May 12 11:30:00 2019]	Heart_mobile
[Sun May 12 11:35:00 2019]	Heart_web
[Sun May 12 11:35:00 2019]	Heart_mobile
[Sun May 12 11:35:00 2019]	Heart_web
[Sun May 12 11:35:00 2019]	Heart_mobile
[Sun May 12 11:35:00 2019]	Heart_web
[Sun May 12 11:35:00 2019]	Heart_mobile
[Sun May 12 11:35:00 2019]	Heart_web
[Sun May 12 11:35:00 2019]	Heart_mobile
[Sun May 12 11:40:00 2019]	Heart_web
[Sun May 12 11:40:00 2019]	Heart_mobile
[Sun May 12 11:40:00 2019]	Heart_web
[Sun May 12 11:40:00 2019]	Heart_mobile
[Sun May 12 11:40:00 2019]	Heart_web
[Sun May 12 11:40:00 2019]	Heart_mobile
[Sun May 12 11:40:00 2019]	Heart_web
[Sun May 12 11:40:00 2019]	Heart_mobile
[Sun May 12 11:45:00 2019]	Heart_web
[Sun May 12 11:45:00 2019]	Heart_mobile
[Sun May 12 11:45:00 2019]	Heart_web
[Sun May 12 11:45:00 2019]	Heart_mobile
[Sun May 12 11:45:00 2019]	Heart_web
[Sun May 12 11:45:00 2019]	Heart_mobile
[Sun May 12 11:45:00 2019]	Heart_web
[Sun May 12 11:45:01 2019]	Heart_mobile
[Sun May 12 11:50:00 2019]	Heart_web
[Sun May 12 11:50:00 2019]	Heart_mobile
[Sun May 12 11:50:00 2019]	Heart_web
[Sun May 12 11:50:00 2019]	Heart_mobile
[Sun May 12 11:50:00 2019]	Heart_web
[Sun May 12 11:50:00 2019]	Heart_mobile
[Sun May 12 11:50:00 2019]	Heart_web
[Sun May 12 11:50:00 2019]	Heart_mobile
[Sun May 12 11:55:00 2019]	Heart_web
[Sun May 12 11:55:00 2019]	Heart_mobile
[Sun May 12 11:55:00 2019]	Heart_web
[Sun May 12 11:55:00 2019]	Heart_mobile
[Sun May 12 11:55:00 2019]	Heart_web
[Sun May 12 11:55:00 2019]	Heart_mobile
[Sun May 12 11:55:00 2019]	Heart_web
[Sun May 12 11:55:01 2019]	Heart_mobile
[Sun May 12 12:00:00 2019]	Heart_web
[Sun May 12 12:00:00 2019]	Heart_mobile
[Sun May 12 12:00:00 2019]	Heart_web
[Sun May 12 12:00:00 2019]	Heart_mobile
[Sun May 12 12:00:00 2019]	Heart_web
[Sun May 12 12:00:00 2019]	Heart_mobile
[Sun May 12 12:00:00 2019]	Heart_web
[Sun May 12 12:00:01 2019]	Heart_mobile
[u'52149403', u'52158313', u'52109503', u'52109504', u'52127930']
15824397397
zsj0911*
0
------------------
17367078621
weiyuxin
0
------------------
15127529708
shijizhe
0.6
投币失败 硬币不足
投币失败 硬币不足
投币失败 硬币不足
------------------
13306522935
zjuZSJ0911*
0
------------------
[Sun May 12 12:05:00 2019]	Heart_web
[Sun May 12 12:05:00 2019]	Heart_mobile
[Sun May 12 12:05:00 2019]	Heart_web
[Sun May 12 12:05:00 2019]	Heart_mobile
[Sun May 12 12:05:00 2019]	Heart_web
[Sun May 12 12:05:00 2019]	Heart_mobile
[Sun May 12 12:05:00 2019]	Heart_web
[Sun May 12 12:05:01 2019]	Heart_mobile
[Sun May 12 12:10:00 2019]	Heart_web
[Sun May 12 12:10:00 2019]	Heart_mobile
[Sun May 12 12:10:00 2019]	Heart_web
[Sun May 12 12:10:00 2019]	Heart_mobile
[Sun May 12 12:10:00 2019]	Heart_web
[Sun May 12 12:10:00 2019]	Heart_mobile
[Sun May 12 12:10:00 2019]	Heart_web
[Sun May 12 12:10:00 2019]	Heart_mobile
[Sun May 12 12:15:00 2019]	Heart_web
[Sun May 12 12:15:00 2019]	Heart_mobile
[Sun May 12 12:15:00 2019]	Heart_web
[Sun May 12 12:15:00 2019]	Heart_mobile
[Sun May 12 12:15:00 2019]	Heart_web
[Sun May 12 12:15:00 2019]	Heart_mobile
[Sun May 12 12:15:00 2019]	Heart_web
[Sun May 12 12:15:00 2019]	Heart_mobile
[Sun May 12 12:20:00 2019]	Heart_web
[Sun May 12 12:20:00 2019]	Heart_mobile
[Sun May 12 12:20:00 2019]	Heart_web
[Sun May 12 12:20:00 2019]	Heart_mobile
[Sun May 12 12:20:00 2019]	Heart_web
[Sun May 12 12:20:00 2019]	Heart_mobile
[Sun May 12 12:20:00 2019]	Heart_web
[Sun May 12 12:20:00 2019]	Heart_mobile
[Sun May 12 12:25:00 2019]	Heart_web
[Sun May 12 12:25:00 2019]	Heart_mobile
[Sun May 12 12:25:00 2019]	Heart_web
[Sun May 12 12:25:00 2019]	Heart_mobile
[Sun May 12 12:25:00 2019]	Heart_web
[Sun May 12 12:25:00 2019]	Heart_mobile
[Sun May 12 12:25:00 2019]	Heart_web
[Sun May 12 12:25:00 2019]	Heart_mobile
[Sun May 12 12:30:00 2019]	Heart_web
[Sun May 12 12:30:00 2019]	Heart_mobile
[Sun May 12 12:30:00 2019]	Heart_web
[Sun May 12 12:30:00 2019]	Heart_mobile
[Sun May 12 12:30:00 2019]	Heart_web
[Sun May 12 12:30:00 2019]	Heart_mobile
[Sun May 12 12:30:00 2019]	Heart_web
[Sun May 12 12:30:00 2019]	Heart_mobile
[Sun May 12 12:35:00 2019]	Heart_web
[Sun May 12 12:35:00 2019]	Heart_mobile
[Sun May 12 12:35:00 2019]	Heart_web
[Sun May 12 12:35:00 2019]	Heart_mobile
[Sun May 12 12:35:00 2019]	Heart_web
[Sun May 12 12:35:00 2019]	Heart_mobile
[Sun May 12 12:35:01 2019]	Heart_web
[Sun May 12 12:35:01 2019]	Heart_mobile
[Sun May 12 12:40:00 2019]	Heart_web
[Sun May 12 12:40:00 2019]	Heart_mobile
[Sun May 12 12:40:00 2019]	Heart_web
[Sun May 12 12:40:00 2019]	Heart_mobile
[Sun May 12 12:40:00 2019]	Heart_web
[Sun May 12 12:40:00 2019]	Heart_mobile
[Sun May 12 12:40:00 2019]	Heart_web
[Sun May 12 12:40:00 2019]	Heart_mobile
[Sun May 12 12:45:00 2019]	Heart_web
[Sun May 12 12:45:00 2019]	Heart_mobile
[Sun May 12 12:45:00 2019]	Heart_web
[Sun May 12 12:45:00 2019]	Heart_mobile
[Sun May 12 12:45:00 2019]	Heart_web
[Sun May 12 12:45:00 2019]	Heart_mobile
[Sun May 12 12:45:01 2019]	Heart_web
[Sun May 12 12:45:01 2019]	Heart_mobile
[Sun May 12 12:50:00 2019]	Heart_web
[Sun May 12 12:50:00 2019]	Heart_mobile
[Sun May 12 12:50:00 2019]	Heart_web
[Sun May 12 12:50:00 2019]	Heart_mobile
[Sun May 12 12:50:00 2019]	Heart_web
[Sun May 12 12:50:00 2019]	Heart_mobile
[Sun May 12 12:50:00 2019]	Heart_web
[Sun May 12 12:50:00 2019]	Heart_mobile
[Sun May 12 12:55:00 2019]	Heart_web
[Sun May 12 12:55:00 2019]	Heart_mobile
[Sun May 12 12:55:00 2019]	Heart_web
[Sun May 12 12:55:00 2019]	Heart_mobile
[Sun May 12 12:55:00 2019]	Heart_web
[Sun May 12 12:55:00 2019]	Heart_mobile
[Sun May 12 12:55:01 2019]	Heart_web
[Sun May 12 12:55:01 2019]	Heart_mobile
[Sun May 12 13:00:00 2019]	Heart_web
[Sun May 12 13:00:00 2019]	Heart_mobile
[Sun May 12 13:00:00 2019]	Heart_web
[Sun May 12 13:00:00 2019]	Heart_mobile
[Sun May 12 13:00:00 2019]	Heart_web
[Sun May 12 13:00:00 2019]	Heart_mobile
[Sun May 12 13:00:01 2019]	Heart_web
[Sun May 12 13:00:01 2019]	Heart_mobile
[u'52149403', u'52158313', u'52109503', u'52109504', u'52127930']
15824397397
zsj0911*
0
------------------
17367078621
weiyuxin
0
------------------
15127529708
shijizhe
0.6
投币失败 硬币不足
投币失败 硬币不足
投币失败 硬币不足
------------------
13306522935
zjuZSJ0911*
0
------------------
[Sun May 12 13:05:00 2019]	Heart_web
[Sun May 12 13:05:00 2019]	Heart_mobile
[Sun May 12 13:05:00 2019]	Heart_web
[Sun May 12 13:05:00 2019]	Heart_mobile
[Sun May 12 13:05:00 2019]	Heart_web
[Sun May 12 13:05:00 2019]	Heart_mobile
[Sun May 12 13:05:01 2019]	Heart_web
[Sun May 12 13:05:01 2019]	Heart_mobile
[Sun May 12 13:10:00 2019]	Heart_web
[Sun May 12 13:10:00 2019]	Heart_mobile
[Sun May 12 13:10:00 2019]	Heart_web
[Sun May 12 13:10:00 2019]	Heart_mobile
[Sun May 12 13:10:00 2019]	Heart_web
[Sun May 12 13:10:00 2019]	Heart_mobile
[Sun May 12 13:10:00 2019]	Heart_web
[Sun May 12 13:10:00 2019]	Heart_mobile
[Sun May 12 13:15:00 2019]	Heart_web
[Sun May 12 13:15:00 2019]	Heart_mobile
[Sun May 12 13:15:00 2019]	Heart_web
[Sun May 12 13:15:00 2019]	Heart_mobile
[Sun May 12 13:15:00 2019]	Heart_web
[Sun May 12 13:15:00 2019]	Heart_mobile
[Sun May 12 13:15:01 2019]	Heart_web
[Sun May 12 13:15:01 2019]	Heart_mobile
[Sun May 12 13:20:00 2019]	Heart_web
[Sun May 12 13:20:00 2019]	Heart_mobile
[Sun May 12 13:20:00 2019]	Heart_web
[Sun May 12 13:20:00 2019]	Heart_mobile
[Sun May 12 13:20:00 2019]	Heart_web
[Sun May 12 13:20:00 2019]	Heart_mobile
[Sun May 12 13:20:00 2019]	Heart_web
[Sun May 12 13:20:01 2019]	Heart_mobile
[Sun May 12 13:25:00 2019]	Heart_web
[Sun May 12 13:25:00 2019]	Heart_mobile
[Sun May 12 13:25:00 2019]	Heart_web
[Sun May 12 13:25:00 2019]	Heart_mobile
[Sun May 12 13:25:00 2019]	Heart_web
[Sun May 12 13:25:00 2019]	Heart_mobile
[Sun May 12 13:25:00 2019]	Heart_web
[Sun May 12 13:25:00 2019]	Heart_mobile
[Sun May 12 13:30:00 2019]	Heart_web
[Sun May 12 13:30:00 2019]	Heart_mobile
[Sun May 12 13:30:00 2019]	Heart_web
[Sun May 12 13:30:00 2019]	Heart_mobile
[Sun May 12 13:30:00 2019]	Heart_web
[Sun May 12 13:30:00 2019]	Heart_mobile
[Sun May 12 13:30:01 2019]	Heart_web
[Sun May 12 13:30:01 2019]	Heart_mobile
[Sun May 12 13:35:00 2019]	Heart_web
[Sun May 12 13:35:00 2019]	Heart_mobile
[Sun May 12 13:35:00 2019]	Heart_web
[Sun May 12 13:35:00 2019]	Heart_mobile
[Sun May 12 13:35:00 2019]	Heart_web
[Sun May 12 13:35:00 2019]	Heart_mobile
[Sun May 12 13:35:00 2019]	Heart_web
[Sun May 12 13:35:00 2019]	Heart_mobile
[Sun May 12 13:40:00 2019]	Heart_web
[Sun May 12 13:40:00 2019]	Heart_mobile
[Sun May 12 13:40:00 2019]	Heart_web
[Sun May 12 13:40:00 2019]	Heart_mobile
[Sun May 12 13:40:00 2019]	Heart_web
[Sun May 12 13:40:00 2019]	Heart_mobile
[Sun May 12 13:40:00 2019]	Heart_web
[Sun May 12 13:40:01 2019]	Heart_mobile
[Sun May 12 13:45:00 2019]	Heart_web
[Sun May 12 13:45:00 2019]	Heart_mobile
[Sun May 12 13:45:00 2019]	Heart_web
[Sun May 12 13:45:00 2019]	Heart_mobile
[Sun May 12 13:45:00 2019]	Heart_web
[Sun May 12 13:45:00 2019]	Heart_mobile
[Sun May 12 13:45:00 2019]	Heart_web
[Sun May 12 13:45:00 2019]	Heart_mobile
[Sun May 12 13:50:00 2019]	Heart_web
[Sun May 12 13:50:00 2019]	Heart_mobile
[Sun May 12 13:50:00 2019]	Heart_web
[Sun May 12 13:50:00 2019]	Heart_mobile
[Sun May 12 13:50:00 2019]	Heart_web
[Sun May 12 13:50:00 2019]	Heart_mobile
[Sun May 12 13:50:00 2019]	Heart_web
[Sun May 12 13:50:01 2019]	Heart_mobile
[Sun May 12 13:55:00 2019]	Heart_web
[Sun May 12 13:55:00 2019]	Heart_mobile
[Sun May 12 13:55:00 2019]	Heart_web
[Sun May 12 13:55:00 2019]	Heart_mobile
[Sun May 12 13:55:00 2019]	Heart_web
[Sun May 12 13:55:00 2019]	Heart_mobile
[Sun May 12 13:55:01 2019]	Heart_web
[Sun May 12 13:55:01 2019]	Heart_mobile
[Sun May 12 14:00:00 2019]	Heart_web
[Sun May 12 14:00:00 2019]	Heart_mobile
[Sun May 12 14:00:00 2019]	Heart_web
[Sun May 12 14:00:00 2019]	Heart_mobile
[Sun May 12 14:00:00 2019]	Heart_web
[Sun May 12 14:00:00 2019]	Heart_mobile
[Sun May 12 14:00:00 2019]	Heart_web
[Sun May 12 14:00:01 2019]	Heart_mobile
[u'52228655', u'52149403', u'52158313', u'52228156', u'52183265']
15824397397
zsj0911*
0
------------------
17367078621
weiyuxin
0
------------------
15127529708
shijizhe
0.6
投币失败 硬币不足
投币失败 硬币不足
投币失败 硬币不足
------------------
13306522935
zjuZSJ0911*
0
------------------
[Sun May 12 14:05:00 2019]	Heart_web
[Sun May 12 14:05:00 2019]	Heart_mobile
[Sun May 12 14:05:00 2019]	Heart_web
[Sun May 12 14:05:00 2019]	Heart_mobile
[Sun May 12 14:05:00 2019]	Heart_web
[Sun May 12 14:05:00 2019]	Heart_mobile
[Sun May 12 14:05:00 2019]	Heart_web
[Sun May 12 14:05:01 2019]	Heart_mobile
[Sun May 12 14:10:00 2019]	Heart_web
[Sun May 12 14:10:00 2019]	Heart_mobile
[Sun May 12 14:10:00 2019]	Heart_web
[Sun May 12 14:10:00 2019]	Heart_mobile
[Sun May 12 14:10:00 2019]	Heart_web
[Sun May 12 14:10:00 2019]	Heart_mobile
[Sun May 12 14:10:00 2019]	Heart_web
[Sun May 12 14:10:01 2019]	Heart_mobile
[Sun May 12 14:15:00 2019]	Heart_web
[Sun May 12 14:15:00 2019]	Heart_mobile
[Sun May 12 14:15:00 2019]	Heart_web
[Sun May 12 14:15:00 2019]	Heart_mobile
[Sun May 12 14:15:00 2019]	Heart_web
[Sun May 12 14:15:00 2019]	Heart_mobile
[Sun May 12 14:15:00 2019]	Heart_web
[Sun May 12 14:15:01 2019]	Heart_mobile
[Sun May 12 14:20:00 2019]	Heart_web
[Sun May 12 14:20:00 2019]	Heart_mobile
[Sun May 12 14:20:00 2019]	Heart_web
[Sun May 12 14:20:00 2019]	Heart_mobile
[Sun May 12 14:20:00 2019]	Heart_web
[Sun May 12 14:20:00 2019]	Heart_mobile
[Sun May 12 14:20:00 2019]	Heart_web
[Sun May 12 14:20:00 2019]	Heart_mobile
[Sun May 12 14:25:00 2019]	Heart_web
[Sun May 12 14:25:00 2019]	Heart_mobile
[Sun May 12 14:25:00 2019]	Heart_web
[Sun May 12 14:25:00 2019]	Heart_mobile
[Sun May 12 14:25:00 2019]	Heart_web
[Sun May 12 14:25:00 2019]	Heart_mobile
[Sun May 12 14:25:00 2019]	Heart_web
[Sun May 12 14:25:00 2019]	Heart_mobile
[Sun May 12 14:30:00 2019]	Heart_web
[Sun May 12 14:30:00 2019]	Heart_mobile
[Sun May 12 14:30:00 2019]	Heart_web
[Sun May 12 14:30:00 2019]	Heart_mobile
[Sun May 12 14:30:00 2019]	Heart_web
[Sun May 12 14:30:00 2019]	Heart_mobile
[Sun May 12 14:30:00 2019]	Heart_web
[Sun May 12 14:30:00 2019]	Heart_mobile
[Sun May 12 14:35:00 2019]	Heart_web
[Sun May 12 14:35:00 2019]	Heart_mobile
[Sun May 12 14:35:00 2019]	Heart_web
[Sun May 12 14:35:00 2019]	Heart_mobile
[Sun May 12 14:35:00 2019]	Heart_web
[Sun May 12 14:35:00 2019]	Heart_mobile
[Sun May 12 14:35:00 2019]	Heart_web
[Sun May 12 14:35:01 2019]	Heart_mobile
[Sun May 12 14:40:00 2019]	Heart_web
[Sun May 12 14:40:00 2019]	Heart_mobile
[Sun May 12 14:40:00 2019]	Heart_web
[Sun May 12 14:40:00 2019]	Heart_mobile
[Sun May 12 14:40:00 2019]	Heart_web
[Sun May 12 14:40:00 2019]	Heart_mobile
[Sun May 12 14:40:00 2019]	Heart_web
[Sun May 12 14:40:01 2019]	Heart_mobile
[Sun May 12 14:45:00 2019]	Heart_web
[Sun May 12 14:45:00 2019]	Heart_mobile
[Sun May 12 14:45:00 2019]	Heart_web
[Sun May 12 14:45:00 2019]	Heart_mobile
[Sun May 12 14:45:00 2019]	Heart_web
[Sun May 12 14:45:00 2019]	Heart_mobile
[Sun May 12 14:45:01 2019]	Heart_web
[Sun May 12 14:45:01 2019]	Heart_mobile
[Sun May 12 14:50:00 2019]	Heart_web
[Sun May 12 14:50:00 2019]	Heart_mobile
[Sun May 12 14:50:00 2019]	Heart_web
[Sun May 12 14:50:00 2019]	Heart_mobile
[Sun May 12 14:50:00 2019]	Heart_web
[Sun May 12 14:50:00 2019]	Heart_mobile
[Sun May 12 14:50:00 2019]	Heart_web
[Sun May 12 14:50:00 2019]	Heart_mobile
[Sun May 12 14:55:00 2019]	Heart_web
[Sun May 12 14:55:00 2019]	Heart_mobile
[Sun May 12 14:55:00 2019]	Heart_web
[Sun May 12 14:55:00 2019]	Heart_mobile
[Sun May 12 14:55:00 2019]	Heart_web
[Sun May 12 14:55:00 2019]	Heart_mobile
[Sun May 12 14:55:00 2019]	Heart_web
[Sun May 12 14:55:00 2019]	Heart_mobile
[Sun May 12 15:00:00 2019]	Heart_web
[Sun May 12 15:00:00 2019]	Heart_mobile
[Sun May 12 15:00:00 2019]	Heart_web
[Sun May 12 15:00:00 2019]	Heart_mobile
[Sun May 12 15:00:00 2019]	Heart_web
[Sun May 12 15:00:00 2019]	Heart_mobile
[Sun May 12 15:00:00 2019]	Heart_web
[Sun May 12 15:00:00 2019]	Heart_mobile
[u'52228655', u'52149403', u'52158313', u'52228156', u'52137192']
15824397397
zsj0911*
0
------------------
17367078621
weiyuxin
0
------------------
15127529708
shijizhe
0.6
投币失败 硬币不足
投币失败 硬币不足
投币失败 硬币不足
------------------
13306522935
zjuZSJ0911*
0
------------------
[Sun May 12 15:05:00 2019]	Heart_web
[Sun May 12 15:05:00 2019]	Heart_mobile
[Sun May 12 15:05:00 2019]	Heart_web
[Sun May 12 15:05:00 2019]	Heart_mobile
[Sun May 12 15:05:00 2019]	Heart_web
[Sun May 12 15:05:00 2019]	Heart_mobile
[Sun May 12 15:05:01 2019]	Heart_web
[Sun May 12 15:05:01 2019]	Heart_mobile
[Sun May 12 15:10:00 2019]	Heart_web
[Sun May 12 15:10:00 2019]	Heart_mobile
[Sun May 12 15:10:00 2019]	Heart_web
[Sun May 12 15:10:00 2019]	Heart_mobile
[Sun May 12 15:10:00 2019]	Heart_web
[Sun May 12 15:10:00 2019]	Heart_mobile
[Sun May 12 15:10:00 2019]	Heart_web
[Sun May 12 15:10:00 2019]	Heart_mobile
[Sun May 12 15:15:00 2019]	Heart_web
[Sun May 12 15:15:00 2019]	Heart_mobile
[Sun May 12 15:15:00 2019]	Heart_web
[Sun May 12 15:15:00 2019]	Heart_mobile
[Sun May 12 15:15:00 2019]	Heart_web
[Sun May 12 15:15:00 2019]	Heart_mobile
[Sun May 12 15:15:00 2019]	Heart_web
[Sun May 12 15:15:00 2019]	Heart_mobile
[Sun May 12 15:20:00 2019]	Heart_web
[Sun May 12 15:20:00 2019]	Heart_mobile
[Sun May 12 15:20:00 2019]	Heart_web
[Sun May 12 15:20:00 2019]	Heart_mobile
[Sun May 12 15:20:00 2019]	Heart_web
[Sun May 12 15:20:00 2019]	Heart_mobile
[Sun May 12 15:20:00 2019]	Heart_web
[Sun May 12 15:20:00 2019]	Heart_mobile
[Sun May 12 15:25:00 2019]	Heart_web
[Sun May 12 15:25:00 2019]	Heart_mobile
[Sun May 12 15:25:00 2019]	Heart_web
[Sun May 12 15:25:00 2019]	Heart_mobile
[Sun May 12 15:25:00 2019]	Heart_web
[Sun May 12 15:25:00 2019]	Heart_mobile
[Sun May 12 15:25:00 2019]	Heart_web
[Sun May 12 15:25:00 2019]	Heart_mobile
[Sun May 12 15:30:00 2019]	Heart_web
[Sun May 12 15:30:00 2019]	Heart_mobile
[Sun May 12 15:30:00 2019]	Heart_web
[Sun May 12 15:30:00 2019]	Heart_mobile
[Sun May 12 15:30:00 2019]	Heart_web
[Sun May 12 15:30:00 2019]	Heart_mobile
[Sun May 12 15:30:00 2019]	Heart_web
[Sun May 12 15:30:00 2019]	Heart_mobile
[Sun May 12 15:35:00 2019]	Heart_web
[Sun May 12 15:35:00 2019]	Heart_mobile
[Sun May 12 15:35:00 2019]	Heart_web
[Sun May 12 15:35:00 2019]	Heart_mobile
[Sun May 12 15:35:00 2019]	Heart_web
[Sun May 12 15:35:00 2019]	Heart_mobile
[Sun May 12 15:35:00 2019]	Heart_web
[Sun May 12 15:35:01 2019]	Heart_mobile
[Sun May 12 15:40:00 2019]	Heart_web
[Sun May 12 15:40:00 2019]	Heart_mobile
[Sun May 12 15:40:00 2019]	Heart_web
[Sun May 12 15:40:00 2019]	Heart_mobile
[Sun May 12 15:40:00 2019]	Heart_web
[Sun May 12 15:40:00 2019]	Heart_mobile
[Sun May 12 15:40:00 2019]	Heart_web
[Sun May 12 15:40:00 2019]	Heart_mobile
[Sun May 12 15:45:00 2019]	Heart_web
[Sun May 12 15:45:00 2019]	Heart_mobile
[Sun May 12 15:45:00 2019]	Heart_web
[Sun May 12 15:45:00 2019]	Heart_mobile
[Sun May 12 15:45:00 2019]	Heart_web
[Sun May 12 15:45:00 2019]	Heart_mobile
[Sun May 12 15:45:00 2019]	Heart_web
[Sun May 12 15:45:01 2019]	Heart_mobile
[Sun May 12 15:50:00 2019]	Heart_web
[Sun May 12 15:50:00 2019]	Heart_mobile
[Sun May 12 15:50:00 2019]	Heart_web
[Sun May 12 15:50:00 2019]	Heart_mobile
[Sun May 12 15:50:00 2019]	Heart_web
[Sun May 12 15:50:00 2019]	Heart_mobile
[Sun May 12 15:50:00 2019]	Heart_web
[Sun May 12 15:50:00 2019]	Heart_mobile
[Sun May 12 15:55:00 2019]	Heart_web
[Sun May 12 15:55:00 2019]	Heart_mobile
[Sun May 12 15:55:00 2019]	Heart_web
[Sun May 12 15:55:00 2019]	Heart_mobile
[Sun May 12 15:55:00 2019]	Heart_web
[Sun May 12 15:55:00 2019]	Heart_mobile
[Sun May 12 15:55:00 2019]	Heart_web
[Sun May 12 15:55:00 2019]	Heart_mobile
[Sun May 12 16:00:00 2019]	Heart_web
[Sun May 12 16:00:00 2019]	Heart_mobile
[Sun May 12 16:00:00 2019]	Heart_web
[Sun May 12 16:00:00 2019]	Heart_mobile
[Sun May 12 16:00:00 2019]	Heart_web
[Sun May 12 16:00:00 2019]	Heart_mobile
[Sun May 12 16:00:00 2019]	Heart_web
[Sun May 12 16:00:00 2019]	Heart_mobile
[u'52228655', u'52163335', u'52158313', u'52228156', u'52183265']
15824397397
zsj0911*
0
------------------
17367078621
weiyuxin
0
------------------
15127529708
shijizhe
0.6
投币失败 硬币不足
投币失败 硬币不足
投币失败 硬币不足
------------------
13306522935
zjuZSJ0911*
0
------------------
[Sun May 12 16:05:00 2019]	Heart_web
[Sun May 12 16:05:00 2019]	Heart_mobile
[Sun May 12 16:05:00 2019]	Heart_web
[Sun May 12 16:05:00 2019]	Heart_mobile
[Sun May 12 16:05:00 2019]	Heart_web
[Sun May 12 16:05:01 2019]	Heart_mobile
[Sun May 12 16:05:01 2019]	Heart_web
[Sun May 12 16:05:01 2019]	Heart_mobile
[Sun May 12 16:10:00 2019]	Heart_web
[Sun May 12 16:10:00 2019]	Heart_mobile
[Sun May 12 16:10:00 2019]	Heart_web
[Sun May 12 16:10:00 2019]	Heart_mobile
[Sun May 12 16:10:00 2019]	Heart_web
[Sun May 12 16:10:00 2019]	Heart_mobile
[Sun May 12 16:10:00 2019]	Heart_web
[Sun May 12 16:10:00 2019]	Heart_mobile
[Sun May 12 16:15:00 2019]	Heart_web
[Sun May 12 16:15:00 2019]	Heart_mobile
[Sun May 12 16:15:00 2019]	Heart_web
[Sun May 12 16:15:00 2019]	Heart_mobile
[Sun May 12 16:15:00 2019]	Heart_web
[Sun May 12 16:15:00 2019]	Heart_mobile
[Sun May 12 16:15:00 2019]	Heart_web
[Sun May 12 16:15:01 2019]	Heart_mobile
[Sun May 12 16:20:00 2019]	Heart_web
[Sun May 12 16:20:00 2019]	Heart_mobile
[Sun May 12 16:20:00 2019]	Heart_web
[Sun May 12 16:20:00 2019]	Heart_mobile
[Sun May 12 16:20:00 2019]	Heart_web
[Sun May 12 16:20:00 2019]	Heart_mobile
[Sun May 12 16:20:00 2019]	Heart_web
[Sun May 12 16:20:00 2019]	Heart_mobile
[Sun May 12 16:25:00 2019]	Heart_web
[Sun May 12 16:25:00 2019]	Heart_mobile
[Sun May 12 16:25:00 2019]	Heart_web
[Sun May 12 16:25:00 2019]	Heart_mobile
[Sun May 12 16:25:00 2019]	Heart_web
[Sun May 12 16:25:00 2019]	Heart_mobile
[Sun May 12 16:25:00 2019]	Heart_web
[Sun May 12 16:25:01 2019]	Heart_mobile
[Sun May 12 16:30:00 2019]	Heart_web
[Sun May 12 16:30:00 2019]	Heart_mobile
[Sun May 12 16:30:00 2019]	Heart_web
[Sun May 12 16:30:00 2019]	Heart_mobile
[Sun May 12 16:30:00 2019]	Heart_web
[Sun May 12 16:30:00 2019]	Heart_mobile
[Sun May 12 16:30:00 2019]	Heart_web
[Sun May 12 16:30:01 2019]	Heart_mobile
[Sun May 12 16:35:00 2019]	Heart_web
[Sun May 12 16:35:00 2019]	Heart_mobile
[Sun May 12 16:35:00 2019]	Heart_web
[Sun May 12 16:35:00 2019]	Heart_mobile
[Sun May 12 16:35:00 2019]	Heart_web
[Sun May 12 16:35:00 2019]	Heart_mobile
[Sun May 12 16:35:00 2019]	Heart_web
[Sun May 12 16:35:00 2019]	Heart_mobile
[Sun May 12 16:40:00 2019]	Heart_web
[Sun May 12 16:40:00 2019]	Heart_mobile
[Sun May 12 16:40:00 2019]	Heart_web
[Sun May 12 16:40:00 2019]	Heart_mobile
[Sun May 12 16:40:00 2019]	Heart_web
[Sun May 12 16:40:00 2019]	Heart_mobile
[Sun May 12 16:40:00 2019]	Heart_web
[Sun May 12 16:40:00 2019]	Heart_mobile
[Sun May 12 16:45:00 2019]	Heart_web
[Sun May 12 16:45:00 2019]	Heart_mobile
[Sun May 12 16:45:00 2019]	Heart_web
[Sun May 12 16:45:00 2019]	Heart_mobile
[Sun May 12 16:45:00 2019]	Heart_web
[Sun May 12 16:45:00 2019]	Heart_mobile
[Sun May 12 16:45:00 2019]	Heart_web
[Sun May 12 16:45:01 2019]	Heart_mobile
[Sun May 12 16:50:00 2019]	Heart_web
[Sun May 12 16:50:00 2019]	Heart_mobile
[Sun May 12 16:50:00 2019]	Heart_web
[Sun May 12 16:50:00 2019]	Heart_mobile
[Sun May 12 16:50:00 2019]	Heart_web
[Sun May 12 16:50:00 2019]	Heart_mobile
[Sun May 12 16:50:00 2019]	Heart_web
[Sun May 12 16:50:00 2019]	Heart_mobile
[Sun May 12 16:55:00 2019]	Heart_web
[Sun May 12 16:55:00 2019]	Heart_mobile
[Sun May 12 16:55:00 2019]	Heart_web
[Sun May 12 16:55:00 2019]	Heart_mobile
[Sun May 12 16:55:00 2019]	Heart_web
[Sun May 12 16:55:00 2019]	Heart_mobile
[Sun May 12 16:55:00 2019]	Heart_web
[Sun May 12 16:55:00 2019]	Heart_mobile
[Sun May 12 17:00:00 2019]	Heart_web
[Sun May 12 17:00:00 2019]	Heart_mobile
[Sun May 12 17:00:00 2019]	Heart_web
[Sun May 12 17:00:00 2019]	Heart_mobile
[Sun May 12 17:00:00 2019]	Heart_web
[Sun May 12 17:00:00 2019]	Heart_mobile
[Sun May 12 17:00:00 2019]	Heart_web
[Sun May 12 17:00:00 2019]	Heart_mobile
[u'52228655', u'52149403', u'52158313', u'52228156', u'52137192']
15824397397
zsj0911*
0
------------------
17367078621
weiyuxin
0
------------------
15127529708
shijizhe
0.6
投币失败 硬币不足
投币失败 硬币不足
投币失败 硬币不足
------------------
13306522935
zjuZSJ0911*
0
------------------
[Sun May 12 17:05:00 2019]	Heart_web
[Sun May 12 17:05:00 2019]	Heart_mobile
[Sun May 12 17:05:00 2019]	Heart_web
[Sun May 12 17:05:00 2019]	Heart_mobile
[Sun May 12 17:05:00 2019]	Heart_web
[Sun May 12 17:05:00 2019]	Heart_mobile
[Sun May 12 17:05:00 2019]	Heart_web
[Sun May 12 17:05:00 2019]	Heart_mobile
[Sun May 12 17:10:00 2019]	Heart_web
[Sun May 12 17:10:00 2019]	Heart_mobile
[Sun May 12 17:10:00 2019]	Heart_web
[Sun May 12 17:10:00 2019]	Heart_mobile
[Sun May 12 17:10:00 2019]	Heart_web
[Sun May 12 17:10:00 2019]	Heart_mobile
[Sun May 12 17:10:00 2019]	Heart_web
[Sun May 12 17:10:01 2019]	Heart_mobile
[Sun May 12 17:15:00 2019]	Heart_web
[Sun May 12 17:15:00 2019]	Heart_mobile
[Sun May 12 17:15:00 2019]	Heart_web
[Sun May 12 17:15:00 2019]	Heart_mobile
[Sun May 12 17:15:00 2019]	Heart_web
[Sun May 12 17:15:00 2019]	Heart_mobile
[Sun May 12 17:15:01 2019]	Heart_web
[Sun May 12 17:15:01 2019]	Heart_mobile
[Sun May 12 17:20:00 2019]	Heart_web
[Sun May 12 17:20:00 2019]	Heart_mobile
[Sun May 12 17:20:00 2019]	Heart_web
[Sun May 12 17:20:00 2019]	Heart_mobile
[Sun May 12 17:20:00 2019]	Heart_web
[Sun May 12 17:20:00 2019]	Heart_mobile
[Sun May 12 17:20:01 2019]	Heart_web
[Sun May 12 17:20:01 2019]	Heart_mobile
[Sun May 12 17:25:00 2019]	Heart_web
[Sun May 12 17:25:00 2019]	Heart_mobile
[Sun May 12 17:25:00 2019]	Heart_web
[Sun May 12 17:25:00 2019]	Heart_mobile
[Sun May 12 17:25:00 2019]	Heart_web
[Sun May 12 17:25:00 2019]	Heart_mobile
[Sun May 12 17:25:00 2019]	Heart_web
[Sun May 12 17:25:00 2019]	Heart_mobile
[Sun May 12 17:30:00 2019]	Heart_web
[Sun May 12 17:30:00 2019]	Heart_mobile
[Sun May 12 17:30:00 2019]	Heart_web
[Sun May 12 17:30:00 2019]	Heart_mobile
[Sun May 12 17:30:00 2019]	Heart_web
[Sun May 12 17:30:00 2019]	Heart_mobile
[Sun May 12 17:30:00 2019]	Heart_web
[Sun May 12 17:30:00 2019]	Heart_mobile
[Sun May 12 17:35:00 2019]	Heart_web
[Sun May 12 17:35:00 2019]	Heart_mobile
[Sun May 12 17:35:00 2019]	Heart_web
[Sun May 12 17:35:00 2019]	Heart_mobile
[Sun May 12 17:35:00 2019]	Heart_web
[Sun May 12 17:35:00 2019]	Heart_mobile
[Sun May 12 17:35:00 2019]	Heart_web
[Sun May 12 17:35:01 2019]	Heart_mobile
[Sun May 12 17:40:00 2019]	Heart_web
[Sun May 12 17:40:00 2019]	Heart_mobile
[Sun May 12 17:40:00 2019]	Heart_web
[Sun May 12 17:40:00 2019]	Heart_mobile
[Sun May 12 17:40:00 2019]	Heart_web
[Sun May 12 17:40:00 2019]	Heart_mobile
[Sun May 12 17:40:00 2019]	Heart_web
[Sun May 12 17:40:01 2019]	Heart_mobile
[Sun May 12 17:45:00 2019]	Heart_web
[Sun May 12 17:45:00 2019]	Heart_mobile
[Sun May 12 17:45:00 2019]	Heart_web
[Sun May 12 17:45:00 2019]	Heart_mobile
[Sun May 12 17:45:00 2019]	Heart_web
[Sun May 12 17:45:00 2019]	Heart_mobile
[Sun May 12 17:45:00 2019]	Heart_web
[Sun May 12 17:45:00 2019]	Heart_mobile
[Sun May 12 17:50:00 2019]	Heart_web
[Sun May 12 17:50:00 2019]	Heart_mobile
[Sun May 12 17:50:00 2019]	Heart_web
[Sun May 12 17:50:00 2019]	Heart_mobile
[Sun May 12 17:50:00 2019]	Heart_web
[Sun May 12 17:50:00 2019]	Heart_mobile
[Sun May 12 17:50:00 2019]	Heart_web
[Sun May 12 17:50:00 2019]	Heart_mobile
[Sun May 12 17:55:00 2019]	Heart_web
[Sun May 12 17:55:00 2019]	Heart_mobile
[Sun May 12 17:55:00 2019]	Heart_web
[Sun May 12 17:55:00 2019]	Heart_mobile
[Sun May 12 17:55:00 2019]	Heart_web
[Sun May 12 17:55:00 2019]	Heart_mobile
[Sun May 12 17:55:00 2019]	Heart_web
[Sun May 12 17:55:00 2019]	Heart_mobile
[Sun May 12 18:00:00 2019]	Heart_web
[Sun May 12 18:00:00 2019]	Heart_mobile
[Sun May 12 18:00:00 2019]	Heart_web
[Sun May 12 18:00:00 2019]	Heart_mobile
[Sun May 12 18:00:00 2019]	Heart_web
[Sun May 12 18:00:00 2019]	Heart_mobile
[Sun May 12 18:00:00 2019]	Heart_web
[Sun May 12 18:00:01 2019]	Heart_mobile
[u'52228655', u'52225771', u'52149403', u'52158313', u'52228156']
15824397397
zsj0911*
0
------------------
17367078621
weiyuxin
0
------------------
15127529708
shijizhe
0.6
投币失败 硬币不足
投币失败 硬币不足
投币失败 硬币不足
------------------
13306522935
zjuZSJ0911*
0
------------------
[Sun May 12 18:05:00 2019]	Heart_web
[Sun May 12 18:05:00 2019]	Heart_mobile
[Sun May 12 18:05:00 2019]	Heart_web
[Sun May 12 18:05:00 2019]	Heart_mobile
[Sun May 12 18:05:00 2019]	Heart_web
[Sun May 12 18:05:00 2019]	Heart_mobile
[Sun May 12 18:05:00 2019]	Heart_web
[Sun May 12 18:05:00 2019]	Heart_mobile
[Sun May 12 18:10:00 2019]	Heart_web
[Sun May 12 18:10:00 2019]	Heart_mobile
[Sun May 12 18:10:00 2019]	Heart_web
[Sun May 12 18:10:00 2019]	Heart_mobile
[Sun May 12 18:10:00 2019]	Heart_web
[Sun May 12 18:10:00 2019]	Heart_mobile
[Sun May 12 18:10:00 2019]	Heart_web
[Sun May 12 18:10:00 2019]	Heart_mobile
[Sun May 12 18:15:00 2019]	Heart_web
[Sun May 12 18:15:00 2019]	Heart_mobile
[Sun May 12 18:15:00 2019]	Heart_web
[Sun May 12 18:15:00 2019]	Heart_mobile
[Sun May 12 18:15:00 2019]	Heart_web
[Sun May 12 18:15:00 2019]	Heart_mobile
[Sun May 12 18:15:01 2019]	Heart_web
[Sun May 12 18:15:01 2019]	Heart_mobile
[Sun May 12 18:20:00 2019]	Heart_web
[Sun May 12 18:20:00 2019]	Heart_mobile
[Sun May 12 18:20:00 2019]	Heart_web
[Sun May 12 18:20:00 2019]	Heart_mobile
[Sun May 12 18:20:00 2019]	Heart_web
[Sun May 12 18:20:00 2019]	Heart_mobile
[Sun May 12 18:20:01 2019]	Heart_web
[Sun May 12 18:20:01 2019]	Heart_mobile
[Sun May 12 18:25:00 2019]	Heart_web
[Sun May 12 18:25:00 2019]	Heart_mobile
[Sun May 12 18:25:00 2019]	Heart_web
[Sun May 12 18:25:00 2019]	Heart_mobile
[Sun May 12 18:25:00 2019]	Heart_web
[Sun May 12 18:25:00 2019]	Heart_mobile
[Sun May 12 18:25:01 2019]	Heart_web
[Sun May 12 18:25:01 2019]	Heart_mobile
[Sun May 12 18:30:00 2019]	Heart_web
[Sun May 12 18:30:00 2019]	Heart_mobile
[Sun May 12 18:30:00 2019]	Heart_web
[Sun May 12 18:30:00 2019]	Heart_mobile
[Sun May 12 18:30:00 2019]	Heart_web
[Sun May 12 18:30:00 2019]	Heart_mobile
[Sun May 12 18:30:00 2019]	Heart_web
[Sun May 12 18:30:00 2019]	Heart_mobile
[Sun May 12 18:35:00 2019]	Heart_web
[Sun May 12 18:35:00 2019]	Heart_mobile
[Sun May 12 18:35:00 2019]	Heart_web
[Sun May 12 18:35:00 2019]	Heart_mobile
[Sun May 12 18:35:00 2019]	Heart_web
[Sun May 12 18:35:00 2019]	Heart_mobile
[Sun May 12 18:35:00 2019]	Heart_web
[Sun May 12 18:35:01 2019]	Heart_mobile
[Sun May 12 18:40:00 2019]	Heart_web
[Sun May 12 18:40:00 2019]	Heart_mobile
[Sun May 12 18:40:00 2019]	Heart_web
[Sun May 12 18:40:00 2019]	Heart_mobile
[Sun May 12 18:40:00 2019]	Heart_web
[Sun May 12 18:40:00 2019]	Heart_mobile
[Sun May 12 18:40:00 2019]	Heart_web
[Sun May 12 18:40:01 2019]	Heart_mobile
[Sun May 12 18:45:00 2019]	Heart_web
[Sun May 12 18:45:00 2019]	Heart_mobile
[Sun May 12 18:45:00 2019]	Heart_web
[Sun May 12 18:45:00 2019]	Heart_mobile
[Sun May 12 18:45:00 2019]	Heart_web
[Sun May 12 18:45:00 2019]	Heart_mobile
[Sun May 12 18:45:00 2019]	Heart_web
[Sun May 12 18:45:00 2019]	Heart_mobile
[Sun May 12 18:50:00 2019]	Heart_web
[Sun May 12 18:50:00 2019]	Heart_mobile
[Sun May 12 18:50:00 2019]	Heart_web
[Sun May 12 18:50:00 2019]	Heart_mobile
[Sun May 12 18:50:00 2019]	Heart_web
[Sun May 12 18:50:00 2019]	Heart_mobile
[Sun May 12 18:50:01 2019]	Heart_web
[Sun May 12 18:50:01 2019]	Heart_mobile
[Sun May 12 18:55:00 2019]	Heart_web
[Sun May 12 18:55:00 2019]	Heart_mobile
[Sun May 12 18:55:00 2019]	Heart_web
[Sun May 12 18:55:00 2019]	Heart_mobile
[Sun May 12 18:55:00 2019]	Heart_web
[Sun May 12 18:55:00 2019]	Heart_mobile
[Sun May 12 18:55:01 2019]	Heart_web
[Sun May 12 18:55:01 2019]	Heart_mobile
[Sun May 12 19:00:00 2019]	Heart_web
[Sun May 12 19:00:00 2019]	Heart_mobile
[Sun May 12 19:00:00 2019]	Heart_web
[Sun May 12 19:00:00 2019]	Heart_mobile
[Sun May 12 19:00:00 2019]	Heart_web
[Sun May 12 19:00:00 2019]	Heart_mobile
[Sun May 12 19:00:00 2019]	Heart_web
[Sun May 12 19:00:01 2019]	Heart_mobile
[u'52228655', u'52225771', u'52163335', u'52159926', u'52158313']
15824397397
zsj0911*
0
------------------
17367078621
weiyuxin
0
------------------
15127529708
shijizhe
0.6
投币失败 硬币不足
投币失败 硬币不足
投币失败 硬币不足
------------------
13306522935
zjuZSJ0911*
0
------------------
[Sun May 12 19:05:00 2019]	Heart_web
[Sun May 12 19:05:00 2019]	Heart_mobile
[Sun May 12 19:05:00 2019]	Heart_web
[Sun May 12 19:05:00 2019]	Heart_mobile
[Sun May 12 19:05:00 2019]	Heart_web
[Sun May 12 19:05:00 2019]	Heart_mobile
[Sun May 12 19:05:00 2019]	Heart_web
[Sun May 12 19:05:00 2019]	Heart_mobile
[Sun May 12 19:10:00 2019]	Heart_web
[Sun May 12 19:10:00 2019]	Heart_mobile
[Sun May 12 19:10:00 2019]	Heart_web
[Sun May 12 19:10:00 2019]	Heart_mobile
[Sun May 12 19:10:00 2019]	Heart_web
[Sun May 12 19:10:00 2019]	Heart_mobile
[Sun May 12 19:10:01 2019]	Heart_web
[Sun May 12 19:10:01 2019]	Heart_mobile
[Sun May 12 19:15:00 2019]	Heart_web
[Sun May 12 19:15:00 2019]	Heart_mobile
[Sun May 12 19:15:00 2019]	Heart_web
[Sun May 12 19:15:00 2019]	Heart_mobile
[Sun May 12 19:15:00 2019]	Heart_web
[Sun May 12 19:15:00 2019]	Heart_mobile
[Sun May 12 19:15:00 2019]	Heart_web
[Sun May 12 19:15:01 2019]	Heart_mobile
[Sun May 12 19:20:00 2019]	Heart_web
[Sun May 12 19:20:00 2019]	Heart_mobile
[Sun May 12 19:20:00 2019]	Heart_web
[Sun May 12 19:20:00 2019]	Heart_mobile
[Sun May 12 19:20:00 2019]	Heart_web
[Sun May 12 19:20:00 2019]	Heart_mobile
[Sun May 12 19:20:01 2019]	Heart_web
[Sun May 12 19:20:01 2019]	Heart_mobile
[Sun May 12 19:25:00 2019]	Heart_web
[Sun May 12 19:25:00 2019]	Heart_mobile
[Sun May 12 19:25:00 2019]	Heart_web
[Sun May 12 19:25:00 2019]	Heart_mobile
[Sun May 12 19:25:00 2019]	Heart_web
[Sun May 12 19:25:00 2019]	Heart_mobile
[Sun May 12 19:25:00 2019]	Heart_web
[Sun May 12 19:25:00 2019]	Heart_mobile
[Sun May 12 19:30:00 2019]	Heart_web
[Sun May 12 19:30:00 2019]	Heart_mobile
[Sun May 12 19:30:00 2019]	Heart_web
[Sun May 12 19:30:00 2019]	Heart_mobile
[Sun May 12 19:30:00 2019]	Heart_web
[Sun May 12 19:30:00 2019]	Heart_mobile
[Sun May 12 19:30:01 2019]	Heart_web
[Sun May 12 19:30:01 2019]	Heart_mobile
[Sun May 12 19:35:00 2019]	Heart_web
[Sun May 12 19:35:00 2019]	Heart_mobile
[Sun May 12 19:35:00 2019]	Heart_web
[Sun May 12 19:35:00 2019]	Heart_mobile
[Sun May 12 19:35:00 2019]	Heart_web
[Sun May 12 19:35:00 2019]	Heart_mobile
[Sun May 12 19:35:00 2019]	Heart_web
[Sun May 12 19:35:01 2019]	Heart_mobile
[Sun May 12 19:40:00 2019]	Heart_web
[Sun May 12 19:40:00 2019]	Heart_mobile
[Sun May 12 19:40:00 2019]	Heart_web
[Sun May 12 19:40:00 2019]	Heart_mobile
[Sun May 12 19:40:00 2019]	Heart_web
[Sun May 12 19:40:00 2019]	Heart_mobile
[Sun May 12 19:40:00 2019]	Heart_web
[Sun May 12 19:40:00 2019]	Heart_mobile
[Sun May 12 19:45:00 2019]	Heart_web
[Sun May 12 19:45:00 2019]	Heart_mobile
[Sun May 12 19:45:00 2019]	Heart_web
[Sun May 12 19:45:00 2019]	Heart_mobile
[Sun May 12 19:45:00 2019]	Heart_web
[Sun May 12 19:45:00 2019]	Heart_mobile
[Sun May 12 19:45:01 2019]	Heart_web
[Sun May 12 19:45:01 2019]	Heart_mobile
[Sun May 12 19:50:00 2019]	Heart_web
[Sun May 12 19:50:00 2019]	Heart_mobile
[Sun May 12 19:50:00 2019]	Heart_web
[Sun May 12 19:50:00 2019]	Heart_mobile
[Sun May 12 19:50:00 2019]	Heart_web
[Sun May 12 19:50:00 2019]	Heart_mobile
[Sun May 12 19:50:00 2019]	Heart_web
[Sun May 12 19:50:01 2019]	Heart_mobile
[Sun May 12 19:55:00 2019]	Heart_web
[Sun May 12 19:55:00 2019]	Heart_mobile
[Sun May 12 19:55:00 2019]	Heart_web
[Sun May 12 19:55:00 2019]	Heart_mobile
[Sun May 12 19:55:00 2019]	Heart_web
[Sun May 12 19:55:00 2019]	Heart_mobile
[Sun May 12 19:55:01 2019]	Heart_web
[Sun May 12 19:55:01 2019]	Heart_mobile
[Sun May 12 20:00:00 2019]	Heart_web
[Sun May 12 20:00:00 2019]	Heart_mobile
[Sun May 12 20:00:00 2019]	Heart_web
[Sun May 12 20:00:00 2019]	Heart_mobile
[Sun May 12 20:00:00 2019]	Heart_web
[Sun May 12 20:00:00 2019]	Heart_mobile
[Sun May 12 20:00:01 2019]	Heart_web
[Sun May 12 20:00:01 2019]	Heart_mobile
[u'52228655', u'52225771', u'52163335', u'52159926', u'52158313']
15824397397
zsj0911*
0
------------------
17367078621
weiyuxin
0
------------------
15127529708
shijizhe
0.6
投币失败 硬币不足
投币失败 硬币不足
投币失败 硬币不足
------------------
13306522935
zjuZSJ0911*
0
------------------
[Sun May 12 20:05:00 2019]	Heart_web
[Sun May 12 20:05:00 2019]	Heart_mobile
[Sun May 12 20:05:00 2019]	Heart_web
[Sun May 12 20:05:00 2019]	Heart_mobile
[Sun May 12 20:05:00 2019]	Heart_web
[Sun May 12 20:05:01 2019]	Heart_mobile
[Sun May 12 20:05:01 2019]	Heart_web
[Sun May 12 20:05:01 2019]	Heart_mobile
[Sun May 12 20:10:00 2019]	Heart_web
[Sun May 12 20:10:00 2019]	Heart_mobile
[Sun May 12 20:10:00 2019]	Heart_web
[Sun May 12 20:10:00 2019]	Heart_mobile
[Sun May 12 20:10:00 2019]	Heart_web
[Sun May 12 20:10:00 2019]	Heart_mobile
[Sun May 12 20:10:00 2019]	Heart_web
[Sun May 12 20:10:00 2019]	Heart_mobile
[Sun May 12 20:15:00 2019]	Heart_web
[Sun May 12 20:15:00 2019]	Heart_mobile
[Sun May 12 20:15:00 2019]	Heart_web
[Sun May 12 20:15:00 2019]	Heart_mobile
[Sun May 12 20:15:00 2019]	Heart_web
[Sun May 12 20:15:00 2019]	Heart_mobile
[Sun May 12 20:15:01 2019]	Heart_web
[Sun May 12 20:15:01 2019]	Heart_mobile
[Sun May 12 20:20:00 2019]	Heart_web
[Sun May 12 20:20:00 2019]	Heart_mobile
[Sun May 12 20:20:00 2019]	Heart_web
[Sun May 12 20:20:00 2019]	Heart_mobile
[Sun May 12 20:20:00 2019]	Heart_web
[Sun May 12 20:20:00 2019]	Heart_mobile
[Sun May 12 20:20:00 2019]	Heart_web
[Sun May 12 20:20:01 2019]	Heart_mobile
[Sun May 12 20:25:00 2019]	Heart_web
[Sun May 12 20:25:00 2019]	Heart_mobile
[Sun May 12 20:25:00 2019]	Heart_web
[Sun May 12 20:25:00 2019]	Heart_mobile
[Sun May 12 20:25:00 2019]	Heart_web
[Sun May 12 20:25:00 2019]	Heart_mobile
[Sun May 12 20:25:00 2019]	Heart_web
[Sun May 12 20:25:01 2019]	Heart_mobile
[Sun May 12 20:30:00 2019]	Heart_web
[Sun May 12 20:30:00 2019]	Heart_mobile
[Sun May 12 20:30:00 2019]	Heart_web
[Sun May 12 20:30:00 2019]	Heart_mobile
[Sun May 12 20:30:00 2019]	Heart_web
[Sun May 12 20:30:00 2019]	Heart_mobile
[Sun May 12 20:30:00 2019]	Heart_web
[Sun May 12 20:30:00 2019]	Heart_mobile
[Sun May 12 20:35:00 2019]	Heart_web
[Sun May 12 20:35:00 2019]	Heart_mobile
[Sun May 12 20:35:00 2019]	Heart_web
[Sun May 12 20:35:00 2019]	Heart_mobile
[Sun May 12 20:35:00 2019]	Heart_web
[Sun May 12 20:35:00 2019]	Heart_mobile
[Sun May 12 20:35:00 2019]	Heart_web
[Sun May 12 20:35:00 2019]	Heart_mobile
[Sun May 12 20:40:00 2019]	Heart_web
[Sun May 12 20:40:00 2019]	Heart_mobile
[Sun May 12 20:40:00 2019]	Heart_web
[Sun May 12 20:40:00 2019]	Heart_mobile
[Sun May 12 20:40:00 2019]	Heart_web
[Sun May 12 20:40:00 2019]	Heart_mobile
[Sun May 12 20:40:00 2019]	Heart_web
[Sun May 12 20:40:00 2019]	Heart_mobile
[Sun May 12 20:45:00 2019]	Heart_web
[Sun May 12 20:45:00 2019]	Heart_mobile
[Sun May 12 20:45:00 2019]	Heart_web
[Sun May 12 20:45:00 2019]	Heart_mobile
[Sun May 12 20:45:00 2019]	Heart_web
[Sun May 12 20:45:00 2019]	Heart_mobile
[Sun May 12 20:45:00 2019]	Heart_web
[Sun May 12 20:45:00 2019]	Heart_mobile
[Sun May 12 20:50:00 2019]	Heart_web
[Sun May 12 20:50:00 2019]	Heart_mobile
[Sun May 12 20:50:00 2019]	Heart_web
[Sun May 12 20:50:00 2019]	Heart_mobile
[Sun May 12 20:50:00 2019]	Heart_web
[Sun May 12 20:50:00 2019]	Heart_mobile
[Sun May 12 20:50:01 2019]	Heart_web
[Sun May 12 20:50:01 2019]	Heart_mobile
[Sun May 12 20:55:00 2019]	Heart_web
[Sun May 12 20:55:00 2019]	Heart_mobile
[Sun May 12 20:55:00 2019]	Heart_web
[Sun May 12 20:55:00 2019]	Heart_mobile
[Sun May 12 20:55:00 2019]	Heart_web
[Sun May 12 20:55:00 2019]	Heart_mobile
[Sun May 12 20:55:01 2019]	Heart_web
[Sun May 12 20:55:01 2019]	Heart_mobile
[Sun May 12 21:00:00 2019]	Heart_web
[Sun May 12 21:00:00 2019]	Heart_mobile
[Sun May 12 21:00:00 2019]	Heart_web
[Sun May 12 21:00:00 2019]	Heart_mobile
[Sun May 12 21:00:00 2019]	Heart_web
[Sun May 12 21:00:00 2019]	Heart_mobile
[Sun May 12 21:00:00 2019]	Heart_web
[Sun May 12 21:00:01 2019]	Heart_mobile
[Sun May 12 21:05:00 2019]	Heart_web
[Sun May 12 21:05:00 2019]	Heart_mobile
[Sun May 12 21:05:00 2019]	Heart_web
[Sun May 12 21:05:00 2019]	Heart_mobile
[Sun May 12 21:05:00 2019]	Heart_web
[Sun May 12 21:05:00 2019]	Heart_mobile
[Sun May 12 21:05:01 2019]	Heart_web
[Sun May 12 21:05:01 2019]	Heart_mobile
[Sun May 12 21:10:00 2019]	Heart_web
[Sun May 12 21:10:00 2019]	Heart_mobile
[Sun May 12 21:10:00 2019]	Heart_web
[Sun May 12 21:10:00 2019]	Heart_mobile
[Sun May 12 21:10:00 2019]	Heart_web
[Sun May 12 21:10:00 2019]	Heart_mobile
[Sun May 12 21:10:00 2019]	Heart_web
[Sun May 12 21:10:00 2019]	Heart_mobile
[Sun May 12 21:15:00 2019]	Heart_web
[Sun May 12 21:15:00 2019]	Heart_mobile
[Sun May 12 21:15:00 2019]	Heart_web
[Sun May 12 21:15:00 2019]	Heart_mobile
[Sun May 12 21:15:00 2019]	Heart_web
[Sun May 12 21:15:00 2019]	Heart_mobile
[Sun May 12 21:15:01 2019]	Heart_web
[Sun May 12 21:15:01 2019]	Heart_mobile
[Sun May 12 21:20:00 2019]	Heart_web
[Sun May 12 21:20:00 2019]	Heart_mobile
[Sun May 12 21:20:00 2019]	Heart_web
[Sun May 12 21:20:00 2019]	Heart_mobile
[Sun May 12 21:20:00 2019]	Heart_web
[Sun May 12 21:20:00 2019]	Heart_mobile
[Sun May 12 21:20:01 2019]	Heart_web
[Sun May 12 21:20:01 2019]	Heart_mobile
[Sun May 12 21:25:00 2019]	Heart_web
[Sun May 12 21:25:00 2019]	Heart_mobile
[Sun May 12 21:25:00 2019]	Heart_web
[Sun May 12 21:25:00 2019]	Heart_mobile
[Sun May 12 21:25:00 2019]	Heart_web
[Sun May 12 21:25:00 2019]	Heart_mobile
[Sun May 12 21:25:00 2019]	Heart_web
[Sun May 12 21:25:01 2019]	Heart_mobile
[Sun May 12 21:30:00 2019]	Heart_web
[Sun May 12 21:30:00 2019]	Heart_mobile
[Sun May 12 21:30:00 2019]	Heart_web
[Sun May 12 21:30:00 2019]	Heart_mobile
[Sun May 12 21:30:00 2019]	Heart_web
[Sun May 12 21:30:00 2019]	Heart_mobile
[Sun May 12 21:30:01 2019]	Heart_web
[Sun May 12 21:30:01 2019]	Heart_mobile
[Sun May 12 21:35:00 2019]	Heart_web
[Sun May 12 21:35:00 2019]	Heart_mobile
[Sun May 12 21:35:00 2019]	Heart_web
[Sun May 12 21:35:00 2019]	Heart_mobile
[Sun May 12 21:35:00 2019]	Heart_web
[Sun May 12 21:35:00 2019]	Heart_mobile
[Sun May 12 21:35:00 2019]	Heart_web
[Sun May 12 21:35:01 2019]	Heart_mobile
[Sun May 12 21:40:00 2019]	Heart_web
[Sun May 12 21:40:00 2019]	Heart_mobile
[Sun May 12 21:40:00 2019]	Heart_web
[Sun May 12 21:40:00 2019]	Heart_mobile
[Sun May 12 21:40:00 2019]	Heart_web
[Sun May 12 21:40:00 2019]	Heart_mobile
[Sun May 12 21:40:01 2019]	Heart_web
[Sun May 12 21:40:01 2019]	Heart_mobile
[Sun May 12 21:45:00 2019]	Heart_web
[Sun May 12 21:45:00 2019]	Heart_mobile
[Sun May 12 21:45:00 2019]	Heart_web
[Sun May 12 21:45:00 2019]	Heart_mobile
[Sun May 12 21:45:00 2019]	Heart_web
[Sun May 12 21:45:00 2019]	Heart_mobile
[Sun May 12 21:45:00 2019]	Heart_web
[Sun May 12 21:45:00 2019]	Heart_mobile
[Sun May 12 21:50:00 2019]	Heart_web
[Sun May 12 21:50:00 2019]	Heart_mobile
[Sun May 12 21:50:00 2019]	Heart_web
[Sun May 12 21:50:00 2019]	Heart_mobile
[Sun May 12 21:50:00 2019]	Heart_web
[Sun May 12 21:50:00 2019]	Heart_mobile
[Sun May 12 21:50:00 2019]	Heart_web
[Sun May 12 21:50:01 2019]	Heart_mobile
